data/sales_data.csv
date,product_id,product_name,category,quantity_sold,unit_price,revenue,stock_level,promotion,day_of_week,month,year
2021-01-01,P001,Wireless Mouse,Electronics,20,29.99,599.8,128,0,Friday,1,2021
2021-01-02,P001,Wireless Mouse,Electronics,28,29.99,839.72,118,0,Saturday,1,2021
2021-01-03,P001,Wireless Mouse,Electronics,25,29.99,749.75,111,0,Sunday,1,2021
2021-01-04,P001,Wireless Mouse,Electronics,16,29.99,479.84,149,0,Monday,1,2021
2021-01-05,P001,Wireless Mouse,Electronics,13,29.99,389.87,128,0,Tuesday,1,2021
2021-01-06,P001,Wireless Mouse,Electronics,14,29.99,419.86,151,0,Wednesday,1,2021
2021-01-07,P001,Wireless Mouse,Electronics,16,29.99,479.84,137,0,Thursday,1,2021
2021-01-08,P001,Wireless Mouse,Electronics,17,29.99,509.83,139,0,Friday,1,2021
2021-01-09,P001,Wireless Mouse,Electronics,21,29.99,629.79,131,0,Saturday,1,2021
2021-01-10,P001,Wireless Mouse,Electronics,17,29.99,509.83,149,0,Sunday,1,2021
2021-01-11,P001,Wireless Mouse,Electronics,16,29.99,479.84,116,0,Monday,1,2021
2021-01-12,P001,Wireless Mouse,Electronics,24,23.99,575.81,140,1,Tuesday,1,2021
2021-01-13,P001,Wireless Mouse,Electronics,19,29.99,569.81,146,0,Wednesday,1,2021
2021-01-14,P001,Wireless Mouse,Electronics,19,29.99,569.81,122,0,Thursday,1,2021
2021-01-15,P001,Wireless Mouse,Electronics,16,29.99,479.84,114,0,Friday,1,2021
2021-01-16,P001,Wireless Mouse,Electronics,29,23.99,695.77,128,1,Saturday,1,2021
2021-01-17,P001,Wireless Mouse,Electronics,19,29.99,569.81,115,0,Sunday,1,2021
2021-01-18,P001,Wireless Mouse,Electronics,16,29.99,479.84,152,0,Monday,1,2021
2021-01-19,P001,Wireless Mouse,Electronics,16,29.99,479.84,153,0,Tuesday,1,2021
2021-01-20,P001,Wireless Mouse,Electronics,15,29.99,449.85,116,0,Wednesday,1,2021
2021-01-21,P001,Wireless Mouse,Electronics,18,29.99,539.82,148,0,Thursday,1,2021
2021-01-22,P001,Wireless Mouse,Electronics,11,29.99,329.89,123,0,Friday,1,2021
2021-01-23,P001,Wireless Mouse,Electronics,20,29.99,599.8,121,0,Saturday,1,2021
2021-01-24,P001,Wireless Mouse,Electronics,15,29.99,449.85,116,0,Sunday,1,2021
2021-01-25,P001,Wireless Mouse,Electronics,13,29.99,389.87,124,0,Monday,1,2021
2021-01-26,P001,Wireless Mouse,Electronics,14,29.99,419.86,141,0,Tuesday,1,2021
2021-01-27,P001,Wireless Mouse,Electronics,13,29.99,389.87,136,0,Wednesday,1,2021
2021-01-28,P001,Wireless Mouse,Electronics,13,29.99,389.87,139,0,Thursday,1,2021
2021-01-29,P001,Wireless Mouse,Electronics,18,29.99,539.82,112,0,Friday,1,2021
2021-01-30,P001,Wireless Mouse,Electronics,17,29.99,509.83,138,0,Saturday,1,2021
2021-01-31,P001,Wireless Mouse,Electronics,19,29.99,569.81,144,0,Sunday,1,2021
2021-02-01,P001,Wireless Mouse,Electronics,11,29.99,329.89,135,0,Monday,2,2021
2021-02-02,P001,Wireless Mouse,Electronics,15,29.99,449.85,144,0,Tuesday,2,2021
2021-02-03,P001,Wireless Mouse,Electronics,20,23.99,479.84,119,1,Wednesday,2,2021
2021-02-04,P001,Wireless Mouse,Electronics,16,29.99,479.84,123,0,Thursday,2,2021
2021-02-05,P001,Wireless Mouse,Electronics,16,29.99,479.84,153,0,Friday,2,2021
2021-02-06,P001,Wireless Mouse,Electronics,22,29.99,659.78,134,0,Saturday,2,2021
2021-02-07,P001,Wireless Mouse,Electronics,17,29.99,509.83,127,0,Sunday,2,2021
2021-02-08,P001,Wireless Mouse,Electronics,10,29.99,299.9,158,0,Monday,2,2021
2021-02-09,P001,Wireless Mouse,Electronics,18,29.99,539.82,136,0,Tuesday,2,2021
2021-02-10,P001,Wireless Mouse,Electronics,22,23.99,527.82,147,1,Wednesday,2,2021
2021-02-11,P001,Wireless Mouse,Electronics,15,29.99,449.85,117,0,Thursday,2,2021
2021-02-12,P001,Wireless Mouse,Electronics,12,29.99,359.88,137,0,Friday,2,2021
2021-02-13,P001,Wireless Mouse,Electronics,22,29.99,659.78,113,0,Saturday,2,2021
2021-02-14,P001,Wireless Mouse,Electronics,21,29.99,629.79,136,0,Sunday,2,2021
2021-02-15,P001,Wireless Mouse,Electronics,13,29.99,389.87,124,0,Monday,2,2021
2021-02-16,P001,Wireless Mouse,Electronics,14,29.99,419.86,146,0,Tuesday,2,2021
2021-02-17,P001,Wireless Mouse,Electronics,15,29.99,449.85,120,0,Wednesday,2,2021
2021-02-18,P001,Wireless Mouse,Electronics,21,29.99,629.79,144,0,Thursday,2,2021
2021-02-19,P001,Wireless Mouse,Electronics,11,29.99,329.89,122,0,Friday,2,2021
2021-02-20,P001,Wireless Mouse,Electronics,16,29.99,479.84,152,0,Saturday,2,2021
2021-02-21,P001,Wireless Mouse,Electronics,20,29.99,599.8,143,0,Sunday,2,2021
2021-02-22,P001,Wireless Mouse,Electronics,14,29.99,419.86,149,0,Monday,2,2021
2021-02-23,P001,Wireless Mouse,Electronics,14,29.99,419.86,129,0,Tuesday,2,2021
2021-02-24,P001,Wireless Mouse,Electronics,13,29.99,389.87,122,0,Wednesday,2,2021
2021-02-25,P001,Wireless Mouse,Electronics,14,29.99,419.86,120,0,Thursday,2,2021
2021-02-26,P001,Wireless Mouse,Electronics,18,29.99,539.82,124,0,Friday,2,2021
2021-02-27,P001,Wireless Mouse,Electronics,18,29.99,539.82,147,0,Saturday,2,2021
2021-02-28,P001,Wireless Mouse,Electronics,18,29.99,539.82,143,0,Sunday,2,2021
2021-03-01,P001,Wireless Mouse,Electronics,11,29.99,329.89,146,0,Monday,3,2021
2021-03-02,P001,Wireless Mouse,Electronics,19,29.99,569.81,149,0,Tuesday,3,2021
2021-03-03,P001,Wireless Mouse,Electronics,14,29.99,419.86,131,0,Wednesday,3,2021
2021-03-04,P001,Wireless Mouse,Electronics,16,29.99,479.84,123,0,Thursday,3,2021
2021-03-05,P001,Wireless Mouse,Electronics,14,29.99,419.86,139,0,Friday,3,2021
2021-03-06,P001,Wireless Mouse,Electronics,17,29.99,509.83,136,0,Saturday,3,2021
2021-03-07,P001,Wireless Mouse,Electronics,18,29.99,539.82,121,0,Sunday,3,2021
2021-03-08,P001,Wireless Mouse,Electronics,12,29.99,359.88,125,0,Monday,3,2021
2021-03-09,P001,Wireless Mouse,Electronics,15,29.99,449.85,135,0,Tuesday,3,2021
2021-03-10,P001,Wireless Mouse,Electronics,11,29.99,329.89,146,0,Wednesday,3,2021
2021-03-11,P001,Wireless Mouse,Electronics,22,23.99,527.82,122,1,Thursday,3,2021
2021-03-12,P001,Wireless Mouse,Electronics,17,29.99,509.83,131,0,Friday,3,2021
2021-03-13,P001,Wireless Mouse,Electronics,22,29.99,659.78,128,0,Saturday,3,2021
2021-03-14,P001,Wireless Mouse,Electronics,19,29.99,569.81,118,0,Sunday,3,2021
2021-03-15,P001,Wireless Mouse,Electronics,13,29.99,389.87,155,0,Monday,3,2021
2021-03-16,P001,Wireless Mouse,Electronics,23,23.99,551.82,116,1,Tuesday,3,2021
2021-03-17,P001,Wireless Mouse,Electronics,14,29.99,419.86,150,0,Wednesday,3,2021
2021-03-18,P001,Wireless Mouse,Electronics,18,29.99,539.82,123,0,Thursday,3,2021
2021-03-19,P001,Wireless Mouse,Electronics,12,29.99,359.88,139,0,Friday,3,2021
2021-03-20,P001,Wireless Mouse,Electronics,20,29.99,599.8,146,0,Saturday,3,2021
2021-03-21,P001,Wireless Mouse,Electronics,18,29.99,539.82,115,0,Sunday,3,2021
2021-03-22,P001,Wireless Mouse,Electronics,13,29.99,389.87,153,0,Monday,3,2021
2021-03-23,P001,Wireless Mouse,Electronics,16,29.99,479.84,144,0,Tuesday,3,2021
2021-03-24,P001,Wireless Mouse,Electronics,16,29.99,479.84,131,0,Wednesday,3,2021
2021-03-25,P001,Wireless Mouse,Electronics,15,29.99,449.85,120,0,Thursday,3,2021
2021-03-26,P001,Wireless Mouse,Electronics,14,29.99,419.86,122,0,Friday,3,2021
2021-03-27,P001,Wireless Mouse,Electronics,20,29.99,599.8,144,0,Saturday,3,2021
2021-03-28,P001,Wireless Mouse,Electronics,19,29.99,569.81,142,0,Sunday,3,2021
2021-03-29,P001,Wireless Mouse,Electronics,14,29.99,419.86,146,0,Monday,3,2021
2021-03-30,P001,Wireless Mouse,Electronics,15,29.99,449.85,145,0,Tuesday,3,2021
2021-03-31,P001,Wireless Mouse,Electronics,18,29.99,539.82,131,0,Wednesday,3,2021
2021-04-01,P001,Wireless Mouse,Electronics,16,29.99,479.84,152,0,Thursday,4,2021
2021-04-02,P001,Wireless Mouse,Electronics,18,29.99,539.82,131,0,Friday,4,2021
2021-04-03,P001,Wireless Mouse,Electronics,20,29.99,599.8,131,0,Saturday,4,2021
2021-04-04,P001,Wireless Mouse,Electronics,23,23.99,551.82,131,1,Sunday,4,2021
2021-04-05,P001,Wireless Mouse,Electronics,14,29.99,419.86,133,0,Monday,4,2021
2021-04-06,P001,Wireless Mouse,Electronics,23,23.99,551.82,122,1,Tuesday,4,2021
2021-04-07,P001,Wireless Mouse,Electronics,15,29.99,449.85,124,0,Wednesday,4,2021
2021-04-08,P001,Wireless Mouse,Electronics,17,29.99,509.83,145,0,Thursday,4,2021
2021-04-09,P001,Wireless Mouse,Electronics,15,29.99,449.85,149,0,Friday,4,2021
2021-04-10,P001,Wireless Mouse,Electronics,21,29.99,629.79,127,0,Saturday,4,2021
2021-04-11,P001,Wireless Mouse,Electronics,15,29.99,449.85,136,0,Sunday,4,2021
2021-04-12,P001,Wireless Mouse,Electronics,14,29.99,419.86,121,0,Monday,4,2021
2021-04-13,P001,Wireless Mouse,Electronics,19,29.99,569.81,124,0,Tuesday,4,2021
2021-04-14,P001,Wireless Mouse,Electronics,15,29.99,449.85,127,0,Wednesday,4,2021
2021-04-15,P001,Wireless Mouse,Electronics,20,23.99,479.84,149,1,Thursday,4,2021
2021-04-16,P001,Wireless Mouse,Electronics,17,29.99,509.83,151,0,Friday,4,2021
2021-04-17,P001,Wireless Mouse,Electronics,20,29.99,599.8,124,0,Saturday,4,2021
2021-04-18,P001,Wireless Mouse,Electronics,27,23.99,647.78,103,1,Sunday,4,2021
2021-04-19,P001,Wireless Mouse,Electronics,14,29.99,419.86,150,0,Monday,4,2021
2021-04-20,P001,Wireless Mouse,Electronics,14,29.99,419.86,133,0,Tuesday,4,2021
2021-04-21,P001,Wireless Mouse,Electronics,18,29.99,539.82,113,0,Wednesday,4,2021
2021-04-22,P001,Wireless Mouse,Electronics,13,29.99,389.87,128,0,Thursday,4,2021
2021-04-23,P001,Wireless Mouse,Electronics,14,29.99,419.86,139,0,Friday,4,2021
2021-04-24,P001,Wireless Mouse,Electronics,32,23.99,767.74,137,1,Saturday,4,2021
2021-04-25,P001,Wireless Mouse,Electronics,16,29.99,479.84,151,0,Sunday,4,2021
2021-04-26,P001,Wireless Mouse,Electronics,14,29.99,419.86,135,0,Monday,4,2021
2021-04-27,P001,Wireless Mouse,Electronics,16,29.99,479.84,132,0,Tuesday,4,2021
2021-04-28,P001,Wireless Mouse,Electronics,18,29.99,539.82,119,0,Wednesday,4,2021
2021-04-29,P001,Wireless Mouse,Electronics,17,29.99,509.83,130,0,Thursday,4,2021
2021-04-30,P001,Wireless Mouse,Electronics,18,29.99,539.82,112,0,Friday,4,2021
2021-05-01,P001,Wireless Mouse,Electronics,20,29.99,599.8,146,0,Saturday,5,2021
2021-05-02,P001,Wireless Mouse,Electronics,15,29.99,449.85,131,0,Sunday,5,2021
2021-05-03,P001,Wireless Mouse,Electronics,11,29.99,329.89,133,0,Monday,5,2021
2021-05-04,P001,Wireless Mouse,Electronics,25,23.99,599.8,111,1,Tuesday,5,2021
2021-05-05,P001,Wireless Mouse,Electronics,16,29.99,479.84,124,0,Wednesday,5,2021
2021-05-06,P001,Wireless Mouse,Electronics,11,29.99,329.89,128,0,Thursday,5,2021
2021-05-07,P001,Wireless Mouse,Electronics,17,29.99,509.83,152,0,Friday,5,2021
2021-05-08,P001,Wireless Mouse,Electronics,24,29.99,719.76,141,0,Saturday,5,2021
2021-05-09,P001,Wireless Mouse,Electronics,20,29.99,599.8,140,0,Sunday,5,2021
2021-05-10,P001,Wireless Mouse,Electronics,17,29.99,509.83,142,0,Monday,5,2021
2021-05-11,P001,Wireless Mouse,Electronics,15,29.99,449.85,116,0,Tuesday,5,2021
2021-05-12,P001,Wireless Mouse,Electronics,18,29.99,539.82,125,0,Wednesday,5,2021
2021-05-13,P001,Wireless Mouse,Electronics,17,29.99,509.83,118,0,Thursday,5,2021
2021-05-14,P001,Wireless Mouse,Electronics,16,29.99,479.84,133,0,Friday,5,2021
2021-05-15,P001,Wireless Mouse,Electronics,22,29.99,659.78,108,0,Saturday,5,2021
2021-05-16,P001,Wireless Mouse,Electronics,21,29.99,629.79,137,0,Sunday,5,2021
2021-05-17,P001,Wireless Mouse,Electronics,10,29.99,299.9,136,0,Monday,5,2021
2021-05-18,P001,Wireless Mouse,Electronics,18,29.99,539.82,129,0,Tuesday,5,2021
2021-05-19,P001,Wireless Mouse,Electronics,14,29.99,419.86,126,0,Wednesday,5,2021
2021-05-20,P001,Wireless Mouse,Electronics,13,29.99,389.87,151,0,Thursday,5,2021
2021-05-21,P001,Wireless Mouse,Electronics,15,29.99,449.85,128,0,Friday,5,2021
2021-05-22,P001,Wireless Mouse,Electronics,23,29.99,689.77,120,0,Saturday,5,2021
2021-05-23,P001,Wireless Mouse,Electronics,17,29.99,509.83,135,0,Sunday,5,2021
2021-05-24,P001,Wireless Mouse,Electronics,9,29.99,269.91,126,0,Monday,5,2021
2021-05-25,P001,Wireless Mouse,Electronics,17,29.99,509.83,122,0,Tuesday,5,2021
2021-05-26,P001,Wireless Mouse,Electronics,16,29.99,479.84,152,0,Wednesday,5,2021
2021-05-27,P001,Wireless Mouse,Electronics,18,29.99,539.82,125,0,Thursday,5,2021
2021-05-28,P001,Wireless Mouse,Electronics,16,29.99,479.84,152,0,Friday,5,2021
2021-05-29,P001,Wireless Mouse,Electronics,23,29.99,689.77,137,0,Saturday,5,2021
2021-05-30,P001,Wireless Mouse,Electronics,19,29.99,569.81,140,0,Sunday,5,2021
2021-05-31,P001,Wireless Mouse,Electronics,8,29.99,239.92,153,0,Monday,5,2021
2021-06-01,P001,Wireless Mouse,Electronics,12,29.99,359.88,123,0,Tuesday,6,2021
2021-06-02,P001,Wireless Mouse,Electronics,16,29.99,479.84,142,0,Wednesday,6,2021
2021-06-03,P001,Wireless Mouse,Electronics,14,29.99,419.86,138,0,Thursday,6,2021
2021-06-04,P001,Wireless Mouse,Electronics,14,29.99,419.86,127,0,Friday,6,2021
2021-06-05,P001,Wireless Mouse,Electronics,24,29.99,719.76,116,0,Saturday,6,2021
2021-06-06,P001,Wireless Mouse,Electronics,21,29.99,629.79,111,0,Sunday,6,2021
2021-06-07,P001,Wireless Mouse,Electronics,13,29.99,389.87,119,0,Monday,6,2021
2021-06-08,P001,Wireless Mouse,Electronics,16,29.99,479.84,119,0,Tuesday,6,2021
2021-06-09,P001,Wireless Mouse,Electronics,16,29.99,479.84,127,0,Wednesday,6,2021
2021-06-10,P001,Wireless Mouse,Electronics,11,29.99,329.89,154,0,Thursday,6,2021
2021-06-11,P001,Wireless Mouse,Electronics,12,29.99,359.88,141,0,Friday,6,2021
2021-06-12,P001,Wireless Mouse,Electronics,19,29.99,569.81,133,0,Saturday,6,2021
2021-06-13,P001,Wireless Mouse,Electronics,19,29.99,569.81,147,0,Sunday,6,2021
2021-06-14,P001,Wireless Mouse,Electronics,14,29.99,419.86,140,0,Monday,6,2021
2021-06-15,P001,Wireless Mouse,Electronics,15,29.99,449.85,150,0,Tuesday,6,2021
2021-06-16,P001,Wireless Mouse,Electronics,16,29.99,479.84,144,0,Wednesday,6,2021
2021-06-17,P001,Wireless Mouse,Electronics,15,29.99,449.85,134,0,Thursday,6,2021
2021-06-18,P001,Wireless Mouse,Electronics,18,29.99,539.82,147,0,Friday,6,2021
2021-06-19,P001,Wireless Mouse,Electronics,32,23.99,767.74,103,1,Saturday,6,2021
2021-06-20,P001,Wireless Mouse,Electronics,21,29.99,629.79,143,0,Sunday,6,2021
2021-06-21,P001,Wireless Mouse,Electronics,13,29.99,389.87,125,0,Monday,6,2021
2021-06-22,P001,Wireless Mouse,Electronics,14,29.99,419.86,146,0,Tuesday,6,2021
2021-06-23,P001,Wireless Mouse,Electronics,14,29.99,419.86,139,0,Wednesday,6,2021
2021-06-24,P001,Wireless Mouse,Electronics,19,29.99,569.81,130,0,Thursday,6,2021
2021-06-25,P001,Wireless Mouse,Electronics,14,29.99,419.86,121,0,Friday,6,2021
2021-06-26,P001,Wireless Mouse,Electronics,18,29.99,539.82,138,0,Saturday,6,2021
2021-06-27,P001,Wireless Mouse,Electronics,25,29.99,749.75,132,0,Sunday,6,2021
2021-06-28,P001,Wireless Mouse,Electronics,19,23.99,455.85,112,1,Monday,6,2021
2021-06-29,P001,Wireless Mouse,Electronics,13,29.99,389.87,147,0,Tuesday,6,2021
2021-06-30,P001,Wireless Mouse,Electronics,14,29.99,419.86,145,0,Wednesday,6,2021
2021-07-01,P001,Wireless Mouse,Electronics,12,29.99,359.88,137,0,Thursday,7,2021
2021-07-02,P001,Wireless Mouse,Electronics,21,23.99,503.83,139,1,Friday,7,2021
2021-07-03,P001,Wireless Mouse,Electronics,30,23.99,719.76,113,1,Saturday,7,2021
2021-07-04,P001,Wireless Mouse,Electronics,15,29.99,449.85,143,0,Sunday,7,2021
2021-07-05,P001,Wireless Mouse,Electronics,12,29.99,359.88,129,0,Monday,7,2021
2021-07-06,P001,Wireless Mouse,Electronics,14,29.99,419.86,134,0,Tuesday,7,2021
2021-07-07,P001,Wireless Mouse,Electronics,17,29.99,509.83,118,0,Wednesday,7,2021
2021-07-08,P001,Wireless Mouse,Electronics,17,29.99,509.83,125,0,Thursday,7,2021
2021-07-09,P001,Wireless Mouse,Electronics,15,29.99,449.85,150,0,Friday,7,2021
2021-07-10,P001,Wireless Mouse,Electronics,21,29.99,629.79,134,0,Saturday,7,2021
2021-07-11,P001,Wireless Mouse,Electronics,18,29.99,539.82,151,0,Sunday,7,2021
2021-07-12,P001,Wireless Mouse,Electronics,16,29.99,479.84,146,0,Monday,7,2021
2021-07-13,P001,Wireless Mouse,Electronics,12,29.99,359.88,123,0,Tuesday,7,2021
2021-07-14,P001,Wireless Mouse,Electronics,16,29.99,479.84,131,0,Wednesday,7,2021
2021-07-15,P001,Wireless Mouse,Electronics,16,29.99,479.84,127,0,Thursday,7,2021
2021-07-16,P001,Wireless Mouse,Electronics,22,29.99,659.78,110,0,Friday,7,2021
2021-07-17,P001,Wireless Mouse,Electronics,21,29.99,629.79,143,0,Saturday,7,2021
2021-07-18,P001,Wireless Mouse,Electronics,19,29.99,569.81,129,0,Sunday,7,2021
2021-07-19,P001,Wireless Mouse,Electronics,10,29.99,299.9,137,0,Monday,7,2021
2021-07-20,P001,Wireless Mouse,Electronics,15,29.99,449.85,134,0,Tuesday,7,2021
2021-07-21,P001,Wireless Mouse,Electronics,23,23.99,551.82,126,1,Wednesday,7,2021
2021-07-22,P001,Wireless Mouse,Electronics,16,29.99,479.84,139,0,Thursday,7,2021
2021-07-23,P001,Wireless Mouse,Electronics,16,29.99,479.84,145,0,Friday,7,2021
2021-07-24,P001,Wireless Mouse,Electronics,16,29.99,479.84,138,0,Saturday,7,2021
2021-07-25,P001,Wireless Mouse,Electronics,20,29.99,599.8,149,0,Sunday,7,2021
2021-07-26,P001,Wireless Mouse,Electronics,10,29.99,299.9,125,0,Monday,7,2021
2021-07-27,P001,Wireless Mouse,Electronics,12,29.99,359.88,130,0,Tuesday,7,2021
2021-07-28,P001,Wireless Mouse,Electronics,15,29.99,449.85,147,0,Wednesday,7,2021
2021-07-29,P001,Wireless Mouse,Electronics,15,29.99,449.85,132,0,Thursday,7,2021
2021-07-30,P001,Wireless Mouse,Electronics,20,23.99,479.84,124,1,Friday,7,2021
2021-07-31,P001,Wireless Mouse,Electronics,20,29.99,599.8,137,0,Saturday,7,2021
2021-08-01,P001,Wireless Mouse,Electronics,23,29.99,689.77,119,0,Sunday,8,2021
2021-08-02,P001,Wireless Mouse,Electronics,22,23.99,527.82,108,1,Monday,8,2021
2021-08-03,P001,Wireless Mouse,Electronics,13,29.99,389.87,140,0,Tuesday,8,2021
2021-08-04,P001,Wireless Mouse,Electronics,21,29.99,629.79,116,0,Wednesday,8,2021
2021-08-05,P001,Wireless Mouse,Electronics,13,29.99,389.87,144,0,Thursday,8,2021
2021-08-06,P001,Wireless Mouse,Electronics,13,29.99,389.87,117,0,Friday,8,2021
2021-08-07,P001,Wireless Mouse,Electronics,20,29.99,599.8,122,0,Saturday,8,2021
2021-08-08,P001,Wireless Mouse,Electronics,20,29.99,599.8,117,0,Sunday,8,2021
2021-08-09,P001,Wireless Mouse,Electronics,14,29.99,419.86,154,0,Monday,8,2021
2021-08-10,P001,Wireless Mouse,Electronics,13,29.99,389.87,149,0,Tuesday,8,2021
2021-08-11,P001,Wireless Mouse,Electronics,18,29.99,539.82,126,0,Wednesday,8,2021
