data/sales_data.csv
date,product_id,product_name,category,quantity_sold,unit_price,revenue,stock_level,promotion,day_of_week,month,year
2021-08-12,P001,Wireless Mouse,Electronics,14,29.99,419.86,119,0,Thursday,8,2021
2021-08-13,P001,Wireless Mouse,Electronics,16,29.99,479.84,138,0,Friday,8,2021
2021-08-14,P001,Wireless Mouse,Electronics,16,29.99,479.84,123,0,Saturday,8,2021
2021-08-15,P001,Wireless Mouse,Electronics,19,29.99,569.81,132,0,Sunday,8,2021
2021-08-16,P001,Wireless Mouse,Electronics,15,29.99,449.85,129,0,Monday,8,2021
2021-08-17,P001,Wireless Mouse,Electronics,19,29.99,569.81,139,0,Tuesday,8,2021
2021-08-18,P001,Wireless Mouse,Electronics,14,29.99,419.86,155,0,Wednesday,8,2021
2021-08-19,P001,Wireless Mouse,Electronics,17,29.99,509.83,142,0,Thursday,8,2021
2021-08-20,P001,Wireless Mouse,Electronics,15,29.99,449.85,131,0,Friday,8,2021
2021-08-21,P001,Wireless Mouse,Electronics,16,29.99,479.84,130,0,Saturday,8,2021
2021-08-22,P001,Wireless Mouse,Electronics,16,29.99,479.84,120,0,Sunday,8,2021
2021-08-23,P001,Wireless Mouse,Electronics,15,29.99,449.85,135,0,Monday,8,2021
2021-08-24,P001,Wireless Mouse,Electronics,16,29.99,479.84,122,0,Tuesday,8,2021
2021-08-25,P001,Wireless Mouse,Electronics,24,23.99,575.81,136,1,Wednesday,8,2021
2021-08-26,P001,Wireless Mouse,Electronics,16,29.99,479.84,127,0,Thursday,8,2021
2021-08-27,P001,Wireless Mouse,Electronics,13,29.99,389.87,134,0,Friday,8,2021
2021-08-28,P001,Wireless Mouse,Electronics,24,29.99,719.76,119,0,Saturday,8,2021
2021-08-29,P001,Wireless Mouse,Electronics,18,29.99,539.82,142,0,Sunday,8,2021
2021-08-30,P001,Wireless Mouse,Electronics,13,29.99,389.87,124,0,Monday,8,2021
2021-08-31,P001,Wireless Mouse,Electronics,14,29.99,419.86,118,0,Tuesday,8,2021
2021-09-01,P001,Wireless Mouse,Electronics,17,29.99,509.83,125,0,Wednesday,9,2021
2021-09-02,P001,Wireless Mouse,Electronics,23,23.99,551.82,144,1,Thursday,9,2021
2021-09-03,P001,Wireless Mouse,Electronics,16,29.99,479.84,132,0,Friday,9,2021
2021-09-04,P001,Wireless Mouse,Electronics,23,29.99,689.77,134,0,Saturday,9,2021
2021-09-05,P001,Wireless Mouse,Electronics,26,23.99,623.79,125,1,Sunday,9,2021
2021-09-06,P001,Wireless Mouse,Electronics,17,29.99,509.83,147,0,Monday,9,2021
2021-09-07,P001,Wireless Mouse,Electronics,16,29.99,479.84,126,0,Tuesday,9,2021
2021-09-08,P001,Wireless Mouse,Electronics,14,29.99,419.86,143,0,Wednesday,9,2021
2021-09-09,P001,Wireless Mouse,Electronics,17,29.99,509.83,139,0,Thursday,9,2021
2021-09-10,P001,Wireless Mouse,Electronics,17,29.99,509.83,136,0,Friday,9,2021
2021-09-11,P001,Wireless Mouse,Electronics,17,29.99,509.83,124,0,Saturday,9,2021
2021-09-12,P001,Wireless Mouse,Electronics,18,29.99,539.82,145,0,Sunday,9,2021
2021-09-13,P001,Wireless Mouse,Electronics,10,29.99,299.9,158,0,Monday,9,2021
2021-09-14,P001,Wireless Mouse,Electronics,25,23.99,599.8,133,1,Tuesday,9,2021
2021-09-15,P001,Wireless Mouse,Electronics,15,29.99,449.85,144,0,Wednesday,9,2021
2021-09-16,P001,Wireless Mouse,Electronics,17,29.99,509.83,148,0,Thursday,9,2021
2021-09-17,P001,Wireless Mouse,Electronics,14,29.99,419.86,123,0,Friday,9,2021
2021-09-18,P001,Wireless Mouse,Electronics,21,29.99,629.79,123,0,Saturday,9,2021
2021-09-19,P001,Wireless Mouse,Electronics,20,29.99,599.8,140,0,Sunday,9,2021
2021-09-20,P001,Wireless Mouse,Electronics,13,29.99,389.87,155,0,Monday,9,2021
2021-09-21,P001,Wireless Mouse,Electronics,15,29.99,449.85,120,0,Tuesday,9,2021
2021-09-22,P001,Wireless Mouse,Electronics,15,29.99,449.85,135,0,Wednesday,9,2021
2021-09-23,P001,Wireless Mouse,Electronics,14,29.99,419.86,122,0,Thursday,9,2021
2021-09-24,P001,Wireless Mouse,Electronics,14,29.99,419.86,121,0,Friday,9,2021
2021-09-25,P001,Wireless Mouse,Electronics,21,29.99,629.79,116,0,Saturday,9,2021
2021-09-26,P001,Wireless Mouse,Electronics,23,29.99,689.77,122,0,Sunday,9,2021
2021-09-27,P001,Wireless Mouse,Electronics,14,29.99,419.86,130,0,Monday,9,2021
2021-09-28,P001,Wireless Mouse,Electronics,26,23.99,623.79,112,1,Tuesday,9,2021
2021-09-29,P001,Wireless Mouse,Electronics,16,29.99,479.84,144,0,Wednesday,9,2021
2021-09-30,P001,Wireless Mouse,Electronics,15,29.99,449.85,136,0,Thursday,9,2021
2021-10-01,P001,Wireless Mouse,Electronics,12,29.99,359.88,133,0,Friday,10,2021
2021-10-02,P001,Wireless Mouse,Electronics,24,29.99,719.76,124,0,Saturday,10,2021
2021-10-03,P001,Wireless Mouse,Electronics,21,29.99,629.79,116,0,Sunday,10,2021
2021-10-04,P001,Wireless Mouse,Electronics,11,29.99,329.89,130,0,Monday,10,2021
2021-10-05,P001,Wireless Mouse,Electronics,11,29.99,329.89,124,0,Tuesday,10,2021
2021-10-06,P001,Wireless Mouse,Electronics,16,29.99,479.84,121,0,Wednesday,10,2021
2021-10-07,P001,Wireless Mouse,Electronics,18,29.99,539.82,124,0,Thursday,10,2021
2021-10-08,P001,Wireless Mouse,Electronics,15,29.99,449.85,145,0,Friday,10,2021
2021-10-09,P001,Wireless Mouse,Electronics,22,29.99,659.78,133,0,Saturday,10,2021
2021-10-10,P001,Wireless Mouse,Electronics,19,29.99,569.81,141,0,Sunday,10,2021
2021-10-11,P001,Wireless Mouse,Electronics,10,29.99,299.9,152,0,Monday,10,2021
2021-10-12,P001,Wireless Mouse,Electronics,17,29.99,509.83,118,0,Tuesday,10,2021
2021-10-13,P001,Wireless Mouse,Electronics,18,29.99,539.82,112,0,Wednesday,10,2021
2021-10-14,P001,Wireless Mouse,Electronics,14,29.99,419.86,124,0,Thursday,10,2021
2021-10-15,P001,Wireless Mouse,Electronics,16,29.99,479.84,144,0,Friday,10,2021
2021-10-16,P001,Wireless Mouse,Electronics,16,29.99,479.84,141,0,Saturday,10,2021
2021-10-17,P001,Wireless Mouse,Electronics,17,29.99,509.83,147,0,Sunday,10,2021
2021-10-18,P001,Wireless Mouse,Electronics,22,23.99,527.82,140,1,Monday,10,2021
2021-10-19,P001,Wireless Mouse,Electronics,19,29.99,569.81,113,0,Tuesday,10,2021
2021-10-20,P001,Wireless Mouse,Electronics,17,29.99,509.83,115,0,Wednesday,10,2021
2021-10-21,P001,Wireless Mouse,Electronics,15,29.99,449.85,150,0,Thursday,10,2021
2021-10-22,P001,Wireless Mouse,Electronics,14,29.99,419.86,132,0,Friday,10,2021
2021-10-23,P001,Wireless Mouse,Electronics,22,29.99,659.78,123,0,Saturday,10,2021
2021-10-24,P001,Wireless Mouse,Electronics,18,29.99,539.82,138,0,Sunday,10,2021
2021-10-25,P001,Wireless Mouse,Electronics,20,23.99,479.84,121,1,Monday,10,2021
2021-10-26,P001,Wireless Mouse,Electronics,17,29.99,509.83,132,0,Tuesday,10,2021
2021-10-27,P001,Wireless Mouse,Electronics,18,29.99,539.82,116,0,Wednesday,10,2021
2021-10-28,P001,Wireless Mouse,Electronics,20,29.99,599.8,147,0,Thursday,10,2021
2021-10-29,P001,Wireless Mouse,Electronics,18,29.99,539.82,144,0,Friday,10,2021
2021-10-30,P001,Wireless Mouse,Electronics,17,29.99,509.83,142,0,Saturday,10,2021
2021-10-31,P001,Wireless Mouse,Electronics,15,29.99,449.85,144,0,Sunday,10,2021
2021-11-01,P001,Wireless Mouse,Electronics,12,29.99,359.88,130,0,Monday,11,2021
2021-11-02,P001,Wireless Mouse,Electronics,13,29.99,389.87,139,0,Tuesday,11,2021
2021-11-03,P001,Wireless Mouse,Electronics,16,29.99,479.84,144,0,Wednesday,11,2021
2021-11-04,P001,Wireless Mouse,Electronics,15,29.99,449.85,131,0,Thursday,11,2021
2021-11-05,P001,Wireless Mouse,Electronics,13,29.99,389.87,124,0,Friday,11,2021
2021-11-06,P001,Wireless Mouse,Electronics,19,29.99,569.81,129,0,Saturday,11,2021
2021-11-07,P001,Wireless Mouse,Electronics,20,29.99,599.8,113,0,Sunday,11,2021
2021-11-08,P001,Wireless Mouse,Electronics,12,29.99,359.88,118,0,Monday,11,2021
2021-11-09,P001,Wireless Mouse,Electronics,19,29.99,569.81,134,0,Tuesday,11,2021
2021-11-10,P001,Wireless Mouse,Electronics,17,29.99,509.83,150,0,Wednesday,11,2021
2021-11-11,P001,Wireless Mouse,Electronics,9,29.99,269.91,150,0,Thursday,11,2021
2021-11-12,P001,Wireless Mouse,Electronics,12,29.99,359.88,137,0,Friday,11,2021
2021-11-13,P001,Wireless Mouse,Electronics,19,29.99,569.81,121,0,Saturday,11,2021
2021-11-14,P001,Wireless Mouse,Electronics,17,29.99,509.83,132,0,Sunday,11,2021
2021-11-15,P001,Wireless Mouse,Electronics,14,29.99,419.86,150,0,Monday,11,2021
2021-11-16,P001,Wireless Mouse,Electronics,15,29.99,449.85,131,0,Tuesday,11,2021
2021-11-17,P001,Wireless Mouse,Electronics,19,29.99,569.81,117,0,Wednesday,11,2021
2021-11-18,P001,Wireless Mouse,Electronics,15,29.99,449.85,143,0,Thursday,11,2021
2021-11-19,P001,Wireless Mouse,Electronics,28,23.99,671.78,122,1,Friday,11,2021
2021-11-20,P001,Wireless Mouse,Electronics,19,29.99,569.81,111,0,Saturday,11,2021
2021-11-21,P001,Wireless Mouse,Electronics,32,23.99,767.74,114,1,Sunday,11,2021
2021-11-22,P001,Wireless Mouse,Electronics,12,29.99,359.88,147,0,Monday,11,2021
2021-11-23,P001,Wireless Mouse,Electronics,15,29.99,449.85,146,0,Tuesday,11,2021
2021-11-24,P001,Wireless Mouse,Electronics,39,29.99,1169.61,93,0,Wednesday,11,2021
2021-11-25,P001,Wireless Mouse,Electronics,37,29.99,1109.63,113,0,Thursday,11,2021
2021-11-26,P001,Wireless Mouse,Electronics,38,29.99,1139.62,106,0,Friday,11,2021
2021-11-27,P001,Wireless Mouse,Electronics,52,29.99,1559.48,92,0,Saturday,11,2021
2021-11-28,P001,Wireless Mouse,Electronics,47,29.99,1409.53,101,0,Sunday,11,2021
2021-11-29,P001,Wireless Mouse,Electronics,31,29.99,929.69,107,0,Monday,11,2021
2021-11-30,P001,Wireless Mouse,Electronics,40,29.99,1199.6,112,0,Tuesday,11,2021
2021-12-01,P001,Wireless Mouse,Electronics,16,29.99,479.84,146,0,Wednesday,12,2021
2021-12-02,P001,Wireless Mouse,Electronics,17,29.99,509.83,141,0,Thursday,12,2021
2021-12-03,P001,Wireless Mouse,Electronics,14,29.99,419.86,144,0,Friday,12,2021
2021-12-04,P001,Wireless Mouse,Electronics,19,29.99,569.81,119,0,Saturday,12,2021
2021-12-05,P001,Wireless Mouse,Electronics,18,29.99,539.82,116,0,Sunday,12,2021
2021-12-06,P001,Wireless Mouse,Electronics,16,29.99,479.84,136,0,Monday,12,2021
2021-12-07,P001,Wireless Mouse,Electronics,15,29.99,449.85,154,0,Tuesday,12,2021
2021-12-08,P001,Wireless Mouse,Electronics,11,29.99,329.89,158,0,Wednesday,12,2021
2021-12-09,P001,Wireless Mouse,Electronics,27,23.99,647.78,140,1,Thursday,12,2021
2021-12-10,P001,Wireless Mouse,Electronics,14,29.99,419.86,126,0,Friday,12,2021
2021-12-11,P001,Wireless Mouse,Electronics,26,23.99,623.79,123,1,Saturday,12,2021
2021-12-12,P001,Wireless Mouse,Electronics,17,29.99,509.83,126,0,Sunday,12,2021
2021-12-13,P001,Wireless Mouse,Electronics,14,29.99,419.86,135,0,Monday,12,2021
2021-12-14,P001,Wireless Mouse,Electronics,14,29.99,419.86,146,0,Tuesday,12,2021
2021-12-15,P001,Wireless Mouse,Electronics,31,29.99,929.69,137,0,Wednesday,12,2021
2021-12-16,P001,Wireless Mouse,Electronics,31,29.99,929.69,113,0,Thursday,12,2021
2021-12-17,P001,Wireless Mouse,Electronics,30,29.99,899.7,126,0,Friday,12,2021
2021-12-18,P001,Wireless Mouse,Electronics,40,29.99,1199.6,122,0,Saturday,12,2021
2021-12-19,P001,Wireless Mouse,Electronics,40,29.99,1199.6,121,0,Sunday,12,2021
2021-12-20,P001,Wireless Mouse,Electronics,28,29.99,839.72,132,0,Monday,12,2021
2021-12-21,P001,Wireless Mouse,Electronics,30,29.99,899.7,127,0,Tuesday,12,2021
2021-12-22,P001,Wireless Mouse,Electronics,37,29.99,1109.63,111,0,Wednesday,12,2021
2021-12-23,P001,Wireless Mouse,Electronics,29,29.99,869.71,115,0,Thursday,12,2021
2021-12-24,P001,Wireless Mouse,Electronics,32,29.99,959.68,118,0,Friday,12,2021
2021-12-25,P001,Wireless Mouse,Electronics,37,29.99,1109.63,132,0,Saturday,12,2021
2021-12-26,P001,Wireless Mouse,Electronics,39,29.99,1169.61,116,0,Sunday,12,2021
2021-12-27,P001,Wireless Mouse,Electronics,29,29.99,869.71,139,0,Monday,12,2021
2021-12-28,P001,Wireless Mouse,Electronics,28,29.99,839.72,121,0,Tuesday,12,2021
2021-12-29,P001,Wireless Mouse,Electronics,32,29.99,959.68,122,0,Wednesday,12,2021
2021-12-30,P001,Wireless Mouse,Electronics,31,29.99,929.69,119,0,Thursday,12,2021
2021-12-31,P001,Wireless Mouse,Electronics,35,29.99,1049.65,134,0,Friday,12,2021
2022-01-01,P001,Wireless Mouse,Electronics,27,29.99,809.73,122,0,Saturday,1,2022
2022-01-02,P001,Wireless Mouse,Electronics,30,29.99,899.7,113,0,Sunday,1,2022
2022-01-03,P001,Wireless Mouse,Electronics,20,29.99,599.8,141,0,Monday,1,2022
2022-01-04,P001,Wireless Mouse,Electronics,18,29.99,539.82,126,0,Tuesday,1,2022
2022-01-05,P001,Wireless Mouse,Electronics,17,29.99,509.83,133,0,Wednesday,1,2022
2022-01-06,P001,Wireless Mouse,Electronics,15,29.99,449.85,116,0,Thursday,1,2022
2022-01-07,P001,Wireless Mouse,Electronics,12,29.99,359.88,118,0,Friday,1,2022
2022-01-08,P001,Wireless Mouse,Electronics,18,29.99,539.82,124,0,Saturday,1,2022
2022-01-09,P001,Wireless Mouse,Electronics,18,29.99,539.82,113,0,Sunday,1,2022
2022-01-10,P001,Wireless Mouse,Electronics,22,23.99,527.82,147,1,Monday,1,2022
2022-01-11,P001,Wireless Mouse,Electronics,14,29.99,419.86,119,0,Tuesday,1,2022
2022-01-12,P001,Wireless Mouse,Electronics,17,29.99,509.83,135,0,Wednesday,1,2022
2022-01-13,P001,Wireless Mouse,Electronics,23,23.99,551.82,116,1,Thursday,1,2022
2022-01-14,P001,Wireless Mouse,Electronics,17,29.99,509.83,116,0,Friday,1,2022
2022-01-15,P001,Wireless Mouse,Electronics,19,29.99,569.81,116,0,Saturday,1,2022
2022-01-16,P001,Wireless Mouse,Electronics,19,29.99,569.81,121,0,Sunday,1,2022
2022-01-17,P001,Wireless Mouse,Electronics,13,29.99,389.87,135,0,Monday,1,2022
2022-01-18,P001,Wireless Mouse,Electronics,18,29.99,539.82,144,0,Tuesday,1,2022
2022-01-19,P001,Wireless Mouse,Electronics,18,29.99,539.82,150,0,Wednesday,1,2022
2022-01-20,P001,Wireless Mouse,Electronics,14,29.99,419.86,134,0,Thursday,1,2022
2022-01-21,P001,Wireless Mouse,Electronics,16,29.99,479.84,139,0,Friday,1,2022
2022-01-22,P001,Wireless Mouse,Electronics,21,29.99,629.79,140,0,Saturday,1,2022
2022-01-23,P001,Wireless Mouse,Electronics,18,29.99,539.82,150,0,Sunday,1,2022
2022-01-24,P001,Wireless Mouse,Electronics,12,29.99,359.88,122,0,Monday,1,2022
2022-01-25,P001,Wireless Mouse,Electronics,17,29.99,509.83,145,0,Tuesday,1,2022
2022-01-26,P001,Wireless Mouse,Electronics,28,23.99,671.78,140,1,Wednesday,1,2022
2022-01-27,P001,Wireless Mouse,Electronics,25,23.99,599.8,140,1,Thursday,1,2022
2022-01-28,P001,Wireless Mouse,Electronics,16,29.99,479.84,126,0,Friday,1,2022
2022-01-29,P001,Wireless Mouse,Electronics,17,29.99,509.83,141,0,Saturday,1,2022
2022-01-30,P001,Wireless Mouse,Electronics,19,29.99,569.81,148,0,Sunday,1,2022
2022-01-31,P001,Wireless Mouse,Electronics,10,29.99,299.9,159,0,Monday,1,2022
2022-02-01,P001,Wireless Mouse,Electronics,17,29.99,509.83,117,0,Tuesday,2,2022
2022-02-02,P001,Wireless Mouse,Electronics,20,29.99,599.8,112,0,Wednesday,2,2022
2022-02-03,P001,Wireless Mouse,Electronics,21,29.99,629.79,145,0,Thursday,2,2022
2022-02-04,P001,Wireless Mouse,Electronics,20,29.99,599.8,141,0,Friday,2,2022
2022-02-05,P001,Wireless Mouse,Electronics,24,29.99,719.76,143,0,Saturday,2,2022
2022-02-06,P001,Wireless Mouse,Electronics,19,29.99,569.81,136,0,Sunday,2,2022
2022-02-07,P001,Wireless Mouse,Electronics,13,29.99,389.87,124,0,Monday,2,2022
2022-02-08,P001,Wireless Mouse,Electronics,16,29.99,479.84,139,0,Tuesday,2,2022
2022-02-09,P001,Wireless Mouse,Electronics,17,29.99,509.83,141,0,Wednesday,2,2022
2022-02-10,P001,Wireless Mouse,Electronics,13,29.99,389.87,130,0,Thursday,2,2022
2022-02-11,P001,Wireless Mouse,Electronics,17,29.99,509.83,139,0,Friday,2,2022
2022-02-12,P001,Wireless Mouse,Electronics,20,29.99,599.8,124,0,Saturday,2,2022
2022-02-13,P001,Wireless Mouse,Electronics,29,23.99,695.77,131,1,Sunday,2,2022
2022-02-14,P001,Wireless Mouse,Electronics,17,29.99,509.83,113,0,Monday,2,2022
2022-02-15,P001,Wireless Mouse,Electronics,16,29.99,479.84,116,0,Tuesday,2,2022
2022-02-16,P001,Wireless Mouse,Electronics,20,29.99,599.8,124,0,Wednesday,2,2022
2022-02-17,P001,Wireless Mouse,Electronics,13,29.99,389.87,123,0,Thursday,2,2022
2022-02-18,P001,Wireless Mouse,Electronics,19,29.99,569.81,148,0,Friday,2,2022
2022-02-19,P001,Wireless Mouse,Electronics,19,29.99,569.81,125,0,Saturday,2,2022
2022-02-20,P001,Wireless Mouse,Electronics,21,29.99,629.79,137,0,Sunday,2,2022
2022-02-21,P001,Wireless Mouse,Electronics,14,29.99,419.86,145,0,Monday,2,2022
2022-02-22,P001,Wireless Mouse,Electronics,15,29.99,449.85,131,0,Tuesday,2,2022
2022-02-23,P001,Wireless Mouse,Electronics,16,29.99,479.84,137,0,Wednesday,2,2022
2022-02-24,P001,Wireless Mouse,Electronics,20,29.99,599.8,147,0,Thursday,2,2022
2022-02-25,P001,Wireless Mouse,Electronics,18,29.99,539.82,128,0,Friday,2,2022
2022-02-26,P001,Wireless Mouse,Electronics,23,29.99,689.77,146,0,Saturday,2,2022
2022-02-27,P001,Wireless Mouse,Electronics,22,29.99,659.78,119,0,Sunday,2,2022
2022-02-28,P001,Wireless Mouse,Electronics,12,29.99,359.88,127,0,Monday,2,2022
2022-03-01,P001,Wireless Mouse,Electronics,14,29.99,419.86,121,0,Tuesday,3,2022
2022-03-02,P001,Wireless Mouse,Electronics,26,23.99,623.79,122,1,Wednesday,3,2022
2022-03-03,P001,Wireless Mouse,Electronics,15,29.99,449.85,137,0,Thursday,3,2022
2022-03-04,P001,Wireless Mouse,Electronics,15,29.99,449.85,131,0,Friday,3,2022
2022-03-05,P001,Wireless Mouse,Electronics,22,29.99,659.78,125,0,Saturday,3,2022
2022-03-06,P001,Wireless Mouse,Electronics,16,29.99,479.84,152,0,Sunday,3,2022
2022-03-07,P001,Wireless Mouse,Electronics,12,29.99,359.88,149,0,Monday,3,2022
2022-03-08,P001,Wireless Mouse,Electronics,20,29.99,599.8,143,0,Tuesday,3,2022
2022-03-09,P001,Wireless Mouse,Electronics,13,29.99,389.87,146,0,Wednesday,3,2022
2022-03-10,P001,Wireless Mouse,Electronics,18,29.99,539.82,142,0,Thursday,3,2022
2022-03-11,P001,Wireless Mouse,Electronics,17,29.99,509.83,116,0,Friday,3,2022
2022-03-12,P001,Wireless Mouse,Electronics,17,29.99,509.83,150,0,Saturday,3,2022
2022-03-13,P001,Wireless Mouse,Electronics,19,29.99,569.81,117,0,Sunday,3,2022
2022-03-14,P001,Wireless Mouse,Electronics,16,29.99,479.84,151,0,Monday,3,2022
2022-03-15,P001,Wireless Mouse,Electronics,18,29.99,539.82,137,0,Tuesday,3,2022
2022-03-16,P001,Wireless Mouse,Electronics,13,29.99,389.87,141,0,Wednesday,3,2022
2022-03-17,P001,Wireless Mouse,Electronics,17,29.99,509.83,118,0,Thursday,3,2022
2022-03-18,P001,Wireless Mouse,Electronics,24,23.99,575.81,130,1,Friday,3,2022
2022-03-19,P001,Wireless Mouse,Electronics,17,29.99,509.83,135,0,Saturday,3,2022
2022-03-20,P001,Wireless Mouse,Electronics,19,29.99,569.81,117,0,Sunday,3,2022
