data/sales_data.csv
date,product_id,product_name,category,quantity_sold,unit_price,revenue,stock_level,promotion,day_of_week,month,year
2022-03-21,P001,Wireless Mouse,Electronics,16,29.99,479.84,125,0,Monday,3,2022
2022-03-22,P001,Wireless Mouse,Electronics,16,29.99,479.84,149,0,Tuesday,3,2022
2022-03-23,P001,Wireless Mouse,Electronics,14,29.99,419.86,146,0,Wednesday,3,2022
2022-03-24,P001,Wireless Mouse,Electronics,15,29.99,449.85,152,0,Thursday,3,2022
2022-03-25,P001,Wireless Mouse,Electronics,15,29.99,449.85,152,0,Friday,3,2022
2022-03-26,P001,Wireless Mouse,Electronics,15,29.99,449.85,149,0,Saturday,3,2022
2022-03-27,P001,Wireless Mouse,Electronics,22,29.99,659.78,124,0,Sunday,3,2022
2022-03-28,P001,Wireless Mouse,Electronics,12,29.99,359.88,150,0,Monday,3,2022
2022-03-29,P001,Wireless Mouse,Electronics,14,29.99,419.86,129,0,Tuesday,3,2022
2022-03-30,P001,Wireless Mouse,Electronics,15,29.99,449.85,146,0,Wednesday,3,2022
2022-03-31,P001,Wireless Mouse,Electronics,13,29.99,389.87,127,0,Thursday,3,2022
2022-04-01,P001,Wireless Mouse,Electronics,15,29.99,449.85,151,0,Friday,4,2022
2022-04-02,P001,Wireless Mouse,Electronics,20,29.99,599.8,115,0,Saturday,4,2022
2022-04-03,P001,Wireless Mouse,Electronics,20,29.99,599.8,120,0,Sunday,4,2022
2022-04-04,P001,Wireless Mouse,Electronics,13,29.99,389.87,122,0,Monday,4,2022
2022-04-05,P001,Wireless Mouse,Electronics,19,29.99,569.81,138,0,Tuesday,4,2022
2022-04-06,P001,Wireless Mouse,Electronics,15,29.99,449.85,130,0,Wednesday,4,2022
2022-04-07,P001,Wireless Mouse,Electronics,18,29.99,539.82,132,0,Thursday,4,2022
2022-04-08,P001,Wireless Mouse,Electronics,15,29.99,449.85,150,0,Friday,4,2022
2022-04-09,P001,Wireless Mouse,Electronics,22,29.99,659.78,119,0,Saturday,4,2022
2022-04-10,P001,Wireless Mouse,Electronics,17,29.99,509.83,119,0,Sunday,4,2022
2022-04-11,P001,Wireless Mouse,Electronics,13,29.99,389.87,143,0,Monday,4,2022
2022-04-12,P001,Wireless Mouse,Electronics,11,29.99,329.89,141,0,Tuesday,4,2022
2022-04-13,P001,Wireless Mouse,Electronics,14,29.99,419.86,135,0,Wednesday,4,2022
2022-04-14,P001,Wireless Mouse,Electronics,18,29.99,539.82,128,0,Thursday,4,2022
2022-04-15,P001,Wireless Mouse,Electronics,14,29.99,419.86,150,0,Friday,4,2022
2022-04-16,P001,Wireless Mouse,Electronics,18,29.99,539.82,124,0,Saturday,4,2022
2022-04-17,P001,Wireless Mouse,Electronics,28,23.99,671.78,107,1,Sunday,4,2022
2022-04-18,P001,Wireless Mouse,Electronics,13,29.99,389.87,138,0,Monday,4,2022
2022-04-19,P001,Wireless Mouse,Electronics,16,29.99,479.84,146,0,Tuesday,4,2022
2022-04-20,P001,Wireless Mouse,Electronics,15,29.99,449.85,150,0,Wednesday,4,2022
2022-04-21,P001,Wireless Mouse,Electronics,17,29.99,509.83,152,0,Thursday,4,2022
2022-04-22,P001,Wireless Mouse,Electronics,12,29.99,359.88,146,0,Friday,4,2022
2022-04-23,P001,Wireless Mouse,Electronics,22,29.99,659.78,109,0,Saturday,4,2022
2022-04-24,P001,Wireless Mouse,Electronics,17,29.99,509.83,119,0,Sunday,4,2022
2022-04-25,P001,Wireless Mouse,Electronics,19,23.99,455.85,119,1,Monday,4,2022
2022-04-26,P001,Wireless Mouse,Electronics,16,29.99,479.84,129,0,Tuesday,4,2022
2022-04-27,P001,Wireless Mouse,Electronics,10,29.99,299.9,150,0,Wednesday,4,2022
2022-04-28,P001,Wireless Mouse,Electronics,23,23.99,551.82,123,1,Thursday,4,2022
2022-04-29,P001,Wireless Mouse,Electronics,22,23.99,527.82,121,1,Friday,4,2022
2022-04-30,P001,Wireless Mouse,Electronics,23,29.99,689.77,138,0,Saturday,4,2022
2022-05-01,P001,Wireless Mouse,Electronics,17,29.99,509.83,151,0,Sunday,5,2022
2022-05-02,P001,Wireless Mouse,Electronics,22,23.99,527.82,127,1,Monday,5,2022
2022-05-03,P001,Wireless Mouse,Electronics,23,23.99,551.82,112,1,Tuesday,5,2022
2022-05-04,P001,Wireless Mouse,Electronics,15,29.99,449.85,139,0,Wednesday,5,2022
2022-05-05,P001,Wireless Mouse,Electronics,18,29.99,539.82,120,0,Thursday,5,2022
2022-05-06,P001,Wireless Mouse,Electronics,18,29.99,539.82,146,0,Friday,5,2022
2022-05-07,P001,Wireless Mouse,Electronics,19,29.99,569.81,140,0,Saturday,5,2022
2022-05-08,P001,Wireless Mouse,Electronics,19,29.99,569.81,147,0,Sunday,5,2022
2022-05-09,P001,Wireless Mouse,Electronics,13,29.99,389.87,117,0,Monday,5,2022
2022-05-10,P001,Wireless Mouse,Electronics,14,29.99,419.86,139,0,Tuesday,5,2022
2022-05-11,P001,Wireless Mouse,Electronics,19,29.99,569.81,117,0,Wednesday,5,2022
2022-05-12,P001,Wireless Mouse,Electronics,28,23.99,671.78,120,1,Thursday,5,2022
2022-05-13,P001,Wireless Mouse,Electronics,15,29.99,449.85,129,0,Friday,5,2022
2022-05-14,P001,Wireless Mouse,Electronics,20,29.99,599.8,127,0,Saturday,5,2022
2022-05-15,P001,Wireless Mouse,Electronics,23,29.99,689.77,126,0,Sunday,5,2022
2022-05-16,P001,Wireless Mouse,Electronics,16,23.99,383.87,139,1,Monday,5,2022
2022-05-17,P001,Wireless Mouse,Electronics,15,29.99,449.85,147,0,Tuesday,5,2022
2022-05-18,P001,Wireless Mouse,Electronics,24,23.99,575.81,125,1,Wednesday,5,2022
2022-05-19,P001,Wireless Mouse,Electronics,17,29.99,509.83,138,0,Thursday,5,2022
2022-05-20,P001,Wireless Mouse,Electronics,17,29.99,509.83,115,0,Friday,5,2022
2022-05-21,P001,Wireless Mouse,Electronics,22,29.99,659.78,131,0,Saturday,5,2022
2022-05-22,P001,Wireless Mouse,Electronics,20,29.99,599.8,144,0,Sunday,5,2022
2022-05-23,P001,Wireless Mouse,Electronics,8,29.99,239.92,141,0,Monday,5,2022
2022-05-24,P001,Wireless Mouse,Electronics,14,29.99,419.86,125,0,Tuesday,5,2022
2022-05-25,P001,Wireless Mouse,Electronics,13,29.99,389.87,142,0,Wednesday,5,2022
2022-05-26,P001,Wireless Mouse,Electronics,18,29.99,539.82,118,0,Thursday,5,2022
2022-05-27,P001,Wireless Mouse,Electronics,18,29.99,539.82,121,0,Friday,5,2022
2022-05-28,P001,Wireless Mouse,Electronics,20,29.99,599.8,141,0,Saturday,5,2022
2022-05-29,P001,Wireless Mouse,Electronics,31,23.99,743.75,137,1,Sunday,5,2022
2022-05-30,P001,Wireless Mouse,Electronics,15,29.99,449.85,119,0,Monday,5,2022
2022-05-31,P001,Wireless Mouse,Electronics,16,29.99,479.84,115,0,Tuesday,5,2022
2022-06-01,P001,Wireless Mouse,Electronics,13,29.99,389.87,146,0,Wednesday,6,2022
2022-06-02,P001,Wireless Mouse,Electronics,13,29.99,389.87,134,0,Thursday,6,2022
2022-06-03,P001,Wireless Mouse,Electronics,18,29.99,539.82,144,0,Friday,6,2022
2022-06-04,P001,Wireless Mouse,Electronics,23,29.99,689.77,112,0,Saturday,6,2022
2022-06-05,P001,Wireless Mouse,Electronics,18,29.99,539.82,144,0,Sunday,6,2022
2022-06-06,P001,Wireless Mouse,Electronics,10,29.99,299.9,158,0,Monday,6,2022
2022-06-07,P001,Wireless Mouse,Electronics,16,29.99,479.84,145,0,Tuesday,6,2022
2022-06-08,P001,Wireless Mouse,Electronics,19,29.99,569.81,143,0,Wednesday,6,2022
2022-06-09,P001,Wireless Mouse,Electronics,15,29.99,449.85,131,0,Thursday,6,2022
2022-06-10,P001,Wireless Mouse,Electronics,23,23.99,551.82,138,1,Friday,6,2022
2021-01-01,P002,USB-C Cable,Electronics,59,10.39,613.13,206,1,Friday,1,2021
2021-01-02,P002,USB-C Cable,Electronics,50,12.99,649.5,219,0,Saturday,1,2021
2021-01-03,P002,USB-C Cable,Electronics,44,12.99,571.56,197,0,Sunday,1,2021
2021-01-04,P002,USB-C Cable,Electronics,19,12.99,246.81,217,0,Monday,1,2021
2021-01-05,P002,USB-C Cable,Electronics,30,12.99,389.7,201,0,Tuesday,1,2021
2021-01-06,P002,USB-C Cable,Electronics,42,10.39,436.46,206,1,Wednesday,1,2021
2021-01-07,P002,USB-C Cable,Electronics,26,12.99,337.74,211,0,Thursday,1,2021
2021-01-08,P002,USB-C Cable,Electronics,24,12.99,311.76,226,0,Friday,1,2021
2021-01-09,P002,USB-C Cable,Electronics,28,12.99,363.72,228,0,Saturday,1,2021
2021-01-10,P002,USB-C Cable,Electronics,34,12.99,441.66,200,0,Sunday,1,2021
2021-01-11,P002,USB-C Cable,Electronics,20,12.99,259.8,225,0,Monday,1,2021
2021-01-12,P002,USB-C Cable,Electronics,28,12.99,363.72,234,0,Tuesday,1,2021
2021-01-13,P002,USB-C Cable,Electronics,27,12.99,350.73,241,0,Wednesday,1,2021
2021-01-14,P002,USB-C Cable,Electronics,27,12.99,350.73,219,0,Thursday,1,2021
2021-01-15,P002,USB-C Cable,Electronics,22,12.99,285.78,235,0,Friday,1,2021
2021-01-16,P002,USB-C Cable,Electronics,30,12.99,389.7,207,0,Saturday,1,2021
2021-01-17,P002,USB-C Cable,Electronics,28,12.99,363.72,239,0,Sunday,1,2021
2021-01-18,P002,USB-C Cable,Electronics,25,12.99,324.75,238,0,Monday,1,2021
2021-01-19,P002,USB-C Cable,Electronics,22,12.99,285.78,232,0,Tuesday,1,2021
2021-01-20,P002,USB-C Cable,Electronics,31,12.99,402.69,212,0,Wednesday,1,2021
2021-01-21,P002,USB-C Cable,Electronics,33,12.99,428.67,222,0,Thursday,1,2021
2021-01-22,P002,USB-C Cable,Electronics,27,12.99,350.73,206,0,Friday,1,2021
2021-01-23,P002,USB-C Cable,Electronics,33,12.99,428.67,197,0,Saturday,1,2021
2021-01-24,P002,USB-C Cable,Electronics,24,12.99,311.76,245,0,Sunday,1,2021
2021-01-25,P002,USB-C Cable,Electronics,31,12.99,402.69,202,0,Monday,1,2021
2021-01-26,P002,USB-C Cable,Electronics,23,12.99,298.77,229,0,Tuesday,1,2021
2021-01-27,P002,USB-C Cable,Electronics,27,12.99,350.73,222,0,Wednesday,1,2021
2021-01-28,P002,USB-C Cable,Electronics,32,12.99,415.68,229,0,Thursday,1,2021
2021-01-29,P002,USB-C Cable,Electronics,29,12.99,376.71,220,0,Friday,1,2021
2021-01-30,P002,USB-C Cable,Electronics,40,12.99,519.6,223,0,Saturday,1,2021
2021-01-31,P002,USB-C Cable,Electronics,24,12.99,311.76,229,0,Sunday,1,2021
2021-02-01,P002,USB-C Cable,Electronics,20,12.99,259.8,221,0,Monday,2,2021
2021-02-02,P002,USB-C Cable,Electronics,41,10.39,426.07,227,1,Tuesday,2,2021
2021-02-03,P002,USB-C Cable,Electronics,40,10.39,415.68,209,1,Wednesday,2,2021
2021-02-04,P002,USB-C Cable,Electronics,36,10.39,374.11,196,1,Thursday,2,2021
2021-02-05,P002,USB-C Cable,Electronics,26,12.99,337.74,214,0,Friday,2,2021
2021-02-06,P002,USB-C Cable,Electronics,37,12.99,480.63,199,0,Saturday,2,2021
2021-02-07,P002,USB-C Cable,Electronics,34,12.99,441.66,224,0,Sunday,2,2021
2021-02-08,P002,USB-C Cable,Electronics,13,12.99,168.87,245,0,Monday,2,2021
2021-02-09,P002,USB-C Cable,Electronics,42,10.39,436.46,207,1,Tuesday,2,2021
2021-02-10,P002,USB-C Cable,Electronics,33,10.39,342.94,198,1,Wednesday,2,2021
2021-02-11,P002,USB-C Cable,Electronics,41,10.39,426.07,202,1,Thursday,2,2021
2021-02-12,P002,USB-C Cable,Electronics,20,12.99,259.8,241,0,Friday,2,2021
2021-02-13,P002,USB-C Cable,Electronics,26,12.99,337.74,228,0,Saturday,2,2021
2021-02-14,P002,USB-C Cable,Electronics,31,12.99,402.69,204,0,Sunday,2,2021
2021-02-15,P002,USB-C Cable,Electronics,22,12.99,285.78,208,0,Monday,2,2021
2021-02-16,P002,USB-C Cable,Electronics,26,12.99,337.74,207,0,Tuesday,2,2021
2021-02-17,P002,USB-C Cable,Electronics,29,12.99,376.71,229,0,Wednesday,2,2021
2021-02-18,P002,USB-C Cable,Electronics,29,12.99,376.71,202,0,Thursday,2,2021
2021-02-19,P002,USB-C Cable,Electronics,27,12.99,350.73,221,0,Friday,2,2021
2021-02-20,P002,USB-C Cable,Electronics,26,12.99,337.74,214,0,Saturday,2,2021
2021-02-21,P002,USB-C Cable,Electronics,38,12.99,493.62,199,0,Sunday,2,2021
2021-02-22,P002,USB-C Cable,Electronics,33,10.39,342.94,219,1,Monday,2,2021
2021-02-23,P002,USB-C Cable,Electronics,37,10.39,384.5,194,1,Tuesday,2,2021
2021-02-24,P002,USB-C Cable,Electronics,35,10.39,363.72,196,1,Wednesday,2,2021
2021-02-25,P002,USB-C Cable,Electronics,34,10.39,353.33,222,1,Thursday,2,2021
2021-02-26,P002,USB-C Cable,Electronics,24,12.99,311.76,222,0,Friday,2,2021
2021-02-27,P002,USB-C Cable,Electronics,38,12.99,493.62,206,0,Saturday,2,2021
2021-02-28,P002,USB-C Cable,Electronics,26,12.99,337.74,235,0,Sunday,2,2021
2021-03-01,P002,USB-C Cable,Electronics,34,10.39,353.33,224,1,Monday,3,2021
2021-03-02,P002,USB-C Cable,Electronics,27,12.99,350.73,204,0,Tuesday,3,2021
2021-03-03,P002,USB-C Cable,Electronics,26,12.99,337.74,207,0,Wednesday,3,2021
2021-03-04,P002,USB-C Cable,Electronics,20,12.99,259.8,222,0,Thursday,3,2021
2021-03-05,P002,USB-C Cable,Electronics,37,10.39,384.5,220,1,Friday,3,2021
2021-03-06,P002,USB-C Cable,Electronics,35,12.99,454.65,219,0,Saturday,3,2021
2021-03-07,P002,USB-C Cable,Electronics,28,12.99,363.72,233,0,Sunday,3,2021
2021-03-08,P002,USB-C Cable,Electronics,20,12.99,259.8,237,0,Monday,3,2021
2021-03-09,P002,USB-C Cable,Electronics,27,12.99,350.73,236,0,Tuesday,3,2021
2021-03-10,P002,USB-C Cable,Electronics,26,12.99,337.74,236,0,Wednesday,3,2021
2021-03-11,P002,USB-C Cable,Electronics,27,12.99,350.73,237,0,Thursday,3,2021
2021-03-12,P002,USB-C Cable,Electronics,24,12.99,311.76,208,0,Friday,3,2021
2021-03-13,P002,USB-C Cable,Electronics,30,12.99,389.7,204,0,Saturday,3,2021
2021-03-14,P002,USB-C Cable,Electronics,30,12.99,389.7,205,0,Sunday,3,2021
2021-03-15,P002,USB-C Cable,Electronics,13,12.99,168.87,227,0,Monday,3,2021
2021-03-16,P002,USB-C Cable,Electronics,27,12.99,350.73,213,0,Tuesday,3,2021
2021-03-17,P002,USB-C Cable,Electronics,46,10.39,478.03,221,1,Wednesday,3,2021
2021-03-18,P002,USB-C Cable,Electronics,26,12.99,337.74,234,0,Thursday,3,2021
2021-03-19,P002,USB-C Cable,Electronics,20,12.99,259.8,246,0,Friday,3,2021
2021-03-20,P002,USB-C Cable,Electronics,33,12.99,428.67,215,0,Saturday,3,2021
2021-03-21,P002,USB-C Cable,Electronics,31,12.99,402.69,233,0,Sunday,3,2021
2021-03-22,P002,USB-C Cable,Electronics,20,12.99,259.8,246,0,Monday,3,2021
2021-03-23,P002,USB-C Cable,Electronics,22,12.99,285.78,246,0,Tuesday,3,2021
2021-03-24,P002,USB-C Cable,Electronics,23,12.99,298.77,237,0,Wednesday,3,2021
2021-03-25,P002,USB-C Cable,Electronics,29,12.99,376.71,212,0,Thursday,3,2021
2021-03-26,P002,USB-C Cable,Electronics,21,12.99,272.79,226,0,Friday,3,2021
2021-03-27,P002,USB-C Cable,Electronics,33,12.99,428.67,234,0,Saturday,3,2021
2021-03-28,P002,USB-C Cable,Electronics,33,12.99,428.67,229,0,Sunday,3,2021
2021-03-29,P002,USB-C Cable,Electronics,26,12.99,337.74,204,0,Monday,3,2021
2021-03-30,P002,USB-C Cable,Electronics,26,12.99,337.74,209,0,Tuesday,3,2021
2021-03-31,P002,USB-C Cable,Electronics,30,12.99,389.7,221,0,Wednesday,3,2021
2021-04-01,P002,USB-C Cable,Electronics,26,12.99,337.74,217,0,Thursday,4,2021
2021-04-02,P002,USB-C Cable,Electronics,24,12.99,311.76,234,0,Friday,4,2021
2021-04-03,P002,USB-C Cable,Electronics,32,12.99,415.68,225,0,Saturday,4,2021
2021-04-04,P002,USB-C Cable,Electronics,33,12.99,428.67,233,0,Sunday,4,2021
2021-04-05,P002,USB-C Cable,Electronics,38,10.39,394.9,226,1,Monday,4,2021
2021-04-06,P002,USB-C Cable,Electronics,26,12.99,337.74,236,0,Tuesday,4,2021
2021-04-07,P002,USB-C Cable,Electronics,24,12.99,311.76,211,0,Wednesday,4,2021
2021-04-08,P002,USB-C Cable,Electronics,21,12.99,272.79,214,0,Thursday,4,2021
2021-04-09,P002,USB-C Cable,Electronics,25,12.99,324.75,225,0,Friday,4,2021
2021-04-10,P002,USB-C Cable,Electronics,32,12.99,415.68,210,0,Saturday,4,2021
2021-04-11,P002,USB-C Cable,Electronics,32,12.99,415.68,221,0,Sunday,4,2021
2021-04-12,P002,USB-C Cable,Electronics,20,12.99,259.8,244,0,Monday,4,2021
2021-04-13,P002,USB-C Cable,Electronics,23,12.99,298.77,242,0,Tuesday,4,2021
2021-04-14,P002,USB-C Cable,Electronics,27,12.99,350.73,205,0,Wednesday,4,2021
2021-04-15,P002,USB-C Cable,Electronics,25,12.99,324.75,232,0,Thursday,4,2021
2021-04-16,P002,USB-C Cable,Electronics,28,12.99,363.72,218,0,Friday,4,2021
2021-04-17,P002,USB-C Cable,Electronics,36,12.99,467.64,219,0,Saturday,4,2021
2021-04-18,P002,USB-C Cable,Electronics,23,12.99,298.77,228,0,Sunday,4,2021
2021-04-19,P002,USB-C Cable,Electronics,26,12.99,337.74,208,0,Monday,4,2021
2021-04-20,P002,USB-C Cable,Electronics,29,12.99,376.71,211,0,Tuesday,4,2021
2021-04-21,P002,USB-C Cable,Electronics,27,12.99,350.73,228,0,Wednesday,4,2021
2021-04-22,P002,USB-C Cable,Electronics,18,12.99,233.82,241,0,Thursday,4,2021
2021-04-23,P002,USB-C Cable,Electronics,22,12.99,285.78,230,0,Friday,4,2021
2021-04-24,P002,USB-C Cable,Electronics,34,12.99,441.66,222,0,Saturday,4,2021
2021-04-25,P002,USB-C Cable,Electronics,34,12.99,441.66,225,0,Sunday,4,2021
2021-04-26,P002,USB-C Cable,Electronics,27,12.99,350.73,219,0,Monday,4,2021
2021-04-27,P002,USB-C Cable,Electronics,24,12.99,311.76,214,0,Tuesday,4,2021
2021-04-28,P002,USB-C Cable,Electronics,22,12.99,285.78,242,0,Wednesday,4,2021
2021-04-29,P002,USB-C Cable,Electronics,24,12.99,311.76,238,0,Thursday,4,2021
2021-04-30,P002,USB-C Cable,Electronics,21,12.99,272.79,210,0,Friday,4,2021
2021-05-01,P002,USB-C Cable,Electronics,33,12.99,428.67,234,0,Saturday,5,2021
2021-05-02,P002,USB-C Cable,Electronics,25,12.99,324.75,230,0,Sunday,5,2021
2021-05-03,P002,USB-C Cable,Electronics,19,12.99,246.81,245,0,Monday,5,2021
2021-05-04,P002,USB-C Cable,Electronics,24,12.99,311.76,244,0,Tuesday,5,2021
2021-05-05,P002,USB-C Cable,Electronics,29,12.99,376.71,232,0,Wednesday,5,2021
2021-05-06,P002,USB-C Cable,Electronics,33,12.99,428.67,226,0,Thursday,5,2021
2021-05-07,P002,USB-C Cable,Electronics,31,10.39,322.15,215,1,Friday,5,2021
2021-05-08,P002,USB-C Cable,Electronics,34,12.99,441.66,227,0,Saturday,5,2021
2021-05-09,P002,USB-C Cable,Electronics,37,12.99,480.63,224,0,Sunday,5,2021
2021-05-10,P002,USB-C Cable,Electronics,25,12.99,324.75,232,0,Monday,5,2021
2021-05-11,P002,USB-C Cable,Electronics,32,12.99,415.68,211,0,Tuesday,5,2021
2021-05-12,P002,USB-C Cable,Electronics,31,12.99,402.69,212,0,Wednesday,5,2021
2021-05-13,P002,USB-C Cable,Electronics,36,12.99,467.64,224,0,Thursday,5,2021
2021-05-14,P002,USB-C Cable,Electronics,22,12.99,285.78,211,0,Friday,5,2021
2021-05-15,P002,USB-C Cable,Electronics,27,12.99,350.73,210,0,Saturday,5,2021
2021-05-16,P002,USB-C Cable,Electronics,29,12.99,376.71,236,0,Sunday,5,2021
2021-05-17,P002,USB-C Cable,Electronics,20,12.99,259.8,235,0,Monday,5,2021
2021-05-18,P002,USB-C Cable,Electronics,27,12.99,350.73,209,0,Tuesday,5,2021
2021-05-19,P002,USB-C Cable,Electronics,27,12.99,350.73,220,0,Wednesday,5,2021
2021-05-20,P002,USB-C Cable,Electronics,42,10.39,436.46,200,1,Thursday,5,2021
2021-05-21,P002,USB-C Cable,Electronics,22,12.99,285.78,235,0,Friday,5,2021
2021-05-22,P002,USB-C Cable,Electronics,29,12.99,376.71,224,0,Saturday,5,2021
2021-05-23,P002,USB-C Cable,Electronics,26,12.99,337.74,226,0,Sunday,5,2021
2021-05-24,P002,USB-C Cable,Electronics,22,12.99,285.78,245,0,Monday,5,2021
2021-05-25,P002,USB-C Cable,Electronics,22,12.99,285.78,225,0,Tuesday,5,2021
2021-05-26,P002,USB-C Cable,Electronics,41,10.39,426.07,214,1,Wednesday,5,2021
