data/sales_data.csv
date,product_id,product_name,category,quantity_sold,unit_price,revenue,stock_level,promotion,day_of_week,month,year
2021-05-27,P002,USB-C Cable,Electronics,23,12.99,298.77,244,0,Thursday,5,2021
2021-05-28,P002,USB-C Cable,Electronics,23,12.99,298.77,214,0,Friday,5,2021
2021-05-29,P002,USB-C Cable,Electronics,37,12.99,480.63,216,0,Saturday,5,2021
2021-05-30,P002,USB-C Cable,Electronics,29,12.99,376.71,221,0,Sunday,5,2021
2021-05-31,P002,USB-C Cable,Electronics,22,12.99,285.78,243,0,Monday,5,2021
2021-06-01,P002,USB-C Cable,Electronics,24,12.99,311.76,229,0,Tuesday,6,2021
2021-06-02,P002,USB-C Cable,Electronics,24,12.99,311.76,206,0,Wednesday,6,2021
2021-06-03,P002,USB-C Cable,Electronics,23,12.99,298.77,213,0,Thursday,6,2021
2021-06-04,P002,USB-C Cable,Electronics,20,12.99,259.8,241,0,Friday,6,2021
2021-06-05,P002,USB-C Cable,Electronics,39,12.99,506.61,208,0,Saturday,6,2021
2021-06-06,P002,USB-C Cable,Electronics,32,12.99,415.68,216,0,Sunday,6,2021
2021-06-07,P002,USB-C Cable,Electronics,21,12.99,272.79,234,0,Monday,6,2021
2021-06-08,P002,USB-C Cable,Electronics,25,12.99,324.75,240,0,Tuesday,6,2021
2021-06-09,P002,USB-C Cable,Electronics,26,12.99,337.74,213,0,Wednesday,6,2021
2021-06-10,P002,USB-C Cable,Electronics,27,12.99,350.73,222,0,Thursday,6,2021
2021-06-11,P002,USB-C Cable,Electronics,28,12.99,363.72,219,0,Friday,6,2021
2021-06-12,P002,USB-C Cable,Electronics,35,12.99,454.65,205,0,Saturday,6,2021
2021-06-13,P002,USB-C Cable,Electronics,34,12.99,441.66,221,0,Sunday,6,2021
2021-06-14,P002,USB-C Cable,Electronics,35,10.39,363.72,227,1,Monday,6,2021
2021-06-15,P002,USB-C Cable,Electronics,26,12.99,337.74,212,0,Tuesday,6,2021
2021-06-16,P002,USB-C Cable,Electronics,24,12.99,311.76,239,0,Wednesday,6,2021
2021-06-17,P002,USB-C Cable,Electronics,21,12.99,272.79,215,0,Thursday,6,2021
2021-06-18,P002,USB-C Cable,Electronics,33,12.99,428.67,206,0,Friday,6,2021
2021-06-19,P002,USB-C Cable,Electronics,32,12.99,415.68,210,0,Saturday,6,2021
2021-06-20,P002,USB-C Cable,Electronics,49,10.39,509.21,212,1,Sunday,6,2021
2021-06-21,P002,USB-C Cable,Electronics,18,12.99,233.82,219,0,Monday,6,2021
2021-06-22,P002,USB-C Cable,Electronics,31,12.99,402.69,237,0,Tuesday,6,2021
2021-06-23,P002,USB-C Cable,Electronics,21,12.99,272.79,232,0,Wednesday,6,2021
2021-06-24,P002,USB-C Cable,Electronics,24,12.99,311.76,218,0,Thursday,6,2021
2021-06-25,P002,USB-C Cable,Electronics,19,12.99,246.81,237,0,Friday,6,2021
2021-06-26,P002,USB-C Cable,Electronics,34,12.99,441.66,202,0,Saturday,6,2021
2021-06-27,P002,USB-C Cable,Electronics,35,12.99,454.65,219,0,Sunday,6,2021
2021-06-28,P002,USB-C Cable,Electronics,23,12.99,298.77,244,0,Monday,6,2021
2021-06-29,P002,USB-C Cable,Electronics,26,12.99,337.74,236,0,Tuesday,6,2021
2021-06-30,P002,USB-C Cable,Electronics,25,12.99,324.75,207,0,Wednesday,6,2021
2021-07-01,P002,USB-C Cable,Electronics,28,12.99,363.72,237,0,Thursday,7,2021
2021-07-02,P002,USB-C Cable,Electronics,21,12.99,272.79,239,0,Friday,7,2021
2021-07-03,P002,USB-C Cable,Electronics,36,12.99,467.64,199,0,Saturday,7,2021
2021-07-04,P002,USB-C Cable,Electronics,31,12.99,402.69,228,0,Sunday,7,2021
2021-07-05,P002,USB-C Cable,Electronics,25,12.99,324.75,206,0,Monday,7,2021
2021-07-06,P002,USB-C Cable,Electronics,32,12.99,415.68,213,0,Tuesday,7,2021
2021-07-07,P002,USB-C Cable,Electronics,24,12.99,311.76,217,0,Wednesday,7,2021
2021-07-08,P002,USB-C Cable,Electronics,27,12.99,350.73,239,0,Thursday,7,2021
2021-07-09,P002,USB-C Cable,Electronics,43,10.39,446.86,226,1,Friday,7,2021
2021-07-10,P002,USB-C Cable,Electronics,32,12.99,415.68,200,0,Saturday,7,2021
2021-07-11,P002,USB-C Cable,Electronics,28,12.99,363.72,214,0,Sunday,7,2021
2021-07-12,P002,USB-C Cable,Electronics,20,12.99,259.8,227,0,Monday,7,2021
2021-07-13,P002,USB-C Cable,Electronics,23,12.99,298.77,226,0,Tuesday,7,2021
2021-07-14,P002,USB-C Cable,Electronics,29,12.99,376.71,209,0,Wednesday,7,2021
2021-07-15,P002,USB-C Cable,Electronics,24,12.99,311.76,240,0,Thursday,7,2021
2021-07-16,P002,USB-C Cable,Electronics,31,12.99,402.69,210,0,Friday,7,2021
2021-07-17,P002,USB-C Cable,Electronics,36,12.99,467.64,221,0,Saturday,7,2021
2021-07-18,P002,USB-C Cable,Electronics,31,12.99,402.69,209,0,Sunday,7,2021
2021-07-19,P002,USB-C Cable,Electronics,22,12.99,285.78,209,0,Monday,7,2021
2021-07-20,P002,USB-C Cable,Electronics,27,12.99,350.73,205,0,Tuesday,7,2021
2021-07-21,P002,USB-C Cable,Electronics,31,12.99,402.69,206,0,Wednesday,7,2021
2021-07-22,P002,USB-C Cable,Electronics,24,12.99,311.76,239,0,Thursday,7,2021
2021-07-23,P002,USB-C Cable,Electronics,28,12.99,363.72,240,0,Friday,7,2021
2021-07-24,P002,USB-C Cable,Electronics,29,12.99,376.71,215,0,Saturday,7,2021
2021-07-25,P002,USB-C Cable,Electronics,31,12.99,402.69,232,0,Sunday,7,2021
2021-07-26,P002,USB-C Cable,Electronics,15,12.99,194.85,232,0,Monday,7,2021
2021-07-27,P002,USB-C Cable,Electronics,26,12.99,337.74,242,0,Tuesday,7,2021
2021-07-28,P002,USB-C Cable,Electronics,21,12.99,272.79,245,0,Wednesday,7,2021
2021-07-29,P002,USB-C Cable,Electronics,27,12.99,350.73,229,0,Thursday,7,2021
2021-07-30,P002,USB-C Cable,Electronics,28,12.99,363.72,225,0,Friday,7,2021
2021-07-31,P002,USB-C Cable,Electronics,30,12.99,389.7,206,0,Saturday,7,2021
2021-08-01,P002,USB-C Cable,Electronics,36,12.99,467.64,219,0,Sunday,8,2021
2021-08-02,P002,USB-C Cable,Electronics,21,12.99,272.79,227,0,Monday,8,2021
2021-08-03,P002,USB-C Cable,Electronics,28,12.99,363.72,234,0,Tuesday,8,2021
2021-08-04,P002,USB-C Cable,Electronics,27,12.99,350.73,223,0,Wednesday,8,2021
2021-08-05,P002,USB-C Cable,Electronics,29,12.99,376.71,217,0,Thursday,8,2021
2021-08-06,P002,USB-C Cable,Electronics,26,12.99,337.74,216,0,Friday,8,2021
2021-08-07,P002,USB-C Cable,Electronics,36,12.99,467.64,225,0,Saturday,8,2021
2021-08-08,P002,USB-C Cable,Electronics,32,12.99,415.68,200,0,Sunday,8,2021
2021-08-09,P002,USB-C Cable,Electronics,25,12.99,324.75,223,0,Monday,8,2021
2021-08-10,P002,USB-C Cable,Electronics,20,12.99,259.8,221,0,Tuesday,8,2021
2021-08-11,P002,USB-C Cable,Electronics,24,12.99,311.76,208,0,Wednesday,8,2021
2021-08-12,P002,USB-C Cable,Electronics,25,12.99,324.75,240,0,Thursday,8,2021
2021-08-13,P002,USB-C Cable,Electronics,25,12.99,324.75,230,0,Friday,8,2021
2021-08-14,P002,USB-C Cable,Electronics,49,10.39,509.21,208,1,Saturday,8,2021
2021-08-15,P002,USB-C Cable,Electronics,30,12.99,389.7,217,0,Sunday,8,2021
2021-08-16,P002,USB-C Cable,Electronics,20,12.99,259.8,218,0,Monday,8,2021
2021-08-17,P002,USB-C Cable,Electronics,24,12.99,311.76,230,0,Tuesday,8,2021
2021-08-18,P002,USB-C Cable,Electronics,23,12.99,298.77,242,0,Wednesday,8,2021
2021-08-19,P002,USB-C Cable,Electronics,28,12.99,363.72,216,0,Thursday,8,2021
2021-08-20,P002,USB-C Cable,Electronics,24,12.99,311.76,218,0,Friday,8,2021
2021-08-21,P002,USB-C Cable,Electronics,32,12.99,415.68,217,0,Saturday,8,2021
2021-08-22,P002,USB-C Cable,Electronics,28,12.99,363.72,226,0,Sunday,8,2021
2021-08-23,P002,USB-C Cable,Electronics,19,12.99,246.81,223,0,Monday,8,2021
2021-08-24,P002,USB-C Cable,Electronics,44,10.39,457.25,208,1,Tuesday,8,2021
2021-08-25,P002,USB-C Cable,Electronics,28,12.99,363.72,202,0,Wednesday,8,2021
2021-08-26,P002,USB-C Cable,Electronics,30,12.99,389.7,232,0,Thursday,8,2021
2021-08-27,P002,USB-C Cable,Electronics,28,12.99,363.72,208,0,Friday,8,2021
2021-08-28,P002,USB-C Cable,Electronics,35,12.99,454.65,228,0,Saturday,8,2021
2021-08-29,P002,USB-C Cable,Electronics,39,12.99,506.61,223,0,Sunday,8,2021
2021-08-30,P002,USB-C Cable,Electronics,18,12.99,233.82,244,0,Monday,8,2021
2021-08-31,P002,USB-C Cable,Electronics,27,12.99,350.73,224,0,Tuesday,8,2021
2021-09-01,P002,USB-C Cable,Electronics,29,12.99,376.71,207,0,Wednesday,9,2021
2021-09-02,P002,USB-C Cable,Electronics,30,12.99,389.7,228,0,Thursday,9,2021
2021-09-03,P002,USB-C Cable,Electronics,22,12.99,285.78,239,0,Friday,9,2021
2021-09-04,P002,USB-C Cable,Electronics,33,12.99,428.67,218,0,Saturday,9,2021
2021-09-05,P002,USB-C Cable,Electronics,30,12.99,389.7,220,0,Sunday,9,2021
2021-09-06,P002,USB-C Cable,Electronics,23,12.99,298.77,241,0,Monday,9,2021
2021-09-07,P002,USB-C Cable,Electronics,22,12.99,285.78,238,0,Tuesday,9,2021
2021-09-08,P002,USB-C Cable,Electronics,15,12.99,194.85,252,0,Wednesday,9,2021
2021-09-09,P002,USB-C Cable,Electronics,24,12.99,311.76,245,0,Thursday,9,2021
2021-09-10,P002,USB-C Cable,Electronics,31,12.99,402.69,202,0,Friday,9,2021
2021-09-11,P002,USB-C Cable,Electronics,36,12.99,467.64,195,0,Saturday,9,2021
2021-09-12,P002,USB-C Cable,Electronics,36,12.99,467.64,201,0,Sunday,9,2021
2021-09-13,P002,USB-C Cable,Electronics,26,12.99,337.74,207,0,Monday,9,2021
2021-09-14,P002,USB-C Cable,Electronics,30,12.99,389.7,210,0,Tuesday,9,2021
2021-09-15,P002,USB-C Cable,Electronics,25,12.99,324.75,230,0,Wednesday,9,2021
2021-09-16,P002,USB-C Cable,Electronics,23,12.99,298.77,222,0,Thursday,9,2021
2021-09-17,P002,USB-C Cable,Electronics,21,12.99,272.79,237,0,Friday,9,2021
2021-09-18,P002,USB-C Cable,Electronics,34,12.99,441.66,201,0,Saturday,9,2021
2021-09-19,P002,USB-C Cable,Electronics,28,12.99,363.72,211,0,Sunday,9,2021
2021-09-20,P002,USB-C Cable,Electronics,23,12.99,298.77,228,0,Monday,9,2021
2021-09-21,P002,USB-C Cable,Electronics,30,12.99,389.7,203,0,Tuesday,9,2021
2021-09-22,P002,USB-C Cable,Electronics,20,12.99,259.8,237,0,Wednesday,9,2021
2021-09-23,P002,USB-C Cable,Electronics,27,12.99,350.73,226,0,Thursday,9,2021
2021-09-24,P002,USB-C Cable,Electronics,23,12.99,298.77,242,0,Friday,9,2021
2021-09-25,P002,USB-C Cable,Electronics,33,12.99,428.67,227,0,Saturday,9,2021
2021-09-26,P002,USB-C Cable,Electronics,35,12.99,454.65,223,0,Sunday,9,2021
2021-09-27,P002,USB-C Cable,Electronics,35,10.39,363.72,231,1,Monday,9,2021
2021-09-28,P002,USB-C Cable,Electronics,28,12.99,363.72,208,0,Tuesday,9,2021
2021-09-29,P002,USB-C Cable,Electronics,26,12.99,337.74,214,0,Wednesday,9,2021
2021-09-30,P002,USB-C Cable,Electronics,20,12.99,259.8,247,0,Thursday,9,2021
2021-10-01,P002,USB-C Cable,Electronics,27,12.99,350.73,204,0,Friday,10,2021
2021-10-02,P002,USB-C Cable,Electronics,30,12.99,389.7,221,0,Saturday,10,2021
2021-10-03,P002,USB-C Cable,Electronics,43,10.39,446.86,214,1,Sunday,10,2021
2021-10-04,P002,USB-C Cable,Electronics,19,12.99,246.81,246,0,Monday,10,2021
2021-10-05,P002,USB-C Cable,Electronics,31,12.99,402.69,224,0,Tuesday,10,2021
2021-10-06,P002,USB-C Cable,Electronics,22,12.99,285.78,221,0,Wednesday,10,2021
2021-10-07,P002,USB-C Cable,Electronics,24,12.99,311.76,235,0,Thursday,10,2021
2021-10-08,P002,USB-C Cable,Electronics,23,12.99,298.77,220,0,Friday,10,2021
2021-10-09,P002,USB-C Cable,Electronics,42,12.99,545.58,227,0,Saturday,10,2021
2021-10-10,P002,USB-C Cable,Electronics,33,12.99,428.67,216,0,Sunday,10,2021
2021-10-11,P002,USB-C Cable,Electronics,20,12.99,259.8,245,0,Monday,10,2021
2021-10-12,P002,USB-C Cable,Electronics,28,12.99,363.72,221,0,Tuesday,10,2021
2021-10-13,P002,USB-C Cable,Electronics,31,12.99,402.69,206,0,Wednesday,10,2021
2021-10-14,P002,USB-C Cable,Electronics,26,12.99,337.74,220,0,Thursday,10,2021
2021-10-15,P002,USB-C Cable,Electronics,32,12.99,415.68,220,0,Friday,10,2021
2021-10-16,P002,USB-C Cable,Electronics,34,12.99,441.66,221,0,Saturday,10,2021
2021-10-17,P002,USB-C Cable,Electronics,36,12.99,467.64,210,0,Sunday,10,2021
2021-10-18,P002,USB-C Cable,Electronics,23,12.99,298.77,221,0,Monday,10,2021
2021-10-19,P002,USB-C Cable,Electronics,23,12.99,298.77,234,0,Tuesday,10,2021
2021-10-20,P002,USB-C Cable,Electronics,15,12.99,194.85,230,0,Wednesday,10,2021
2021-10-21,P002,USB-C Cable,Electronics,31,12.99,402.69,211,0,Thursday,10,2021
2021-10-22,P002,USB-C Cable,Electronics,26,12.99,337.74,230,0,Friday,10,2021
2021-10-23,P002,USB-C Cable,Electronics,35,12.99,454.65,205,0,Saturday,10,2021
2021-10-24,P002,USB-C Cable,Electronics,31,12.99,402.69,234,0,Sunday,10,2021
2021-10-25,P002,USB-C Cable,Electronics,20,12.99,259.8,229,0,Monday,10,2021
2021-10-26,P002,USB-C Cable,Electronics,20,12.99,259.8,215,0,Tuesday,10,2021
2021-10-27,P002,USB-C Cable,Electronics,30,12.99,389.7,222,0,Wednesday,10,2021
2021-10-28,P002,USB-C Cable,Electronics,32,12.99,415.68,236,0,Thursday,10,2021
2021-10-29,P002,USB-C Cable,Electronics,25,12.99,324.75,213,0,Friday,10,2021
2021-10-30,P002,USB-C Cable,Electronics,36,12.99,467.64,219,0,Saturday,10,2021
2021-10-31,P002,USB-C Cable,Electronics,29,12.99,376.71,210,0,Sunday,10,2021
2021-11-01,P002,USB-C Cable,Electronics,22,12.99,285.78,239,0,Monday,11,2021
2021-11-02,P002,USB-C Cable,Electronics,28,12.99,363.72,213,0,Tuesday,11,2021
2021-11-03,P002,USB-C Cable,Electronics,23,12.99,298.77,223,0,Wednesday,11,2021
2021-11-04,P002,USB-C Cable,Electronics,24,12.99,311.76,245,0,Thursday,11,2021
2021-11-05,P002,USB-C Cable,Electronics,32,12.99,415.68,209,0,Friday,11,2021
2021-11-06,P002,USB-C Cable,Electronics,38,12.99,493.62,209,0,Saturday,11,2021
2021-11-07,P002,USB-C Cable,Electronics,51,10.39,529.99,192,1,Sunday,11,2021
2021-11-08,P002,USB-C Cable,Electronics,23,12.99,298.77,234,0,Monday,11,2021
2021-11-09,P002,USB-C Cable,Electronics,25,12.99,324.75,221,0,Tuesday,11,2021
2021-11-10,P002,USB-C Cable,Electronics,25,12.99,324.75,234,0,Wednesday,11,2021
2021-11-11,P002,USB-C Cable,Electronics,28,12.99,363.72,227,0,Thursday,11,2021
2021-11-12,P002,USB-C Cable,Electronics,31,12.99,402.69,237,0,Friday,11,2021
2021-11-13,P002,USB-C Cable,Electronics,33,12.99,428.67,213,0,Saturday,11,2021
2021-11-14,P002,USB-C Cable,Electronics,28,12.99,363.72,209,0,Sunday,11,2021
2021-11-15,P002,USB-C Cable,Electronics,24,12.99,311.76,224,0,Monday,11,2021
2021-11-16,P002,USB-C Cable,Electronics,28,12.99,363.72,237,0,Tuesday,11,2021
2021-11-17,P002,USB-C Cable,Electronics,30,12.99,389.7,235,0,Wednesday,11,2021
2021-11-18,P002,USB-C Cable,Electronics,22,12.99,285.78,219,0,Thursday,11,2021
2021-11-19,P002,USB-C Cable,Electronics,27,12.99,350.73,223,0,Friday,11,2021
2021-11-20,P002,USB-C Cable,Electronics,42,12.99,545.58,208,0,Saturday,11,2021
2021-11-21,P002,USB-C Cable,Electronics,31,12.99,402.69,205,0,Sunday,11,2021
2021-11-22,P002,USB-C Cable,Electronics,24,12.99,311.76,228,0,Monday,11,2021
2021-11-23,P002,USB-C Cable,Electronics,21,12.99,272.79,229,0,Tuesday,11,2021
2021-11-24,P002,USB-C Cable,Electronics,70,12.99,909.3,185,0,Wednesday,11,2021
2021-11-25,P002,USB-C Cable,Electronics,115,10.39,1195.08,135,1,Thursday,11,2021
2021-11-26,P002,USB-C Cable,Electronics,66,12.99,857.34,169,0,Friday,11,2021
2021-11-27,P002,USB-C Cable,Electronics,80,12.99,1039.2,167,0,Saturday,11,2021
2021-11-28,P002,USB-C Cable,Electronics,76,12.99,987.24,160,0,Sunday,11,2021
2021-11-29,P002,USB-C Cable,Electronics,51,12.99,662.49,206,0,Monday,11,2021
2021-11-30,P002,USB-C Cable,Electronics,65,12.99,844.35,183,0,Tuesday,11,2021
2021-12-01,P002,USB-C Cable,Electronics,26,12.99,337.74,211,0,Wednesday,12,2021
2021-12-02,P002,USB-C Cable,Electronics,28,12.99,363.72,220,0,Thursday,12,2021
2021-12-03,P002,USB-C Cable,Electronics,28,12.99,363.72,217,0,Friday,12,2021
2021-12-04,P002,USB-C Cable,Electronics,35,12.99,454.65,223,0,Saturday,12,2021
2021-12-05,P002,USB-C Cable,Electronics,31,12.99,402.69,232,0,Sunday,12,2021
2021-12-06,P002,USB-C Cable,Electronics,21,12.99,272.79,233,0,Monday,12,2021
2021-12-07,P002,USB-C Cable,Electronics,26,12.99,337.74,222,0,Tuesday,12,2021
2021-12-08,P002,USB-C Cable,Electronics,22,12.99,285.78,208,0,Wednesday,12,2021
2021-12-09,P002,USB-C Cable,Electronics,23,12.99,298.77,244,0,Thursday,12,2021
2021-12-10,P002,USB-C Cable,Electronics,30,12.99,389.7,231,0,Friday,12,2021
2021-12-11,P002,USB-C Cable,Electronics,39,12.99,506.61,209,0,Saturday,12,2021
2021-12-12,P002,USB-C Cable,Electronics,32,12.99,415.68,199,0,Sunday,12,2021
2021-12-13,P002,USB-C Cable,Electronics,31,10.39,322.15,226,1,Monday,12,2021
2021-12-14,P002,USB-C Cable,Electronics,20,12.99,259.8,213,0,Tuesday,12,2021
2021-12-15,P002,USB-C Cable,Electronics,56,12.99,727.44,202,0,Wednesday,12,2021
2021-12-16,P002,USB-C Cable,Electronics,45,12.99,584.55,217,0,Thursday,12,2021
2021-12-17,P002,USB-C Cable,Electronics,74,10.39,769.01,170,1,Friday,12,2021
2021-12-18,P002,USB-C Cable,Electronics,68,12.99,883.32,171,0,Saturday,12,2021
2021-12-19,P002,USB-C Cable,Electronics,58,12.99,753.42,177,0,Sunday,12,2021
2021-12-20,P002,USB-C Cable,Electronics,37,12.99,480.63,208,0,Monday,12,2021
2021-12-21,P002,USB-C Cable,Electronics,55,12.99,714.45,186,0,Tuesday,12,2021
2021-12-22,P002,USB-C Cable,Electronics,53,12.99,688.47,189,0,Wednesday,12,2021
2021-12-23,P002,USB-C Cable,Electronics,49,12.99,636.51,187,0,Thursday,12,2021
2021-12-24,P002,USB-C Cable,Electronics,50,12.99,649.5,187,0,Friday,12,2021
2021-12-25,P002,USB-C Cable,Electronics,62,12.99,805.38,183,0,Saturday,12,2021
2021-12-26,P002,USB-C Cable,Electronics,61,12.99,792.39,188,0,Sunday,12,2021
2021-12-27,P002,USB-C Cable,Electronics,44,12.99,571.56,203,0,Monday,12,2021
2021-12-28,P002,USB-C Cable,Electronics,52,12.99,675.48,195,0,Tuesday,12,2021
2021-12-29,P002,USB-C Cable,Electronics,48,12.99,623.52,209,0,Wednesday,12,2021
2021-12-30,P002,USB-C Cable,Electronics,54,12.99,701.46,185,0,Thursday,12,2021
2021-12-31,P002,USB-C Cable,Electronics,54,12.99,701.46,190,0,Friday,12,2021
2022-01-01,P002,USB-C Cable,Electronics,52,12.99,675.48,198,0,Saturday,1,2022
2022-01-02,P002,USB-C Cable,Electronics,82,10.39,852.14,171,1,Sunday,1,2022
2022-01-03,P002,USB-C Cable,Electronics,33,12.99,428.67,236,0,Monday,1,2022
2022-01-04,P002,USB-C Cable,Electronics,19,12.99,246.81,239,0,Tuesday,1,2022
2022-01-05,P002,USB-C Cable,Electronics,23,12.99,298.77,231,0,Wednesday,1,2022
2022-01-06,P002,USB-C Cable,Electronics,21,12.99,272.79,237,0,Thursday,1,2022
2022-01-07,P002,USB-C Cable,Electronics,41,10.39,426.07,203,1,Friday,1,2022
2022-01-08,P002,USB-C Cable,Electronics,32,12.99,415.68,217,0,Saturday,1,2022
2022-01-09,P002,USB-C Cable,Electronics,29,12.99,376.71,221,0,Sunday,1,2022
2022-01-10,P002,USB-C Cable,Electronics,25,12.99,324.75,219,0,Monday,1,2022
2022-01-11,P002,USB-C Cable,Electronics,25,12.99,324.75,211,0,Tuesday,1,2022
