data/sales_data.csv
date,product_id,product_name,category,quantity_sold,unit_price,revenue,stock_level,promotion,day_of_week,month,year
2022-01-12,P002,USB-C Cable,Electronics,28,12.99,363.72,205,0,Wednesday,1,2022
2022-01-13,P002,USB-C Cable,Electronics,30,12.99,389.7,231,0,Thursday,1,2022
2022-01-14,P002,USB-C Cable,Electronics,40,10.39,415.68,204,1,Friday,1,2022
2022-01-15,P002,USB-C Cable,Electronics,59,10.39,613.13,202,1,Saturday,1,2022
2022-01-16,P002,USB-C Cable,Electronics,38,12.99,493.62,227,0,Sunday,1,2022
2022-01-17,P002,USB-C Cable,Electronics,33,10.39,342.94,205,1,Monday,1,2022
2022-01-18,P002,USB-C Cable,Electronics,24,12.99,311.76,229,0,Tuesday,1,2022
2022-01-19,P002,USB-C Cable,Electronics,26,12.99,337.74,211,0,Wednesday,1,2022
2022-01-20,P002,USB-C Cable,Electronics,26,12.99,337.74,226,0,Thursday,1,2022
2022-01-21,P002,USB-C Cable,Electronics,31,12.99,402.69,236,0,Friday,1,2022
2022-01-22,P002,USB-C Cable,Electronics,40,12.99,519.6,211,0,Saturday,1,2022
2022-01-23,P002,USB-C Cable,Electronics,26,12.99,337.74,213,0,Sunday,1,2022
2022-01-24,P002,USB-C Cable,Electronics,14,12.99,181.86,225,0,Monday,1,2022
2022-01-25,P002,USB-C Cable,Electronics,22,12.99,285.78,241,0,Tuesday,1,2022
2022-01-26,P002,USB-C Cable,Electronics,27,12.99,350.73,217,0,Wednesday,1,2022
2022-01-27,P002,USB-C Cable,Electronics,28,12.99,363.72,213,0,Thursday,1,2022
2022-01-28,P002,USB-C Cable,Electronics,22,12.99,285.78,223,0,Friday,1,2022
2022-01-29,P002,USB-C Cable,Electronics,33,12.99,428.67,215,0,Saturday,1,2022
2022-01-30,P002,USB-C Cable,Electronics,32,12.99,415.68,221,0,Sunday,1,2022
2022-01-31,P002,USB-C Cable,Electronics,17,12.99,220.83,227,0,Monday,1,2022
2022-02-01,P002,USB-C Cable,Electronics,27,12.99,350.73,240,0,Tuesday,2,2022
2022-02-02,P002,USB-C Cable,Electronics,33,12.99,428.67,232,0,Wednesday,2,2022
2022-02-03,P002,USB-C Cable,Electronics,24,12.99,311.76,213,0,Thursday,2,2022
2022-02-04,P002,USB-C Cable,Electronics,30,12.99,389.7,221,0,Friday,2,2022
2022-02-05,P002,USB-C Cable,Electronics,37,12.99,480.63,201,0,Saturday,2,2022
2022-02-06,P002,USB-C Cable,Electronics,29,12.99,376.71,205,0,Sunday,2,2022
2022-02-07,P002,USB-C Cable,Electronics,35,10.39,363.72,198,1,Monday,2,2022
2022-02-08,P002,USB-C Cable,Electronics,32,12.99,415.68,218,0,Tuesday,2,2022
2022-02-09,P002,USB-C Cable,Electronics,22,12.99,285.78,234,0,Wednesday,2,2022
2022-02-10,P002,USB-C Cable,Electronics,27,12.99,350.73,212,0,Thursday,2,2022
2022-02-11,P002,USB-C Cable,Electronics,22,12.99,285.78,216,0,Friday,2,2022
2022-02-12,P002,USB-C Cable,Electronics,36,12.99,467.64,202,0,Saturday,2,2022
2022-02-13,P002,USB-C Cable,Electronics,25,12.99,324.75,232,0,Sunday,2,2022
2022-02-14,P002,USB-C Cable,Electronics,26,12.99,337.74,207,0,Monday,2,2022
2022-02-15,P002,USB-C Cable,Electronics,22,12.99,285.78,220,0,Tuesday,2,2022
2022-02-16,P002,USB-C Cable,Electronics,23,12.99,298.77,244,0,Wednesday,2,2022
2022-02-17,P002,USB-C Cable,Electronics,30,12.99,389.7,218,0,Thursday,2,2022
2022-02-18,P002,USB-C Cable,Electronics,27,12.99,350.73,209,0,Friday,2,2022
2022-02-19,P002,USB-C Cable,Electronics,34,12.99,441.66,229,0,Saturday,2,2022
2022-02-20,P002,USB-C Cable,Electronics,34,12.99,441.66,200,0,Sunday,2,2022
2022-02-21,P002,USB-C Cable,Electronics,25,12.99,324.75,218,0,Monday,2,2022
2022-02-22,P002,USB-C Cable,Electronics,26,12.99,337.74,208,0,Tuesday,2,2022
2022-02-23,P002,USB-C Cable,Electronics,27,12.99,350.73,205,0,Wednesday,2,2022
2022-02-24,P002,USB-C Cable,Electronics,30,12.99,389.7,203,0,Thursday,2,2022
2022-02-25,P002,USB-C Cable,Electronics,31,12.99,402.69,227,0,Friday,2,2022
2022-02-26,P002,USB-C Cable,Electronics,37,12.99,480.63,221,0,Saturday,2,2022
2022-02-27,P002,USB-C Cable,Electronics,29,12.99,376.71,215,0,Sunday,2,2022
2022-02-28,P002,USB-C Cable,Electronics,26,12.99,337.74,228,0,Monday,2,2022
2022-03-01,P002,USB-C Cable,Electronics,39,10.39,405.29,210,1,Tuesday,3,2022
2022-03-02,P002,USB-C Cable,Electronics,27,12.99,350.73,221,0,Wednesday,3,2022
2022-03-03,P002,USB-C Cable,Electronics,40,10.39,415.68,223,1,Thursday,3,2022
2022-03-04,P002,USB-C Cable,Electronics,24,12.99,311.76,238,0,Friday,3,2022
2022-03-05,P002,USB-C Cable,Electronics,32,12.99,415.68,217,0,Saturday,3,2022
2022-03-06,P002,USB-C Cable,Electronics,29,12.99,376.71,236,0,Sunday,3,2022
2022-03-07,P002,USB-C Cable,Electronics,30,12.99,389.7,208,0,Monday,3,2022
2022-03-08,P002,USB-C Cable,Electronics,26,12.99,337.74,221,0,Tuesday,3,2022
2022-03-09,P002,USB-C Cable,Electronics,25,12.99,324.75,205,0,Wednesday,3,2022
2022-03-10,P002,USB-C Cable,Electronics,29,12.99,376.71,233,0,Thursday,3,2022
2022-03-11,P002,USB-C Cable,Electronics,22,12.99,285.78,210,0,Friday,3,2022
2022-03-12,P002,USB-C Cable,Electronics,32,12.99,415.68,205,0,Saturday,3,2022
2022-03-13,P002,USB-C Cable,Electronics,32,12.99,415.68,202,0,Sunday,3,2022
2022-03-14,P002,USB-C Cable,Electronics,17,12.99,220.83,213,0,Monday,3,2022
2022-03-15,P002,USB-C Cable,Electronics,28,12.99,363.72,203,0,Tuesday,3,2022
2022-03-16,P002,USB-C Cable,Electronics,28,12.99,363.72,219,0,Wednesday,3,2022
2022-03-17,P002,USB-C Cable,Electronics,22,12.99,285.78,212,0,Thursday,3,2022
2022-03-18,P002,USB-C Cable,Electronics,25,12.99,324.75,216,0,Friday,3,2022
2022-03-19,P002,USB-C Cable,Electronics,38,12.99,493.62,221,0,Saturday,3,2022
2022-03-20,P002,USB-C Cable,Electronics,34,12.99,441.66,219,0,Sunday,3,2022
2022-03-21,P002,USB-C Cable,Electronics,26,12.99,337.74,211,0,Monday,3,2022
2022-03-22,P002,USB-C Cable,Electronics,23,12.99,298.77,246,0,Tuesday,3,2022
2022-03-23,P002,USB-C Cable,Electronics,37,10.39,384.5,201,1,Wednesday,3,2022
2022-03-24,P002,USB-C Cable,Electronics,24,12.99,311.76,215,0,Thursday,3,2022
2022-03-25,P002,USB-C Cable,Electronics,42,10.39,436.46,212,1,Friday,3,2022
2022-03-26,P002,USB-C Cable,Electronics,36,12.99,467.64,218,0,Saturday,3,2022
2022-03-27,P002,USB-C Cable,Electronics,32,12.99,415.68,236,0,Sunday,3,2022
2022-03-28,P002,USB-C Cable,Electronics,20,12.99,259.8,218,0,Monday,3,2022
2022-03-29,P002,USB-C Cable,Electronics,18,12.99,233.82,230,0,Tuesday,3,2022
2022-03-30,P002,USB-C Cable,Electronics,32,12.99,415.68,229,0,Wednesday,3,2022
2022-03-31,P002,USB-C Cable,Electronics,39,10.39,405.29,215,1,Thursday,3,2022
2022-04-01,P002,USB-C Cable,Electronics,28,12.99,363.72,227,0,Friday,4,2022
2022-04-02,P002,USB-C Cable,Electronics,35,12.99,454.65,197,0,Saturday,4,2022
2022-04-03,P002,USB-C Cable,Electronics,34,12.99,441.66,197,0,Sunday,4,2022
2022-04-04,P002,USB-C Cable,Electronics,16,12.99,207.84,250,0,Monday,4,2022
2022-04-05,P002,USB-C Cable,Electronics,27,12.99,350.73,210,0,Tuesday,4,2022
2022-04-06,P002,USB-C Cable,Electronics,37,10.39,384.5,223,1,Wednesday,4,2022
2022-04-07,P002,USB-C Cable,Electronics,33,12.99,428.67,209,0,Thursday,4,2022
2022-04-08,P002,USB-C Cable,Electronics,25,12.99,324.75,235,0,Friday,4,2022
2022-04-09,P002,USB-C Cable,Electronics,50,10.39,519.6,217,1,Saturday,4,2022
2022-04-10,P002,USB-C Cable,Electronics,46,10.39,478.03,201,1,Sunday,4,2022
2022-04-11,P002,USB-C Cable,Electronics,23,12.99,298.77,243,0,Monday,4,2022
2022-04-12,P002,USB-C Cable,Electronics,24,12.99,311.76,209,0,Tuesday,4,2022
2022-04-13,P002,USB-C Cable,Electronics,21,12.99,272.79,234,0,Wednesday,4,2022
2022-04-14,P002,USB-C Cable,Electronics,26,12.99,337.74,242,0,Thursday,4,2022
2022-04-15,P002,USB-C Cable,Electronics,26,12.99,337.74,235,0,Friday,4,2022
2022-04-16,P002,USB-C Cable,Electronics,39,12.99,506.61,227,0,Saturday,4,2022
2022-04-17,P002,USB-C Cable,Electronics,39,12.99,506.61,221,0,Sunday,4,2022
2022-04-18,P002,USB-C Cable,Electronics,19,12.99,246.81,240,0,Monday,4,2022
2022-04-19,P002,USB-C Cable,Electronics,26,12.99,337.74,214,0,Tuesday,4,2022
2022-04-20,P002,USB-C Cable,Electronics,32,12.99,415.68,218,0,Wednesday,4,2022
2022-04-21,P002,USB-C Cable,Electronics,23,12.99,298.77,229,0,Thursday,4,2022
2022-04-22,P002,USB-C Cable,Electronics,26,12.99,337.74,232,0,Friday,4,2022
2022-04-23,P002,USB-C Cable,Electronics,34,12.99,441.66,212,0,Saturday,4,2022
2022-04-24,P002,USB-C Cable,Electronics,36,12.99,467.64,209,0,Sunday,4,2022
2022-04-25,P002,USB-C Cable,Electronics,21,12.99,272.79,211,0,Monday,4,2022
2022-04-26,P002,USB-C Cable,Electronics,28,12.99,363.72,224,0,Tuesday,4,2022
2022-04-27,P002,USB-C Cable,Electronics,25,12.99,324.75,213,0,Wednesday,4,2022
2022-04-28,P002,USB-C Cable,Electronics,29,12.99,376.71,204,0,Thursday,4,2022
2022-04-29,P002,USB-C Cable,Electronics,24,12.99,311.76,244,0,Friday,4,2022
2022-04-30,P002,USB-C Cable,Electronics,61,10.39,633.91,179,1,Saturday,4,2022
2022-05-01,P002,USB-C Cable,Electronics,28,12.99,363.72,211,0,Sunday,5,2022
2022-05-02,P002,USB-C Cable,Electronics,18,12.99,233.82,245,0,Monday,5,2022
2022-05-03,P002,USB-C Cable,Electronics,27,12.99,350.73,215,0,Tuesday,5,2022
2022-05-04,P002,USB-C Cable,Electronics,23,12.99,298.77,215,0,Wednesday,5,2022
2022-05-05,P002,USB-C Cable,Electronics,31,12.99,402.69,200,0,Thursday,5,2022
2022-05-06,P002,USB-C Cable,Electronics,27,12.99,350.73,226,0,Friday,5,2022
2022-05-07,P002,USB-C Cable,Electronics,37,12.99,480.63,211,0,Saturday,5,2022
2022-05-08,P002,USB-C Cable,Electronics,28,12.99,363.72,215,0,Sunday,5,2022
2022-05-09,P002,USB-C Cable,Electronics,14,12.99,181.86,223,0,Monday,5,2022
2022-05-10,P002,USB-C Cable,Electronics,43,10.39,446.86,213,1,Tuesday,5,2022
2022-05-11,P002,USB-C Cable,Electronics,27,12.99,350.73,219,0,Wednesday,5,2022
2022-05-12,P002,USB-C Cable,Electronics,31,12.99,402.69,201,0,Thursday,5,2022
2022-05-13,P002,USB-C Cable,Electronics,21,12.99,272.79,217,0,Friday,5,2022
2022-05-14,P002,USB-C Cable,Electronics,34,12.99,441.66,211,0,Saturday,5,2022
2022-05-15,P002,USB-C Cable,Electronics,32,12.99,415.68,210,0,Sunday,5,2022
2022-05-16,P002,USB-C Cable,Electronics,22,12.99,285.78,217,0,Monday,5,2022
2022-05-17,P002,USB-C Cable,Electronics,25,12.99,324.75,224,0,Tuesday,5,2022
2022-05-18,P002,USB-C Cable,Electronics,26,12.99,337.74,237,0,Wednesday,5,2022
2022-05-19,P002,USB-C Cable,Electronics,21,12.99,272.79,231,0,Thursday,5,2022
2022-05-20,P002,USB-C Cable,Electronics,42,10.39,436.46,201,1,Friday,5,2022
2022-05-21,P002,USB-C Cable,Electronics,34,12.99,441.66,229,0,Saturday,5,2022
2022-05-22,P002,USB-C Cable,Electronics,31,12.99,402.69,229,0,Sunday,5,2022
2022-05-23,P002,USB-C Cable,Electronics,22,12.99,285.78,246,0,Monday,5,2022
2022-05-24,P002,USB-C Cable,Electronics,26,12.99,337.74,213,0,Tuesday,5,2022
2022-05-25,P002,USB-C Cable,Electronics,29,12.99,376.71,221,0,Wednesday,5,2022
2022-05-26,P002,USB-C Cable,Electronics,29,12.99,376.71,208,0,Thursday,5,2022
2022-05-27,P002,USB-C Cable,Electronics,28,12.99,363.72,234,0,Friday,5,2022
2022-05-28,P002,USB-C Cable,Electronics,39,12.99,506.61,203,0,Saturday,5,2022
2022-05-29,P002,USB-C Cable,Electronics,37,12.99,480.63,212,0,Sunday,5,2022
2022-05-30,P002,USB-C Cable,Electronics,23,12.99,298.77,228,0,Monday,5,2022
2022-05-31,P002,USB-C Cable,Electronics,27,12.99,350.73,213,0,Tuesday,5,2022
2022-06-01,P002,USB-C Cable,Electronics,26,12.99,337.74,239,0,Wednesday,6,2022
2022-06-02,P002,USB-C Cable,Electronics,48,10.39,498.82,184,1,Thursday,6,2022
2022-06-03,P002,USB-C Cable,Electronics,25,12.99,324.75,219,0,Friday,6,2022
2022-06-04,P002,USB-C Cable,Electronics,36,12.99,467.64,231,0,Saturday,6,2022
2022-06-05,P002,USB-C Cable,Electronics,33,12.99,428.67,232,0,Sunday,6,2022
2022-06-06,P002,USB-C Cable,Electronics,17,12.99,220.83,242,0,Monday,6,2022
2022-06-07,P002,USB-C Cable,Electronics,25,12.99,324.75,237,0,Tuesday,6,2022
2022-06-08,P002,USB-C Cable,Electronics,32,12.99,415.68,203,0,Wednesday,6,2022
2022-06-09,P002,USB-C Cable,Electronics,25,12.99,324.75,214,0,Thursday,6,2022
2022-06-10,P002,USB-C Cable,Electronics,29,12.99,376.71,202,0,Friday,6,2022
2021-01-01,P003,Notebook A5,Stationery,64,5.99,383.36,239,0,Friday,1,2021
2021-01-02,P003,Notebook A5,Stationery,79,5.99,473.21,204,0,Saturday,1,2021
2021-01-03,P003,Notebook A5,Stationery,77,5.99,461.23,226,0,Sunday,1,2021
2021-01-04,P003,Notebook A5,Stationery,39,5.99,233.61,246,0,Monday,1,2021
2021-01-05,P003,Notebook A5,Stationery,41,5.99,245.59,270,0,Tuesday,1,2021
2021-01-06,P003,Notebook A5,Stationery,44,5.99,263.56,275,0,Wednesday,1,2021
2021-01-07,P003,Notebook A5,Stationery,46,5.99,275.54,258,0,Thursday,1,2021
2021-01-08,P003,Notebook A5,Stationery,41,5.99,245.59,243,0,Friday,1,2021
2021-01-09,P003,Notebook A5,Stationery,58,5.99,347.42,230,0,Saturday,1,2021
2021-01-10,P003,Notebook A5,Stationery,48,5.99,287.52,261,0,Sunday,1,2021
2021-01-11,P003,Notebook A5,Stationery,33,5.99,197.67,274,0,Monday,1,2021
2021-01-12,P003,Notebook A5,Stationery,43,5.99,257.57,237,0,Tuesday,1,2021
2021-01-13,P003,Notebook A5,Stationery,41,5.99,245.59,250,0,Wednesday,1,2021
2021-01-14,P003,Notebook A5,Stationery,41,5.99,245.59,247,0,Thursday,1,2021
2021-01-15,P003,Notebook A5,Stationery,33,5.99,197.67,279,0,Friday,1,2021
2021-01-16,P003,Notebook A5,Stationery,48,5.99,287.52,267,0,Saturday,1,2021
2021-01-17,P003,Notebook A5,Stationery,54,5.99,323.46,235,0,Sunday,1,2021
2021-01-18,P003,Notebook A5,Stationery,25,5.99,149.75,281,0,Monday,1,2021
2021-01-19,P003,Notebook A5,Stationery,48,5.99,287.52,250,0,Tuesday,1,2021
2021-01-20,P003,Notebook A5,Stationery,40,5.99,239.6,262,0,Wednesday,1,2021
2021-01-21,P003,Notebook A5,Stationery,38,5.99,227.62,247,0,Thursday,1,2021
2021-01-22,P003,Notebook A5,Stationery,30,5.99,179.7,250,0,Friday,1,2021
2021-01-23,P003,Notebook A5,Stationery,54,5.99,323.46,233,0,Saturday,1,2021
2021-01-24,P003,Notebook A5,Stationery,34,5.99,203.66,248,0,Sunday,1,2021
2021-01-25,P003,Notebook A5,Stationery,35,5.99,209.65,280,0,Monday,1,2021
2021-01-26,P003,Notebook A5,Stationery,37,5.99,221.63,282,0,Tuesday,1,2021
2021-01-27,P003,Notebook A5,Stationery,48,5.99,287.52,244,0,Wednesday,1,2021
2021-01-28,P003,Notebook A5,Stationery,35,5.99,209.65,247,0,Thursday,1,2021
2021-01-29,P003,Notebook A5,Stationery,34,5.99,203.66,257,0,Friday,1,2021
2021-01-30,P003,Notebook A5,Stationery,47,5.99,281.53,270,0,Saturday,1,2021
2021-01-31,P003,Notebook A5,Stationery,38,5.99,227.62,277,0,Sunday,1,2021
2021-02-01,P003,Notebook A5,Stationery,24,5.99,143.76,276,0,Monday,2,2021
2021-02-02,P003,Notebook A5,Stationery,38,4.79,182.1,275,1,Tuesday,2,2021
2021-02-03,P003,Notebook A5,Stationery,23,5.99,137.77,270,0,Wednesday,2,2021
2021-02-04,P003,Notebook A5,Stationery,27,5.99,161.73,275,0,Thursday,2,2021
2021-02-05,P003,Notebook A5,Stationery,31,4.79,148.55,253,1,Friday,2,2021
2021-02-06,P003,Notebook A5,Stationery,31,5.99,185.69,279,0,Saturday,2,2021
2021-02-07,P003,Notebook A5,Stationery,31,5.99,185.69,252,0,Sunday,2,2021
2021-02-08,P003,Notebook A5,Stationery,25,5.99,149.75,281,0,Monday,2,2021
2021-02-09,P003,Notebook A5,Stationery,23,5.99,137.77,278,0,Tuesday,2,2021
2021-02-10,P003,Notebook A5,Stationery,21,5.99,125.79,297,0,Wednesday,2,2021
2021-02-11,P003,Notebook A5,Stationery,29,4.79,138.97,269,1,Thursday,2,2021
2021-02-12,P003,Notebook A5,Stationery,22,5.99,131.78,293,0,Friday,2,2021
2021-02-13,P003,Notebook A5,Stationery,32,5.99,191.68,248,0,Saturday,2,2021
2021-02-14,P003,Notebook A5,Stationery,25,5.99,149.75,256,0,Sunday,2,2021
2021-02-15,P003,Notebook A5,Stationery,16,5.99,95.84,285,0,Monday,2,2021
2021-02-16,P003,Notebook A5,Stationery,25,5.99,149.75,267,0,Tuesday,2,2021
2021-02-17,P003,Notebook A5,Stationery,15,5.99,89.85,301,0,Wednesday,2,2021
2021-02-18,P003,Notebook A5,Stationery,16,5.99,95.84,274,0,Thursday,2,2021
2021-02-19,P003,Notebook A5,Stationery,25,5.99,149.75,273,0,Friday,2,2021
2021-02-20,P003,Notebook A5,Stationery,29,5.99,173.71,289,0,Saturday,2,2021
2021-02-21,P003,Notebook A5,Stationery,30,5.99,179.7,265,0,Sunday,2,2021
2021-02-22,P003,Notebook A5,Stationery,14,5.99,83.86,292,0,Monday,2,2021
2021-02-23,P003,Notebook A5,Stationery,23,5.99,137.77,258,0,Tuesday,2,2021
2021-02-24,P003,Notebook A5,Stationery,18,5.99,107.82,263,0,Wednesday,2,2021
2021-02-25,P003,Notebook A5,Stationery,21,5.99,125.79,281,0,Thursday,2,2021
2021-02-26,P003,Notebook A5,Stationery,18,5.99,107.82,301,0,Friday,2,2021
2021-02-27,P003,Notebook A5,Stationery,21,5.99,125.79,263,0,Saturday,2,2021
2021-02-28,P003,Notebook A5,Stationery,23,5.99,137.77,265,0,Sunday,2,2021
2021-03-01,P003,Notebook A5,Stationery,10,5.99,59.9,282,0,Monday,3,2021
2021-03-02,P003,Notebook A5,Stationery,19,5.99,113.81,282,0,Tuesday,3,2021
2021-03-03,P003,Notebook A5,Stationery,35,4.79,167.72,263,1,Wednesday,3,2021
2021-03-04,P003,Notebook A5,Stationery,25,5.99,149.75,260,0,Thursday,3,2021
2021-03-05,P003,Notebook A5,Stationery,21,5.99,125.79,268,0,Friday,3,2021
2021-03-06,P003,Notebook A5,Stationery,18,5.99,107.82,283,0,Saturday,3,2021
2021-03-07,P003,Notebook A5,Stationery,18,5.99,107.82,283,0,Sunday,3,2021
2021-03-08,P003,Notebook A5,Stationery,10,5.99,59.9,278,0,Monday,3,2021
2021-03-09,P003,Notebook A5,Stationery,16,5.99,95.84,290,0,Tuesday,3,2021
2021-03-10,P003,Notebook A5,Stationery,14,5.99,83.86,283,0,Wednesday,3,2021
2021-03-11,P003,Notebook A5,Stationery,23,5.99,137.77,292,0,Thursday,3,2021
2021-03-12,P003,Notebook A5,Stationery,20,5.99,119.8,278,0,Friday,3,2021
2021-03-13,P003,Notebook A5,Stationery,20,5.99,119.8,268,0,Saturday,3,2021
2021-03-14,P003,Notebook A5,Stationery,22,5.99,131.78,276,0,Sunday,3,2021
2021-03-15,P003,Notebook A5,Stationery,27,4.79,129.38,260,1,Monday,3,2021
2021-03-16,P003,Notebook A5,Stationery,10,5.99,59.9,278,0,Tuesday,3,2021
2021-03-17,P003,Notebook A5,Stationery,21,5.99,125.79,261,0,Wednesday,3,2021
2021-03-18,P003,Notebook A5,Stationery,15,5.99,89.85,288,0,Thursday,3,2021
2021-03-19,P003,Notebook A5,Stationery,9,5.99,53.91,293,0,Friday,3,2021
2021-03-20,P003,Notebook A5,Stationery,26,5.99,155.74,265,0,Saturday,3,2021
2021-03-21,P003,Notebook A5,Stationery,22,5.99,131.78,289,0,Sunday,3,2021
2021-03-22,P003,Notebook A5,Stationery,22,4.79,105.42,258,1,Monday,3,2021
2021-03-23,P003,Notebook A5,Stationery,10,5.99,59.9,296,0,Tuesday,3,2021
2021-03-24,P003,Notebook A5,Stationery,15,5.99,89.85,275,0,Wednesday,3,2021
2021-03-25,P003,Notebook A5,Stationery,17,5.99,101.83,287,0,Thursday,3,2021
