data/sales_data.csv
date,product_id,product_name,category,quantity_sold,unit_price,revenue,stock_level,promotion,day_of_week,month,year
2021-03-26,P003,Notebook A5,Stationery,21,5.99,125.79,267,0,Friday,3,2021
2021-03-27,P003,Notebook A5,Stationery,17,5.99,101.83,287,0,Saturday,3,2021
2021-03-28,P003,Notebook A5,Stationery,12,5.99,71.88,271,0,Sunday,3,2021
2021-03-29,P003,Notebook A5,Stationery,10,5.99,59.9,300,0,Monday,3,2021
2021-03-30,P003,Notebook A5,Stationery,13,5.99,77.87,292,0,Tuesday,3,2021
2021-03-31,P003,Notebook A5,Stationery,18,5.99,107.82,297,0,Wednesday,3,2021
2021-04-01,P003,Notebook A5,Stationery,5,5.99,29.95,275,0,Thursday,4,2021
2021-04-02,P003,Notebook A5,Stationery,16,5.99,95.84,291,0,Friday,4,2021
2021-04-03,P003,Notebook A5,Stationery,20,5.99,119.8,264,0,Saturday,4,2021
2021-04-04,P003,Notebook A5,Stationery,24,5.99,143.76,291,0,Sunday,4,2021
2021-04-05,P003,Notebook A5,Stationery,17,4.79,81.46,266,1,Monday,4,2021
2021-04-06,P003,Notebook A5,Stationery,8,5.99,47.92,298,0,Tuesday,4,2021
2021-04-07,P003,Notebook A5,Stationery,13,5.99,77.87,284,0,Wednesday,4,2021
2021-04-08,P003,Notebook A5,Stationery,15,5.99,89.85,293,0,Thursday,4,2021
2021-04-09,P003,Notebook A5,Stationery,5,5.99,29.95,303,0,Friday,4,2021
2021-04-10,P003,Notebook A5,Stationery,18,5.99,107.82,288,0,Saturday,4,2021
2021-04-11,P003,Notebook A5,Stationery,16,5.99,95.84,277,0,Sunday,4,2021
2021-04-12,P003,Notebook A5,Stationery,17,5.99,101.83,285,0,Monday,4,2021
2021-04-13,P003,Notebook A5,Stationery,9,5.99,53.91,309,0,Tuesday,4,2021
2021-04-14,P003,Notebook A5,Stationery,0,5.99,0.0,296,0,Wednesday,4,2021
2021-04-15,P003,Notebook A5,Stationery,12,5.99,71.88,280,0,Thursday,4,2021
2021-04-16,P003,Notebook A5,Stationery,14,4.79,67.09,293,1,Friday,4,2021
2021-04-17,P003,Notebook A5,Stationery,21,5.99,125.79,276,0,Saturday,4,2021
2021-04-18,P003,Notebook A5,Stationery,26,4.79,124.59,259,1,Sunday,4,2021
2021-04-19,P003,Notebook A5,Stationery,18,5.99,107.82,290,0,Monday,4,2021
2021-04-20,P003,Notebook A5,Stationery,21,5.99,125.79,283,0,Tuesday,4,2021
2021-04-21,P003,Notebook A5,Stationery,13,5.99,77.87,286,0,Wednesday,4,2021
2021-04-22,P003,Notebook A5,Stationery,19,5.99,113.81,267,0,Thursday,4,2021
2021-04-23,P003,Notebook A5,Stationery,24,4.79,115.01,260,1,Friday,4,2021
2021-04-24,P003,Notebook A5,Stationery,25,5.99,149.75,266,0,Saturday,4,2021
2021-04-25,P003,Notebook A5,Stationery,3,5.99,17.97,292,0,Sunday,4,2021
2021-04-26,P003,Notebook A5,Stationery,1,5.99,5.99,295,0,Monday,4,2021
2021-04-27,P003,Notebook A5,Stationery,10,5.99,59.9,299,0,Tuesday,4,2021
2021-04-28,P003,Notebook A5,Stationery,8,5.99,47.92,273,0,Wednesday,4,2021
2021-04-29,P003,Notebook A5,Stationery,10,5.99,59.9,273,0,Thursday,4,2021
2021-04-30,P003,Notebook A5,Stationery,9,5.99,53.91,292,0,Friday,4,2021
2021-05-01,P003,Notebook A5,Stationery,17,5.99,101.83,263,0,Saturday,5,2021
2021-05-02,P003,Notebook A5,Stationery,13,5.99,77.87,272,0,Sunday,5,2021
2021-05-03,P003,Notebook A5,Stationery,6,4.79,28.75,313,1,Monday,5,2021
2021-05-04,P003,Notebook A5,Stationery,7,5.99,41.93,282,0,Tuesday,5,2021
2021-05-05,P003,Notebook A5,Stationery,20,5.99,119.8,264,0,Wednesday,5,2021
2021-05-06,P003,Notebook A5,Stationery,8,5.99,47.92,306,0,Thursday,5,2021
2021-05-07,P003,Notebook A5,Stationery,8,5.99,47.92,279,0,Friday,5,2021
2021-05-08,P003,Notebook A5,Stationery,24,5.99,143.76,268,0,Saturday,5,2021
2021-05-09,P003,Notebook A5,Stationery,9,5.99,53.91,294,0,Sunday,5,2021
2021-05-10,P003,Notebook A5,Stationery,15,5.99,89.85,304,0,Monday,5,2021
2021-05-11,P003,Notebook A5,Stationery,15,5.99,89.85,284,0,Tuesday,5,2021
2021-05-12,P003,Notebook A5,Stationery,19,5.99,113.81,274,0,Wednesday,5,2021
2021-05-13,P003,Notebook A5,Stationery,7,5.99,41.93,297,0,Thursday,5,2021
2021-05-14,P003,Notebook A5,Stationery,17,5.99,101.83,284,0,Friday,5,2021
2021-05-15,P003,Notebook A5,Stationery,15,5.99,89.85,275,0,Saturday,5,2021
2021-05-16,P003,Notebook A5,Stationery,17,5.99,101.83,265,0,Sunday,5,2021
2021-05-17,P003,Notebook A5,Stationery,12,5.99,71.88,302,0,Monday,5,2021
2021-05-18,P003,Notebook A5,Stationery,10,5.99,59.9,277,0,Tuesday,5,2021
2021-05-19,P003,Notebook A5,Stationery,11,5.99,65.89,270,0,Wednesday,5,2021
2021-05-20,P003,Notebook A5,Stationery,13,5.99,77.87,286,0,Thursday,5,2021
2021-05-21,P003,Notebook A5,Stationery,14,5.99,83.86,305,0,Friday,5,2021
2021-05-22,P003,Notebook A5,Stationery,21,5.99,125.79,281,0,Saturday,5,2021
2021-05-23,P003,Notebook A5,Stationery,18,5.99,107.82,276,0,Sunday,5,2021
2021-05-24,P003,Notebook A5,Stationery,17,4.79,81.46,281,1,Monday,5,2021
2021-05-25,P003,Notebook A5,Stationery,21,5.99,125.79,273,0,Tuesday,5,2021
2021-05-26,P003,Notebook A5,Stationery,19,5.99,113.81,280,0,Wednesday,5,2021
2021-05-27,P003,Notebook A5,Stationery,15,5.99,89.85,272,0,Thursday,5,2021
2021-05-28,P003,Notebook A5,Stationery,21,5.99,125.79,265,0,Friday,5,2021
2021-05-29,P003,Notebook A5,Stationery,14,5.99,83.86,280,0,Saturday,5,2021
2021-05-30,P003,Notebook A5,Stationery,22,5.99,131.78,274,0,Sunday,5,2021
2021-05-31,P003,Notebook A5,Stationery,13,5.99,77.87,290,0,Monday,5,2021
2021-06-01,P003,Notebook A5,Stationery,23,4.79,110.22,278,1,Tuesday,6,2021
2021-06-02,P003,Notebook A5,Stationery,20,5.99,119.8,299,0,Wednesday,6,2021
2021-06-03,P003,Notebook A5,Stationery,21,5.99,125.79,285,0,Thursday,6,2021
2021-06-04,P003,Notebook A5,Stationery,16,5.99,95.84,265,0,Friday,6,2021
2021-06-05,P003,Notebook A5,Stationery,30,5.99,179.7,267,0,Saturday,6,2021
2021-06-06,P003,Notebook A5,Stationery,25,5.99,149.75,257,0,Sunday,6,2021
2021-06-07,P003,Notebook A5,Stationery,12,5.99,71.88,279,0,Monday,6,2021
2021-06-08,P003,Notebook A5,Stationery,23,5.99,137.77,286,0,Tuesday,6,2021
2021-06-09,P003,Notebook A5,Stationery,11,5.99,65.89,278,0,Wednesday,6,2021
2021-06-10,P003,Notebook A5,Stationery,17,5.99,101.83,276,0,Thursday,6,2021
2021-06-11,P003,Notebook A5,Stationery,26,4.79,124.59,280,1,Friday,6,2021
2021-06-12,P003,Notebook A5,Stationery,29,5.99,173.71,263,0,Saturday,6,2021
2021-06-13,P003,Notebook A5,Stationery,25,5.99,149.75,263,0,Sunday,6,2021
2021-06-14,P003,Notebook A5,Stationery,26,4.79,124.59,288,1,Monday,6,2021
2021-06-15,P003,Notebook A5,Stationery,17,5.99,101.83,276,0,Tuesday,6,2021
2021-06-16,P003,Notebook A5,Stationery,11,5.99,65.89,281,0,Wednesday,6,2021
2021-06-17,P003,Notebook A5,Stationery,35,4.79,167.72,254,1,Thursday,6,2021
2021-06-18,P003,Notebook A5,Stationery,22,5.99,131.78,284,0,Friday,6,2021
2021-06-19,P003,Notebook A5,Stationery,30,5.99,179.7,268,0,Saturday,6,2021
2021-06-20,P003,Notebook A5,Stationery,26,5.99,155.74,288,0,Sunday,6,2021
2021-06-21,P003,Notebook A5,Stationery,22,5.99,131.78,277,0,Monday,6,2021
2021-06-22,P003,Notebook A5,Stationery,23,5.99,137.77,290,0,Tuesday,6,2021
2021-06-23,P003,Notebook A5,Stationery,20,5.99,119.8,299,0,Wednesday,6,2021
2021-06-24,P003,Notebook A5,Stationery,28,5.99,167.72,261,0,Thursday,6,2021
2021-06-25,P003,Notebook A5,Stationery,26,5.99,155.74,273,0,Friday,6,2021
2021-06-26,P003,Notebook A5,Stationery,28,5.99,167.72,274,0,Saturday,6,2021
2021-06-27,P003,Notebook A5,Stationery,23,5.99,137.77,258,0,Sunday,6,2021
2021-06-28,P003,Notebook A5,Stationery,16,5.99,95.84,288,0,Monday,6,2021
2021-06-29,P003,Notebook A5,Stationery,24,5.99,143.76,283,0,Tuesday,6,2021
2021-06-30,P003,Notebook A5,Stationery,22,5.99,131.78,283,0,Wednesday,6,2021
2021-07-01,P003,Notebook A5,Stationery,13,5.99,77.87,301,0,Thursday,7,2021
2021-07-02,P003,Notebook A5,Stationery,28,5.99,167.72,265,0,Friday,7,2021
2021-07-03,P003,Notebook A5,Stationery,33,5.99,197.67,264,0,Saturday,7,2021
2021-07-04,P003,Notebook A5,Stationery,50,4.79,239.6,242,1,Sunday,7,2021
2021-07-05,P003,Notebook A5,Stationery,21,5.99,125.79,280,0,Monday,7,2021
2021-07-06,P003,Notebook A5,Stationery,21,5.99,125.79,263,0,Tuesday,7,2021
2021-07-07,P003,Notebook A5,Stationery,22,5.99,131.78,264,0,Wednesday,7,2021
2021-07-08,P003,Notebook A5,Stationery,31,5.99,185.69,277,0,Thursday,7,2021
2021-07-09,P003,Notebook A5,Stationery,30,5.99,179.7,251,0,Friday,7,2021
2021-07-10,P003,Notebook A5,Stationery,37,5.99,221.63,254,0,Saturday,7,2021
2021-07-11,P003,Notebook A5,Stationery,35,5.99,209.65,249,0,Sunday,7,2021
2021-07-12,P003,Notebook A5,Stationery,25,5.99,149.75,273,0,Monday,7,2021
2021-07-13,P003,Notebook A5,Stationery,30,5.99,179.7,287,0,Tuesday,7,2021
2021-07-14,P003,Notebook A5,Stationery,28,5.99,167.72,279,0,Wednesday,7,2021
2021-07-15,P003,Notebook A5,Stationery,32,5.99,191.68,250,0,Thursday,7,2021
2021-07-16,P003,Notebook A5,Stationery,34,5.99,203.66,262,0,Friday,7,2021
2021-07-17,P003,Notebook A5,Stationery,44,5.99,263.56,243,0,Saturday,7,2021
2021-07-18,P003,Notebook A5,Stationery,44,5.99,263.56,242,0,Sunday,7,2021
2021-07-19,P003,Notebook A5,Stationery,47,4.79,225.22,262,1,Monday,7,2021
2021-07-20,P003,Notebook A5,Stationery,32,5.99,191.68,269,0,Tuesday,7,2021
2021-07-21,P003,Notebook A5,Stationery,31,5.99,185.69,260,0,Wednesday,7,2021
2021-07-22,P003,Notebook A5,Stationery,30,5.99,179.7,273,0,Thursday,7,2021
2021-07-23,P003,Notebook A5,Stationery,28,5.99,167.72,268,0,Friday,7,2021
2021-07-24,P003,Notebook A5,Stationery,42,5.99,251.58,272,0,Saturday,7,2021
2021-07-25,P003,Notebook A5,Stationery,56,4.79,268.35,230,1,Sunday,7,2021
2021-07-26,P003,Notebook A5,Stationery,27,5.99,161.73,264,0,Monday,7,2021
2021-07-27,P003,Notebook A5,Stationery,31,5.99,185.69,259,0,Tuesday,7,2021
2021-07-28,P003,Notebook A5,Stationery,30,5.99,179.7,278,0,Wednesday,7,2021
2021-07-29,P003,Notebook A5,Stationery,30,5.99,179.7,263,0,Thursday,7,2021
2021-07-30,P003,Notebook A5,Stationery,33,5.99,197.67,247,0,Friday,7,2021
2021-07-31,P003,Notebook A5,Stationery,36,5.99,215.64,245,0,Saturday,7,2021
2021-08-01,P003,Notebook A5,Stationery,64,4.79,306.69,250,1,Sunday,8,2021
2021-08-02,P003,Notebook A5,Stationery,33,5.99,197.67,258,0,Monday,8,2021
2021-08-03,P003,Notebook A5,Stationery,38,5.99,227.62,280,0,Tuesday,8,2021
2021-08-04,P003,Notebook A5,Stationery,31,5.99,185.69,264,0,Wednesday,8,2021
2021-08-05,P003,Notebook A5,Stationery,35,5.99,209.65,275,0,Thursday,8,2021
2021-08-06,P003,Notebook A5,Stationery,39,5.99,233.61,245,0,Friday,8,2021
2021-08-07,P003,Notebook A5,Stationery,47,5.99,281.53,234,0,Saturday,8,2021
2021-08-08,P003,Notebook A5,Stationery,39,5.99,233.61,254,0,Sunday,8,2021
2021-08-09,P003,Notebook A5,Stationery,49,4.79,234.81,232,1,Monday,8,2021
2021-08-10,P003,Notebook A5,Stationery,35,5.99,209.65,258,0,Tuesday,8,2021
2021-08-11,P003,Notebook A5,Stationery,72,4.79,345.02,210,1,Wednesday,8,2021
2021-08-12,P003,Notebook A5,Stationery,66,4.79,316.27,224,1,Thursday,8,2021
2021-08-13,P003,Notebook A5,Stationery,48,5.99,287.52,246,0,Friday,8,2021
2021-08-14,P003,Notebook A5,Stationery,50,5.99,299.5,266,0,Saturday,8,2021
2021-08-15,P003,Notebook A5,Stationery,56,5.99,335.44,262,0,Sunday,8,2021
2021-08-16,P003,Notebook A5,Stationery,31,5.99,185.69,276,0,Monday,8,2021
2021-08-17,P003,Notebook A5,Stationery,32,5.99,191.68,253,0,Tuesday,8,2021
2021-08-18,P003,Notebook A5,Stationery,40,5.99,239.6,254,0,Wednesday,8,2021
2021-08-19,P003,Notebook A5,Stationery,42,5.99,251.58,238,0,Thursday,8,2021
2021-08-20,P003,Notebook A5,Stationery,46,5.99,275.54,259,0,Friday,8,2021
2021-08-21,P003,Notebook A5,Stationery,52,5.99,311.48,244,0,Saturday,8,2021
2021-08-22,P003,Notebook A5,Stationery,49,5.99,293.51,247,0,Sunday,8,2021
2021-08-23,P003,Notebook A5,Stationery,37,5.99,221.63,250,0,Monday,8,2021
2021-08-24,P003,Notebook A5,Stationery,54,5.99,323.46,261,0,Tuesday,8,2021
2021-08-25,P003,Notebook A5,Stationery,39,5.99,233.61,273,0,Wednesday,8,2021
2021-08-26,P003,Notebook A5,Stationery,44,5.99,263.56,273,0,Thursday,8,2021
2021-08-27,P003,Notebook A5,Stationery,43,5.99,257.57,241,0,Friday,8,2021
2021-08-28,P003,Notebook A5,Stationery,65,5.99,389.35,221,0,Saturday,8,2021
2021-08-29,P003,Notebook A5,Stationery,53,5.99,317.47,258,0,Sunday,8,2021
2021-08-30,P003,Notebook A5,Stationery,56,4.79,268.35,241,1,Monday,8,2021
2021-08-31,P003,Notebook A5,Stationery,43,5.99,257.57,265,0,Tuesday,8,2021
2021-09-01,P003,Notebook A5,Stationery,42,5.99,251.58,267,0,Wednesday,9,2021
2021-09-02,P003,Notebook A5,Stationery,76,4.79,364.19,218,1,Thursday,9,2021
2021-09-03,P003,Notebook A5,Stationery,44,5.99,263.56,243,0,Friday,9,2021
2021-09-04,P003,Notebook A5,Stationery,63,5.99,377.37,232,0,Saturday,9,2021
2021-09-05,P003,Notebook A5,Stationery,47,5.99,281.53,236,0,Sunday,9,2021
2021-09-06,P003,Notebook A5,Stationery,29,5.99,173.71,282,0,Monday,9,2021
2021-09-07,P003,Notebook A5,Stationery,43,5.99,257.57,245,0,Tuesday,9,2021
2021-09-08,P003,Notebook A5,Stationery,48,5.99,287.52,264,0,Wednesday,9,2021
2021-09-09,P003,Notebook A5,Stationery,48,5.99,287.52,246,0,Thursday,9,2021
2021-09-10,P003,Notebook A5,Stationery,50,5.99,299.5,248,0,Friday,9,2021
2021-09-11,P003,Notebook A5,Stationery,59,5.99,353.41,240,0,Saturday,9,2021
2021-09-12,P003,Notebook A5,Stationery,56,5.99,335.44,252,0,Sunday,9,2021
2021-09-13,P003,Notebook A5,Stationery,39,5.99,233.61,256,0,Monday,9,2021
2021-09-14,P003,Notebook A5,Stationery,46,5.99,275.54,234,0,Tuesday,9,2021
2021-09-15,P003,Notebook A5,Stationery,47,5.99,281.53,244,0,Wednesday,9,2021
2021-09-16,P003,Notebook A5,Stationery,41,5.99,245.59,255,0,Thursday,9,2021
2021-09-17,P003,Notebook A5,Stationery,55,5.99,329.45,259,0,Friday,9,2021
2021-09-18,P003,Notebook A5,Stationery,83,4.79,397.74,228,1,Saturday,9,2021
2021-09-19,P003,Notebook A5,Stationery,63,5.99,377.37,223,0,Sunday,9,2021
2021-09-20,P003,Notebook A5,Stationery,38,5.99,227.62,272,0,Monday,9,2021
2021-09-21,P003,Notebook A5,Stationery,34,5.99,203.66,271,0,Tuesday,9,2021
2021-09-22,P003,Notebook A5,Stationery,50,5.99,299.5,251,0,Wednesday,9,2021
2021-09-23,P003,Notebook A5,Stationery,52,5.99,311.48,263,0,Thursday,9,2021
2021-09-24,P003,Notebook A5,Stationery,48,5.99,287.52,259,0,Friday,9,2021
2021-09-25,P003,Notebook A5,Stationery,73,5.99,437.27,236,0,Saturday,9,2021
2021-09-26,P003,Notebook A5,Stationery,57,5.99,341.43,244,0,Sunday,9,2021
2021-09-27,P003,Notebook A5,Stationery,38,5.99,227.62,245,0,Monday,9,2021
2021-09-28,P003,Notebook A5,Stationery,71,4.79,340.23,236,1,Tuesday,9,2021
2021-09-29,P003,Notebook A5,Stationery,50,5.99,299.5,232,0,Wednesday,9,2021
2021-09-30,P003,Notebook A5,Stationery,53,5.99,317.47,229,0,Thursday,9,2021
2021-10-01,P003,Notebook A5,Stationery,47,5.99,281.53,240,0,Friday,10,2021
2021-10-02,P003,Notebook A5,Stationery,66,5.99,395.34,253,0,Saturday,10,2021
2021-10-03,P003,Notebook A5,Stationery,50,5.99,299.5,250,0,Sunday,10,2021
2021-10-04,P003,Notebook A5,Stationery,36,5.99,215.64,260,0,Monday,10,2021
2021-10-05,P003,Notebook A5,Stationery,53,5.99,317.47,256,0,Tuesday,10,2021
2021-10-06,P003,Notebook A5,Stationery,47,5.99,281.53,259,0,Wednesday,10,2021
2021-10-07,P003,Notebook A5,Stationery,70,4.79,335.44,227,1,Thursday,10,2021
2021-10-08,P003,Notebook A5,Stationery,47,5.99,281.53,247,0,Friday,10,2021
2021-10-09,P003,Notebook A5,Stationery,113,4.79,541.5,191,1,Saturday,10,2021
2021-10-10,P003,Notebook A5,Stationery,54,5.99,323.46,259,0,Sunday,10,2021
2021-10-11,P003,Notebook A5,Stationery,38,5.99,227.62,250,0,Monday,10,2021
2021-10-12,P003,Notebook A5,Stationery,51,5.99,305.49,242,0,Tuesday,10,2021
2021-10-13,P003,Notebook A5,Stationery,42,5.99,251.58,246,0,Wednesday,10,2021
2021-10-14,P003,Notebook A5,Stationery,52,5.99,311.48,251,0,Thursday,10,2021
2021-10-15,P003,Notebook A5,Stationery,46,5.99,275.54,234,0,Friday,10,2021
2021-10-16,P003,Notebook A5,Stationery,62,5.99,371.38,257,0,Saturday,10,2021
2021-10-17,P003,Notebook A5,Stationery,56,5.99,335.44,259,0,Sunday,10,2021
2021-10-18,P003,Notebook A5,Stationery,40,5.99,239.6,242,0,Monday,10,2021
2021-10-19,P003,Notebook A5,Stationery,52,5.99,311.48,259,0,Tuesday,10,2021
2021-10-20,P003,Notebook A5,Stationery,51,5.99,305.49,233,0,Wednesday,10,2021
2021-10-21,P003,Notebook A5,Stationery,61,5.99,365.39,233,0,Thursday,10,2021
2021-10-22,P003,Notebook A5,Stationery,50,5.99,299.5,234,0,Friday,10,2021
2021-10-23,P003,Notebook A5,Stationery,64,5.99,383.36,243,0,Saturday,10,2021
2021-10-24,P003,Notebook A5,Stationery,85,4.79,407.32,201,1,Sunday,10,2021
2021-10-25,P003,Notebook A5,Stationery,42,5.99,251.58,266,0,Monday,10,2021
2021-10-26,P003,Notebook A5,Stationery,47,5.99,281.53,252,0,Tuesday,10,2021
2021-10-27,P003,Notebook A5,Stationery,47,5.99,281.53,265,0,Wednesday,10,2021
2021-10-28,P003,Notebook A5,Stationery,46,5.99,275.54,245,0,Thursday,10,2021
2021-10-29,P003,Notebook A5,Stationery,47,5.99,281.53,261,0,Friday,10,2021
2021-10-30,P003,Notebook A5,Stationery,64,5.99,383.36,230,0,Saturday,10,2021
2021-10-31,P003,Notebook A5,Stationery,58,5.99,347.42,260,0,Sunday,10,2021
2021-11-01,P003,Notebook A5,Stationery,47,5.99,281.53,236,0,Monday,11,2021
2021-11-02,P003,Notebook A5,Stationery,50,5.99,299.5,255,0,Tuesday,11,2021
2021-11-03,P003,Notebook A5,Stationery,72,4.79,345.02,210,1,Wednesday,11,2021
2021-11-04,P003,Notebook A5,Stationery,48,5.99,287.52,267,0,Thursday,11,2021
2021-11-05,P003,Notebook A5,Stationery,44,5.99,263.56,249,0,Friday,11,2021
2021-11-06,P003,Notebook A5,Stationery,57,5.99,341.43,231,0,Saturday,11,2021
2021-11-07,P003,Notebook A5,Stationery,87,4.79,416.9,199,1,Sunday,11,2021
2021-11-08,P003,Notebook A5,Stationery,46,5.99,275.54,271,0,Monday,11,2021
2021-11-09,P003,Notebook A5,Stationery,51,5.99,305.49,268,0,Tuesday,11,2021
2021-11-10,P003,Notebook A5,Stationery,41,5.99,245.59,259,0,Wednesday,11,2021
2021-11-11,P003,Notebook A5,Stationery,46,5.99,275.54,243,0,Thursday,11,2021
2021-11-12,P003,Notebook A5,Stationery,42,5.99,251.58,276,0,Friday,11,2021
2021-11-13,P003,Notebook A5,Stationery,63,5.99,377.37,227,0,Saturday,11,2021
2021-11-14,P003,Notebook A5,Stationery,62,5.99,371.38,225,0,Sunday,11,2021
2021-11-15,P003,Notebook A5,Stationery,37,5.99,221.63,281,0,Monday,11,2021
2021-11-16,P003,Notebook A5,Stationery,48,5.99,287.52,244,0,Tuesday,11,2021
2021-11-17,P003,Notebook A5,Stationery,58,5.99,347.42,245,0,Wednesday,11,2021
2021-11-18,P003,Notebook A5,Stationery,45,5.99,269.55,249,0,Thursday,11,2021
