data/sales_data.csv
date,product_id,product_name,category,quantity_sold,unit_price,revenue,stock_level,promotion,day_of_week,month,year
2021-11-19,P003,Notebook A5,Stationery,51,5.99,305.49,263,0,Friday,11,2021
2021-11-20,P003,Notebook A5,Stationery,61,5.99,365.39,224,0,Saturday,11,2021
2021-11-21,P003,Notebook A5,Stationery,58,5.99,347.42,241,0,Sunday,11,2021
2021-11-22,P003,Notebook A5,Stationery,39,5.99,233.61,275,0,Monday,11,2021
2021-11-23,P003,Notebook A5,Stationery,40,5.99,239.6,269,0,Tuesday,11,2021
2021-11-24,P003,Notebook A5,Stationery,118,5.99,706.82,191,0,Wednesday,11,2021
2021-11-25,P003,Notebook A5,Stationery,116,5.99,694.84,181,0,Thursday,11,2021
2021-11-26,P003,Notebook A5,Stationery,125,5.99,748.75,184,0,Friday,11,2021
2021-11-27,P003,Notebook A5,Stationery,152,5.99,910.48,137,0,Saturday,11,2021
2021-11-28,P003,Notebook A5,Stationery,138,5.99,826.62,167,0,Sunday,11,2021
2021-11-29,P003,Notebook A5,Stationery,97,5.99,581.03,209,0,Monday,11,2021
2021-11-30,P003,Notebook A5,Stationery,104,5.99,622.96,198,0,Tuesday,11,2021
2021-12-01,P003,Notebook A5,Stationery,51,5.99,305.49,245,0,Wednesday,12,2021
2021-12-02,P003,Notebook A5,Stationery,40,5.99,239.6,263,0,Thursday,12,2021
2021-12-03,P003,Notebook A5,Stationery,49,5.99,293.51,242,0,Friday,12,2021
2021-12-04,P003,Notebook A5,Stationery,83,4.79,397.74,216,1,Saturday,12,2021
2021-12-05,P003,Notebook A5,Stationery,54,5.99,323.46,264,0,Sunday,12,2021
2021-12-06,P003,Notebook A5,Stationery,44,5.99,263.56,252,0,Monday,12,2021
2021-12-07,P003,Notebook A5,Stationery,40,5.99,239.6,245,0,Tuesday,12,2021
2021-12-08,P003,Notebook A5,Stationery,48,5.99,287.52,237,0,Wednesday,12,2021
2021-12-09,P003,Notebook A5,Stationery,41,5.99,245.59,241,0,Thursday,12,2021
2021-12-10,P003,Notebook A5,Stationery,34,5.99,203.66,262,0,Friday,12,2021
2021-12-11,P003,Notebook A5,Stationery,59,5.99,353.41,250,0,Saturday,12,2021
2021-12-12,P003,Notebook A5,Stationery,47,5.99,281.53,267,0,Sunday,12,2021
2021-12-13,P003,Notebook A5,Stationery,34,5.99,203.66,279,0,Monday,12,2021
2021-12-14,P003,Notebook A5,Stationery,35,5.99,209.65,250,0,Tuesday,12,2021
2021-12-15,P003,Notebook A5,Stationery,86,5.99,515.14,216,0,Wednesday,12,2021
2021-12-16,P003,Notebook A5,Stationery,124,4.79,594.21,165,1,Thursday,12,2021
2021-12-17,P003,Notebook A5,Stationery,89,5.99,533.11,226,0,Friday,12,2021
2021-12-18,P003,Notebook A5,Stationery,106,5.99,634.94,186,0,Saturday,12,2021
2021-12-19,P003,Notebook A5,Stationery,101,5.99,604.99,215,0,Sunday,12,2021
2021-12-20,P003,Notebook A5,Stationery,77,5.99,461.23,210,0,Monday,12,2021
2021-12-21,P003,Notebook A5,Stationery,79,5.99,473.21,223,0,Tuesday,12,2021
2021-12-22,P003,Notebook A5,Stationery,70,5.99,419.3,215,0,Wednesday,12,2021
2021-12-23,P003,Notebook A5,Stationery,75,5.99,449.25,224,0,Thursday,12,2021
2021-12-24,P003,Notebook A5,Stationery,81,5.99,485.19,238,0,Friday,12,2021
2021-12-25,P003,Notebook A5,Stationery,103,5.99,616.97,179,0,Saturday,12,2021
2021-12-26,P003,Notebook A5,Stationery,92,5.99,551.08,205,0,Sunday,12,2021
2021-12-27,P003,Notebook A5,Stationery,64,5.99,383.36,224,0,Monday,12,2021
2021-12-28,P003,Notebook A5,Stationery,80,5.99,479.2,233,0,Tuesday,12,2021
2021-12-29,P003,Notebook A5,Stationery,71,5.99,425.29,219,0,Wednesday,12,2021
2021-12-30,P003,Notebook A5,Stationery,75,5.99,449.25,222,0,Thursday,12,2021
2021-12-31,P003,Notebook A5,Stationery,75,5.99,449.25,236,0,Friday,12,2021
2022-01-01,P003,Notebook A5,Stationery,93,5.99,557.07,192,0,Saturday,1,2022
2022-01-02,P003,Notebook A5,Stationery,82,5.99,491.18,212,0,Sunday,1,2022
2022-01-03,P003,Notebook A5,Stationery,64,5.99,383.36,225,0,Monday,1,2022
2022-01-04,P003,Notebook A5,Stationery,48,5.99,287.52,241,0,Tuesday,1,2022
2022-01-05,P003,Notebook A5,Stationery,43,5.99,257.57,262,0,Wednesday,1,2022
2022-01-06,P003,Notebook A5,Stationery,47,5.99,281.53,260,0,Thursday,1,2022
2022-01-07,P003,Notebook A5,Stationery,66,4.79,316.27,245,1,Friday,1,2022
2022-01-08,P003,Notebook A5,Stationery,55,5.99,329.45,257,0,Saturday,1,2022
2022-01-09,P003,Notebook A5,Stationery,49,5.99,293.51,268,0,Sunday,1,2022
2022-01-10,P003,Notebook A5,Stationery,40,5.99,239.6,271,0,Monday,1,2022
2022-01-11,P003,Notebook A5,Stationery,43,5.99,257.57,270,0,Tuesday,1,2022
2022-01-12,P003,Notebook A5,Stationery,41,5.99,245.59,252,0,Wednesday,1,2022
2022-01-13,P003,Notebook A5,Stationery,44,5.99,263.56,256,0,Thursday,1,2022
2022-01-14,P003,Notebook A5,Stationery,44,5.99,263.56,260,0,Friday,1,2022
2022-01-15,P003,Notebook A5,Stationery,50,5.99,299.5,262,0,Saturday,1,2022
2022-01-16,P003,Notebook A5,Stationery,52,5.99,311.48,232,0,Sunday,1,2022
2022-01-17,P003,Notebook A5,Stationery,32,5.99,191.68,282,0,Monday,1,2022
2022-01-18,P003,Notebook A5,Stationery,43,5.99,257.57,255,0,Tuesday,1,2022
2022-01-19,P003,Notebook A5,Stationery,36,5.99,215.64,276,0,Wednesday,1,2022
2022-01-20,P003,Notebook A5,Stationery,28,5.99,167.72,258,0,Thursday,1,2022
2022-01-21,P003,Notebook A5,Stationery,56,4.79,268.35,226,1,Friday,1,2022
2022-01-22,P003,Notebook A5,Stationery,58,5.99,347.42,246,0,Saturday,1,2022
2022-01-23,P003,Notebook A5,Stationery,42,5.99,251.58,247,0,Sunday,1,2022
2022-01-24,P003,Notebook A5,Stationery,58,4.79,277.94,223,1,Monday,1,2022
2022-01-25,P003,Notebook A5,Stationery,41,5.99,245.59,270,0,Tuesday,1,2022
2022-01-26,P003,Notebook A5,Stationery,32,5.99,191.68,248,0,Wednesday,1,2022
2022-01-27,P003,Notebook A5,Stationery,44,5.99,263.56,264,0,Thursday,1,2022
2022-01-28,P003,Notebook A5,Stationery,43,5.99,257.57,273,0,Friday,1,2022
2022-01-29,P003,Notebook A5,Stationery,42,5.99,251.58,245,0,Saturday,1,2022
2022-01-30,P003,Notebook A5,Stationery,40,5.99,239.6,278,0,Sunday,1,2022
2022-01-31,P003,Notebook A5,Stationery,57,4.79,273.14,254,1,Monday,1,2022
2022-02-01,P003,Notebook A5,Stationery,19,5.99,113.81,273,0,Tuesday,2,2022
2022-02-02,P003,Notebook A5,Stationery,29,5.99,173.71,267,0,Wednesday,2,2022
2022-02-03,P003,Notebook A5,Stationery,19,5.99,113.81,297,0,Thursday,2,2022
2022-02-04,P003,Notebook A5,Stationery,28,5.99,167.72,268,0,Friday,2,2022
2022-02-05,P003,Notebook A5,Stationery,29,5.99,173.71,270,0,Saturday,2,2022
2022-02-06,P003,Notebook A5,Stationery,32,5.99,191.68,250,0,Sunday,2,2022
2022-02-07,P003,Notebook A5,Stationery,26,5.99,155.74,267,0,Monday,2,2022
2022-02-08,P003,Notebook A5,Stationery,26,5.99,155.74,268,0,Tuesday,2,2022
2022-02-09,P003,Notebook A5,Stationery,28,5.99,167.72,282,0,Wednesday,2,2022
2022-02-10,P003,Notebook A5,Stationery,25,5.99,149.75,255,0,Thursday,2,2022
2022-02-11,P003,Notebook A5,Stationery,36,5.99,215.64,263,0,Friday,2,2022
2022-02-12,P003,Notebook A5,Stationery,37,5.99,221.63,268,0,Saturday,2,2022
2022-02-13,P003,Notebook A5,Stationery,25,5.99,149.75,262,0,Sunday,2,2022
2022-02-14,P003,Notebook A5,Stationery,16,5.99,95.84,283,0,Monday,2,2022
2022-02-15,P003,Notebook A5,Stationery,30,4.79,143.76,286,1,Tuesday,2,2022
2022-02-16,P003,Notebook A5,Stationery,26,5.99,155.74,293,0,Wednesday,2,2022
2022-02-17,P003,Notebook A5,Stationery,21,5.99,125.79,272,0,Thursday,2,2022
2022-02-18,P003,Notebook A5,Stationery,19,5.99,113.81,261,0,Friday,2,2022
2022-02-19,P003,Notebook A5,Stationery,35,5.99,209.65,268,0,Saturday,2,2022
2022-02-20,P003,Notebook A5,Stationery,28,5.99,167.72,265,0,Sunday,2,2022
2022-02-21,P003,Notebook A5,Stationery,14,5.99,83.86,277,0,Monday,2,2022
2022-02-22,P003,Notebook A5,Stationery,16,5.99,95.84,280,0,Tuesday,2,2022
2022-02-23,P003,Notebook A5,Stationery,29,5.99,173.71,263,0,Wednesday,2,2022
2022-02-24,P003,Notebook A5,Stationery,12,5.99,71.88,288,0,Thursday,2,2022
2022-02-25,P003,Notebook A5,Stationery,18,5.99,107.82,267,0,Friday,2,2022
2022-02-26,P003,Notebook A5,Stationery,27,5.99,161.73,260,0,Saturday,2,2022
2022-02-27,P003,Notebook A5,Stationery,22,5.99,131.78,291,0,Sunday,2,2022
2022-02-28,P003,Notebook A5,Stationery,14,5.99,83.86,298,0,Monday,2,2022
2022-03-01,P003,Notebook A5,Stationery,17,5.99,101.83,297,0,Tuesday,3,2022
2022-03-02,P003,Notebook A5,Stationery,28,5.99,167.72,258,0,Wednesday,3,2022
2022-03-03,P003,Notebook A5,Stationery,24,5.99,143.76,291,0,Thursday,3,2022
2022-03-04,P003,Notebook A5,Stationery,16,5.99,95.84,295,0,Friday,3,2022
2022-03-05,P003,Notebook A5,Stationery,20,5.99,119.8,271,0,Saturday,3,2022
2022-03-06,P003,Notebook A5,Stationery,11,5.99,65.89,294,0,Sunday,3,2022
2022-03-07,P003,Notebook A5,Stationery,23,5.99,137.77,279,0,Monday,3,2022
2022-03-08,P003,Notebook A5,Stationery,14,5.99,83.86,289,0,Tuesday,3,2022
2022-03-09,P003,Notebook A5,Stationery,12,5.99,71.88,285,0,Wednesday,3,2022
2022-03-10,P003,Notebook A5,Stationery,11,5.99,65.89,281,0,Thursday,3,2022
2022-03-11,P003,Notebook A5,Stationery,23,5.99,137.77,273,0,Friday,3,2022
2022-03-12,P003,Notebook A5,Stationery,11,5.99,65.89,284,0,Saturday,3,2022
2022-03-13,P003,Notebook A5,Stationery,27,5.99,161.73,259,0,Sunday,3,2022
2022-03-14,P003,Notebook A5,Stationery,10,5.99,59.9,304,0,Monday,3,2022
2022-03-15,P003,Notebook A5,Stationery,15,5.99,89.85,265,0,Tuesday,3,2022
2022-03-16,P003,Notebook A5,Stationery,22,5.99,131.78,275,0,Wednesday,3,2022
2022-03-17,P003,Notebook A5,Stationery,32,4.79,153.34,265,1,Thursday,3,2022
2022-03-18,P003,Notebook A5,Stationery,8,5.99,47.92,294,0,Friday,3,2022
2022-03-19,P003,Notebook A5,Stationery,34,4.79,162.93,246,1,Saturday,3,2022
2022-03-20,P003,Notebook A5,Stationery,11,5.99,65.89,300,0,Sunday,3,2022
2022-03-21,P003,Notebook A5,Stationery,14,5.99,83.86,267,0,Monday,3,2022
2022-03-22,P003,Notebook A5,Stationery,8,5.99,47.92,275,0,Tuesday,3,2022
2022-03-23,P003,Notebook A5,Stationery,19,5.99,113.81,275,0,Wednesday,3,2022
2022-03-24,P003,Notebook A5,Stationery,8,5.99,47.92,310,0,Thursday,3,2022
2022-03-25,P003,Notebook A5,Stationery,5,5.99,29.95,309,0,Friday,3,2022
2022-03-26,P003,Notebook A5,Stationery,18,5.99,107.82,273,0,Saturday,3,2022
2022-03-27,P003,Notebook A5,Stationery,14,5.99,83.86,289,0,Sunday,3,2022
2022-03-28,P003,Notebook A5,Stationery,8,5.99,47.92,311,0,Monday,3,2022
2022-03-29,P003,Notebook A5,Stationery,18,5.99,107.82,295,0,Tuesday,3,2022
2022-03-30,P003,Notebook A5,Stationery,18,4.79,86.26,263,1,Wednesday,3,2022
2022-03-31,P003,Notebook A5,Stationery,29,4.79,138.97,279,1,Thursday,3,2022
2022-04-01,P003,Notebook A5,Stationery,16,5.99,95.84,295,0,Friday,4,2022
2022-04-02,P003,Notebook A5,Stationery,14,5.99,83.86,282,0,Saturday,4,2022
2022-04-03,P003,Notebook A5,Stationery,14,5.99,83.86,305,0,Sunday,4,2022
2022-04-04,P003,Notebook A5,Stationery,8,5.99,47.92,274,0,Monday,4,2022
2022-04-05,P003,Notebook A5,Stationery,13,5.99,77.87,284,0,Tuesday,4,2022
2022-04-06,P003,Notebook A5,Stationery,16,5.99,95.84,270,0,Wednesday,4,2022
2022-04-07,P003,Notebook A5,Stationery,21,5.99,125.79,272,0,Thursday,4,2022
2022-04-08,P003,Notebook A5,Stationery,12,5.99,71.88,268,0,Friday,4,2022
2022-04-09,P003,Notebook A5,Stationery,12,5.99,71.88,287,0,Saturday,4,2022
2022-04-10,P003,Notebook A5,Stationery,7,5.99,41.93,288,0,Sunday,4,2022
2022-04-11,P003,Notebook A5,Stationery,24,5.99,143.76,286,0,Monday,4,2022
2022-04-12,P003,Notebook A5,Stationery,13,5.99,77.87,289,0,Tuesday,4,2022
2022-04-13,P003,Notebook A5,Stationery,15,5.99,89.85,298,0,Wednesday,4,2022
2022-04-14,P003,Notebook A5,Stationery,11,5.99,65.89,290,0,Thursday,4,2022
2022-04-15,P003,Notebook A5,Stationery,9,5.99,53.91,303,0,Friday,4,2022
2022-04-16,P003,Notebook A5,Stationery,23,4.79,110.22,266,1,Saturday,4,2022
2022-04-17,P003,Notebook A5,Stationery,8,5.99,47.92,283,0,Sunday,4,2022
2022-04-18,P003,Notebook A5,Stationery,10,5.99,59.9,301,0,Monday,4,2022
2022-04-19,P003,Notebook A5,Stationery,14,5.99,83.86,294,0,Tuesday,4,2022
2022-04-20,P003,Notebook A5,Stationery,26,4.79,124.59,255,1,Wednesday,4,2022
2022-04-21,P003,Notebook A5,Stationery,3,5.99,17.97,300,0,Thursday,4,2022
2022-04-22,P003,Notebook A5,Stationery,11,5.99,65.89,289,0,Friday,4,2022
2022-04-23,P003,Notebook A5,Stationery,18,5.99,107.82,278,0,Saturday,4,2022
2022-04-24,P003,Notebook A5,Stationery,17,5.99,101.83,294,0,Sunday,4,2022
2022-04-25,P003,Notebook A5,Stationery,14,5.99,83.86,291,0,Monday,4,2022
2022-04-26,P003,Notebook A5,Stationery,15,5.99,89.85,298,0,Tuesday,4,2022
2022-04-27,P003,Notebook A5,Stationery,13,5.99,77.87,267,0,Wednesday,4,2022
2022-04-28,P003,Notebook A5,Stationery,21,4.79,100.63,265,1,Thursday,4,2022
2022-04-29,P003,Notebook A5,Stationery,13,5.99,77.87,267,0,Friday,4,2022
2022-04-30,P003,Notebook A5,Stationery,20,5.99,119.8,281,0,Saturday,4,2022
2022-05-01,P003,Notebook A5,Stationery,21,5.99,125.79,277,0,Sunday,5,2022
2022-05-02,P003,Notebook A5,Stationery,9,5.99,53.91,272,0,Monday,5,2022
2022-05-03,P003,Notebook A5,Stationery,7,5.99,41.93,274,0,Tuesday,5,2022
2022-05-04,P003,Notebook A5,Stationery,13,4.79,62.3,302,1,Wednesday,5,2022
2022-05-05,P003,Notebook A5,Stationery,12,5.99,71.88,300,0,Thursday,5,2022
2022-05-06,P003,Notebook A5,Stationery,23,5.99,137.77,270,0,Friday,5,2022
2022-05-07,P003,Notebook A5,Stationery,15,5.99,89.85,272,0,Saturday,5,2022
2022-05-08,P003,Notebook A5,Stationery,20,5.99,119.8,278,0,Sunday,5,2022
2022-05-09,P003,Notebook A5,Stationery,17,5.99,101.83,293,0,Monday,5,2022
2022-05-10,P003,Notebook A5,Stationery,15,5.99,89.85,285,0,Tuesday,5,2022
2022-05-11,P003,Notebook A5,Stationery,14,5.99,83.86,275,0,Wednesday,5,2022
2022-05-12,P003,Notebook A5,Stationery,12,5.99,71.88,283,0,Thursday,5,2022
2022-05-13,P003,Notebook A5,Stationery,9,5.99,53.91,287,0,Friday,5,2022
2022-05-14,P003,Notebook A5,Stationery,26,5.99,155.74,271,0,Saturday,5,2022
2022-05-15,P003,Notebook A5,Stationery,16,5.99,95.84,266,0,Sunday,5,2022
2022-05-16,P003,Notebook A5,Stationery,4,5.99,23.96,304,0,Monday,5,2022
2022-05-17,P003,Notebook A5,Stationery,15,4.79,71.88,270,1,Tuesday,5,2022
2022-05-18,P003,Notebook A5,Stationery,8,5.99,47.92,284,0,Wednesday,5,2022
2022-05-19,P003,Notebook A5,Stationery,11,5.99,65.89,290,0,Thursday,5,2022
2022-05-20,P003,Notebook A5,Stationery,13,5.99,77.87,297,0,Friday,5,2022
2022-05-21,P003,Notebook A5,Stationery,22,5.99,131.78,285,0,Saturday,5,2022
2022-05-22,P003,Notebook A5,Stationery,29,4.79,138.97,252,1,Sunday,5,2022
2022-05-23,P003,Notebook A5,Stationery,14,5.99,83.86,266,0,Monday,5,2022
2022-05-24,P003,Notebook A5,Stationery,16,5.99,95.84,280,0,Tuesday,5,2022
2022-05-25,P003,Notebook A5,Stationery,10,5.99,59.9,286,0,Wednesday,5,2022
2022-05-26,P003,Notebook A5,Stationery,16,5.99,95.84,284,0,Thursday,5,2022
2022-05-27,P003,Notebook A5,Stationery,7,5.99,41.93,287,0,Friday,5,2022
2022-05-28,P003,Notebook A5,Stationery,21,5.99,125.79,263,0,Saturday,5,2022
2022-05-29,P003,Notebook A5,Stationery,29,4.79,138.97,289,1,Sunday,5,2022
2022-05-30,P003,Notebook A5,Stationery,16,5.99,95.84,285,0,Monday,5,2022
2022-05-31,P003,Notebook A5,Stationery,15,5.99,89.85,285,0,Tuesday,5,2022
2022-06-01,P003,Notebook A5,Stationery,25,5.99,149.75,276,0,Wednesday,6,2022
2022-06-02,P003,Notebook A5,Stationery,27,4.79,129.38,257,1,Thursday,6,2022
2022-06-03,P003,Notebook A5,Stationery,15,5.99,89.85,281,0,Friday,6,2022
2022-06-04,P003,Notebook A5,Stationery,44,4.79,210.85,249,1,Saturday,6,2022
2022-06-05,P003,Notebook A5,Stationery,28,5.99,167.72,289,0,Sunday,6,2022
2022-06-06,P003,Notebook A5,Stationery,22,5.99,131.78,280,0,Monday,6,2022
2022-06-07,P003,Notebook A5,Stationery,17,5.99,101.83,296,0,Tuesday,6,2022
2022-06-08,P003,Notebook A5,Stationery,29,5.99,173.71,263,0,Wednesday,6,2022
2022-06-09,P003,Notebook A5,Stationery,36,4.79,172.51,261,1,Thursday,6,2022
2022-06-10,P003,Notebook A5,Stationery,16,5.99,95.84,280,0,Friday,6,2022
2021-01-01,P004,Ballpoint Pen Pack,Stationery,89,3.99,355.11,328,0,Friday,1,2021
2021-01-02,P004,Ballpoint Pen Pack,Stationery,112,3.99,446.88,285,0,Saturday,1,2021
2021-01-03,P004,Ballpoint Pen Pack,Stationery,102,3.99,406.98,317,0,Sunday,1,2021
2021-01-04,P004,Ballpoint Pen Pack,Stationery,56,3.99,223.44,343,0,Monday,1,2021
2021-01-05,P004,Ballpoint Pen Pack,Stationery,57,3.99,227.43,341,0,Tuesday,1,2021
2021-01-06,P004,Ballpoint Pen Pack,Stationery,42,3.99,167.58,365,0,Wednesday,1,2021
2021-01-07,P004,Ballpoint Pen Pack,Stationery,67,3.99,267.33,341,0,Thursday,1,2021
2021-01-08,P004,Ballpoint Pen Pack,Stationery,72,3.99,287.28,326,0,Friday,1,2021
2021-01-09,P004,Ballpoint Pen Pack,Stationery,70,3.99,279.3,348,0,Saturday,1,2021
2021-01-10,P004,Ballpoint Pen Pack,Stationery,69,3.99,275.31,350,0,Sunday,1,2021
2021-01-11,P004,Ballpoint Pen Pack,Stationery,61,3.19,194.71,323,1,Monday,1,2021
2021-01-12,P004,Ballpoint Pen Pack,Stationery,61,3.99,243.39,328,0,Tuesday,1,2021
2021-01-13,P004,Ballpoint Pen Pack,Stationery,60,3.99,239.4,332,0,Wednesday,1,2021
2021-01-14,P004,Ballpoint Pen Pack,Stationery,50,3.99,199.5,331,0,Thursday,1,2021
2021-01-15,P004,Ballpoint Pen Pack,Stationery,48,3.99,191.52,337,0,Friday,1,2021
2021-01-16,P004,Ballpoint Pen Pack,Stationery,69,3.99,275.31,327,0,Saturday,1,2021
2021-01-17,P004,Ballpoint Pen Pack,Stationery,66,3.99,263.34,330,0,Sunday,1,2021
2021-01-18,P004,Ballpoint Pen Pack,Stationery,80,3.19,255.36,337,1,Monday,1,2021
2021-01-19,P004,Ballpoint Pen Pack,Stationery,50,3.99,199.5,347,0,Tuesday,1,2021
2021-01-20,P004,Ballpoint Pen Pack,Stationery,46,3.99,183.54,351,0,Wednesday,1,2021
2021-01-21,P004,Ballpoint Pen Pack,Stationery,41,3.99,163.59,371,0,Thursday,1,2021
2021-01-22,P004,Ballpoint Pen Pack,Stationery,51,3.99,203.49,366,0,Friday,1,2021
2021-01-23,P004,Ballpoint Pen Pack,Stationery,66,3.99,263.34,350,0,Saturday,1,2021
2021-01-24,P004,Ballpoint Pen Pack,Stationery,68,3.99,271.32,319,0,Sunday,1,2021
2021-01-25,P004,Ballpoint Pen Pack,Stationery,50,3.99,199.5,356,0,Monday,1,2021
2021-01-26,P004,Ballpoint Pen Pack,Stationery,55,3.99,219.45,333,0,Tuesday,1,2021
2021-01-27,P004,Ballpoint Pen Pack,Stationery,49,3.99,195.51,349,0,Wednesday,1,2021
2021-01-28,P004,Ballpoint Pen Pack,Stationery,48,3.99,191.52,339,0,Thursday,1,2021
2021-01-29,P004,Ballpoint Pen Pack,Stationery,54,3.99,215.46,362,0,Friday,1,2021
2021-01-30,P004,Ballpoint Pen Pack,Stationery,87,3.19,277.7,330,1,Saturday,1,2021
2021-01-31,P004,Ballpoint Pen Pack,Stationery,60,3.99,239.4,338,0,Sunday,1,2021
