data/sales_data.csv
date,product_id,product_name,category,quantity_sold,unit_price,revenue,stock_level,promotion,day_of_week,month,year
2021-02-01,P004,Ballpoint Pen Pack,Stationery,33,3.99,131.67,383,0,Monday,2,2021
2021-02-02,P004,Ballpoint Pen Pack,Stationery,32,3.99,127.68,387,0,Tuesday,2,2021
2021-02-03,P004,Ballpoint Pen Pack,Stationery,32,3.99,127.68,351,0,Wednesday,2,2021
2021-02-04,P004,Ballpoint Pen Pack,Stationery,40,3.99,159.6,374,0,Thursday,2,2021
2021-02-05,P004,Ballpoint Pen Pack,Stationery,47,3.19,150.02,369,1,Friday,2,2021
2021-02-06,P004,Ballpoint Pen Pack,Stationery,45,3.99,179.55,344,0,Saturday,2,2021
2021-02-07,P004,Ballpoint Pen Pack,Stationery,34,3.99,135.66,362,0,Sunday,2,2021
2021-02-08,P004,Ballpoint Pen Pack,Stationery,35,3.99,139.65,372,0,Monday,2,2021
2021-02-09,P004,Ballpoint Pen Pack,Stationery,23,3.99,91.77,358,0,Tuesday,2,2021
2021-02-10,P004,Ballpoint Pen Pack,Stationery,37,3.99,147.63,381,0,Wednesday,2,2021
2021-02-11,P004,Ballpoint Pen Pack,Stationery,27,3.99,107.73,388,0,Thursday,2,2021
2021-02-12,P004,Ballpoint Pen Pack,Stationery,28,3.99,111.72,385,0,Friday,2,2021
2021-02-13,P004,Ballpoint Pen Pack,Stationery,31,3.99,123.69,384,0,Saturday,2,2021
2021-02-14,P004,Ballpoint Pen Pack,Stationery,32,3.99,127.68,384,0,Sunday,2,2021
2021-02-15,P004,Ballpoint Pen Pack,Stationery,21,3.99,83.79,359,0,Monday,2,2021
2021-02-16,P004,Ballpoint Pen Pack,Stationery,28,3.99,111.72,370,0,Tuesday,2,2021
2021-02-17,P004,Ballpoint Pen Pack,Stationery,18,3.99,71.82,397,0,Wednesday,2,2021
2021-02-18,P004,Ballpoint Pen Pack,Stationery,26,3.99,103.74,363,0,Thursday,2,2021
2021-02-19,P004,Ballpoint Pen Pack,Stationery,31,3.99,123.69,381,0,Friday,2,2021
2021-02-20,P004,Ballpoint Pen Pack,Stationery,45,3.99,179.55,370,0,Saturday,2,2021
2021-02-21,P004,Ballpoint Pen Pack,Stationery,36,3.99,143.64,373,0,Sunday,2,2021
2021-02-22,P004,Ballpoint Pen Pack,Stationery,21,3.99,83.79,359,0,Monday,2,2021
2021-02-23,P004,Ballpoint Pen Pack,Stationery,27,3.99,107.73,385,0,Tuesday,2,2021
2021-02-24,P004,Ballpoint Pen Pack,Stationery,35,3.99,139.65,375,0,Wednesday,2,2021
2021-02-25,P004,Ballpoint Pen Pack,Stationery,34,3.99,135.66,384,0,Thursday,2,2021
2021-02-26,P004,Ballpoint Pen Pack,Stationery,23,3.99,91.77,367,0,Friday,2,2021
2021-02-27,P004,Ballpoint Pen Pack,Stationery,39,3.99,155.61,372,0,Saturday,2,2021
2021-02-28,P004,Ballpoint Pen Pack,Stationery,24,3.99,95.76,369,0,Sunday,2,2021
2021-03-01,P004,Ballpoint Pen Pack,Stationery,20,3.99,79.8,396,0,Monday,3,2021
2021-03-02,P004,Ballpoint Pen Pack,Stationery,33,3.99,131.67,358,0,Tuesday,3,2021
2021-03-03,P004,Ballpoint Pen Pack,Stationery,33,3.99,131.67,365,0,Wednesday,3,2021
2021-03-04,P004,Ballpoint Pen Pack,Stationery,33,3.99,131.67,365,0,Thursday,3,2021
2021-03-05,P004,Ballpoint Pen Pack,Stationery,19,3.99,75.81,391,0,Friday,3,2021
2021-03-06,P004,Ballpoint Pen Pack,Stationery,29,3.99,115.71,367,0,Saturday,3,2021
2021-03-07,P004,Ballpoint Pen Pack,Stationery,33,3.19,105.34,361,1,Sunday,3,2021
2021-03-08,P004,Ballpoint Pen Pack,Stationery,12,3.99,47.88,407,0,Monday,3,2021
2021-03-09,P004,Ballpoint Pen Pack,Stationery,28,3.99,111.72,354,0,Tuesday,3,2021
2021-03-10,P004,Ballpoint Pen Pack,Stationery,16,3.99,63.84,386,0,Wednesday,3,2021
2021-03-11,P004,Ballpoint Pen Pack,Stationery,18,3.99,71.82,400,0,Thursday,3,2021
2021-03-12,P004,Ballpoint Pen Pack,Stationery,18,3.99,71.82,375,0,Friday,3,2021
2021-03-13,P004,Ballpoint Pen Pack,Stationery,18,3.99,71.82,365,0,Saturday,3,2021
2021-03-14,P004,Ballpoint Pen Pack,Stationery,26,3.99,103.74,354,0,Sunday,3,2021
2021-03-15,P004,Ballpoint Pen Pack,Stationery,13,3.99,51.87,378,0,Monday,3,2021
2021-03-16,P004,Ballpoint Pen Pack,Stationery,20,3.99,79.8,387,0,Tuesday,3,2021
2021-03-17,P004,Ballpoint Pen Pack,Stationery,18,3.99,71.82,376,0,Wednesday,3,2021
2021-03-18,P004,Ballpoint Pen Pack,Stationery,13,3.99,51.87,377,0,Thursday,3,2021
2021-03-19,P004,Ballpoint Pen Pack,Stationery,20,3.99,79.8,393,0,Friday,3,2021
2021-03-20,P004,Ballpoint Pen Pack,Stationery,50,3.19,159.6,368,1,Saturday,3,2021
2021-03-21,P004,Ballpoint Pen Pack,Stationery,22,3.99,87.78,395,0,Sunday,3,2021
2021-03-22,P004,Ballpoint Pen Pack,Stationery,19,3.99,75.81,362,0,Monday,3,2021
2021-03-23,P004,Ballpoint Pen Pack,Stationery,27,3.19,86.18,391,1,Tuesday,3,2021
2021-03-24,P004,Ballpoint Pen Pack,Stationery,13,3.99,51.87,381,0,Wednesday,3,2021
2021-03-25,P004,Ballpoint Pen Pack,Stationery,19,3.99,75.81,370,0,Thursday,3,2021
2021-03-26,P004,Ballpoint Pen Pack,Stationery,14,3.99,55.86,376,0,Friday,3,2021
2021-03-27,P004,Ballpoint Pen Pack,Stationery,24,3.99,95.76,381,0,Saturday,3,2021
2021-03-28,P004,Ballpoint Pen Pack,Stationery,17,3.99,67.83,391,0,Sunday,3,2021
2021-03-29,P004,Ballpoint Pen Pack,Stationery,18,3.99,71.82,387,0,Monday,3,2021
2021-03-30,P004,Ballpoint Pen Pack,Stationery,31,3.99,123.69,360,0,Tuesday,3,2021
2021-03-31,P004,Ballpoint Pen Pack,Stationery,20,3.99,79.8,387,0,Wednesday,3,2021
2021-04-01,P004,Ballpoint Pen Pack,Stationery,27,3.99,107.73,378,0,Thursday,4,2021
2021-04-02,P004,Ballpoint Pen Pack,Stationery,7,3.99,27.93,399,0,Friday,4,2021
2021-04-03,P004,Ballpoint Pen Pack,Stationery,30,3.99,119.7,379,0,Saturday,4,2021
2021-04-04,P004,Ballpoint Pen Pack,Stationery,39,3.99,155.61,364,0,Sunday,4,2021
2021-04-05,P004,Ballpoint Pen Pack,Stationery,17,3.99,67.83,391,0,Monday,4,2021
2021-04-06,P004,Ballpoint Pen Pack,Stationery,10,3.99,39.9,375,0,Tuesday,4,2021
2021-04-07,P004,Ballpoint Pen Pack,Stationery,19,3.99,75.81,387,0,Wednesday,4,2021
2021-04-08,P004,Ballpoint Pen Pack,Stationery,7,3.99,27.93,391,0,Thursday,4,2021
2021-04-09,P004,Ballpoint Pen Pack,Stationery,14,3.99,55.86,392,0,Friday,4,2021
2021-04-10,P004,Ballpoint Pen Pack,Stationery,7,3.99,27.93,389,0,Saturday,4,2021
2021-04-11,P004,Ballpoint Pen Pack,Stationery,28,3.19,89.38,389,1,Sunday,4,2021
2021-04-12,P004,Ballpoint Pen Pack,Stationery,15,3.99,59.85,387,0,Monday,4,2021
2021-04-13,P004,Ballpoint Pen Pack,Stationery,19,3.19,60.65,379,1,Tuesday,4,2021
2021-04-14,P004,Ballpoint Pen Pack,Stationery,18,3.99,71.82,364,0,Wednesday,4,2021
2021-04-15,P004,Ballpoint Pen Pack,Stationery,18,3.99,71.82,376,0,Thursday,4,2021
2021-04-16,P004,Ballpoint Pen Pack,Stationery,25,3.99,99.75,382,0,Friday,4,2021
2021-04-17,P004,Ballpoint Pen Pack,Stationery,19,3.99,75.81,398,0,Saturday,4,2021
2021-04-18,P004,Ballpoint Pen Pack,Stationery,10,3.99,39.9,409,0,Sunday,4,2021
2021-04-19,P004,Ballpoint Pen Pack,Stationery,24,3.99,95.76,357,0,Monday,4,2021
2021-04-20,P004,Ballpoint Pen Pack,Stationery,16,3.99,63.84,373,0,Tuesday,4,2021
2021-04-21,P004,Ballpoint Pen Pack,Stationery,20,3.19,63.84,389,1,Wednesday,4,2021
2021-04-22,P004,Ballpoint Pen Pack,Stationery,18,3.99,71.82,395,0,Thursday,4,2021
2021-04-23,P004,Ballpoint Pen Pack,Stationery,25,3.99,99.75,364,0,Friday,4,2021
2021-04-24,P004,Ballpoint Pen Pack,Stationery,19,3.99,75.81,379,0,Saturday,4,2021
2021-04-25,P004,Ballpoint Pen Pack,Stationery,18,3.99,71.82,399,0,Sunday,4,2021
2021-04-26,P004,Ballpoint Pen Pack,Stationery,10,3.99,39.9,377,0,Monday,4,2021
2021-04-27,P004,Ballpoint Pen Pack,Stationery,18,3.99,71.82,370,0,Tuesday,4,2021
2021-04-28,P004,Ballpoint Pen Pack,Stationery,9,3.99,35.91,389,0,Wednesday,4,2021
2021-04-29,P004,Ballpoint Pen Pack,Stationery,10,3.99,39.9,396,0,Thursday,4,2021
2021-04-30,P004,Ballpoint Pen Pack,Stationery,5,3.99,19.95,407,0,Friday,4,2021
2021-05-01,P004,Ballpoint Pen Pack,Stationery,18,3.99,71.82,391,0,Saturday,5,2021
2021-05-02,P004,Ballpoint Pen Pack,Stationery,27,3.99,107.73,366,0,Sunday,5,2021
2021-05-03,P004,Ballpoint Pen Pack,Stationery,21,3.99,83.79,375,0,Monday,5,2021
2021-05-04,P004,Ballpoint Pen Pack,Stationery,27,3.99,107.73,357,0,Tuesday,5,2021
2021-05-05,P004,Ballpoint Pen Pack,Stationery,13,3.99,51.87,372,0,Wednesday,5,2021
2021-05-06,P004,Ballpoint Pen Pack,Stationery,19,3.99,75.81,381,0,Thursday,5,2021
2021-05-07,P004,Ballpoint Pen Pack,Stationery,12,3.99,47.88,383,0,Friday,5,2021
2021-05-08,P004,Ballpoint Pen Pack,Stationery,18,3.99,71.82,390,0,Saturday,5,2021
2021-05-09,P004,Ballpoint Pen Pack,Stationery,10,3.99,39.9,385,0,Sunday,5,2021
2021-05-10,P004,Ballpoint Pen Pack,Stationery,9,3.99,35.91,407,0,Monday,5,2021
2021-05-11,P004,Ballpoint Pen Pack,Stationery,26,3.99,103.74,377,0,Tuesday,5,2021
2021-05-12,P004,Ballpoint Pen Pack,Stationery,11,3.99,43.89,400,0,Wednesday,5,2021
2021-05-13,P004,Ballpoint Pen Pack,Stationery,27,3.99,107.73,353,0,Thursday,5,2021
2021-05-14,P004,Ballpoint Pen Pack,Stationery,25,3.99,99.75,376,0,Friday,5,2021
2021-05-15,P004,Ballpoint Pen Pack,Stationery,33,3.99,131.67,350,0,Saturday,5,2021
2021-05-16,P004,Ballpoint Pen Pack,Stationery,18,3.99,71.82,391,0,Sunday,5,2021
2021-05-17,P004,Ballpoint Pen Pack,Stationery,14,3.99,55.86,389,0,Monday,5,2021
2021-05-18,P004,Ballpoint Pen Pack,Stationery,10,3.99,39.9,388,0,Tuesday,5,2021
2021-05-19,P004,Ballpoint Pen Pack,Stationery,20,3.99,79.8,365,0,Wednesday,5,2021
2021-05-20,P004,Ballpoint Pen Pack,Stationery,23,3.99,91.77,377,0,Thursday,5,2021
2021-05-21,P004,Ballpoint Pen Pack,Stationery,4,3.99,15.96,403,0,Friday,5,2021
2021-05-22,P004,Ballpoint Pen Pack,Stationery,38,3.19,121.3,353,1,Saturday,5,2021
2021-05-23,P004,Ballpoint Pen Pack,Stationery,28,3.99,111.72,390,0,Sunday,5,2021
2021-05-24,P004,Ballpoint Pen Pack,Stationery,18,3.99,71.82,385,0,Monday,5,2021
2021-05-25,P004,Ballpoint Pen Pack,Stationery,19,3.99,75.81,400,0,Tuesday,5,2021
2021-05-26,P004,Ballpoint Pen Pack,Stationery,28,3.99,111.72,368,0,Wednesday,5,2021
2021-05-27,P004,Ballpoint Pen Pack,Stationery,37,3.19,118.1,361,1,Thursday,5,2021
2021-05-28,P004,Ballpoint Pen Pack,Stationery,17,3.99,67.83,363,0,Friday,5,2021
2021-05-29,P004,Ballpoint Pen Pack,Stationery,48,3.19,153.22,367,1,Saturday,5,2021
2021-05-30,P004,Ballpoint Pen Pack,Stationery,32,3.99,127.68,349,0,Sunday,5,2021
2021-05-31,P004,Ballpoint Pen Pack,Stationery,27,3.19,86.18,370,1,Monday,5,2021
2021-06-01,P004,Ballpoint Pen Pack,Stationery,24,3.99,95.76,390,0,Tuesday,6,2021
2021-06-02,P004,Ballpoint Pen Pack,Stationery,21,3.99,83.79,386,0,Wednesday,6,2021
2021-06-03,P004,Ballpoint Pen Pack,Stationery,26,3.99,103.74,355,0,Thursday,6,2021
2021-06-04,P004,Ballpoint Pen Pack,Stationery,27,3.99,107.73,359,0,Friday,6,2021
2021-06-05,P004,Ballpoint Pen Pack,Stationery,46,3.99,183.54,353,0,Saturday,6,2021
2021-06-06,P004,Ballpoint Pen Pack,Stationery,33,3.99,131.67,372,0,Sunday,6,2021
2021-06-07,P004,Ballpoint Pen Pack,Stationery,5,3.99,19.95,407,0,Monday,6,2021
2021-06-08,P004,Ballpoint Pen Pack,Stationery,22,3.99,87.78,397,0,Tuesday,6,2021
2021-06-09,P004,Ballpoint Pen Pack,Stationery,26,3.99,103.74,370,0,Wednesday,6,2021
2021-06-10,P004,Ballpoint Pen Pack,Stationery,34,3.99,135.66,366,0,Thursday,6,2021
2021-06-11,P004,Ballpoint Pen Pack,Stationery,30,3.99,119.7,381,0,Friday,6,2021
2021-06-12,P004,Ballpoint Pen Pack,Stationery,51,3.99,203.49,332,0,Saturday,6,2021
2021-06-13,P004,Ballpoint Pen Pack,Stationery,26,3.99,103.74,390,0,Sunday,6,2021
2021-06-14,P004,Ballpoint Pen Pack,Stationery,28,3.99,111.72,385,0,Monday,6,2021
2021-06-15,P004,Ballpoint Pen Pack,Stationery,21,3.99,83.79,373,0,Tuesday,6,2021
2021-06-16,P004,Ballpoint Pen Pack,Stationery,25,3.99,99.75,358,0,Wednesday,6,2021
2021-06-17,P004,Ballpoint Pen Pack,Stationery,25,3.99,99.75,367,0,Thursday,6,2021
2021-06-18,P004,Ballpoint Pen Pack,Stationery,29,3.99,115.71,366,0,Friday,6,2021
2021-06-19,P004,Ballpoint Pen Pack,Stationery,45,3.99,179.55,341,0,Saturday,6,2021
2021-06-20,P004,Ballpoint Pen Pack,Stationery,44,3.99,175.56,354,0,Sunday,6,2021
2021-06-21,P004,Ballpoint Pen Pack,Stationery,23,3.99,91.77,384,0,Monday,6,2021
2021-06-22,P004,Ballpoint Pen Pack,Stationery,26,3.99,103.74,367,0,Tuesday,6,2021
2021-06-23,P004,Ballpoint Pen Pack,Stationery,35,3.99,139.65,379,0,Wednesday,6,2021
2021-06-24,P004,Ballpoint Pen Pack,Stationery,40,3.99,159.6,379,0,Thursday,6,2021
2021-06-25,P004,Ballpoint Pen Pack,Stationery,29,3.99,115.71,379,0,Friday,6,2021
2021-06-26,P004,Ballpoint Pen Pack,Stationery,32,3.99,127.68,362,0,Saturday,6,2021
2021-06-27,P004,Ballpoint Pen Pack,Stationery,41,3.99,163.59,348,0,Sunday,6,2021
2021-06-28,P004,Ballpoint Pen Pack,Stationery,29,3.99,115.71,358,0,Monday,6,2021
2021-06-29,P004,Ballpoint Pen Pack,Stationery,36,3.99,143.64,366,0,Tuesday,6,2021
2021-06-30,P004,Ballpoint Pen Pack,Stationery,29,3.99,115.71,374,0,Wednesday,6,2021
2021-07-01,P004,Ballpoint Pen Pack,Stationery,44,3.99,175.56,371,0,Thursday,7,2021
2021-07-02,P004,Ballpoint Pen Pack,Stationery,29,3.99,115.71,385,0,Friday,7,2021
2021-07-03,P004,Ballpoint Pen Pack,Stationery,43,3.99,171.57,375,0,Saturday,7,2021
2021-07-04,P004,Ballpoint Pen Pack,Stationery,26,3.99,103.74,388,0,Sunday,7,2021
2021-07-05,P004,Ballpoint Pen Pack,Stationery,30,3.99,119.7,379,0,Monday,7,2021
2021-07-06,P004,Ballpoint Pen Pack,Stationery,38,3.99,151.62,346,0,Tuesday,7,2021
2021-07-07,P004,Ballpoint Pen Pack,Stationery,37,3.99,147.63,367,0,Wednesday,7,2021
2021-07-08,P004,Ballpoint Pen Pack,Stationery,43,3.99,171.57,351,0,Thursday,7,2021
2021-07-09,P004,Ballpoint Pen Pack,Stationery,34,3.99,135.66,367,0,Friday,7,2021
2021-07-10,P004,Ballpoint Pen Pack,Stationery,48,3.99,191.52,366,0,Saturday,7,2021
2021-07-11,P004,Ballpoint Pen Pack,Stationery,49,3.99,195.51,340,0,Sunday,7,2021
2021-07-12,P004,Ballpoint Pen Pack,Stationery,34,3.99,135.66,380,0,Monday,7,2021
2021-07-13,P004,Ballpoint Pen Pack,Stationery,35,3.99,139.65,350,0,Tuesday,7,2021
2021-07-14,P004,Ballpoint Pen Pack,Stationery,67,3.19,213.86,343,1,Wednesday,7,2021
2021-07-15,P004,Ballpoint Pen Pack,Stationery,50,3.19,159.6,357,1,Thursday,7,2021
2021-07-16,P004,Ballpoint Pen Pack,Stationery,30,3.99,119.7,379,0,Friday,7,2021
2021-07-17,P004,Ballpoint Pen Pack,Stationery,48,3.99,191.52,339,0,Saturday,7,2021
2021-07-18,P004,Ballpoint Pen Pack,Stationery,70,3.19,223.44,318,1,Sunday,7,2021
2021-07-19,P004,Ballpoint Pen Pack,Stationery,33,3.99,131.67,348,0,Monday,7,2021
2021-07-20,P004,Ballpoint Pen Pack,Stationery,39,3.99,155.61,348,0,Tuesday,7,2021
2021-07-21,P004,Ballpoint Pen Pack,Stationery,45,3.99,179.55,359,0,Wednesday,7,2021
2021-07-22,P004,Ballpoint Pen Pack,Stationery,44,3.99,175.56,337,0,Thursday,7,2021
2021-07-23,P004,Ballpoint Pen Pack,Stationery,44,3.99,175.56,368,0,Friday,7,2021
2021-07-24,P004,Ballpoint Pen Pack,Stationery,58,3.99,231.42,326,0,Saturday,7,2021
2021-07-25,P004,Ballpoint Pen Pack,Stationery,82,3.19,261.74,335,1,Sunday,7,2021
2021-07-26,P004,Ballpoint Pen Pack,Stationery,62,3.19,197.9,318,1,Monday,7,2021
2021-07-27,P004,Ballpoint Pen Pack,Stationery,41,3.99,163.59,354,0,Tuesday,7,2021
2021-07-28,P004,Ballpoint Pen Pack,Stationery,53,3.99,211.47,352,0,Wednesday,7,2021
2021-07-29,P004,Ballpoint Pen Pack,Stationery,40,3.99,159.6,369,0,Thursday,7,2021
2021-07-30,P004,Ballpoint Pen Pack,Stationery,31,3.99,123.69,384,0,Friday,7,2021
2021-07-31,P004,Ballpoint Pen Pack,Stationery,52,3.99,207.48,361,0,Saturday,7,2021
2021-08-01,P004,Ballpoint Pen Pack,Stationery,59,3.99,235.41,357,0,Sunday,8,2021
2021-08-02,P004,Ballpoint Pen Pack,Stationery,34,3.99,135.66,384,0,Monday,8,2021
2021-08-03,P004,Ballpoint Pen Pack,Stationery,55,3.99,219.45,325,0,Tuesday,8,2021
2021-08-04,P004,Ballpoint Pen Pack,Stationery,50,3.99,199.5,367,0,Wednesday,8,2021
2021-08-05,P004,Ballpoint Pen Pack,Stationery,39,3.99,155.61,349,0,Thursday,8,2021
2021-08-06,P004,Ballpoint Pen Pack,Stationery,48,3.99,191.52,369,0,Friday,8,2021
2021-08-07,P004,Ballpoint Pen Pack,Stationery,71,3.99,283.29,348,0,Saturday,8,2021
2021-08-08,P004,Ballpoint Pen Pack,Stationery,54,3.99,215.46,355,0,Sunday,8,2021
2021-08-09,P004,Ballpoint Pen Pack,Stationery,39,3.99,155.61,362,0,Monday,8,2021
2021-08-10,P004,Ballpoint Pen Pack,Stationery,48,3.99,191.52,346,0,Tuesday,8,2021
2021-08-11,P004,Ballpoint Pen Pack,Stationery,56,3.99,223.44,362,0,Wednesday,8,2021
2021-08-12,P004,Ballpoint Pen Pack,Stationery,43,3.99,171.57,354,0,Thursday,8,2021
2021-08-13,P004,Ballpoint Pen Pack,Stationery,74,3.19,236.21,332,1,Friday,8,2021
2021-08-14,P004,Ballpoint Pen Pack,Stationery,66,3.99,263.34,331,0,Saturday,8,2021
2021-08-15,P004,Ballpoint Pen Pack,Stationery,60,3.99,239.4,341,0,Sunday,8,2021
2021-08-16,P004,Ballpoint Pen Pack,Stationery,54,3.99,215.46,334,0,Monday,8,2021
2021-08-17,P004,Ballpoint Pen Pack,Stationery,61,3.99,243.39,353,0,Tuesday,8,2021
2021-08-18,P004,Ballpoint Pen Pack,Stationery,52,3.99,207.48,338,0,Wednesday,8,2021
2021-08-19,P004,Ballpoint Pen Pack,Stationery,56,3.99,223.44,345,0,Thursday,8,2021
2021-08-20,P004,Ballpoint Pen Pack,Stationery,66,3.99,263.34,341,0,Friday,8,2021
2021-08-21,P004,Ballpoint Pen Pack,Stationery,131,3.19,418.15,263,1,Saturday,8,2021
2021-08-22,P004,Ballpoint Pen Pack,Stationery,69,3.99,275.31,340,0,Sunday,8,2021
2021-08-23,P004,Ballpoint Pen Pack,Stationery,70,3.19,223.44,326,1,Monday,8,2021
2021-08-24,P004,Ballpoint Pen Pack,Stationery,57,3.99,227.43,346,0,Tuesday,8,2021
2021-08-25,P004,Ballpoint Pen Pack,Stationery,90,3.19,287.28,315,1,Wednesday,8,2021
2021-08-26,P004,Ballpoint Pen Pack,Stationery,62,3.99,247.38,350,0,Thursday,8,2021
2021-08-27,P004,Ballpoint Pen Pack,Stationery,41,3.99,163.59,343,0,Friday,8,2021
2021-08-28,P004,Ballpoint Pen Pack,Stationery,78,3.99,311.22,322,0,Saturday,8,2021
2021-08-29,P004,Ballpoint Pen Pack,Stationery,60,3.99,239.4,354,0,Sunday,8,2021
2021-08-30,P004,Ballpoint Pen Pack,Stationery,54,3.99,215.46,326,0,Monday,8,2021
2021-08-31,P004,Ballpoint Pen Pack,Stationery,64,3.99,255.36,351,0,Tuesday,8,2021
2021-09-01,P004,Ballpoint Pen Pack,Stationery,63,3.99,251.37,341,0,Wednesday,9,2021
2021-09-02,P004,Ballpoint Pen Pack,Stationery,50,3.99,199.5,355,0,Thursday,9,2021
2021-09-03,P004,Ballpoint Pen Pack,Stationery,54,3.99,215.46,336,0,Friday,9,2021
2021-09-04,P004,Ballpoint Pen Pack,Stationery,90,3.99,359.1,297,0,Saturday,9,2021
2021-09-05,P004,Ballpoint Pen Pack,Stationery,73,3.99,291.27,333,0,Sunday,9,2021
2021-09-06,P004,Ballpoint Pen Pack,Stationery,44,3.99,175.56,366,0,Monday,9,2021
