data/sales_data.csv
date,product_id,product_name,category,quantity_sold,unit_price,revenue,stock_level,promotion,day_of_week,month,year
2021-09-07,P004,Ballpoint Pen Pack,Stationery,93,3.19,296.86,293,1,Tuesday,9,2021
2021-09-08,P004,Ballpoint Pen Pack,Stationery,59,3.99,235.41,343,0,Wednesday,9,2021
2021-09-09,P004,Ballpoint Pen Pack,Stationery,65,3.99,259.35,333,0,Thursday,9,2021
2021-09-10,P004,Ballpoint Pen Pack,Stationery,71,3.99,283.29,335,0,Friday,9,2021
2021-09-11,P004,Ballpoint Pen Pack,Stationery,71,3.99,283.29,326,0,Saturday,9,2021
2021-09-12,P004,Ballpoint Pen Pack,Stationery,70,3.99,279.3,330,0,Sunday,9,2021
2021-09-13,P004,Ballpoint Pen Pack,Stationery,50,3.99,199.5,352,0,Monday,9,2021
2021-09-14,P004,Ballpoint Pen Pack,Stationery,67,3.99,267.33,338,0,Tuesday,9,2021
2021-09-15,P004,Ballpoint Pen Pack,Stationery,59,3.99,235.41,325,0,Wednesday,9,2021
2021-09-16,P004,Ballpoint Pen Pack,Stationery,43,3.99,171.57,375,0,Thursday,9,2021
2021-09-17,P004,Ballpoint Pen Pack,Stationery,67,3.99,267.33,349,0,Friday,9,2021
2021-09-18,P004,Ballpoint Pen Pack,Stationery,84,3.99,335.16,300,0,Saturday,9,2021
2021-09-19,P004,Ballpoint Pen Pack,Stationery,115,3.19,367.08,275,1,Sunday,9,2021
2021-09-20,P004,Ballpoint Pen Pack,Stationery,48,3.99,191.52,354,0,Monday,9,2021
2021-09-21,P004,Ballpoint Pen Pack,Stationery,57,3.99,227.43,349,0,Tuesday,9,2021
2021-09-22,P004,Ballpoint Pen Pack,Stationery,106,3.19,338.35,304,1,Wednesday,9,2021
2021-09-23,P004,Ballpoint Pen Pack,Stationery,68,3.99,271.32,340,0,Thursday,9,2021
2021-09-24,P004,Ballpoint Pen Pack,Stationery,54,3.99,215.46,328,0,Friday,9,2021
2021-09-25,P004,Ballpoint Pen Pack,Stationery,87,3.99,347.13,319,0,Saturday,9,2021
2021-09-26,P004,Ballpoint Pen Pack,Stationery,79,3.99,315.21,317,0,Sunday,9,2021
2021-09-27,P004,Ballpoint Pen Pack,Stationery,53,3.99,211.47,360,0,Monday,9,2021
2021-09-28,P004,Ballpoint Pen Pack,Stationery,61,3.99,243.39,348,0,Tuesday,9,2021
2021-09-29,P004,Ballpoint Pen Pack,Stationery,88,3.19,280.9,317,1,Wednesday,9,2021
2021-09-30,P004,Ballpoint Pen Pack,Stationery,62,3.99,247.38,344,0,Thursday,9,2021
2021-10-01,P004,Ballpoint Pen Pack,Stationery,65,3.99,259.35,317,0,Friday,10,2021
2021-10-02,P004,Ballpoint Pen Pack,Stationery,100,3.99,399.0,281,0,Saturday,10,2021
2021-10-03,P004,Ballpoint Pen Pack,Stationery,78,3.99,311.22,334,0,Sunday,10,2021
2021-10-04,P004,Ballpoint Pen Pack,Stationery,59,3.99,235.41,347,0,Monday,10,2021
2021-10-05,P004,Ballpoint Pen Pack,Stationery,61,3.99,243.39,344,0,Tuesday,10,2021
2021-10-06,P004,Ballpoint Pen Pack,Stationery,97,3.19,309.62,315,1,Wednesday,10,2021
2021-10-07,P004,Ballpoint Pen Pack,Stationery,65,3.99,259.35,346,0,Thursday,10,2021
2021-10-08,P004,Ballpoint Pen Pack,Stationery,66,3.99,263.34,351,0,Friday,10,2021
2021-10-09,P004,Ballpoint Pen Pack,Stationery,140,3.19,446.88,255,1,Saturday,10,2021
2021-10-10,P004,Ballpoint Pen Pack,Stationery,77,3.99,307.23,339,0,Sunday,10,2021
2021-10-11,P004,Ballpoint Pen Pack,Stationery,65,3.99,259.35,330,0,Monday,10,2021
2021-10-12,P004,Ballpoint Pen Pack,Stationery,64,3.99,255.36,334,0,Tuesday,10,2021
2021-10-13,P004,Ballpoint Pen Pack,Stationery,91,3.19,290.47,318,1,Wednesday,10,2021
2021-10-14,P004,Ballpoint Pen Pack,Stationery,51,3.99,203.49,340,0,Thursday,10,2021
2021-10-15,P004,Ballpoint Pen Pack,Stationery,64,3.99,255.36,344,0,Friday,10,2021
2021-10-16,P004,Ballpoint Pen Pack,Stationery,94,3.99,375.06,290,0,Saturday,10,2021
2021-10-17,P004,Ballpoint Pen Pack,Stationery,78,3.99,311.22,306,0,Sunday,10,2021
2021-10-18,P004,Ballpoint Pen Pack,Stationery,71,3.99,283.29,311,0,Monday,10,2021
2021-10-19,P004,Ballpoint Pen Pack,Stationery,60,3.99,239.4,340,0,Tuesday,10,2021
2021-10-20,P004,Ballpoint Pen Pack,Stationery,75,3.99,299.25,318,0,Wednesday,10,2021
2021-10-21,P004,Ballpoint Pen Pack,Stationery,75,3.99,299.25,309,0,Thursday,10,2021
2021-10-22,P004,Ballpoint Pen Pack,Stationery,81,3.99,323.19,325,0,Friday,10,2021
2021-10-23,P004,Ballpoint Pen Pack,Stationery,88,3.99,351.12,300,0,Saturday,10,2021
2021-10-24,P004,Ballpoint Pen Pack,Stationery,81,3.99,323.19,301,0,Sunday,10,2021
2021-10-25,P004,Ballpoint Pen Pack,Stationery,51,3.99,203.49,330,0,Monday,10,2021
2021-10-26,P004,Ballpoint Pen Pack,Stationery,97,3.19,309.62,314,1,Tuesday,10,2021
2021-10-27,P004,Ballpoint Pen Pack,Stationery,69,3.99,275.31,348,0,Wednesday,10,2021
2021-10-28,P004,Ballpoint Pen Pack,Stationery,68,3.99,271.32,349,0,Thursday,10,2021
2021-10-29,P004,Ballpoint Pen Pack,Stationery,67,3.99,267.33,344,0,Friday,10,2021
2021-10-30,P004,Ballpoint Pen Pack,Stationery,92,3.99,367.08,298,0,Saturday,10,2021
2021-10-31,P004,Ballpoint Pen Pack,Stationery,79,3.99,315.21,334,0,Sunday,10,2021
2021-11-01,P004,Ballpoint Pen Pack,Stationery,58,3.99,231.42,340,0,Monday,11,2021
2021-11-02,P004,Ballpoint Pen Pack,Stationery,57,3.99,227.43,361,0,Tuesday,11,2021
2021-11-03,P004,Ballpoint Pen Pack,Stationery,91,3.19,290.47,323,1,Wednesday,11,2021
2021-11-04,P004,Ballpoint Pen Pack,Stationery,104,3.19,331.97,289,1,Thursday,11,2021
2021-11-05,P004,Ballpoint Pen Pack,Stationery,71,3.99,283.29,321,0,Friday,11,2021
2021-11-06,P004,Ballpoint Pen Pack,Stationery,93,3.99,371.07,314,0,Saturday,11,2021
2021-11-07,P004,Ballpoint Pen Pack,Stationery,76,3.99,303.24,306,0,Sunday,11,2021
2021-11-08,P004,Ballpoint Pen Pack,Stationery,57,3.99,227.43,324,0,Monday,11,2021
2021-11-09,P004,Ballpoint Pen Pack,Stationery,65,3.99,259.35,327,0,Tuesday,11,2021
2021-11-10,P004,Ballpoint Pen Pack,Stationery,98,3.19,312.82,308,1,Wednesday,11,2021
2021-11-11,P004,Ballpoint Pen Pack,Stationery,59,3.99,235.41,357,0,Thursday,11,2021
2021-11-12,P004,Ballpoint Pen Pack,Stationery,68,3.99,271.32,341,0,Friday,11,2021
2021-11-13,P004,Ballpoint Pen Pack,Stationery,71,3.99,283.29,346,0,Saturday,11,2021
2021-11-14,P004,Ballpoint Pen Pack,Stationery,68,3.99,271.32,350,0,Sunday,11,2021
2021-11-15,P004,Ballpoint Pen Pack,Stationery,52,3.99,207.48,354,0,Monday,11,2021
2021-11-16,P004,Ballpoint Pen Pack,Stationery,66,3.99,263.34,333,0,Tuesday,11,2021
2021-11-17,P004,Ballpoint Pen Pack,Stationery,62,3.99,247.38,348,0,Wednesday,11,2021
2021-11-18,P004,Ballpoint Pen Pack,Stationery,64,3.99,255.36,323,0,Thursday,11,2021
2021-11-19,P004,Ballpoint Pen Pack,Stationery,57,3.99,227.43,327,0,Friday,11,2021
2021-11-20,P004,Ballpoint Pen Pack,Stationery,89,3.99,355.11,309,0,Saturday,11,2021
2021-11-21,P004,Ballpoint Pen Pack,Stationery,117,3.19,373.46,288,1,Sunday,11,2021
2021-11-22,P004,Ballpoint Pen Pack,Stationery,65,3.99,259.35,331,0,Monday,11,2021
2021-11-23,P004,Ballpoint Pen Pack,Stationery,70,3.99,279.3,334,0,Tuesday,11,2021
2021-11-24,P004,Ballpoint Pen Pack,Stationery,151,3.99,602.49,267,0,Wednesday,11,2021
2021-11-25,P004,Ballpoint Pen Pack,Stationery,160,3.99,638.4,253,0,Thursday,11,2021
2021-11-26,P004,Ballpoint Pen Pack,Stationery,147,3.99,586.53,270,0,Friday,11,2021
2021-11-27,P004,Ballpoint Pen Pack,Stationery,197,3.99,786.03,216,0,Saturday,11,2021
2021-11-28,P004,Ballpoint Pen Pack,Stationery,186,3.99,742.14,213,0,Sunday,11,2021
2021-11-29,P004,Ballpoint Pen Pack,Stationery,133,3.99,530.67,257,0,Monday,11,2021
2021-11-30,P004,Ballpoint Pen Pack,Stationery,143,3.99,570.57,275,0,Tuesday,11,2021
2021-12-01,P004,Ballpoint Pen Pack,Stationery,75,3.99,299.25,339,0,Wednesday,12,2021
2021-12-02,P004,Ballpoint Pen Pack,Stationery,50,3.99,199.5,347,0,Thursday,12,2021
2021-12-03,P004,Ballpoint Pen Pack,Stationery,53,3.99,211.47,331,0,Friday,12,2021
2021-12-04,P004,Ballpoint Pen Pack,Stationery,87,3.99,347.13,332,0,Saturday,12,2021
2021-12-05,P004,Ballpoint Pen Pack,Stationery,67,3.99,267.33,350,0,Sunday,12,2021
2021-12-06,P004,Ballpoint Pen Pack,Stationery,49,3.99,195.51,357,0,Monday,12,2021
2021-12-07,P004,Ballpoint Pen Pack,Stationery,60,3.99,239.4,351,0,Tuesday,12,2021
2021-12-08,P004,Ballpoint Pen Pack,Stationery,66,3.99,263.34,324,0,Wednesday,12,2021
2021-12-09,P004,Ballpoint Pen Pack,Stationery,56,3.99,223.44,339,0,Thursday,12,2021
2021-12-10,P004,Ballpoint Pen Pack,Stationery,65,3.99,259.35,331,0,Friday,12,2021
2021-12-11,P004,Ballpoint Pen Pack,Stationery,69,3.99,275.31,334,0,Saturday,12,2021
2021-12-12,P004,Ballpoint Pen Pack,Stationery,72,3.99,287.28,340,0,Sunday,12,2021
2021-12-13,P004,Ballpoint Pen Pack,Stationery,41,3.99,163.59,356,0,Monday,12,2021
2021-12-14,P004,Ballpoint Pen Pack,Stationery,59,3.99,235.41,347,0,Tuesday,12,2021
2021-12-15,P004,Ballpoint Pen Pack,Stationery,185,3.19,590.52,197,1,Wednesday,12,2021
2021-12-16,P004,Ballpoint Pen Pack,Stationery,114,3.99,454.86,298,0,Thursday,12,2021
2021-12-17,P004,Ballpoint Pen Pack,Stationery,115,3.99,458.85,267,0,Friday,12,2021
2021-12-18,P004,Ballpoint Pen Pack,Stationery,145,3.99,578.55,266,0,Saturday,12,2021
2021-12-19,P004,Ballpoint Pen Pack,Stationery,126,3.99,502.74,287,0,Sunday,12,2021
2021-12-20,P004,Ballpoint Pen Pack,Stationery,97,3.99,387.03,312,0,Monday,12,2021
2021-12-21,P004,Ballpoint Pen Pack,Stationery,108,3.99,430.92,288,0,Tuesday,12,2021
2021-12-22,P004,Ballpoint Pen Pack,Stationery,104,3.99,414.96,286,0,Wednesday,12,2021
2021-12-23,P004,Ballpoint Pen Pack,Stationery,100,3.99,399.0,319,0,Thursday,12,2021
2021-12-24,P004,Ballpoint Pen Pack,Stationery,104,3.99,414.96,310,0,Friday,12,2021
2021-12-25,P004,Ballpoint Pen Pack,Stationery,134,3.99,534.66,254,0,Saturday,12,2021
2021-12-26,P004,Ballpoint Pen Pack,Stationery,134,3.99,534.66,247,0,Sunday,12,2021
2021-12-27,P004,Ballpoint Pen Pack,Stationery,101,3.99,402.99,298,0,Monday,12,2021
2021-12-28,P004,Ballpoint Pen Pack,Stationery,103,3.99,410.97,313,0,Tuesday,12,2021
2021-12-29,P004,Ballpoint Pen Pack,Stationery,151,3.19,481.99,243,1,Wednesday,12,2021
2021-12-30,P004,Ballpoint Pen Pack,Stationery,103,3.99,410.97,297,0,Thursday,12,2021
2021-12-31,P004,Ballpoint Pen Pack,Stationery,97,3.99,387.03,286,0,Friday,12,2021
2022-01-01,P004,Ballpoint Pen Pack,Stationery,118,3.99,470.82,290,0,Saturday,1,2022
2022-01-02,P004,Ballpoint Pen Pack,Stationery,111,3.99,442.89,272,0,Sunday,1,2022
2022-01-03,P004,Ballpoint Pen Pack,Stationery,89,3.99,355.11,322,0,Monday,1,2022
2022-01-04,P004,Ballpoint Pen Pack,Stationery,61,3.99,243.39,333,0,Tuesday,1,2022
2022-01-05,P004,Ballpoint Pen Pack,Stationery,61,3.99,243.39,334,0,Wednesday,1,2022
2022-01-06,P004,Ballpoint Pen Pack,Stationery,56,3.99,223.44,333,0,Thursday,1,2022
2022-01-07,P004,Ballpoint Pen Pack,Stationery,53,3.99,211.47,327,0,Friday,1,2022
2022-01-08,P004,Ballpoint Pen Pack,Stationery,78,3.99,311.22,331,0,Saturday,1,2022
2022-01-09,P004,Ballpoint Pen Pack,Stationery,71,3.99,283.29,331,0,Sunday,1,2022
2022-01-10,P004,Ballpoint Pen Pack,Stationery,47,3.99,187.53,347,0,Monday,1,2022
2022-01-11,P004,Ballpoint Pen Pack,Stationery,61,3.99,243.39,342,0,Tuesday,1,2022
2022-01-12,P004,Ballpoint Pen Pack,Stationery,98,3.19,312.82,305,1,Wednesday,1,2022
2022-01-13,P004,Ballpoint Pen Pack,Stationery,50,3.99,199.5,360,0,Thursday,1,2022
2022-01-14,P004,Ballpoint Pen Pack,Stationery,55,3.99,219.45,344,0,Friday,1,2022
2022-01-15,P004,Ballpoint Pen Pack,Stationery,78,3.99,311.22,302,0,Saturday,1,2022
2022-01-16,P004,Ballpoint Pen Pack,Stationery,67,3.99,267.33,347,0,Sunday,1,2022
2022-01-17,P004,Ballpoint Pen Pack,Stationery,53,3.99,211.47,345,0,Monday,1,2022
2022-01-18,P004,Ballpoint Pen Pack,Stationery,46,3.99,183.54,367,0,Tuesday,1,2022
2022-01-19,P004,Ballpoint Pen Pack,Stationery,52,3.99,207.48,341,0,Wednesday,1,2022
2022-01-20,P004,Ballpoint Pen Pack,Stationery,56,3.99,223.44,329,0,Thursday,1,2022
2022-01-21,P004,Ballpoint Pen Pack,Stationery,45,3.99,179.55,342,0,Friday,1,2022
2022-01-22,P004,Ballpoint Pen Pack,Stationery,83,3.99,331.17,311,0,Saturday,1,2022
2022-01-23,P004,Ballpoint Pen Pack,Stationery,54,3.99,215.46,357,0,Sunday,1,2022
2022-01-24,P004,Ballpoint Pen Pack,Stationery,70,3.19,223.44,317,1,Monday,1,2022
2022-01-25,P004,Ballpoint Pen Pack,Stationery,48,3.99,191.52,339,0,Tuesday,1,2022
2022-01-26,P004,Ballpoint Pen Pack,Stationery,50,3.99,199.5,365,0,Wednesday,1,2022
2022-01-27,P004,Ballpoint Pen Pack,Stationery,53,3.99,211.47,351,0,Thursday,1,2022
2022-01-28,P004,Ballpoint Pen Pack,Stationery,52,3.99,207.48,347,0,Friday,1,2022
2022-01-29,P004,Ballpoint Pen Pack,Stationery,95,3.19,303.24,306,1,Saturday,1,2022
2022-01-30,P004,Ballpoint Pen Pack,Stationery,53,3.99,211.47,349,0,Sunday,1,2022
2022-01-31,P004,Ballpoint Pen Pack,Stationery,51,3.99,203.49,354,0,Monday,1,2022
2022-02-01,P004,Ballpoint Pen Pack,Stationery,42,3.99,167.58,356,0,Tuesday,2,2022
2022-02-02,P004,Ballpoint Pen Pack,Stationery,22,3.99,87.78,371,0,Wednesday,2,2022
2022-02-03,P004,Ballpoint Pen Pack,Stationery,38,3.99,151.62,372,0,Thursday,2,2022
2022-02-04,P004,Ballpoint Pen Pack,Stationery,39,3.99,155.61,374,0,Friday,2,2022
2022-02-05,P004,Ballpoint Pen Pack,Stationery,47,3.99,187.53,360,0,Saturday,2,2022
2022-02-06,P004,Ballpoint Pen Pack,Stationery,44,3.99,175.56,361,0,Sunday,2,2022
2022-02-07,P004,Ballpoint Pen Pack,Stationery,31,3.99,123.69,356,0,Monday,2,2022
2022-02-08,P004,Ballpoint Pen Pack,Stationery,23,3.99,91.77,370,0,Tuesday,2,2022
2022-02-09,P004,Ballpoint Pen Pack,Stationery,23,3.99,91.77,393,0,Wednesday,2,2022
2022-02-10,P004,Ballpoint Pen Pack,Stationery,41,3.99,163.59,369,0,Thursday,2,2022
2022-02-11,P004,Ballpoint Pen Pack,Stationery,40,3.99,159.6,354,0,Friday,2,2022
2022-02-12,P004,Ballpoint Pen Pack,Stationery,52,3.99,207.48,349,0,Saturday,2,2022
2022-02-13,P004,Ballpoint Pen Pack,Stationery,38,3.99,151.62,369,0,Sunday,2,2022
2022-02-14,P004,Ballpoint Pen Pack,Stationery,43,3.19,137.26,361,1,Monday,2,2022
2022-02-15,P004,Ballpoint Pen Pack,Stationery,25,3.99,99.75,364,0,Tuesday,2,2022
2022-02-16,P004,Ballpoint Pen Pack,Stationery,30,3.99,119.7,371,0,Wednesday,2,2022
2022-02-17,P004,Ballpoint Pen Pack,Stationery,34,3.99,135.66,374,0,Thursday,2,2022
2022-02-18,P004,Ballpoint Pen Pack,Stationery,28,3.99,111.72,364,0,Friday,2,2022
2022-02-19,P004,Ballpoint Pen Pack,Stationery,42,3.99,167.58,341,0,Saturday,2,2022
2022-02-20,P004,Ballpoint Pen Pack,Stationery,49,3.19,156.41,370,1,Sunday,2,2022
2022-02-21,P004,Ballpoint Pen Pack,Stationery,40,3.19,127.68,358,1,Monday,2,2022
2022-02-22,P004,Ballpoint Pen Pack,Stationery,25,3.99,99.75,361,0,Tuesday,2,2022
2022-02-23,P004,Ballpoint Pen Pack,Stationery,30,3.99,119.7,387,0,Wednesday,2,2022
2022-02-24,P004,Ballpoint Pen Pack,Stationery,28,3.99,111.72,355,0,Thursday,2,2022
2022-02-25,P004,Ballpoint Pen Pack,Stationery,32,3.99,127.68,358,0,Friday,2,2022
2022-02-26,P004,Ballpoint Pen Pack,Stationery,43,3.99,171.57,353,0,Saturday,2,2022
2022-02-27,P004,Ballpoint Pen Pack,Stationery,43,3.99,171.57,375,0,Sunday,2,2022
2022-02-28,P004,Ballpoint Pen Pack,Stationery,12,3.99,47.88,407,0,Monday,2,2022
2022-03-01,P004,Ballpoint Pen Pack,Stationery,26,3.99,103.74,374,0,Tuesday,3,2022
2022-03-02,P004,Ballpoint Pen Pack,Stationery,21,3.99,83.79,383,0,Wednesday,3,2022
2022-03-03,P004,Ballpoint Pen Pack,Stationery,31,3.99,123.69,367,0,Thursday,3,2022
2022-03-04,P004,Ballpoint Pen Pack,Stationery,32,3.99,127.68,366,0,Friday,3,2022
2022-03-05,P004,Ballpoint Pen Pack,Stationery,27,3.99,107.73,375,0,Saturday,3,2022
2022-03-06,P004,Ballpoint Pen Pack,Stationery,22,3.99,87.78,397,0,Sunday,3,2022
2022-03-07,P004,Ballpoint Pen Pack,Stationery,35,3.19,111.72,348,1,Monday,3,2022
2022-03-08,P004,Ballpoint Pen Pack,Stationery,14,3.99,55.86,373,0,Tuesday,3,2022
2022-03-09,P004,Ballpoint Pen Pack,Stationery,19,3.99,75.81,392,0,Wednesday,3,2022
2022-03-10,P004,Ballpoint Pen Pack,Stationery,31,3.99,123.69,380,0,Thursday,3,2022
2022-03-11,P004,Ballpoint Pen Pack,Stationery,11,3.99,43.89,403,0,Friday,3,2022
2022-03-12,P004,Ballpoint Pen Pack,Stationery,22,3.99,87.78,385,0,Saturday,3,2022
2022-03-13,P004,Ballpoint Pen Pack,Stationery,12,3.99,47.88,378,0,Sunday,3,2022
2022-03-14,P004,Ballpoint Pen Pack,Stationery,13,3.99,51.87,372,0,Monday,3,2022
2022-03-15,P004,Ballpoint Pen Pack,Stationery,22,3.99,87.78,392,0,Tuesday,3,2022
2022-03-16,P004,Ballpoint Pen Pack,Stationery,13,3.99,51.87,398,0,Wednesday,3,2022
2022-03-17,P004,Ballpoint Pen Pack,Stationery,16,3.99,63.84,389,0,Thursday,3,2022
2022-03-18,P004,Ballpoint Pen Pack,Stationery,21,3.99,83.79,391,0,Friday,3,2022
2022-03-19,P004,Ballpoint Pen Pack,Stationery,25,3.99,99.75,359,0,Saturday,3,2022
2022-03-20,P004,Ballpoint Pen Pack,Stationery,22,3.99,87.78,359,0,Sunday,3,2022
2022-03-21,P004,Ballpoint Pen Pack,Stationery,21,3.99,83.79,368,0,Monday,3,2022
2022-03-22,P004,Ballpoint Pen Pack,Stationery,19,3.99,75.81,382,0,Tuesday,3,2022
2022-03-23,P004,Ballpoint Pen Pack,Stationery,17,3.99,67.83,381,0,Wednesday,3,2022
2022-03-24,P004,Ballpoint Pen Pack,Stationery,6,3.99,23.94,393,0,Thursday,3,2022
2022-03-25,P004,Ballpoint Pen Pack,Stationery,27,3.99,107.73,391,0,Friday,3,2022
2022-03-26,P004,Ballpoint Pen Pack,Stationery,26,3.99,103.74,363,0,Saturday,3,2022
2022-03-27,P004,Ballpoint Pen Pack,Stationery,34,3.99,135.66,360,0,Sunday,3,2022
2022-03-28,P004,Ballpoint Pen Pack,Stationery,37,3.19,118.1,361,1,Monday,3,2022
2022-03-29,P004,Ballpoint Pen Pack,Stationery,29,3.99,115.71,386,0,Tuesday,3,2022
2022-03-30,P004,Ballpoint Pen Pack,Stationery,25,3.99,99.75,374,0,Wednesday,3,2022
2022-03-31,P004,Ballpoint Pen Pack,Stationery,14,3.99,55.86,381,0,Thursday,3,2022
2022-04-01,P004,Ballpoint Pen Pack,Stationery,19,3.99,75.81,361,0,Friday,4,2022
2022-04-02,P004,Ballpoint Pen Pack,Stationery,19,3.99,75.81,383,0,Saturday,4,2022
2022-04-03,P004,Ballpoint Pen Pack,Stationery,19,3.99,75.81,381,0,Sunday,4,2022
2022-04-04,P004,Ballpoint Pen Pack,Stationery,18,3.99,71.82,362,0,Monday,4,2022
2022-04-05,P004,Ballpoint Pen Pack,Stationery,17,3.99,67.83,376,0,Tuesday,4,2022
2022-04-06,P004,Ballpoint Pen Pack,Stationery,25,3.99,99.75,394,0,Wednesday,4,2022
2022-04-07,P004,Ballpoint Pen Pack,Stationery,13,3.99,51.87,400,0,Thursday,4,2022
2022-04-08,P004,Ballpoint Pen Pack,Stationery,31,3.19,98.95,350,1,Friday,4,2022
2022-04-09,P004,Ballpoint Pen Pack,Stationery,32,3.99,127.68,373,0,Saturday,4,2022
2022-04-10,P004,Ballpoint Pen Pack,Stationery,16,3.99,63.84,367,0,Sunday,4,2022
