data/sales_data.csv
date,product_id,product_name,category,quantity_sold,unit_price,revenue,stock_level,promotion,day_of_week,month,year
2022-04-11,P004,Ballpoint Pen Pack,Stationery,17,3.99,67.83,401,0,Monday,4,2022
2022-04-12,P004,Ballpoint Pen Pack,Stationery,19,3.99,75.81,365,0,Tuesday,4,2022
2022-04-13,P004,Ballpoint Pen Pack,Stationery,16,3.99,63.84,370,0,Wednesday,4,2022
2022-04-14,P004,Ballpoint Pen Pack,Stationery,22,3.99,87.78,386,0,Thursday,4,2022
2022-04-15,P004,Ballpoint Pen Pack,Stationery,17,3.99,67.83,392,0,Friday,4,2022
2022-04-16,P004,Ballpoint Pen Pack,Stationery,22,3.99,87.78,387,0,Saturday,4,2022
2022-04-17,P004,Ballpoint Pen Pack,Stationery,29,3.99,115.71,365,0,Sunday,4,2022
2022-04-18,P004,Ballpoint Pen Pack,Stationery,24,3.99,95.76,379,0,Monday,4,2022
2022-04-19,P004,Ballpoint Pen Pack,Stationery,21,3.99,83.79,392,0,Tuesday,4,2022
2022-04-20,P004,Ballpoint Pen Pack,Stationery,16,3.99,63.84,364,0,Wednesday,4,2022
2022-04-21,P004,Ballpoint Pen Pack,Stationery,11,3.99,43.89,400,0,Thursday,4,2022
2022-04-22,P004,Ballpoint Pen Pack,Stationery,13,3.99,51.87,404,0,Friday,4,2022
2022-04-23,P004,Ballpoint Pen Pack,Stationery,19,3.99,75.81,398,0,Saturday,4,2022
2022-04-24,P004,Ballpoint Pen Pack,Stationery,30,3.99,119.7,377,0,Sunday,4,2022
2022-04-25,P004,Ballpoint Pen Pack,Stationery,12,3.99,47.88,383,0,Monday,4,2022
2022-04-26,P004,Ballpoint Pen Pack,Stationery,18,3.99,71.82,370,0,Tuesday,4,2022
2022-04-27,P004,Ballpoint Pen Pack,Stationery,22,3.99,87.78,380,0,Wednesday,4,2022
2022-04-28,P004,Ballpoint Pen Pack,Stationery,26,3.99,103.74,363,0,Thursday,4,2022
2022-04-29,P004,Ballpoint Pen Pack,Stationery,29,3.19,92.57,374,1,Friday,4,2022
2022-04-30,P004,Ballpoint Pen Pack,Stationery,28,3.99,111.72,388,0,Saturday,4,2022
2022-05-01,P004,Ballpoint Pen Pack,Stationery,15,3.99,59.85,379,0,Sunday,5,2022
2022-05-02,P004,Ballpoint Pen Pack,Stationery,4,3.99,15.96,385,0,Monday,5,2022
2022-05-03,P004,Ballpoint Pen Pack,Stationery,29,3.19,92.57,358,1,Tuesday,5,2022
2022-05-04,P004,Ballpoint Pen Pack,Stationery,19,3.99,75.81,369,0,Wednesday,5,2022
2022-05-05,P004,Ballpoint Pen Pack,Stationery,11,3.99,43.89,401,0,Thursday,5,2022
2022-05-06,P004,Ballpoint Pen Pack,Stationery,15,3.99,59.85,382,0,Friday,5,2022
2022-05-07,P004,Ballpoint Pen Pack,Stationery,29,3.99,115.71,381,0,Saturday,5,2022
2022-05-08,P004,Ballpoint Pen Pack,Stationery,14,3.99,55.86,388,0,Sunday,5,2022
2022-05-09,P004,Ballpoint Pen Pack,Stationery,15,3.99,59.85,366,0,Monday,5,2022
2022-05-10,P004,Ballpoint Pen Pack,Stationery,13,3.99,51.87,400,0,Tuesday,5,2022
2022-05-11,P004,Ballpoint Pen Pack,Stationery,16,3.99,63.84,371,0,Wednesday,5,2022
2022-05-12,P004,Ballpoint Pen Pack,Stationery,31,3.99,123.69,365,0,Thursday,5,2022
2022-05-13,P004,Ballpoint Pen Pack,Stationery,12,3.99,47.88,369,0,Friday,5,2022
2022-05-14,P004,Ballpoint Pen Pack,Stationery,19,3.99,75.81,393,0,Saturday,5,2022
2022-05-15,P004,Ballpoint Pen Pack,Stationery,23,3.99,91.77,366,0,Sunday,5,2022
2022-05-16,P004,Ballpoint Pen Pack,Stationery,17,3.99,67.83,375,0,Monday,5,2022
2022-05-17,P004,Ballpoint Pen Pack,Stationery,25,3.99,99.75,361,0,Tuesday,5,2022
2022-05-18,P004,Ballpoint Pen Pack,Stationery,17,3.99,67.83,394,0,Wednesday,5,2022
2022-05-19,P004,Ballpoint Pen Pack,Stationery,13,3.99,51.87,398,0,Thursday,5,2022
2022-05-20,P004,Ballpoint Pen Pack,Stationery,29,3.19,92.57,380,1,Friday,5,2022
2022-05-21,P004,Ballpoint Pen Pack,Stationery,47,3.19,150.02,361,1,Saturday,5,2022
2022-05-22,P004,Ballpoint Pen Pack,Stationery,16,3.99,63.84,400,0,Sunday,5,2022
2022-05-23,P004,Ballpoint Pen Pack,Stationery,15,3.99,59.85,394,0,Monday,5,2022
2022-05-24,P004,Ballpoint Pen Pack,Stationery,16,3.99,63.84,366,0,Tuesday,5,2022
2022-05-25,P004,Ballpoint Pen Pack,Stationery,35,3.99,139.65,366,0,Wednesday,5,2022
2022-05-26,P004,Ballpoint Pen Pack,Stationery,24,3.99,95.76,393,0,Thursday,5,2022
2022-05-27,P004,Ballpoint Pen Pack,Stationery,32,3.99,127.68,375,0,Friday,5,2022
2022-05-28,P004,Ballpoint Pen Pack,Stationery,31,3.99,123.69,372,0,Saturday,5,2022
2022-05-29,P004,Ballpoint Pen Pack,Stationery,30,3.99,119.7,386,0,Sunday,5,2022
2022-05-30,P004,Ballpoint Pen Pack,Stationery,34,3.19,108.53,369,1,Monday,5,2022
2022-05-31,P004,Ballpoint Pen Pack,Stationery,23,3.99,91.77,382,0,Tuesday,5,2022
2022-06-01,P004,Ballpoint Pen Pack,Stationery,19,3.99,75.81,400,0,Wednesday,6,2022
2022-06-02,P004,Ballpoint Pen Pack,Stationery,31,3.99,123.69,357,0,Thursday,6,2022
2022-06-03,P004,Ballpoint Pen Pack,Stationery,27,3.99,107.73,376,0,Friday,6,2022
2022-06-04,P004,Ballpoint Pen Pack,Stationery,25,3.99,99.75,366,0,Saturday,6,2022
2022-06-05,P004,Ballpoint Pen Pack,Stationery,30,3.99,119.7,355,0,Sunday,6,2022
2022-06-06,P004,Ballpoint Pen Pack,Stationery,22,3.99,87.78,387,0,Monday,6,2022
2022-06-07,P004,Ballpoint Pen Pack,Stationery,28,3.99,111.72,388,0,Tuesday,6,2022
2022-06-08,P004,Ballpoint Pen Pack,Stationery,33,3.99,131.67,356,0,Wednesday,6,2022
2022-06-09,P004,Ballpoint Pen Pack,Stationery,27,3.99,107.73,379,0,Thursday,6,2022
2022-06-10,P004,Ballpoint Pen Pack,Stationery,35,3.99,139.65,361,0,Friday,6,2022
2021-01-01,P005,Desk Lamp,Furniture,30,36.79,1103.76,54,1,Friday,1,2021
2021-01-02,P005,Desk Lamp,Furniture,23,45.99,1057.77,44,0,Saturday,1,2021
2021-01-03,P005,Desk Lamp,Furniture,17,45.99,781.83,56,0,Sunday,1,2021
2021-01-04,P005,Desk Lamp,Furniture,11,45.99,505.89,76,0,Monday,1,2021
2021-01-05,P005,Desk Lamp,Furniture,8,45.99,367.92,57,0,Tuesday,1,2021
2021-01-06,P005,Desk Lamp,Furniture,11,45.99,505.89,83,0,Wednesday,1,2021
2021-01-07,P005,Desk Lamp,Furniture,11,45.99,505.89,83,0,Thursday,1,2021
2021-01-08,P005,Desk Lamp,Furniture,11,45.99,505.89,54,0,Friday,1,2021
2021-01-09,P005,Desk Lamp,Furniture,15,45.99,689.85,69,0,Saturday,1,2021
2021-01-10,P005,Desk Lamp,Furniture,13,45.99,597.87,76,0,Sunday,1,2021
2021-01-11,P005,Desk Lamp,Furniture,9,45.99,413.91,89,0,Monday,1,2021
2021-01-12,P005,Desk Lamp,Furniture,10,45.99,459.9,51,0,Tuesday,1,2021
2021-01-13,P005,Desk Lamp,Furniture,10,45.99,459.9,69,0,Wednesday,1,2021
2021-01-14,P005,Desk Lamp,Furniture,17,36.79,625.46,49,1,Thursday,1,2021
2021-01-15,P005,Desk Lamp,Furniture,11,45.99,505.89,69,0,Friday,1,2021
2021-01-16,P005,Desk Lamp,Furniture,16,45.99,735.84,72,0,Saturday,1,2021
2021-01-17,P005,Desk Lamp,Furniture,12,45.99,551.88,60,0,Sunday,1,2021
2021-01-18,P005,Desk Lamp,Furniture,9,45.99,413.91,67,0,Monday,1,2021
2021-01-19,P005,Desk Lamp,Furniture,11,45.99,505.89,74,0,Tuesday,1,2021
2021-01-20,P005,Desk Lamp,Furniture,9,45.99,413.91,75,0,Wednesday,1,2021
2021-01-21,P005,Desk Lamp,Furniture,15,36.79,551.88,74,1,Thursday,1,2021
2021-01-22,P005,Desk Lamp,Furniture,11,45.99,505.89,51,0,Friday,1,2021
2021-01-23,P005,Desk Lamp,Furniture,13,45.99,597.87,51,0,Saturday,1,2021
2021-01-24,P005,Desk Lamp,Furniture,15,45.99,689.85,71,0,Sunday,1,2021
2021-01-25,P005,Desk Lamp,Furniture,7,45.99,321.93,78,0,Monday,1,2021
2021-01-26,P005,Desk Lamp,Furniture,11,45.99,505.89,74,0,Tuesday,1,2021
2021-01-27,P005,Desk Lamp,Furniture,13,45.99,597.87,75,0,Wednesday,1,2021
2021-01-28,P005,Desk Lamp,Furniture,10,45.99,459.9,82,0,Thursday,1,2021
2021-01-29,P005,Desk Lamp,Furniture,8,45.99,367.92,86,0,Friday,1,2021
2021-01-30,P005,Desk Lamp,Furniture,14,45.99,643.86,57,0,Saturday,1,2021
2021-01-31,P005,Desk Lamp,Furniture,12,45.99,551.88,81,0,Sunday,1,2021
2021-02-01,P005,Desk Lamp,Furniture,8,45.99,367.92,76,0,Monday,2,2021
2021-02-02,P005,Desk Lamp,Furniture,12,45.99,551.88,51,0,Tuesday,2,2021
2021-02-03,P005,Desk Lamp,Furniture,8,45.99,367.92,66,0,Wednesday,2,2021
2021-02-04,P005,Desk Lamp,Furniture,8,45.99,367.92,86,0,Thursday,2,2021
2021-02-05,P005,Desk Lamp,Furniture,10,45.99,459.9,66,0,Friday,2,2021
2021-02-06,P005,Desk Lamp,Furniture,13,45.99,597.87,64,0,Saturday,2,2021
2021-02-07,P005,Desk Lamp,Furniture,12,45.99,551.88,69,0,Sunday,2,2021
2021-02-08,P005,Desk Lamp,Furniture,6,45.99,275.94,91,0,Monday,2,2021
2021-02-09,P005,Desk Lamp,Furniture,9,45.99,413.91,58,0,Tuesday,2,2021
2021-02-10,P005,Desk Lamp,Furniture,11,45.99,505.89,88,0,Wednesday,2,2021
2021-02-11,P005,Desk Lamp,Furniture,10,45.99,459.9,81,0,Thursday,2,2021
2021-02-12,P005,Desk Lamp,Furniture,9,45.99,413.91,53,0,Friday,2,2021
2021-02-13,P005,Desk Lamp,Furniture,11,45.99,505.89,51,0,Saturday,2,2021
2021-02-14,P005,Desk Lamp,Furniture,13,45.99,597.87,51,0,Sunday,2,2021
2021-02-15,P005,Desk Lamp,Furniture,8,45.99,367.92,69,0,Monday,2,2021
2021-02-16,P005,Desk Lamp,Furniture,8,45.99,367.92,58,0,Tuesday,2,2021
2021-02-17,P005,Desk Lamp,Furniture,10,45.99,459.9,70,0,Wednesday,2,2021
2021-02-18,P005,Desk Lamp,Furniture,9,45.99,413.91,86,0,Thursday,2,2021
2021-02-19,P005,Desk Lamp,Furniture,9,45.99,413.91,84,0,Friday,2,2021
2021-02-20,P005,Desk Lamp,Furniture,20,36.79,735.84,45,1,Saturday,2,2021
2021-02-21,P005,Desk Lamp,Furniture,10,45.99,459.9,61,0,Sunday,2,2021
2021-02-22,P005,Desk Lamp,Furniture,7,45.99,321.93,56,0,Monday,2,2021
2021-02-23,P005,Desk Lamp,Furniture,12,45.99,551.88,50,0,Tuesday,2,2021
2021-02-24,P005,Desk Lamp,Furniture,9,45.99,413.91,66,0,Wednesday,2,2021
2021-02-25,P005,Desk Lamp,Furniture,10,45.99,459.9,70,0,Thursday,2,2021
2021-02-26,P005,Desk Lamp,Furniture,8,45.99,367.92,66,0,Friday,2,2021
2021-02-27,P005,Desk Lamp,Furniture,18,36.79,662.26,58,1,Saturday,2,2021
2021-02-28,P005,Desk Lamp,Furniture,12,45.99,551.88,77,0,Sunday,2,2021
2021-03-01,P005,Desk Lamp,Furniture,5,45.99,229.95,73,0,Monday,3,2021
2021-03-02,P005,Desk Lamp,Furniture,7,45.99,321.93,83,0,Tuesday,3,2021
2021-03-03,P005,Desk Lamp,Furniture,14,36.79,515.09,76,1,Wednesday,3,2021
2021-03-04,P005,Desk Lamp,Furniture,10,45.99,459.9,78,0,Thursday,3,2021
2021-03-05,P005,Desk Lamp,Furniture,8,45.99,367.92,71,0,Friday,3,2021
2021-03-06,P005,Desk Lamp,Furniture,11,45.99,505.89,87,0,Saturday,3,2021
2021-03-07,P005,Desk Lamp,Furniture,10,45.99,459.9,89,0,Sunday,3,2021
2021-03-08,P005,Desk Lamp,Furniture,10,45.99,459.9,51,0,Monday,3,2021
2021-03-09,P005,Desk Lamp,Furniture,9,45.99,413.91,55,0,Tuesday,3,2021
2021-03-10,P005,Desk Lamp,Furniture,10,45.99,459.9,60,0,Wednesday,3,2021
2021-03-11,P005,Desk Lamp,Furniture,10,45.99,459.9,76,0,Thursday,3,2021
2021-03-12,P005,Desk Lamp,Furniture,6,45.99,275.94,67,0,Friday,3,2021
2021-03-13,P005,Desk Lamp,Furniture,10,45.99,459.9,68,0,Saturday,3,2021
2021-03-14,P005,Desk Lamp,Furniture,13,45.99,597.87,60,0,Sunday,3,2021
2021-03-15,P005,Desk Lamp,Furniture,8,45.99,367.92,79,0,Monday,3,2021
2021-03-16,P005,Desk Lamp,Furniture,10,45.99,459.9,78,0,Tuesday,3,2021
2021-03-17,P005,Desk Lamp,Furniture,8,45.99,367.92,75,0,Wednesday,3,2021
2021-03-18,P005,Desk Lamp,Furniture,8,45.99,367.92,78,0,Thursday,3,2021
2021-03-19,P005,Desk Lamp,Furniture,7,45.99,321.93,63,0,Friday,3,2021
2021-03-20,P005,Desk Lamp,Furniture,10,45.99,459.9,61,0,Saturday,3,2021
2021-03-21,P005,Desk Lamp,Furniture,10,45.99,459.9,81,0,Sunday,3,2021
2021-03-22,P005,Desk Lamp,Furniture,9,45.99,413.91,64,0,Monday,3,2021
2021-03-23,P005,Desk Lamp,Furniture,8,45.99,367.92,72,0,Tuesday,3,2021
2021-03-24,P005,Desk Lamp,Furniture,8,45.99,367.92,69,0,Wednesday,3,2021
2021-03-25,P005,Desk Lamp,Furniture,8,45.99,367.92,88,0,Thursday,3,2021
2021-03-26,P005,Desk Lamp,Furniture,9,45.99,413.91,73,0,Friday,3,2021
2021-03-27,P005,Desk Lamp,Furniture,11,45.99,505.89,65,0,Saturday,3,2021
2021-03-28,P005,Desk Lamp,Furniture,9,45.99,413.91,65,0,Sunday,3,2021
2021-03-29,P005,Desk Lamp,Furniture,5,45.99,229.95,92,0,Monday,3,2021
2021-03-30,P005,Desk Lamp,Furniture,10,45.99,459.9,87,0,Tuesday,3,2021
2021-03-31,P005,Desk Lamp,Furniture,6,45.99,275.94,93,0,Wednesday,3,2021
2021-04-01,P005,Desk Lamp,Furniture,7,45.99,321.93,63,0,Thursday,4,2021
2021-04-02,P005,Desk Lamp,Furniture,9,36.79,331.13,74,1,Friday,4,2021
2021-04-03,P005,Desk Lamp,Furniture,10,45.99,459.9,63,0,Saturday,4,2021
2021-04-04,P005,Desk Lamp,Furniture,8,45.99,367.92,90,0,Sunday,4,2021
2021-04-05,P005,Desk Lamp,Furniture,7,45.99,321.93,71,0,Monday,4,2021
2021-04-06,P005,Desk Lamp,Furniture,6,45.99,275.94,86,0,Tuesday,4,2021
2021-04-07,P005,Desk Lamp,Furniture,7,45.99,321.93,86,0,Wednesday,4,2021
2021-04-08,P005,Desk Lamp,Furniture,8,45.99,367.92,73,0,Thursday,4,2021
2021-04-09,P005,Desk Lamp,Furniture,13,36.79,478.3,66,1,Friday,4,2021
2021-04-10,P005,Desk Lamp,Furniture,10,45.99,459.9,77,0,Saturday,4,2021
2021-04-11,P005,Desk Lamp,Furniture,9,45.99,413.91,57,0,Sunday,4,2021
2021-04-12,P005,Desk Lamp,Furniture,6,45.99,275.94,62,0,Monday,4,2021
2021-04-13,P005,Desk Lamp,Furniture,7,45.99,321.93,61,0,Tuesday,4,2021
2021-04-14,P005,Desk Lamp,Furniture,8,45.99,367.92,67,0,Wednesday,4,2021
2021-04-15,P005,Desk Lamp,Furniture,6,45.99,275.94,67,0,Thursday,4,2021
2021-04-16,P005,Desk Lamp,Furniture,6,45.99,275.94,84,0,Friday,4,2021
2021-04-17,P005,Desk Lamp,Furniture,10,45.99,459.9,50,0,Saturday,4,2021
2021-04-18,P005,Desk Lamp,Furniture,10,45.99,459.9,67,0,Sunday,4,2021
2021-04-19,P005,Desk Lamp,Furniture,4,45.99,183.96,74,0,Monday,4,2021
2021-04-20,P005,Desk Lamp,Furniture,7,45.99,321.93,53,0,Tuesday,4,2021
2021-04-21,P005,Desk Lamp,Furniture,5,45.99,229.95,61,0,Wednesday,4,2021
2021-04-22,P005,Desk Lamp,Furniture,6,45.99,275.94,73,0,Thursday,4,2021
2021-04-23,P005,Desk Lamp,Furniture,7,45.99,321.93,75,0,Friday,4,2021
2021-04-24,P005,Desk Lamp,Furniture,8,45.99,367.92,67,0,Saturday,4,2021
2021-04-25,P005,Desk Lamp,Furniture,6,45.99,275.94,67,0,Sunday,4,2021
2021-04-26,P005,Desk Lamp,Furniture,4,45.99,183.96,68,0,Monday,4,2021
2021-04-27,P005,Desk Lamp,Furniture,4,45.99,183.96,70,0,Tuesday,4,2021
2021-04-28,P005,Desk Lamp,Furniture,8,45.99,367.92,89,0,Wednesday,4,2021
2021-04-29,P005,Desk Lamp,Furniture,7,36.79,257.54,66,1,Thursday,4,2021
2021-04-30,P005,Desk Lamp,Furniture,6,45.99,275.94,68,0,Friday,4,2021
2021-05-01,P005,Desk Lamp,Furniture,8,45.99,367.92,64,0,Saturday,5,2021
2021-05-02,P005,Desk Lamp,Furniture,8,45.99,367.92,78,0,Sunday,5,2021
2021-05-03,P005,Desk Lamp,Furniture,5,45.99,229.95,90,0,Monday,5,2021
2021-05-04,P005,Desk Lamp,Furniture,4,45.99,183.96,78,0,Tuesday,5,2021
2021-05-05,P005,Desk Lamp,Furniture,5,45.99,229.95,65,0,Wednesday,5,2021
2021-05-06,P005,Desk Lamp,Furniture,6,45.99,275.94,65,0,Thursday,5,2021
2021-05-07,P005,Desk Lamp,Furniture,6,45.99,275.94,90,0,Friday,5,2021
2021-05-08,P005,Desk Lamp,Furniture,6,45.99,275.94,62,0,Saturday,5,2021
2021-05-09,P005,Desk Lamp,Furniture,7,45.99,321.93,76,0,Sunday,5,2021
2021-05-10,P005,Desk Lamp,Furniture,4,45.99,183.96,82,0,Monday,5,2021
2021-05-11,P005,Desk Lamp,Furniture,7,45.99,321.93,76,0,Tuesday,5,2021
2021-05-12,P005,Desk Lamp,Furniture,5,45.99,229.95,88,0,Wednesday,5,2021
2021-05-13,P005,Desk Lamp,Furniture,5,45.99,229.95,83,0,Thursday,5,2021
2021-05-14,P005,Desk Lamp,Furniture,6,45.99,275.94,79,0,Friday,5,2021
2021-05-15,P005,Desk Lamp,Furniture,8,45.99,367.92,88,0,Saturday,5,2021
2021-05-16,P005,Desk Lamp,Furniture,6,45.99,275.94,78,0,Sunday,5,2021
2021-05-17,P005,Desk Lamp,Furniture,4,45.99,183.96,82,0,Monday,5,2021
2021-05-18,P005,Desk Lamp,Furniture,6,45.99,275.94,86,0,Tuesday,5,2021
2021-05-19,P005,Desk Lamp,Furniture,5,45.99,229.95,70,0,Wednesday,5,2021
2021-05-20,P005,Desk Lamp,Furniture,9,36.79,331.13,59,1,Thursday,5,2021
2021-05-21,P005,Desk Lamp,Furniture,5,45.99,229.95,70,0,Friday,5,2021
2021-05-22,P005,Desk Lamp,Furniture,9,45.99,413.91,69,0,Saturday,5,2021
2021-05-23,P005,Desk Lamp,Furniture,5,45.99,229.95,94,0,Sunday,5,2021
2021-05-24,P005,Desk Lamp,Furniture,4,45.99,183.96,89,0,Monday,5,2021
2021-05-25,P005,Desk Lamp,Furniture,5,45.99,229.95,74,0,Tuesday,5,2021
2021-05-26,P005,Desk Lamp,Furniture,5,45.99,229.95,82,0,Wednesday,5,2021
2021-05-27,P005,Desk Lamp,Furniture,6,45.99,275.94,80,0,Thursday,5,2021
2021-05-28,P005,Desk Lamp,Furniture,5,45.99,229.95,89,0,Friday,5,2021
2021-05-29,P005,Desk Lamp,Furniture,8,45.99,367.92,64,0,Saturday,5,2021
2021-05-30,P005,Desk Lamp,Furniture,8,45.99,367.92,68,0,Sunday,5,2021
2021-05-31,P005,Desk Lamp,Furniture,5,45.99,229.95,71,0,Monday,5,2021
2021-06-01,P005,Desk Lamp,Furniture,5,45.99,229.95,83,0,Tuesday,6,2021
2021-06-02,P005,Desk Lamp,Furniture,4,45.99,183.96,70,0,Wednesday,6,2021
2021-06-03,P005,Desk Lamp,Furniture,7,45.99,321.93,78,0,Thursday,6,2021
2021-06-04,P005,Desk Lamp,Furniture,5,45.99,229.95,80,0,Friday,6,2021
2021-06-05,P005,Desk Lamp,Furniture,5,45.99,229.95,83,0,Saturday,6,2021
2021-06-06,P005,Desk Lamp,Furniture,8,45.99,367.92,67,0,Sunday,6,2021
2021-06-07,P005,Desk Lamp,Furniture,4,45.99,183.96,81,0,Monday,6,2021
2021-06-08,P005,Desk Lamp,Furniture,4,45.99,183.96,82,0,Tuesday,6,2021
2021-06-09,P005,Desk Lamp,Furniture,5,45.99,229.95,93,0,Wednesday,6,2021
2021-06-10,P005,Desk Lamp,Furniture,5,45.99,229.95,63,0,Thursday,6,2021
2021-06-11,P005,Desk Lamp,Furniture,7,45.99,321.93,92,0,Friday,6,2021
2021-06-12,P005,Desk Lamp,Furniture,5,45.99,229.95,77,0,Saturday,6,2021
2021-06-13,P005,Desk Lamp,Furniture,7,45.99,321.93,67,0,Sunday,6,2021
2021-06-14,P005,Desk Lamp,Furniture,4,45.99,183.96,69,0,Monday,6,2021
2021-06-15,P005,Desk Lamp,Furniture,4,45.99,183.96,87,0,Tuesday,6,2021
2021-06-16,P005,Desk Lamp,Furniture,5,45.99,229.95,57,0,Wednesday,6,2021
2021-06-17,P005,Desk Lamp,Furniture,7,36.79,257.54,73,1,Thursday,6,2021
2021-06-18,P005,Desk Lamp,Furniture,1,45.99,45.99,83,0,Friday,6,2021
2021-06-19,P005,Desk Lamp,Furniture,7,45.99,321.93,61,0,Saturday,6,2021
2021-06-20,P005,Desk Lamp,Furniture,5,45.99,229.95,55,0,Sunday,6,2021
2021-06-21,P005,Desk Lamp,Furniture,7,45.99,321.93,75,0,Monday,6,2021
2021-06-22,P005,Desk Lamp,Furniture,3,45.99,137.97,59,0,Tuesday,6,2021
2021-06-23,P005,Desk Lamp,Furniture,7,45.99,321.93,56,0,Wednesday,6,2021
2021-06-24,P005,Desk Lamp,Furniture,5,45.99,229.95,61,0,Thursday,6,2021
2021-06-25,P005,Desk Lamp,Furniture,4,45.99,183.96,60,0,Friday,6,2021
2021-06-26,P005,Desk Lamp,Furniture,10,45.99,459.9,78,0,Saturday,6,2021
2021-06-27,P005,Desk Lamp,Furniture,10,36.79,367.92,59,1,Sunday,6,2021
2021-06-28,P005,Desk Lamp,Furniture,3,45.99,137.97,64,0,Monday,6,2021
2021-06-29,P005,Desk Lamp,Furniture,5,45.99,229.95,81,0,Tuesday,6,2021
