data/sales_data.csv
date,product_id,product_name,category,quantity_sold,unit_price,revenue,stock_level,promotion,day_of_week,month,year
2021-06-30,P005,Desk Lamp,Furniture,5,45.99,229.95,70,0,Wednesday,6,2021
2021-07-01,P005,Desk Lamp,Furniture,5,45.99,229.95,55,0,Thursday,7,2021
2021-07-02,P005,Desk Lamp,Furniture,4,45.99,183.96,92,0,Friday,7,2021
2021-07-03,P005,Desk Lamp,Furniture,5,45.99,229.95,92,0,Saturday,7,2021
2021-07-04,P005,Desk Lamp,Furniture,6,45.99,275.94,84,0,Sunday,7,2021
2021-07-05,P005,Desk Lamp,Furniture,3,45.99,137.97,64,0,Monday,7,2021
2021-07-06,P005,Desk Lamp,Furniture,7,45.99,321.93,80,0,Tuesday,7,2021
2021-07-07,P005,Desk Lamp,Furniture,7,45.99,321.93,61,0,Wednesday,7,2021
2021-07-08,P005,Desk Lamp,Furniture,4,45.99,183.96,78,0,Thursday,7,2021
2021-07-09,P005,Desk Lamp,Furniture,5,45.99,229.95,56,0,Friday,7,2021
2021-07-10,P005,Desk Lamp,Furniture,7,45.99,321.93,65,0,Saturday,7,2021
2021-07-11,P005,Desk Lamp,Furniture,5,45.99,229.95,70,0,Sunday,7,2021
2021-07-12,P005,Desk Lamp,Furniture,8,45.99,367.92,61,0,Monday,7,2021
2021-07-13,P005,Desk Lamp,Furniture,5,45.99,229.95,88,0,Tuesday,7,2021
2021-07-14,P005,Desk Lamp,Furniture,7,45.99,321.93,71,0,Wednesday,7,2021
2021-07-15,P005,Desk Lamp,Furniture,6,45.99,275.94,68,0,Thursday,7,2021
2021-07-16,P005,Desk Lamp,Furniture,4,45.99,183.96,61,0,Friday,7,2021
2021-07-17,P005,Desk Lamp,Furniture,7,45.99,321.93,78,0,Saturday,7,2021
2021-07-18,P005,Desk Lamp,Furniture,5,45.99,229.95,79,0,Sunday,7,2021
2021-07-19,P005,Desk Lamp,Furniture,5,45.99,229.95,87,0,Monday,7,2021
2021-07-20,P005,Desk Lamp,Furniture,9,36.79,331.13,87,1,Tuesday,7,2021
2021-07-21,P005,Desk Lamp,Furniture,6,45.99,275.94,79,0,Wednesday,7,2021
2021-07-22,P005,Desk Lamp,Furniture,8,45.99,367.92,78,0,Thursday,7,2021
2021-07-23,P005,Desk Lamp,Furniture,3,45.99,137.97,79,0,Friday,7,2021
2021-07-24,P005,Desk Lamp,Furniture,6,45.99,275.94,79,0,Saturday,7,2021
2021-07-25,P005,Desk Lamp,Furniture,9,45.99,413.91,77,0,Sunday,7,2021
2021-07-26,P005,Desk Lamp,Furniture,6,45.99,275.94,78,0,Monday,7,2021
2021-07-27,P005,Desk Lamp,Furniture,6,45.99,275.94,72,0,Tuesday,7,2021
2021-07-28,P005,Desk Lamp,Furniture,5,45.99,229.95,76,0,Wednesday,7,2021
2021-07-29,P005,Desk Lamp,Furniture,6,45.99,275.94,93,0,Thursday,7,2021
2021-07-30,P005,Desk Lamp,Furniture,6,45.99,275.94,92,0,Friday,7,2021
2021-07-31,P005,Desk Lamp,Furniture,8,45.99,367.92,52,0,Saturday,7,2021
2021-08-01,P005,Desk Lamp,Furniture,5,45.99,229.95,83,0,Sunday,8,2021
2021-08-02,P005,Desk Lamp,Furniture,5,45.99,229.95,61,0,Monday,8,2021
2021-08-03,P005,Desk Lamp,Furniture,8,45.99,367.92,86,0,Tuesday,8,2021
2021-08-04,P005,Desk Lamp,Furniture,6,45.99,275.94,92,0,Wednesday,8,2021
2021-08-05,P005,Desk Lamp,Furniture,5,45.99,229.95,59,0,Thursday,8,2021
2021-08-06,P005,Desk Lamp,Furniture,4,45.99,183.96,61,0,Friday,8,2021
2021-08-07,P005,Desk Lamp,Furniture,8,45.99,367.92,61,0,Saturday,8,2021
2021-08-08,P005,Desk Lamp,Furniture,7,45.99,321.93,63,0,Sunday,8,2021
2021-08-09,P005,Desk Lamp,Furniture,6,45.99,275.94,73,0,Monday,8,2021
2021-08-10,P005,Desk Lamp,Furniture,7,45.99,321.93,90,0,Tuesday,8,2021
2021-08-11,P005,Desk Lamp,Furniture,7,45.99,321.93,81,0,Wednesday,8,2021
2021-08-12,P005,Desk Lamp,Furniture,7,45.99,321.93,63,0,Thursday,8,2021
2021-08-13,P005,Desk Lamp,Furniture,6,45.99,275.94,76,0,Friday,8,2021
2021-08-14,P005,Desk Lamp,Furniture,8,45.99,367.92,61,0,Saturday,8,2021
2021-08-15,P005,Desk Lamp,Furniture,8,45.99,367.92,58,0,Sunday,8,2021
2021-08-16,P005,Desk Lamp,Furniture,4,45.99,183.96,69,0,Monday,8,2021
2021-08-17,P005,Desk Lamp,Furniture,8,45.99,367.92,90,0,Tuesday,8,2021
2021-08-18,P005,Desk Lamp,Furniture,7,45.99,321.93,70,0,Wednesday,8,2021
2021-08-19,P005,Desk Lamp,Furniture,5,45.99,229.95,80,0,Thursday,8,2021
2021-08-20,P005,Desk Lamp,Furniture,7,45.99,321.93,60,0,Friday,8,2021
2021-08-21,P005,Desk Lamp,Furniture,8,45.99,367.92,75,0,Saturday,8,2021
2021-08-22,P005,Desk Lamp,Furniture,10,45.99,459.9,76,0,Sunday,8,2021
2021-08-23,P005,Desk Lamp,Furniture,11,36.79,404.71,57,1,Monday,8,2021
2021-08-24,P005,Desk Lamp,Furniture,5,45.99,229.95,66,0,Tuesday,8,2021
2021-08-25,P005,Desk Lamp,Furniture,8,36.79,294.34,54,1,Wednesday,8,2021
2021-08-26,P005,Desk Lamp,Furniture,4,45.99,183.96,68,0,Thursday,8,2021
2021-08-27,P005,Desk Lamp,Furniture,8,45.99,367.92,90,0,Friday,8,2021
2021-08-28,P005,Desk Lamp,Furniture,9,45.99,413.91,82,0,Saturday,8,2021
2021-08-29,P005,Desk Lamp,Furniture,7,45.99,321.93,64,0,Sunday,8,2021
2021-08-30,P005,Desk Lamp,Furniture,5,45.99,229.95,85,0,Monday,8,2021
2021-08-31,P005,Desk Lamp,Furniture,13,36.79,478.3,59,1,Tuesday,8,2021
2021-09-01,P005,Desk Lamp,Furniture,12,36.79,441.5,60,1,Wednesday,9,2021
2021-09-02,P005,Desk Lamp,Furniture,9,45.99,413.91,55,0,Thursday,9,2021
2021-09-03,P005,Desk Lamp,Furniture,13,36.79,478.3,67,1,Friday,9,2021
2021-09-04,P005,Desk Lamp,Furniture,10,45.99,459.9,71,0,Saturday,9,2021
2021-09-05,P005,Desk Lamp,Furniture,9,45.99,413.91,83,0,Sunday,9,2021
2021-09-06,P005,Desk Lamp,Furniture,9,45.99,413.91,67,0,Monday,9,2021
2021-09-07,P005,Desk Lamp,Furniture,8,45.99,367.92,80,0,Tuesday,9,2021
2021-09-08,P005,Desk Lamp,Furniture,8,45.99,367.92,74,0,Wednesday,9,2021
2021-09-09,P005,Desk Lamp,Furniture,6,45.99,275.94,69,0,Thursday,9,2021
2021-09-10,P005,Desk Lamp,Furniture,11,36.79,404.71,57,1,Friday,9,2021
2021-09-11,P005,Desk Lamp,Furniture,8,45.99,367.92,71,0,Saturday,9,2021
2021-09-12,P005,Desk Lamp,Furniture,14,36.79,515.09,57,1,Sunday,9,2021
2021-09-13,P005,Desk Lamp,Furniture,9,45.99,413.91,73,0,Monday,9,2021
2021-09-14,P005,Desk Lamp,Furniture,7,45.99,321.93,56,0,Tuesday,9,2021
2021-09-15,P005,Desk Lamp,Furniture,8,45.99,367.92,55,0,Wednesday,9,2021
2021-09-16,P005,Desk Lamp,Furniture,15,36.79,551.88,70,1,Thursday,9,2021
2021-09-17,P005,Desk Lamp,Furniture,7,45.99,321.93,53,0,Friday,9,2021
2021-09-18,P005,Desk Lamp,Furniture,12,45.99,551.88,49,0,Saturday,9,2021
2021-09-19,P005,Desk Lamp,Furniture,18,36.79,662.26,60,1,Sunday,9,2021
2021-09-20,P005,Desk Lamp,Furniture,5,45.99,229.95,77,0,Monday,9,2021
2021-09-21,P005,Desk Lamp,Furniture,13,36.79,478.3,80,1,Tuesday,9,2021
2021-09-22,P005,Desk Lamp,Furniture,9,45.99,413.91,80,0,Wednesday,9,2021
2021-09-23,P005,Desk Lamp,Furniture,9,45.99,413.91,76,0,Thursday,9,2021
2021-09-24,P005,Desk Lamp,Furniture,10,45.99,459.9,64,0,Friday,9,2021
2021-09-25,P005,Desk Lamp,Furniture,13,45.99,597.87,68,0,Saturday,9,2021
2021-09-26,P005,Desk Lamp,Furniture,12,45.99,551.88,86,0,Sunday,9,2021
2021-09-27,P005,Desk Lamp,Furniture,10,45.99,459.9,79,0,Monday,9,2021
2021-09-28,P005,Desk Lamp,Furniture,10,45.99,459.9,70,0,Tuesday,9,2021
2021-09-29,P005,Desk Lamp,Furniture,9,45.99,413.91,72,0,Wednesday,9,2021
2021-09-30,P005,Desk Lamp,Furniture,10,45.99,459.9,62,0,Thursday,9,2021
2021-10-01,P005,Desk Lamp,Furniture,8,45.99,367.92,70,0,Friday,10,2021
2021-10-02,P005,Desk Lamp,Furniture,19,36.79,699.05,48,1,Saturday,10,2021
2021-10-03,P005,Desk Lamp,Furniture,12,45.99,551.88,71,0,Sunday,10,2021
2021-10-04,P005,Desk Lamp,Furniture,7,45.99,321.93,77,0,Monday,10,2021
2021-10-05,P005,Desk Lamp,Furniture,7,45.99,321.93,75,0,Tuesday,10,2021
2021-10-06,P005,Desk Lamp,Furniture,7,45.99,321.93,84,0,Wednesday,10,2021
2021-10-07,P005,Desk Lamp,Furniture,15,36.79,551.88,53,1,Thursday,10,2021
2021-10-08,P005,Desk Lamp,Furniture,13,36.79,478.3,76,1,Friday,10,2021
2021-10-09,P005,Desk Lamp,Furniture,14,45.99,643.86,57,0,Saturday,10,2021
2021-10-10,P005,Desk Lamp,Furniture,12,45.99,551.88,70,0,Sunday,10,2021
2021-10-11,P005,Desk Lamp,Furniture,6,45.99,275.94,84,0,Monday,10,2021
2021-10-12,P005,Desk Lamp,Furniture,13,36.79,478.3,74,1,Tuesday,10,2021
2021-10-13,P005,Desk Lamp,Furniture,9,45.99,413.91,64,0,Wednesday,10,2021
2021-10-14,P005,Desk Lamp,Furniture,9,45.99,413.91,73,0,Thursday,10,2021
2021-10-15,P005,Desk Lamp,Furniture,11,45.99,505.89,67,0,Friday,10,2021
2021-10-16,P005,Desk Lamp,Furniture,17,36.79,625.46,79,1,Saturday,10,2021
2021-10-17,P005,Desk Lamp,Furniture,21,36.79,772.63,75,1,Sunday,10,2021
2021-10-18,P005,Desk Lamp,Furniture,9,45.99,413.91,55,0,Monday,10,2021
2021-10-19,P005,Desk Lamp,Furniture,9,45.99,413.91,68,0,Tuesday,10,2021
2021-10-20,P005,Desk Lamp,Furniture,11,45.99,505.89,64,0,Wednesday,10,2021
2021-10-21,P005,Desk Lamp,Furniture,10,45.99,459.9,80,0,Thursday,10,2021
2021-10-22,P005,Desk Lamp,Furniture,17,36.79,625.46,80,1,Friday,10,2021
2021-10-23,P005,Desk Lamp,Furniture,14,45.99,643.86,72,0,Saturday,10,2021
2021-10-24,P005,Desk Lamp,Furniture,12,45.99,551.88,84,0,Sunday,10,2021
2021-10-25,P005,Desk Lamp,Furniture,11,45.99,505.89,53,0,Monday,10,2021
2021-10-26,P005,Desk Lamp,Furniture,9,45.99,413.91,86,0,Tuesday,10,2021
2021-10-27,P005,Desk Lamp,Furniture,9,45.99,413.91,51,0,Wednesday,10,2021
2021-10-28,P005,Desk Lamp,Furniture,10,45.99,459.9,62,0,Thursday,10,2021
2021-10-29,P005,Desk Lamp,Furniture,10,45.99,459.9,54,0,Friday,10,2021
2021-10-30,P005,Desk Lamp,Furniture,15,45.99,689.85,66,0,Saturday,10,2021
2021-10-31,P005,Desk Lamp,Furniture,14,45.99,643.86,49,0,Sunday,10,2021
2021-11-01,P005,Desk Lamp,Furniture,8,45.99,367.92,74,0,Monday,11,2021
2021-11-02,P005,Desk Lamp,Furniture,11,45.99,505.89,58,0,Tuesday,11,2021
2021-11-03,P005,Desk Lamp,Furniture,12,45.99,551.88,68,0,Wednesday,11,2021
2021-11-04,P005,Desk Lamp,Furniture,13,45.99,597.87,54,0,Thursday,11,2021
2021-11-05,P005,Desk Lamp,Furniture,11,45.99,505.89,50,0,Friday,11,2021
2021-11-06,P005,Desk Lamp,Furniture,22,36.79,809.42,38,1,Saturday,11,2021
2021-11-07,P005,Desk Lamp,Furniture,14,45.99,643.86,74,0,Sunday,11,2021
2021-11-08,P005,Desk Lamp,Furniture,8,45.99,367.92,88,0,Monday,11,2021
2021-11-09,P005,Desk Lamp,Furniture,10,45.99,459.9,72,0,Tuesday,11,2021
2021-11-10,P005,Desk Lamp,Furniture,17,36.79,625.46,65,1,Wednesday,11,2021
2021-11-11,P005,Desk Lamp,Furniture,12,45.99,551.88,71,0,Thursday,11,2021
2021-11-12,P005,Desk Lamp,Furniture,12,45.99,551.88,64,0,Friday,11,2021
2021-11-13,P005,Desk Lamp,Furniture,15,45.99,689.85,71,0,Saturday,11,2021
2021-11-14,P005,Desk Lamp,Furniture,14,45.99,643.86,82,0,Sunday,11,2021
2021-11-15,P005,Desk Lamp,Furniture,10,45.99,459.9,65,0,Monday,11,2021
2021-11-16,P005,Desk Lamp,Furniture,11,45.99,505.89,51,0,Tuesday,11,2021
2021-11-17,P005,Desk Lamp,Furniture,11,45.99,505.89,53,0,Wednesday,11,2021
2021-11-18,P005,Desk Lamp,Furniture,10,45.99,459.9,58,0,Thursday,11,2021
2021-11-19,P005,Desk Lamp,Furniture,12,45.99,551.88,71,0,Friday,11,2021
2021-11-20,P005,Desk Lamp,Furniture,14,45.99,643.86,52,0,Saturday,11,2021
2021-11-21,P005,Desk Lamp,Furniture,11,45.99,505.89,67,0,Sunday,11,2021
2021-11-22,P005,Desk Lamp,Furniture,11,45.99,505.89,66,0,Monday,11,2021
2021-11-23,P005,Desk Lamp,Furniture,9,45.99,413.91,80,0,Tuesday,11,2021
2021-11-24,P005,Desk Lamp,Furniture,27,45.99,1241.73,42,0,Wednesday,11,2021
2021-11-25,P005,Desk Lamp,Furniture,31,45.99,1425.69,52,0,Thursday,11,2021
2021-11-26,P005,Desk Lamp,Furniture,29,45.99,1333.71,34,0,Friday,11,2021
2021-11-27,P005,Desk Lamp,Furniture,38,45.99,1747.62,30,0,Saturday,11,2021
2021-11-28,P005,Desk Lamp,Furniture,33,45.99,1517.67,60,0,Sunday,11,2021
2021-11-29,P005,Desk Lamp,Furniture,25,45.99,1149.75,46,0,Monday,11,2021
2021-11-30,P005,Desk Lamp,Furniture,42,36.79,1545.26,57,1,Tuesday,11,2021
2021-12-01,P005,Desk Lamp,Furniture,12,45.99,551.88,84,0,Wednesday,12,2021
2021-12-02,P005,Desk Lamp,Furniture,10,45.99,459.9,57,0,Thursday,12,2021
2021-12-03,P005,Desk Lamp,Furniture,10,45.99,459.9,56,0,Friday,12,2021
2021-12-04,P005,Desk Lamp,Furniture,16,45.99,735.84,82,0,Saturday,12,2021
2021-12-05,P005,Desk Lamp,Furniture,14,45.99,643.86,59,0,Sunday,12,2021
2021-12-06,P005,Desk Lamp,Furniture,10,45.99,459.9,78,0,Monday,12,2021
2021-12-07,P005,Desk Lamp,Furniture,11,45.99,505.89,60,0,Tuesday,12,2021
2021-12-08,P005,Desk Lamp,Furniture,11,45.99,505.89,86,0,Wednesday,12,2021
2021-12-09,P005,Desk Lamp,Furniture,13,45.99,597.87,67,0,Thursday,12,2021
2021-12-10,P005,Desk Lamp,Furniture,11,45.99,505.89,66,0,Friday,12,2021
2021-12-11,P005,Desk Lamp,Furniture,15,45.99,689.85,63,0,Saturday,12,2021
2021-12-12,P005,Desk Lamp,Furniture,13,45.99,597.87,78,0,Sunday,12,2021
2021-12-13,P005,Desk Lamp,Furniture,11,45.99,505.89,59,0,Monday,12,2021
2021-12-14,P005,Desk Lamp,Furniture,12,45.99,551.88,54,0,Tuesday,12,2021
2021-12-15,P005,Desk Lamp,Furniture,22,45.99,1011.78,70,0,Wednesday,12,2021
2021-12-16,P005,Desk Lamp,Furniture,24,45.99,1103.76,66,0,Thursday,12,2021
2021-12-17,P005,Desk Lamp,Furniture,26,45.99,1195.74,40,0,Friday,12,2021
2021-12-18,P005,Desk Lamp,Furniture,30,45.99,1379.7,50,0,Saturday,12,2021
2021-12-19,P005,Desk Lamp,Furniture,28,45.99,1287.72,50,0,Sunday,12,2021
2021-12-20,P005,Desk Lamp,Furniture,21,45.99,965.79,42,0,Monday,12,2021
2021-12-21,P005,Desk Lamp,Furniture,36,36.79,1324.51,49,1,Tuesday,12,2021
2021-12-22,P005,Desk Lamp,Furniture,24,45.99,1103.76,36,0,Wednesday,12,2021
2021-12-23,P005,Desk Lamp,Furniture,24,45.99,1103.76,50,0,Thursday,12,2021
2021-12-24,P005,Desk Lamp,Furniture,21,45.99,965.79,55,0,Friday,12,2021
2021-12-25,P005,Desk Lamp,Furniture,30,45.99,1379.7,33,0,Saturday,12,2021
2021-12-26,P005,Desk Lamp,Furniture,28,45.99,1287.72,32,0,Sunday,12,2021
2021-12-27,P005,Desk Lamp,Furniture,20,45.99,919.8,53,0,Monday,12,2021
2021-12-28,P005,Desk Lamp,Furniture,35,36.79,1287.72,27,1,Tuesday,12,2021
2021-12-29,P005,Desk Lamp,Furniture,23,45.99,1057.77,53,0,Wednesday,12,2021
2021-12-30,P005,Desk Lamp,Furniture,24,45.99,1103.76,71,0,Thursday,12,2021
2021-12-31,P005,Desk Lamp,Furniture,25,45.99,1149.75,60,0,Friday,12,2021
2022-01-01,P005,Desk Lamp,Furniture,21,45.99,965.79,59,0,Saturday,1,2022
2022-01-02,P005,Desk Lamp,Furniture,22,45.99,1011.78,43,0,Sunday,1,2022
2022-01-03,P005,Desk Lamp,Furniture,17,45.99,781.83,50,0,Monday,1,2022
2022-01-04,P005,Desk Lamp,Furniture,13,45.99,597.87,72,0,Tuesday,1,2022
2022-01-05,P005,Desk Lamp,Furniture,12,45.99,551.88,74,0,Wednesday,1,2022
2022-01-06,P005,Desk Lamp,Furniture,20,36.79,735.84,66,1,Thursday,1,2022
2022-01-07,P005,Desk Lamp,Furniture,11,45.99,505.89,50,0,Friday,1,2022
2022-01-08,P005,Desk Lamp,Furniture,16,45.99,735.84,54,0,Saturday,1,2022
2022-01-09,P005,Desk Lamp,Furniture,13,45.99,597.87,86,0,Sunday,1,2022
2022-01-10,P005,Desk Lamp,Furniture,11,45.99,505.89,59,0,Monday,1,2022
2022-01-11,P005,Desk Lamp,Furniture,14,36.79,515.09,58,1,Tuesday,1,2022
2022-01-12,P005,Desk Lamp,Furniture,12,45.99,551.88,71,0,Wednesday,1,2022
2022-01-13,P005,Desk Lamp,Furniture,10,45.99,459.9,51,0,Thursday,1,2022
2022-01-14,P005,Desk Lamp,Furniture,17,36.79,625.46,76,1,Friday,1,2022
2022-01-15,P005,Desk Lamp,Furniture,16,45.99,735.84,73,0,Saturday,1,2022
2022-01-16,P005,Desk Lamp,Furniture,13,45.99,597.87,58,0,Sunday,1,2022
2022-01-17,P005,Desk Lamp,Furniture,10,45.99,459.9,75,0,Monday,1,2022
2022-01-18,P005,Desk Lamp,Furniture,10,45.99,459.9,82,0,Tuesday,1,2022
2022-01-19,P005,Desk Lamp,Furniture,13,45.99,597.87,62,0,Wednesday,1,2022
2022-01-20,P005,Desk Lamp,Furniture,9,45.99,413.91,58,0,Thursday,1,2022
2022-01-21,P005,Desk Lamp,Furniture,12,45.99,551.88,59,0,Friday,1,2022
2022-01-22,P005,Desk Lamp,Furniture,15,45.99,689.85,56,0,Saturday,1,2022
2022-01-23,P005,Desk Lamp,Furniture,14,45.99,643.86,62,0,Sunday,1,2022
2022-01-24,P005,Desk Lamp,Furniture,9,45.99,413.91,68,0,Monday,1,2022
2022-01-25,P005,Desk Lamp,Furniture,9,45.99,413.91,70,0,Tuesday,1,2022
2022-01-26,P005,Desk Lamp,Furniture,12,45.99,551.88,72,0,Wednesday,1,2022
2022-01-27,P005,Desk Lamp,Furniture,12,45.99,551.88,57,0,Thursday,1,2022
2022-01-28,P005,Desk Lamp,Furniture,10,45.99,459.9,69,0,Friday,1,2022
2022-01-29,P005,Desk Lamp,Furniture,14,45.99,643.86,48,0,Saturday,1,2022
2022-01-30,P005,Desk Lamp,Furniture,13,45.99,597.87,50,0,Sunday,1,2022
2022-01-31,P005,Desk Lamp,Furniture,11,45.99,505.89,72,0,Monday,1,2022
2022-02-01,P005,Desk Lamp,Furniture,15,36.79,551.88,76,1,Tuesday,2,2022
2022-02-02,P005,Desk Lamp,Furniture,10,45.99,459.9,79,0,Wednesday,2,2022
2022-02-03,P005,Desk Lamp,Furniture,12,45.99,551.88,56,0,Thursday,2,2022
2022-02-04,P005,Desk Lamp,Furniture,17,36.79,625.46,54,1,Friday,2,2022
2022-02-05,P005,Desk Lamp,Furniture,12,45.99,551.88,55,0,Saturday,2,2022
2022-02-06,P005,Desk Lamp,Furniture,11,45.99,505.89,59,0,Sunday,2,2022
2022-02-07,P005,Desk Lamp,Furniture,11,45.99,505.89,85,0,Monday,2,2022
2022-02-08,P005,Desk Lamp,Furniture,11,45.99,505.89,54,0,Tuesday,2,2022
2022-02-09,P005,Desk Lamp,Furniture,9,45.99,413.91,60,0,Wednesday,2,2022
2022-02-10,P005,Desk Lamp,Furniture,16,36.79,588.67,71,1,Thursday,2,2022
2022-02-11,P005,Desk Lamp,Furniture,10,45.99,459.9,74,0,Friday,2,2022
2022-02-12,P005,Desk Lamp,Furniture,11,45.99,505.89,58,0,Saturday,2,2022
2022-02-13,P005,Desk Lamp,Furniture,13,45.99,597.87,61,0,Sunday,2,2022
2022-02-14,P005,Desk Lamp,Furniture,14,36.79,515.09,59,1,Monday,2,2022
2022-02-15,P005,Desk Lamp,Furniture,13,45.99,597.87,57,0,Tuesday,2,2022
2022-02-16,P005,Desk Lamp,Furniture,15,36.79,551.88,70,1,Wednesday,2,2022
2022-02-17,P005,Desk Lamp,Furniture,8,45.99,367.92,65,0,Thursday,2,2022
2022-02-18,P005,Desk Lamp,Furniture,11,45.99,505.89,71,0,Friday,2,2022
2022-02-19,P005,Desk Lamp,Furniture,12,45.99,551.88,74,0,Saturday,2,2022
2022-02-20,P005,Desk Lamp,Furniture,13,45.99,597.87,68,0,Sunday,2,2022
2022-02-21,P005,Desk Lamp,Furniture,9,45.99,413.91,71,0,Monday,2,2022
2022-02-22,P005,Desk Lamp,Furniture,8,45.99,367.92,69,0,Tuesday,2,2022
2022-02-23,P005,Desk Lamp,Furniture,10,45.99,459.9,54,0,Wednesday,2,2022
2022-02-24,P005,Desk Lamp,Furniture,10,45.99,459.9,58,0,Thursday,2,2022
2022-02-25,P005,Desk Lamp,Furniture,8,45.99,367.92,67,0,Friday,2,2022
2022-02-26,P005,Desk Lamp,Furniture,13,45.99,597.87,56,0,Saturday,2,2022
2022-02-27,P005,Desk Lamp,Furniture,12,45.99,551.88,73,0,Sunday,2,2022
2022-02-28,P005,Desk Lamp,Furniture,8,45.99,367.92,86,0,Monday,2,2022
2022-03-01,P005,Desk Lamp,Furniture,11,45.99,505.89,64,0,Tuesday,3,2022
2022-03-02,P005,Desk Lamp,Furniture,10,45.99,459.9,64,0,Wednesday,3,2022
2022-03-03,P005,Desk Lamp,Furniture,14,36.79,515.09,84,1,Thursday,3,2022
