data/sales_data.csv
date,product_id,product_name,category,quantity_sold,unit_price,revenue,stock_level,promotion,day_of_week,month,year
2022-03-04,P005,Desk Lamp,Furniture,14,36.79,515.09,67,1,Friday,3,2022
2022-03-05,P005,Desk Lamp,Furniture,12,45.99,551.88,82,0,Saturday,3,2022
2022-03-06,P005,Desk Lamp,Furniture,13,45.99,597.87,66,0,Sunday,3,2022
2022-03-07,P005,Desk Lamp,Furniture,9,45.99,413.91,84,0,Monday,3,2022
2022-03-08,P005,Desk Lamp,Furniture,8,45.99,367.92,65,0,Tuesday,3,2022
2022-03-09,P005,Desk Lamp,Furniture,8,45.99,367.92,87,0,Wednesday,3,2022
2022-03-10,P005,Desk Lamp,Furniture,11,45.99,505.89,86,0,Thursday,3,2022
2022-03-11,P005,Desk Lamp,Furniture,8,45.99,367.92,90,0,Friday,3,2022
2022-03-12,P005,Desk Lamp,Furniture,11,45.99,505.89,84,0,Saturday,3,2022
2022-03-13,P005,Desk Lamp,Furniture,10,45.99,459.9,82,0,Sunday,3,2022
2022-03-14,P005,Desk Lamp,Furniture,7,45.99,321.93,69,0,Monday,3,2022
2022-03-15,P005,Desk Lamp,Furniture,8,45.99,367.92,72,0,Tuesday,3,2022
2022-03-16,P005,Desk Lamp,Furniture,7,45.99,321.93,68,0,Wednesday,3,2022
2022-03-17,P005,Desk Lamp,Furniture,8,45.99,367.92,65,0,Thursday,3,2022
2022-03-18,P005,Desk Lamp,Furniture,10,45.99,459.9,61,0,Friday,3,2022
2022-03-19,P005,Desk Lamp,Furniture,10,45.99,459.9,74,0,Saturday,3,2022
2022-03-20,P005,Desk Lamp,Furniture,9,45.99,413.91,70,0,Sunday,3,2022
2022-03-21,P005,Desk Lamp,Furniture,8,45.99,367.92,54,0,Monday,3,2022
2022-03-22,P005,Desk Lamp,Furniture,7,45.99,321.93,78,0,Tuesday,3,2022
2022-03-23,P005,Desk Lamp,Furniture,7,45.99,321.93,69,0,Wednesday,3,2022
2022-03-24,P005,Desk Lamp,Furniture,7,45.99,321.93,78,0,Thursday,3,2022
2022-03-25,P005,Desk Lamp,Furniture,8,45.99,367.92,73,0,Friday,3,2022
2022-03-26,P005,Desk Lamp,Furniture,10,45.99,459.9,72,0,Saturday,3,2022
2022-03-27,P005,Desk Lamp,Furniture,9,45.99,413.91,85,0,Sunday,3,2022
2022-03-28,P005,Desk Lamp,Furniture,11,36.79,404.71,84,1,Monday,3,2022
2022-03-29,P005,Desk Lamp,Furniture,9,45.99,413.91,82,0,Tuesday,3,2022
2022-03-30,P005,Desk Lamp,Furniture,8,45.99,367.92,91,0,Wednesday,3,2022
2022-03-31,P005,Desk Lamp,Furniture,13,36.79,478.3,71,1,Thursday,3,2022
2022-04-01,P005,Desk Lamp,Furniture,8,45.99,367.92,72,0,Friday,4,2022
2022-04-02,P005,Desk Lamp,Furniture,14,36.79,515.09,83,1,Saturday,4,2022
2022-04-03,P005,Desk Lamp,Furniture,9,45.99,413.91,53,0,Sunday,4,2022
2022-04-04,P005,Desk Lamp,Furniture,4,45.99,183.96,78,0,Monday,4,2022
2022-04-05,P005,Desk Lamp,Furniture,9,45.99,413.91,67,0,Tuesday,4,2022
2022-04-06,P005,Desk Lamp,Furniture,11,36.79,404.71,75,1,Wednesday,4,2022
2022-04-07,P005,Desk Lamp,Furniture,7,45.99,321.93,65,0,Thursday,4,2022
2022-04-08,P005,Desk Lamp,Furniture,7,45.99,321.93,63,0,Friday,4,2022
2022-04-09,P005,Desk Lamp,Furniture,10,45.99,459.9,60,0,Saturday,4,2022
2022-04-10,P005,Desk Lamp,Furniture,7,45.99,321.93,71,0,Sunday,4,2022
2022-04-11,P005,Desk Lamp,Furniture,6,45.99,275.94,81,0,Monday,4,2022
2022-04-12,P005,Desk Lamp,Furniture,7,45.99,321.93,62,0,Tuesday,4,2022
2022-04-13,P005,Desk Lamp,Furniture,6,45.99,275.94,64,0,Wednesday,4,2022
2022-04-14,P005,Desk Lamp,Furniture,6,45.99,275.94,76,0,Thursday,4,2022
2022-04-15,P005,Desk Lamp,Furniture,10,36.79,367.92,78,1,Friday,4,2022
2022-04-16,P005,Desk Lamp,Furniture,12,45.99,551.88,61,0,Saturday,4,2022
2022-04-17,P005,Desk Lamp,Furniture,7,45.99,321.93,58,0,Sunday,4,2022
2022-04-18,P005,Desk Lamp,Furniture,4,45.99,183.96,56,0,Monday,4,2022
2022-04-19,P005,Desk Lamp,Furniture,8,45.99,367.92,83,0,Tuesday,4,2022
2022-04-20,P005,Desk Lamp,Furniture,8,45.99,367.92,79,0,Wednesday,4,2022
2022-04-21,P005,Desk Lamp,Furniture,7,45.99,321.93,74,0,Thursday,4,2022
2022-04-22,P005,Desk Lamp,Furniture,4,45.99,183.96,86,0,Friday,4,2022
2022-04-23,P005,Desk Lamp,Furniture,13,36.79,478.3,72,1,Saturday,4,2022
2022-04-24,P005,Desk Lamp,Furniture,7,45.99,321.93,54,0,Sunday,4,2022
2022-04-25,P005,Desk Lamp,Furniture,5,45.99,229.95,80,0,Monday,4,2022
2022-04-26,P005,Desk Lamp,Furniture,6,45.99,275.94,73,0,Tuesday,4,2022
2022-04-27,P005,Desk Lamp,Furniture,8,45.99,367.92,55,0,Wednesday,4,2022
2022-04-28,P005,Desk Lamp,Furniture,11,36.79,404.71,55,1,Thursday,4,2022
2022-04-29,P005,Desk Lamp,Furniture,7,45.99,321.93,75,0,Friday,4,2022
2022-04-30,P005,Desk Lamp,Furniture,6,45.99,275.94,93,0,Saturday,4,2022
2022-05-01,P005,Desk Lamp,Furniture,5,45.99,229.95,72,0,Sunday,5,2022
2022-05-02,P005,Desk Lamp,Furniture,4,45.99,183.96,94,0,Monday,5,2022
2022-05-03,P005,Desk Lamp,Furniture,4,45.99,183.96,80,0,Tuesday,5,2022
2022-05-04,P005,Desk Lamp,Furniture,6,45.99,275.94,88,0,Wednesday,5,2022
2022-05-05,P005,Desk Lamp,Furniture,6,45.99,275.94,70,0,Thursday,5,2022
2022-05-06,P005,Desk Lamp,Furniture,4,45.99,183.96,80,0,Friday,5,2022
2022-05-07,P005,Desk Lamp,Furniture,8,45.99,367.92,89,0,Saturday,5,2022
2022-05-08,P005,Desk Lamp,Furniture,8,45.99,367.92,69,0,Sunday,5,2022
2022-05-09,P005,Desk Lamp,Furniture,6,45.99,275.94,62,0,Monday,5,2022
2022-05-10,P005,Desk Lamp,Furniture,11,36.79,404.71,72,1,Tuesday,5,2022
2022-05-11,P005,Desk Lamp,Furniture,9,45.99,413.91,87,0,Wednesday,5,2022
2022-05-12,P005,Desk Lamp,Furniture,5,45.99,229.95,76,0,Thursday,5,2022
2022-05-13,P005,Desk Lamp,Furniture,6,45.99,275.94,85,0,Friday,5,2022
2022-05-14,P005,Desk Lamp,Furniture,11,36.79,404.71,53,1,Saturday,5,2022
2022-05-15,P005,Desk Lamp,Furniture,10,45.99,459.9,82,0,Sunday,5,2022
2022-05-16,P005,Desk Lamp,Furniture,5,45.99,229.95,83,0,Monday,5,2022
2022-05-17,P005,Desk Lamp,Furniture,7,45.99,321.93,89,0,Tuesday,5,2022
2022-05-18,P005,Desk Lamp,Furniture,5,45.99,229.95,82,0,Wednesday,5,2022
2022-05-19,P005,Desk Lamp,Furniture,4,45.99,183.96,68,0,Thursday,5,2022
2022-05-20,P005,Desk Lamp,Furniture,9,36.79,331.13,67,1,Friday,5,2022
2022-05-21,P005,Desk Lamp,Furniture,14,36.79,515.09,64,1,Saturday,5,2022
2022-05-22,P005,Desk Lamp,Furniture,6,45.99,275.94,74,0,Sunday,5,2022
2022-05-23,P005,Desk Lamp,Furniture,4,45.99,183.96,90,0,Monday,5,2022
2022-05-24,P005,Desk Lamp,Furniture,4,45.99,183.96,85,0,Tuesday,5,2022
2022-05-25,P005,Desk Lamp,Furniture,6,45.99,275.94,56,0,Wednesday,5,2022
2022-05-26,P005,Desk Lamp,Furniture,3,45.99,137.97,79,0,Thursday,5,2022
2022-05-27,P005,Desk Lamp,Furniture,7,45.99,321.93,70,0,Friday,5,2022
2022-05-28,P005,Desk Lamp,Furniture,8,45.99,367.92,86,0,Saturday,5,2022
2022-05-29,P005,Desk Lamp,Furniture,6,45.99,275.94,83,0,Sunday,5,2022
2022-05-30,P005,Desk Lamp,Furniture,5,45.99,229.95,64,0,Monday,5,2022
2022-05-31,P005,Desk Lamp,Furniture,5,45.99,229.95,85,0,Tuesday,5,2022
2022-06-01,P005,Desk Lamp,Furniture,5,45.99,229.95,72,0,Wednesday,6,2022
2022-06-02,P005,Desk Lamp,Furniture,6,45.99,275.94,63,0,Thursday,6,2022
2022-06-03,P005,Desk Lamp,Furniture,6,45.99,275.94,81,0,Friday,6,2022
2022-06-04,P005,Desk Lamp,Furniture,7,45.99,321.93,61,0,Saturday,6,2022
2022-06-05,P005,Desk Lamp,Furniture,6,45.99,275.94,77,0,Sunday,6,2022
2022-06-06,P005,Desk Lamp,Furniture,3,45.99,137.97,93,0,Monday,6,2022
2022-06-07,P005,Desk Lamp,Furniture,5,45.99,229.95,76,0,Tuesday,6,2022
2022-06-08,P005,Desk Lamp,Furniture,6,45.99,275.94,89,0,Wednesday,6,2022
2022-06-09,P005,Desk Lamp,Furniture,6,45.99,275.94,78,0,Thursday,6,2022
2022-06-10,P005,Desk Lamp,Furniture,4,45.99,183.96,93,0,Friday,6,2022
2021-01-01,P006,Hand Sanitizer,Health,116,4.99,578.84,391,0,Friday,1,2021
2021-01-02,P006,Hand Sanitizer,Health,136,4.99,678.64,383,0,Saturday,1,2021
2021-01-03,P006,Hand Sanitizer,Health,133,4.99,663.67,351,0,Sunday,1,2021
2021-01-04,P006,Hand Sanitizer,Health,60,4.99,299.4,452,0,Monday,1,2021
2021-01-05,P006,Hand Sanitizer,Health,80,4.99,399.2,403,0,Tuesday,1,2021
2021-01-06,P006,Hand Sanitizer,Health,58,4.99,289.42,437,0,Wednesday,1,2021
2021-01-07,P006,Hand Sanitizer,Health,54,4.99,269.46,461,0,Thursday,1,2021
2021-01-08,P006,Hand Sanitizer,Health,70,4.99,349.3,446,0,Friday,1,2021
2021-01-09,P006,Hand Sanitizer,Health,93,4.99,464.07,393,0,Saturday,1,2021
2021-01-10,P006,Hand Sanitizer,Health,128,3.99,510.98,370,1,Sunday,1,2021
2021-01-11,P006,Hand Sanitizer,Health,51,4.99,254.49,458,0,Monday,1,2021
2021-01-12,P006,Hand Sanitizer,Health,103,3.99,411.18,399,1,Tuesday,1,2021
2021-01-13,P006,Hand Sanitizer,Health,58,4.99,289.42,443,0,Wednesday,1,2021
2021-01-14,P006,Hand Sanitizer,Health,64,4.99,319.36,419,0,Thursday,1,2021
2021-01-15,P006,Hand Sanitizer,Health,117,3.99,467.06,399,1,Friday,1,2021
2021-01-16,P006,Hand Sanitizer,Health,77,4.99,384.23,437,0,Saturday,1,2021
2021-01-17,P006,Hand Sanitizer,Health,75,4.99,374.25,405,0,Sunday,1,2021
2021-01-18,P006,Hand Sanitizer,Health,61,4.99,304.39,422,0,Monday,1,2021
2021-01-19,P006,Hand Sanitizer,Health,59,4.99,294.41,434,0,Tuesday,1,2021
2021-01-20,P006,Hand Sanitizer,Health,68,4.99,339.32,439,0,Wednesday,1,2021
2021-01-21,P006,Hand Sanitizer,Health,50,4.99,249.5,459,0,Thursday,1,2021
2021-01-22,P006,Hand Sanitizer,Health,91,3.99,363.27,398,1,Friday,1,2021
2021-01-23,P006,Hand Sanitizer,Health,84,4.99,419.16,409,0,Saturday,1,2021
2021-01-24,P006,Hand Sanitizer,Health,79,4.99,394.21,438,0,Sunday,1,2021
2021-01-25,P006,Hand Sanitizer,Health,67,4.99,334.33,424,0,Monday,1,2021
2021-01-26,P006,Hand Sanitizer,Health,61,4.99,304.39,443,0,Tuesday,1,2021
2021-01-27,P006,Hand Sanitizer,Health,61,4.99,304.39,458,0,Wednesday,1,2021
2021-01-28,P006,Hand Sanitizer,Health,69,4.99,344.31,418,0,Thursday,1,2021
2021-01-29,P006,Hand Sanitizer,Health,78,4.99,389.22,423,0,Friday,1,2021
2021-01-30,P006,Hand Sanitizer,Health,92,4.99,459.08,394,0,Saturday,1,2021
2021-01-31,P006,Hand Sanitizer,Health,73,4.99,364.27,408,0,Sunday,1,2021
2021-02-01,P006,Hand Sanitizer,Health,59,4.99,294.41,446,0,Monday,2,2021
2021-02-02,P006,Hand Sanitizer,Health,50,4.99,249.5,454,0,Tuesday,2,2021
2021-02-03,P006,Hand Sanitizer,Health,69,4.99,344.31,434,0,Wednesday,2,2021
2021-02-04,P006,Hand Sanitizer,Health,65,4.99,324.35,431,0,Thursday,2,2021
2021-02-05,P006,Hand Sanitizer,Health,107,3.99,427.14,401,1,Friday,2,2021
2021-02-06,P006,Hand Sanitizer,Health,81,4.99,404.19,412,0,Saturday,2,2021
2021-02-07,P006,Hand Sanitizer,Health,89,4.99,444.11,408,0,Sunday,2,2021
2021-02-08,P006,Hand Sanitizer,Health,49,4.99,244.51,465,0,Monday,2,2021
2021-02-09,P006,Hand Sanitizer,Health,48,4.99,239.52,461,0,Tuesday,2,2021
2021-02-10,P006,Hand Sanitizer,Health,66,4.99,329.34,416,0,Wednesday,2,2021
2021-02-11,P006,Hand Sanitizer,Health,70,4.99,349.3,427,0,Thursday,2,2021
2021-02-12,P006,Hand Sanitizer,Health,51,4.99,254.49,468,0,Friday,2,2021
2021-02-13,P006,Hand Sanitizer,Health,78,4.99,389.22,417,0,Saturday,2,2021
2021-02-14,P006,Hand Sanitizer,Health,73,4.99,364.27,420,0,Sunday,2,2021
2021-02-15,P006,Hand Sanitizer,Health,54,4.99,269.46,433,0,Monday,2,2021
2021-02-16,P006,Hand Sanitizer,Health,84,3.99,335.33,407,1,Tuesday,2,2021
2021-02-17,P006,Hand Sanitizer,Health,64,4.99,319.36,431,0,Wednesday,2,2021
2021-02-18,P006,Hand Sanitizer,Health,53,4.99,264.47,433,0,Thursday,2,2021
2021-02-19,P006,Hand Sanitizer,Health,55,4.99,274.45,445,0,Friday,2,2021
2021-02-20,P006,Hand Sanitizer,Health,69,4.99,344.31,414,0,Saturday,2,2021
2021-02-21,P006,Hand Sanitizer,Health,80,4.99,399.2,402,0,Sunday,2,2021
2021-02-22,P006,Hand Sanitizer,Health,34,4.99,169.66,451,0,Monday,2,2021
2021-02-23,P006,Hand Sanitizer,Health,56,4.99,279.44,429,0,Tuesday,2,2021
2021-02-24,P006,Hand Sanitizer,Health,56,4.99,279.44,456,0,Wednesday,2,2021
2021-02-25,P006,Hand Sanitizer,Health,54,4.99,269.46,462,0,Thursday,2,2021
2021-02-26,P006,Hand Sanitizer,Health,41,4.99,204.59,461,0,Friday,2,2021
2021-02-27,P006,Hand Sanitizer,Health,68,4.99,339.32,451,0,Saturday,2,2021
2021-02-28,P006,Hand Sanitizer,Health,69,4.99,344.31,442,0,Sunday,2,2021
2021-03-01,P006,Hand Sanitizer,Health,49,4.99,244.51,460,0,Monday,3,2021
2021-03-02,P006,Hand Sanitizer,Health,48,4.99,239.52,450,0,Tuesday,3,2021
2021-03-03,P006,Hand Sanitizer,Health,63,4.99,314.37,435,0,Wednesday,3,2021
2021-03-04,P006,Hand Sanitizer,Health,54,4.99,269.46,445,0,Thursday,3,2021
2021-03-05,P006,Hand Sanitizer,Health,55,4.99,274.45,445,0,Friday,3,2021
2021-03-06,P006,Hand Sanitizer,Health,61,4.99,304.39,435,0,Saturday,3,2021
2021-03-07,P006,Hand Sanitizer,Health,69,4.99,344.31,436,0,Sunday,3,2021
2021-03-08,P006,Hand Sanitizer,Health,32,4.99,159.68,450,0,Monday,3,2021
2021-03-09,P006,Hand Sanitizer,Health,56,4.99,279.44,451,0,Tuesday,3,2021
2021-03-10,P006,Hand Sanitizer,Health,50,4.99,249.5,456,0,Wednesday,3,2021
2021-03-11,P006,Hand Sanitizer,Health,56,4.99,279.44,450,0,Thursday,3,2021
2021-03-12,P006,Hand Sanitizer,Health,57,4.99,284.43,457,0,Friday,3,2021
2021-03-13,P006,Hand Sanitizer,Health,67,4.99,334.33,441,0,Saturday,3,2021
2021-03-14,P006,Hand Sanitizer,Health,59,4.99,294.41,440,0,Sunday,3,2021
2021-03-15,P006,Hand Sanitizer,Health,37,4.99,184.63,450,0,Monday,3,2021
2021-03-16,P006,Hand Sanitizer,Health,86,3.99,343.31,433,1,Tuesday,3,2021
2021-03-17,P006,Hand Sanitizer,Health,48,4.99,239.52,459,0,Wednesday,3,2021
2021-03-18,P006,Hand Sanitizer,Health,50,4.99,249.5,435,0,Thursday,3,2021
2021-03-19,P006,Hand Sanitizer,Health,44,4.99,219.56,436,0,Friday,3,2021
2021-03-20,P006,Hand Sanitizer,Health,72,4.99,359.28,426,0,Saturday,3,2021
2021-03-21,P006,Hand Sanitizer,Health,53,4.99,264.47,448,0,Sunday,3,2021
2021-03-22,P006,Hand Sanitizer,Health,37,4.99,184.63,472,0,Monday,3,2021
2021-03-23,P006,Hand Sanitizer,Health,49,4.99,244.51,449,0,Tuesday,3,2021
2021-03-24,P006,Hand Sanitizer,Health,44,4.99,219.56,473,0,Wednesday,3,2021
2021-03-25,P006,Hand Sanitizer,Health,46,4.99,229.54,444,0,Thursday,3,2021
2021-03-26,P006,Hand Sanitizer,Health,52,4.99,259.48,461,0,Friday,3,2021
2021-03-27,P006,Hand Sanitizer,Health,56,4.99,279.44,435,0,Saturday,3,2021
2021-03-28,P006,Hand Sanitizer,Health,79,3.99,315.37,404,1,Sunday,3,2021
2021-03-29,P006,Hand Sanitizer,Health,39,4.99,194.61,455,0,Monday,3,2021
2021-03-30,P006,Hand Sanitizer,Health,36,4.99,179.64,469,0,Tuesday,3,2021
2021-03-31,P006,Hand Sanitizer,Health,51,4.99,254.49,436,0,Wednesday,3,2021
2021-04-01,P006,Hand Sanitizer,Health,39,4.99,194.61,445,0,Thursday,4,2021
2021-04-02,P006,Hand Sanitizer,Health,47,4.99,234.53,468,0,Friday,4,2021
2021-04-03,P006,Hand Sanitizer,Health,63,4.99,314.37,452,0,Saturday,4,2021
2021-04-04,P006,Hand Sanitizer,Health,56,4.99,279.44,440,0,Sunday,4,2021
2021-04-05,P006,Hand Sanitizer,Health,38,4.99,189.62,446,0,Monday,4,2021
2021-04-06,P006,Hand Sanitizer,Health,56,4.99,279.44,442,0,Tuesday,4,2021
2021-04-07,P006,Hand Sanitizer,Health,39,4.99,194.61,456,0,Wednesday,4,2021
2021-04-08,P006,Hand Sanitizer,Health,46,4.99,229.54,463,0,Thursday,4,2021
2021-04-09,P006,Hand Sanitizer,Health,53,4.99,264.47,465,0,Friday,4,2021
2021-04-10,P006,Hand Sanitizer,Health,74,4.99,369.26,442,0,Saturday,4,2021
2021-04-11,P006,Hand Sanitizer,Health,43,4.99,214.57,456,0,Sunday,4,2021
2021-04-12,P006,Hand Sanitizer,Health,36,4.99,179.64,480,0,Monday,4,2021
2021-04-13,P006,Hand Sanitizer,Health,54,4.99,269.46,458,0,Tuesday,4,2021
2021-04-14,P006,Hand Sanitizer,Health,75,3.99,299.4,405,1,Wednesday,4,2021
2021-04-15,P006,Hand Sanitizer,Health,41,4.99,204.59,442,0,Thursday,4,2021
2021-04-16,P006,Hand Sanitizer,Health,36,4.99,179.64,469,0,Friday,4,2021
2021-04-17,P006,Hand Sanitizer,Health,59,4.99,294.41,452,0,Saturday,4,2021
2021-04-18,P006,Hand Sanitizer,Health,43,4.99,214.57,447,0,Sunday,4,2021
2021-04-19,P006,Hand Sanitizer,Health,30,4.99,149.7,460,0,Monday,4,2021
2021-04-20,P006,Hand Sanitizer,Health,44,4.99,219.56,447,0,Tuesday,4,2021
2021-04-21,P006,Hand Sanitizer,Health,44,4.99,219.56,462,0,Wednesday,4,2021
2021-04-22,P006,Hand Sanitizer,Health,34,4.99,169.66,485,0,Thursday,4,2021
2021-04-23,P006,Hand Sanitizer,Health,53,3.99,211.58,457,1,Friday,4,2021
2021-04-24,P006,Hand Sanitizer,Health,49,4.99,244.51,434,0,Saturday,4,2021
2021-04-25,P006,Hand Sanitizer,Health,48,4.99,239.52,441,0,Sunday,4,2021
2021-04-26,P006,Hand Sanitizer,Health,27,4.99,134.73,480,0,Monday,4,2021
2021-04-27,P006,Hand Sanitizer,Health,36,4.99,179.64,457,0,Tuesday,4,2021
2021-04-28,P006,Hand Sanitizer,Health,46,4.99,229.54,471,0,Wednesday,4,2021
2021-04-29,P006,Hand Sanitizer,Health,40,4.99,199.6,473,0,Thursday,4,2021
2021-04-30,P006,Hand Sanitizer,Health,38,4.99,189.62,462,0,Friday,4,2021
2021-05-01,P006,Hand Sanitizer,Health,46,4.99,229.54,461,0,Saturday,5,2021
2021-05-02,P006,Hand Sanitizer,Health,48,4.99,239.52,462,0,Sunday,5,2021
2021-05-03,P006,Hand Sanitizer,Health,35,4.99,174.65,458,0,Monday,5,2021
2021-05-04,P006,Hand Sanitizer,Health,20,4.99,99.8,465,0,Tuesday,5,2021
2021-05-05,P006,Hand Sanitizer,Health,29,4.99,144.71,453,0,Wednesday,5,2021
2021-05-06,P006,Hand Sanitizer,Health,57,3.99,227.54,433,1,Thursday,5,2021
2021-05-07,P006,Hand Sanitizer,Health,48,3.99,191.62,441,1,Friday,5,2021
2021-05-08,P006,Hand Sanitizer,Health,38,4.99,189.62,460,0,Saturday,5,2021
2021-05-09,P006,Hand Sanitizer,Health,39,4.99,194.61,461,0,Sunday,5,2021
2021-05-10,P006,Hand Sanitizer,Health,28,4.99,139.72,485,0,Monday,5,2021
2021-05-11,P006,Hand Sanitizer,Health,36,4.99,179.64,455,0,Tuesday,5,2021
2021-05-12,P006,Hand Sanitizer,Health,40,4.99,199.6,466,0,Wednesday,5,2021
2021-05-13,P006,Hand Sanitizer,Health,51,3.99,203.59,448,1,Thursday,5,2021
2021-05-14,P006,Hand Sanitizer,Health,23,4.99,114.77,482,0,Friday,5,2021
2021-05-15,P006,Hand Sanitizer,Health,79,3.99,315.37,413,1,Saturday,5,2021
2021-05-16,P006,Hand Sanitizer,Health,48,4.99,239.52,469,0,Sunday,5,2021
2021-05-17,P006,Hand Sanitizer,Health,29,4.99,144.71,468,0,Monday,5,2021
2021-05-18,P006,Hand Sanitizer,Health,34,4.99,169.66,457,0,Tuesday,5,2021
2021-05-19,P006,Hand Sanitizer,Health,33,4.99,164.67,485,0,Wednesday,5,2021
2021-05-20,P006,Hand Sanitizer,Health,33,4.99,164.67,459,0,Thursday,5,2021
2021-05-21,P006,Hand Sanitizer,Health,37,4.99,184.63,481,0,Friday,5,2021
2021-05-22,P006,Hand Sanitizer,Health,29,4.99,144.71,487,0,Saturday,5,2021
2021-05-23,P006,Hand Sanitizer,Health,42,4.99,209.58,444,0,Sunday,5,2021
2021-05-24,P006,Hand Sanitizer,Health,28,4.99,139.72,485,0,Monday,5,2021
2021-05-25,P006,Hand Sanitizer,Health,40,4.99,199.6,441,0,Tuesday,5,2021
