data/sales_data.csv
date,product_id,product_name,category,quantity_sold,unit_price,revenue,stock_level,promotion,day_of_week,month,year
2021-05-26,P006,Hand Sanitizer,Health,36,4.99,179.64,449,0,Wednesday,5,2021
2021-05-27,P006,Hand Sanitizer,Health,29,4.99,144.71,486,0,Thursday,5,2021
2021-05-28,P006,Hand Sanitizer,Health,27,4.99,134.73,492,0,Friday,5,2021
2021-05-29,P006,Hand Sanitizer,Health,52,4.99,259.48,451,0,Saturday,5,2021
2021-05-30,P006,Hand Sanitizer,Health,44,4.99,219.56,440,0,Sunday,5,2021
2021-05-31,P006,Hand Sanitizer,Health,35,4.99,174.65,467,0,Monday,5,2021
2021-06-01,P006,Hand Sanitizer,Health,31,4.99,154.69,482,0,Tuesday,6,2021
2021-06-02,P006,Hand Sanitizer,Health,25,4.99,124.75,458,0,Wednesday,6,2021
2021-06-03,P006,Hand Sanitizer,Health,27,4.99,134.73,455,0,Thursday,6,2021
2021-06-04,P006,Hand Sanitizer,Health,21,4.99,104.79,468,0,Friday,6,2021
2021-06-05,P006,Hand Sanitizer,Health,29,4.99,144.71,468,0,Saturday,6,2021
2021-06-06,P006,Hand Sanitizer,Health,66,3.99,263.47,414,1,Sunday,6,2021
2021-06-07,P006,Hand Sanitizer,Health,14,4.99,69.86,501,0,Monday,6,2021
2021-06-08,P006,Hand Sanitizer,Health,38,4.99,189.62,478,0,Tuesday,6,2021
2021-06-09,P006,Hand Sanitizer,Health,41,4.99,204.59,451,0,Wednesday,6,2021
2021-06-10,P006,Hand Sanitizer,Health,37,4.99,184.63,480,0,Thursday,6,2021
2021-06-11,P006,Hand Sanitizer,Health,30,4.99,149.7,478,0,Friday,6,2021
2021-06-12,P006,Hand Sanitizer,Health,48,4.99,239.52,447,0,Saturday,6,2021
2021-06-13,P006,Hand Sanitizer,Health,30,4.99,149.7,456,0,Sunday,6,2021
2021-06-14,P006,Hand Sanitizer,Health,43,3.99,171.66,469,1,Monday,6,2021
2021-06-15,P006,Hand Sanitizer,Health,20,4.99,99.8,486,0,Tuesday,6,2021
2021-06-16,P006,Hand Sanitizer,Health,17,4.99,84.83,484,0,Wednesday,6,2021
2021-06-17,P006,Hand Sanitizer,Health,40,3.99,159.68,478,1,Thursday,6,2021
2021-06-18,P006,Hand Sanitizer,Health,35,4.99,174.65,465,0,Friday,6,2021
2021-06-19,P006,Hand Sanitizer,Health,60,3.99,239.52,455,1,Saturday,6,2021
2021-06-20,P006,Hand Sanitizer,Health,41,4.99,204.59,470,0,Sunday,6,2021
2021-06-21,P006,Hand Sanitizer,Health,28,4.99,139.72,489,0,Monday,6,2021
2021-06-22,P006,Hand Sanitizer,Health,25,4.99,124.75,464,0,Tuesday,6,2021
2021-06-23,P006,Hand Sanitizer,Health,31,4.99,154.69,461,0,Wednesday,6,2021
2021-06-24,P006,Hand Sanitizer,Health,18,4.99,89.82,471,0,Thursday,6,2021
2021-06-25,P006,Hand Sanitizer,Health,56,3.99,223.55,460,1,Friday,6,2021
2021-06-26,P006,Hand Sanitizer,Health,42,4.99,209.58,476,0,Saturday,6,2021
2021-06-27,P006,Hand Sanitizer,Health,37,4.99,184.63,478,0,Sunday,6,2021
2021-06-28,P006,Hand Sanitizer,Health,36,4.99,179.64,464,0,Monday,6,2021
2021-06-29,P006,Hand Sanitizer,Health,36,4.99,179.64,445,0,Tuesday,6,2021
2021-06-30,P006,Hand Sanitizer,Health,43,4.99,214.57,453,0,Wednesday,6,2021
2021-07-01,P006,Hand Sanitizer,Health,24,4.99,119.76,477,0,Thursday,7,2021
2021-07-02,P006,Hand Sanitizer,Health,26,4.99,129.74,457,0,Friday,7,2021
2021-07-03,P006,Hand Sanitizer,Health,81,3.99,323.35,418,1,Saturday,7,2021
2021-07-04,P006,Hand Sanitizer,Health,37,4.99,184.63,444,0,Sunday,7,2021
2021-07-05,P006,Hand Sanitizer,Health,36,4.99,179.64,452,0,Monday,7,2021
2021-07-06,P006,Hand Sanitizer,Health,36,4.99,179.64,466,0,Tuesday,7,2021
2021-07-07,P006,Hand Sanitizer,Health,30,4.99,149.7,451,0,Wednesday,7,2021
2021-07-08,P006,Hand Sanitizer,Health,23,4.99,114.77,487,0,Thursday,7,2021
2021-07-09,P006,Hand Sanitizer,Health,22,4.99,109.78,490,0,Friday,7,2021
2021-07-10,P006,Hand Sanitizer,Health,55,3.99,219.56,444,1,Saturday,7,2021
2021-07-11,P006,Hand Sanitizer,Health,41,4.99,204.59,464,0,Sunday,7,2021
2021-07-12,P006,Hand Sanitizer,Health,37,4.99,184.63,463,0,Monday,7,2021
2021-07-13,P006,Hand Sanitizer,Health,33,4.99,164.67,472,0,Tuesday,7,2021
2021-07-14,P006,Hand Sanitizer,Health,38,4.99,189.62,472,0,Wednesday,7,2021
2021-07-15,P006,Hand Sanitizer,Health,27,4.99,134.73,474,0,Thursday,7,2021
2021-07-16,P006,Hand Sanitizer,Health,40,4.99,199.6,463,0,Friday,7,2021
2021-07-17,P006,Hand Sanitizer,Health,30,4.99,149.7,483,0,Saturday,7,2021
2021-07-18,P006,Hand Sanitizer,Health,43,4.99,214.57,461,0,Sunday,7,2021
2021-07-19,P006,Hand Sanitizer,Health,38,4.99,189.62,481,0,Monday,7,2021
2021-07-20,P006,Hand Sanitizer,Health,25,4.99,124.75,494,0,Tuesday,7,2021
2021-07-21,P006,Hand Sanitizer,Health,72,3.99,287.42,408,1,Wednesday,7,2021
2021-07-22,P006,Hand Sanitizer,Health,25,4.99,124.75,494,0,Thursday,7,2021
2021-07-23,P006,Hand Sanitizer,Health,34,4.99,169.66,474,0,Friday,7,2021
2021-07-24,P006,Hand Sanitizer,Health,52,4.99,259.48,458,0,Saturday,7,2021
2021-07-25,P006,Hand Sanitizer,Health,69,3.99,275.45,446,1,Sunday,7,2021
2021-07-26,P006,Hand Sanitizer,Health,29,4.99,144.71,467,0,Monday,7,2021
2021-07-27,P006,Hand Sanitizer,Health,57,3.99,227.54,459,1,Tuesday,7,2021
2021-07-28,P006,Hand Sanitizer,Health,31,4.99,154.69,484,0,Wednesday,7,2021
2021-07-29,P006,Hand Sanitizer,Health,37,4.99,184.63,465,0,Thursday,7,2021
2021-07-30,P006,Hand Sanitizer,Health,32,4.99,159.68,483,0,Friday,7,2021
2021-07-31,P006,Hand Sanitizer,Health,60,4.99,299.4,440,0,Saturday,7,2021
2021-08-01,P006,Hand Sanitizer,Health,38,4.99,189.62,451,0,Sunday,8,2021
2021-08-02,P006,Hand Sanitizer,Health,25,4.99,124.75,470,0,Monday,8,2021
2021-08-03,P006,Hand Sanitizer,Health,34,4.99,169.66,467,0,Tuesday,8,2021
2021-08-04,P006,Hand Sanitizer,Health,37,4.99,184.63,481,0,Wednesday,8,2021
2021-08-05,P006,Hand Sanitizer,Health,45,3.99,179.64,445,1,Thursday,8,2021
2021-08-06,P006,Hand Sanitizer,Health,39,3.99,155.69,479,1,Friday,8,2021
2021-08-07,P006,Hand Sanitizer,Health,77,3.99,307.38,414,1,Saturday,8,2021
2021-08-08,P006,Hand Sanitizer,Health,39,4.99,194.61,444,0,Sunday,8,2021
2021-08-09,P006,Hand Sanitizer,Health,67,3.99,267.46,436,1,Monday,8,2021
2021-08-10,P006,Hand Sanitizer,Health,29,4.99,144.71,461,0,Tuesday,8,2021
2021-08-11,P006,Hand Sanitizer,Health,44,4.99,219.56,472,0,Wednesday,8,2021
2021-08-12,P006,Hand Sanitizer,Health,28,4.99,139.72,476,0,Thursday,8,2021
2021-08-13,P006,Hand Sanitizer,Health,40,4.99,199.6,468,0,Friday,8,2021
2021-08-14,P006,Hand Sanitizer,Health,37,4.99,184.63,481,0,Saturday,8,2021
2021-08-15,P006,Hand Sanitizer,Health,56,4.99,279.44,426,0,Sunday,8,2021
2021-08-16,P006,Hand Sanitizer,Health,37,4.99,184.63,466,0,Monday,8,2021
2021-08-17,P006,Hand Sanitizer,Health,47,4.99,234.53,436,0,Tuesday,8,2021
2021-08-18,P006,Hand Sanitizer,Health,50,4.99,249.5,462,0,Wednesday,8,2021
2021-08-19,P006,Hand Sanitizer,Health,37,4.99,184.63,455,0,Thursday,8,2021
2021-08-20,P006,Hand Sanitizer,Health,31,4.99,154.69,449,0,Friday,8,2021
2021-08-21,P006,Hand Sanitizer,Health,57,4.99,284.43,444,0,Saturday,8,2021
2021-08-22,P006,Hand Sanitizer,Health,59,4.99,294.41,455,0,Sunday,8,2021
2021-08-23,P006,Hand Sanitizer,Health,24,4.99,119.76,495,0,Monday,8,2021
2021-08-24,P006,Hand Sanitizer,Health,57,4.99,284.43,441,0,Tuesday,8,2021
2021-08-25,P006,Hand Sanitizer,Health,53,4.99,264.47,449,0,Wednesday,8,2021
2021-08-26,P006,Hand Sanitizer,Health,46,4.99,229.54,457,0,Thursday,8,2021
2021-08-27,P006,Hand Sanitizer,Health,36,4.99,179.64,469,0,Friday,8,2021
2021-08-28,P006,Hand Sanitizer,Health,46,4.99,229.54,454,0,Saturday,8,2021
2021-08-29,P006,Hand Sanitizer,Health,47,4.99,234.53,440,0,Sunday,8,2021
2021-08-30,P006,Hand Sanitizer,Health,42,4.99,209.58,455,0,Monday,8,2021
2021-08-31,P006,Hand Sanitizer,Health,47,4.99,234.53,466,0,Tuesday,8,2021
2021-09-01,P006,Hand Sanitizer,Health,55,4.99,274.45,432,0,Wednesday,9,2021
2021-09-02,P006,Hand Sanitizer,Health,39,4.99,194.61,467,0,Thursday,9,2021
2021-09-03,P006,Hand Sanitizer,Health,41,4.99,204.59,457,0,Friday,9,2021
2021-09-04,P006,Hand Sanitizer,Health,64,4.99,319.36,428,0,Saturday,9,2021
2021-09-05,P006,Hand Sanitizer,Health,77,3.99,307.38,415,1,Sunday,9,2021
2021-09-06,P006,Hand Sanitizer,Health,34,4.99,169.66,480,0,Monday,9,2021
2021-09-07,P006,Hand Sanitizer,Health,55,4.99,274.45,446,0,Tuesday,9,2021
2021-09-08,P006,Hand Sanitizer,Health,77,3.99,307.38,440,1,Wednesday,9,2021
2021-09-09,P006,Hand Sanitizer,Health,85,3.99,339.32,411,1,Thursday,9,2021
2021-09-10,P006,Hand Sanitizer,Health,54,4.99,269.46,438,0,Friday,9,2021
2021-09-11,P006,Hand Sanitizer,Health,72,4.99,359.28,431,0,Saturday,9,2021
2021-09-12,P006,Hand Sanitizer,Health,99,3.99,395.21,406,1,Sunday,9,2021
2021-09-13,P006,Hand Sanitizer,Health,38,4.99,189.62,475,0,Monday,9,2021
2021-09-14,P006,Hand Sanitizer,Health,50,4.99,249.5,439,0,Tuesday,9,2021
2021-09-15,P006,Hand Sanitizer,Health,53,4.99,264.47,455,0,Wednesday,9,2021
2021-09-16,P006,Hand Sanitizer,Health,61,4.99,304.39,424,0,Thursday,9,2021
2021-09-17,P006,Hand Sanitizer,Health,83,3.99,331.34,406,1,Friday,9,2021
2021-09-18,P006,Hand Sanitizer,Health,58,4.99,289.42,436,0,Saturday,9,2021
2021-09-19,P006,Hand Sanitizer,Health,92,3.99,367.26,420,1,Sunday,9,2021
2021-09-20,P006,Hand Sanitizer,Health,57,4.99,284.43,447,0,Monday,9,2021
2021-09-21,P006,Hand Sanitizer,Health,56,4.99,279.44,437,0,Tuesday,9,2021
2021-09-22,P006,Hand Sanitizer,Health,65,4.99,324.35,425,0,Wednesday,9,2021
2021-09-23,P006,Hand Sanitizer,Health,58,4.99,289.42,450,0,Thursday,9,2021
2021-09-24,P006,Hand Sanitizer,Health,63,4.99,314.37,444,0,Friday,9,2021
2021-09-25,P006,Hand Sanitizer,Health,80,4.99,399.2,438,0,Saturday,9,2021
2021-09-26,P006,Hand Sanitizer,Health,73,4.99,364.27,427,0,Sunday,9,2021
2021-09-27,P006,Hand Sanitizer,Health,54,4.99,269.46,465,0,Monday,9,2021
2021-09-28,P006,Hand Sanitizer,Health,53,4.99,264.47,444,0,Tuesday,9,2021
2021-09-29,P006,Hand Sanitizer,Health,47,4.99,234.53,442,0,Wednesday,9,2021
2021-09-30,P006,Hand Sanitizer,Health,59,4.99,294.41,424,0,Thursday,9,2021
2021-10-01,P006,Hand Sanitizer,Health,51,4.99,254.49,438,0,Friday,10,2021
2021-10-02,P006,Hand Sanitizer,Health,75,4.99,374.25,439,0,Saturday,10,2021
2021-10-03,P006,Hand Sanitizer,Health,77,4.99,384.23,413,0,Sunday,10,2021
2021-10-04,P006,Hand Sanitizer,Health,40,4.99,199.6,478,0,Monday,10,2021
2021-10-05,P006,Hand Sanitizer,Health,42,4.99,209.58,472,0,Tuesday,10,2021
2021-10-06,P006,Hand Sanitizer,Health,67,4.99,334.33,451,0,Wednesday,10,2021
2021-10-07,P006,Hand Sanitizer,Health,59,4.99,294.41,434,0,Thursday,10,2021
2021-10-08,P006,Hand Sanitizer,Health,56,4.99,279.44,454,0,Friday,10,2021
2021-10-09,P006,Hand Sanitizer,Health,80,4.99,399.2,438,0,Saturday,10,2021
2021-10-10,P006,Hand Sanitizer,Health,69,4.99,344.31,425,0,Sunday,10,2021
2021-10-11,P006,Hand Sanitizer,Health,62,4.99,309.38,449,0,Monday,10,2021
2021-10-12,P006,Hand Sanitizer,Health,67,4.99,334.33,432,0,Tuesday,10,2021
2021-10-13,P006,Hand Sanitizer,Health,58,4.99,289.42,436,0,Wednesday,10,2021
2021-10-14,P006,Hand Sanitizer,Health,66,4.99,329.34,448,0,Thursday,10,2021
2021-10-15,P006,Hand Sanitizer,Health,77,4.99,384.23,404,0,Friday,10,2021
2021-10-16,P006,Hand Sanitizer,Health,94,4.99,469.06,387,0,Saturday,10,2021
2021-10-17,P006,Hand Sanitizer,Health,87,4.99,434.13,400,0,Sunday,10,2021
2021-10-18,P006,Hand Sanitizer,Health,63,4.99,314.37,449,0,Monday,10,2021
2021-10-19,P006,Hand Sanitizer,Health,63,4.99,314.37,453,0,Tuesday,10,2021
2021-10-20,P006,Hand Sanitizer,Health,69,4.99,344.31,447,0,Wednesday,10,2021
2021-10-21,P006,Hand Sanitizer,Health,60,4.99,299.4,446,0,Thursday,10,2021
2021-10-22,P006,Hand Sanitizer,Health,66,4.99,329.34,446,0,Friday,10,2021
2021-10-23,P006,Hand Sanitizer,Health,82,4.99,409.18,422,0,Saturday,10,2021
2021-10-24,P006,Hand Sanitizer,Health,76,4.99,379.24,430,0,Sunday,10,2021
2021-10-25,P006,Hand Sanitizer,Health,76,4.99,379.24,437,0,Monday,10,2021
2021-10-26,P006,Hand Sanitizer,Health,56,4.99,279.44,445,0,Tuesday,10,2021
2021-10-27,P006,Hand Sanitizer,Health,78,4.99,389.22,404,0,Wednesday,10,2021
2021-10-28,P006,Hand Sanitizer,Health,67,4.99,334.33,430,0,Thursday,10,2021
2021-10-29,P006,Hand Sanitizer,Health,69,4.99,344.31,432,0,Friday,10,2021
2021-10-30,P006,Hand Sanitizer,Health,78,4.99,389.22,418,0,Saturday,10,2021
2021-10-31,P006,Hand Sanitizer,Health,76,4.99,379.24,442,0,Sunday,10,2021
2021-11-01,P006,Hand Sanitizer,Health,64,4.99,319.36,420,0,Monday,11,2021
2021-11-02,P006,Hand Sanitizer,Health,77,4.99,384.23,405,0,Tuesday,11,2021
2021-11-03,P006,Hand Sanitizer,Health,65,4.99,324.35,454,0,Wednesday,11,2021
2021-11-04,P006,Hand Sanitizer,Health,68,4.99,339.32,435,0,Thursday,11,2021
2021-11-05,P006,Hand Sanitizer,Health,75,4.99,374.25,407,0,Friday,11,2021
2021-11-06,P006,Hand Sanitizer,Health,131,3.99,522.95,380,1,Saturday,11,2021
2021-11-07,P006,Hand Sanitizer,Health,72,4.99,359.28,423,0,Sunday,11,2021
2021-11-08,P006,Hand Sanitizer,Health,55,4.99,274.45,430,0,Monday,11,2021
2021-11-09,P006,Hand Sanitizer,Health,72,4.99,359.28,419,0,Tuesday,11,2021
2021-11-10,P006,Hand Sanitizer,Health,66,4.99,329.34,436,0,Wednesday,11,2021
2021-11-11,P006,Hand Sanitizer,Health,72,4.99,359.28,435,0,Thursday,11,2021
2021-11-12,P006,Hand Sanitizer,Health,69,4.99,344.31,434,0,Friday,11,2021
2021-11-13,P006,Hand Sanitizer,Health,154,3.99,614.77,333,1,Saturday,11,2021
2021-11-14,P006,Hand Sanitizer,Health,83,4.99,414.17,432,0,Sunday,11,2021
2021-11-15,P006,Hand Sanitizer,Health,58,4.99,289.42,436,0,Monday,11,2021
2021-11-16,P006,Hand Sanitizer,Health,57,4.99,284.43,439,0,Tuesday,11,2021
2021-11-17,P006,Hand Sanitizer,Health,67,4.99,334.33,441,0,Wednesday,11,2021
2021-11-18,P006,Hand Sanitizer,Health,71,4.99,354.29,438,0,Thursday,11,2021
2021-11-19,P006,Hand Sanitizer,Health,81,4.99,404.19,421,0,Friday,11,2021
2021-11-20,P006,Hand Sanitizer,Health,92,4.99,459.08,416,0,Saturday,11,2021
2021-11-21,P006,Hand Sanitizer,Health,78,4.99,389.22,406,0,Sunday,11,2021
2021-11-22,P006,Hand Sanitizer,Health,78,3.99,311.38,414,1,Monday,11,2021
2021-11-23,P006,Hand Sanitizer,Health,64,4.99,319.36,445,0,Tuesday,11,2021
2021-11-24,P006,Hand Sanitizer,Health,171,4.99,853.29,322,0,Wednesday,11,2021
2021-11-25,P006,Hand Sanitizer,Health,180,4.99,898.2,332,0,Thursday,11,2021
2021-11-26,P006,Hand Sanitizer,Health,183,4.99,913.17,332,0,Friday,11,2021
2021-11-27,P006,Hand Sanitizer,Health,225,4.99,1122.75,291,0,Saturday,11,2021
2021-11-28,P006,Hand Sanitizer,Health,224,4.99,1117.76,295,0,Sunday,11,2021
2021-11-29,P006,Hand Sanitizer,Health,155,4.99,773.45,354,0,Monday,11,2021
2021-11-30,P006,Hand Sanitizer,Health,187,4.99,933.13,323,0,Tuesday,11,2021
2021-12-01,P006,Hand Sanitizer,Health,69,4.99,344.31,419,0,Wednesday,12,2021
2021-12-02,P006,Hand Sanitizer,Health,66,4.99,329.34,433,0,Thursday,12,2021
2021-12-03,P006,Hand Sanitizer,Health,65,4.99,324.35,429,0,Friday,12,2021
2021-12-04,P006,Hand Sanitizer,Health,94,4.99,469.06,402,0,Saturday,12,2021
2021-12-05,P006,Hand Sanitizer,Health,90,4.99,449.1,425,0,Sunday,12,2021
2021-12-06,P006,Hand Sanitizer,Health,50,4.99,249.5,435,0,Monday,12,2021
2021-12-07,P006,Hand Sanitizer,Health,86,4.99,429.14,399,0,Tuesday,12,2021
2021-12-08,P006,Hand Sanitizer,Health,62,4.99,309.38,422,0,Wednesday,12,2021
2021-12-09,P006,Hand Sanitizer,Health,74,4.99,369.26,413,0,Thursday,12,2021
2021-12-10,P006,Hand Sanitizer,Health,77,4.99,384.23,416,0,Friday,12,2021
2021-12-11,P006,Hand Sanitizer,Health,93,4.99,464.07,409,0,Saturday,12,2021
2021-12-12,P006,Hand Sanitizer,Health,84,4.99,419.16,397,0,Sunday,12,2021
2021-12-13,P006,Hand Sanitizer,Health,64,4.99,319.36,447,0,Monday,12,2021
2021-12-14,P006,Hand Sanitizer,Health,64,4.99,319.36,430,0,Tuesday,12,2021
2021-12-15,P006,Hand Sanitizer,Health,148,4.99,738.52,350,0,Wednesday,12,2021
2021-12-16,P006,Hand Sanitizer,Health,141,4.99,703.59,366,0,Thursday,12,2021
2021-12-17,P006,Hand Sanitizer,Health,142,4.99,708.58,351,0,Friday,12,2021
2021-12-18,P006,Hand Sanitizer,Health,194,4.99,968.06,306,0,Saturday,12,2021
2021-12-19,P006,Hand Sanitizer,Health,179,4.99,893.21,315,0,Sunday,12,2021
2021-12-20,P006,Hand Sanitizer,Health,131,4.99,653.69,349,0,Monday,12,2021
2021-12-21,P006,Hand Sanitizer,Health,149,4.99,743.51,358,0,Tuesday,12,2021
2021-12-22,P006,Hand Sanitizer,Health,146,4.99,728.54,341,0,Wednesday,12,2021
2021-12-23,P006,Hand Sanitizer,Health,142,4.99,708.58,359,0,Thursday,12,2021
2021-12-24,P006,Hand Sanitizer,Health,142,4.99,708.58,368,0,Friday,12,2021
2021-12-25,P006,Hand Sanitizer,Health,198,4.99,988.02,308,0,Saturday,12,2021
2021-12-26,P006,Hand Sanitizer,Health,175,4.99,873.25,340,0,Sunday,12,2021
2021-12-27,P006,Hand Sanitizer,Health,190,3.99,758.48,313,1,Monday,12,2021
2021-12-28,P006,Hand Sanitizer,Health,162,4.99,808.38,342,0,Tuesday,12,2021
2021-12-29,P006,Hand Sanitizer,Health,136,4.99,678.64,381,0,Wednesday,12,2021
2021-12-30,P006,Hand Sanitizer,Health,152,4.99,758.48,349,0,Thursday,12,2021
2021-12-31,P006,Hand Sanitizer,Health,148,4.99,738.52,338,0,Friday,12,2021
2022-01-01,P006,Hand Sanitizer,Health,145,4.99,723.55,365,0,Saturday,1,2022
2022-01-02,P006,Hand Sanitizer,Health,125,4.99,623.75,370,0,Sunday,1,2022
2022-01-03,P006,Hand Sanitizer,Health,83,4.99,414.17,407,0,Monday,1,2022
2022-01-04,P006,Hand Sanitizer,Health,73,4.99,364.27,442,0,Tuesday,1,2022
2022-01-05,P006,Hand Sanitizer,Health,104,3.99,415.17,382,1,Wednesday,1,2022
2022-01-06,P006,Hand Sanitizer,Health,69,4.99,344.31,416,0,Thursday,1,2022
2022-01-07,P006,Hand Sanitizer,Health,70,4.99,349.3,432,0,Friday,1,2022
2022-01-08,P006,Hand Sanitizer,Health,93,4.99,464.07,412,0,Saturday,1,2022
2022-01-09,P006,Hand Sanitizer,Health,88,4.99,439.12,430,0,Sunday,1,2022
2022-01-10,P006,Hand Sanitizer,Health,46,4.99,229.54,458,0,Monday,1,2022
2022-01-11,P006,Hand Sanitizer,Health,120,3.99,479.04,387,1,Tuesday,1,2022
2022-01-12,P006,Hand Sanitizer,Health,76,4.99,379.24,430,0,Wednesday,1,2022
2022-01-13,P006,Hand Sanitizer,Health,87,4.99,434.13,417,0,Thursday,1,2022
2022-01-14,P006,Hand Sanitizer,Health,83,4.99,414.17,427,0,Friday,1,2022
2022-01-15,P006,Hand Sanitizer,Health,87,4.99,434.13,394,0,Saturday,1,2022
2022-01-16,P006,Hand Sanitizer,Health,91,4.99,454.09,426,0,Sunday,1,2022
2022-01-17,P006,Hand Sanitizer,Health,58,4.99,289.42,442,0,Monday,1,2022
2022-01-18,P006,Hand Sanitizer,Health,65,4.99,324.35,442,0,Tuesday,1,2022
2022-01-19,P006,Hand Sanitizer,Health,96,3.99,383.23,421,1,Wednesday,1,2022
