data/sales_data.csv
date,product_id,product_name,category,quantity_sold,unit_price,revenue,stock_level,promotion,day_of_week,month,year
2022-01-20,P006,Hand Sanitizer,Health,76,4.99,379.24,434,0,Thursday,1,2022
2022-01-21,P006,Hand Sanitizer,Health,67,4.99,334.33,448,0,Friday,1,2022
2022-01-22,P006,Hand Sanitizer,Health,130,3.99,518.96,351,1,Saturday,1,2022
2022-01-23,P006,Hand Sanitizer,Health,81,4.99,404.19,417,0,Sunday,1,2022
2022-01-24,P006,Hand Sanitizer,Health,61,4.99,304.39,447,0,Monday,1,2022
2022-01-25,P006,Hand Sanitizer,Health,106,3.99,423.15,388,1,Tuesday,1,2022
2022-01-26,P006,Hand Sanitizer,Health,61,4.99,304.39,425,0,Wednesday,1,2022
2022-01-27,P006,Hand Sanitizer,Health,57,4.99,284.43,455,0,Thursday,1,2022
2022-01-28,P006,Hand Sanitizer,Health,75,4.99,374.25,437,0,Friday,1,2022
2022-01-29,P006,Hand Sanitizer,Health,86,4.99,429.14,395,0,Saturday,1,2022
2022-01-30,P006,Hand Sanitizer,Health,84,4.99,419.16,409,0,Sunday,1,2022
2022-01-31,P006,Hand Sanitizer,Health,101,3.99,403.19,387,1,Monday,1,2022
2022-02-01,P006,Hand Sanitizer,Health,62,4.99,309.38,420,0,Tuesday,2,2022
2022-02-02,P006,Hand Sanitizer,Health,65,4.99,324.35,439,0,Wednesday,2,2022
2022-02-03,P006,Hand Sanitizer,Health,60,4.99,299.4,421,0,Thursday,2,2022
2022-02-04,P006,Hand Sanitizer,Health,64,4.99,319.36,423,0,Friday,2,2022
2022-02-05,P006,Hand Sanitizer,Health,126,3.99,502.99,388,1,Saturday,2,2022
2022-02-06,P006,Hand Sanitizer,Health,84,4.99,419.16,418,0,Sunday,2,2022
2022-02-07,P006,Hand Sanitizer,Health,50,4.99,249.5,461,0,Monday,2,2022
2022-02-08,P006,Hand Sanitizer,Health,80,4.99,399.2,404,0,Tuesday,2,2022
2022-02-09,P006,Hand Sanitizer,Health,62,4.99,309.38,440,0,Wednesday,2,2022
2022-02-10,P006,Hand Sanitizer,Health,55,4.99,274.45,430,0,Thursday,2,2022
2022-02-11,P006,Hand Sanitizer,Health,51,4.99,254.49,437,0,Friday,2,2022
2022-02-12,P006,Hand Sanitizer,Health,89,4.99,444.11,416,0,Saturday,2,2022
2022-02-13,P006,Hand Sanitizer,Health,85,4.99,424.15,428,0,Sunday,2,2022
2022-02-14,P006,Hand Sanitizer,Health,49,4.99,244.51,444,0,Monday,2,2022
2022-02-15,P006,Hand Sanitizer,Health,97,3.99,387.22,416,1,Tuesday,2,2022
2022-02-16,P006,Hand Sanitizer,Health,69,4.99,344.31,446,0,Wednesday,2,2022
2022-02-17,P006,Hand Sanitizer,Health,68,4.99,339.32,424,0,Thursday,2,2022
2022-02-18,P006,Hand Sanitizer,Health,55,4.99,274.45,431,0,Friday,2,2022
2022-02-19,P006,Hand Sanitizer,Health,80,4.99,399.2,405,0,Saturday,2,2022
2022-02-20,P006,Hand Sanitizer,Health,75,4.99,374.25,432,0,Sunday,2,2022
2022-02-21,P006,Hand Sanitizer,Health,60,4.99,299.4,429,0,Monday,2,2022
2022-02-22,P006,Hand Sanitizer,Health,56,4.99,279.44,435,0,Tuesday,2,2022
2022-02-23,P006,Hand Sanitizer,Health,57,4.99,284.43,436,0,Wednesday,2,2022
2022-02-24,P006,Hand Sanitizer,Health,54,4.99,269.46,443,0,Thursday,2,2022
2022-02-25,P006,Hand Sanitizer,Health,64,4.99,319.36,429,0,Friday,2,2022
2022-02-26,P006,Hand Sanitizer,Health,63,4.99,314.37,433,0,Saturday,2,2022
2022-02-27,P006,Hand Sanitizer,Health,71,4.99,354.29,413,0,Sunday,2,2022
2022-02-28,P006,Hand Sanitizer,Health,59,4.99,294.41,425,0,Monday,2,2022
2022-03-01,P006,Hand Sanitizer,Health,107,3.99,427.14,383,1,Tuesday,3,2022
2022-03-02,P006,Hand Sanitizer,Health,63,4.99,314.37,418,0,Wednesday,3,2022
2022-03-03,P006,Hand Sanitizer,Health,47,4.99,234.53,449,0,Thursday,3,2022
2022-03-04,P006,Hand Sanitizer,Health,54,4.99,269.46,436,0,Friday,3,2022
2022-03-05,P006,Hand Sanitizer,Health,70,4.99,349.3,419,0,Saturday,3,2022
2022-03-06,P006,Hand Sanitizer,Health,78,4.99,389.22,417,0,Sunday,3,2022
2022-03-07,P006,Hand Sanitizer,Health,48,4.99,239.52,440,0,Monday,3,2022
2022-03-08,P006,Hand Sanitizer,Health,57,4.99,284.43,453,0,Tuesday,3,2022
2022-03-09,P006,Hand Sanitizer,Health,62,4.99,309.38,449,0,Wednesday,3,2022
2022-03-10,P006,Hand Sanitizer,Health,62,4.99,309.38,448,0,Thursday,3,2022
2022-03-11,P006,Hand Sanitizer,Health,48,4.99,239.52,454,0,Friday,3,2022
2022-03-12,P006,Hand Sanitizer,Health,80,4.99,399.2,427,0,Saturday,3,2022
2022-03-13,P006,Hand Sanitizer,Health,62,4.99,309.38,457,0,Sunday,3,2022
2022-03-14,P006,Hand Sanitizer,Health,65,3.99,259.48,428,1,Monday,3,2022
2022-03-15,P006,Hand Sanitizer,Health,63,4.99,314.37,447,0,Tuesday,3,2022
2022-03-16,P006,Hand Sanitizer,Health,50,4.99,249.5,456,0,Wednesday,3,2022
2022-03-17,P006,Hand Sanitizer,Health,54,4.99,269.46,435,0,Thursday,3,2022
2022-03-18,P006,Hand Sanitizer,Health,41,4.99,204.59,459,0,Friday,3,2022
2022-03-19,P006,Hand Sanitizer,Health,69,4.99,344.31,435,0,Saturday,3,2022
2022-03-20,P006,Hand Sanitizer,Health,54,4.99,269.46,445,0,Sunday,3,2022
2022-03-21,P006,Hand Sanitizer,Health,31,4.99,154.69,467,0,Monday,3,2022
2022-03-22,P006,Hand Sanitizer,Health,33,4.99,164.67,468,0,Tuesday,3,2022
2022-03-23,P006,Hand Sanitizer,Health,63,4.99,314.37,418,0,Wednesday,3,2022
2022-03-24,P006,Hand Sanitizer,Health,50,4.99,249.5,464,0,Thursday,3,2022
2022-03-25,P006,Hand Sanitizer,Health,73,3.99,291.42,437,1,Friday,3,2022
2022-03-26,P006,Hand Sanitizer,Health,59,4.99,294.41,456,0,Saturday,3,2022
2022-03-27,P006,Hand Sanitizer,Health,94,3.99,375.25,408,1,Sunday,3,2022
2022-03-28,P006,Hand Sanitizer,Health,41,4.99,204.59,468,0,Monday,3,2022
2022-03-29,P006,Hand Sanitizer,Health,54,4.99,269.46,465,0,Tuesday,3,2022
2022-03-30,P006,Hand Sanitizer,Health,41,4.99,204.59,462,0,Wednesday,3,2022
2022-03-31,P006,Hand Sanitizer,Health,64,4.99,319.36,428,0,Thursday,3,2022
2022-04-01,P006,Hand Sanitizer,Health,50,4.99,249.5,434,0,Friday,4,2022
2022-04-02,P006,Hand Sanitizer,Health,54,4.99,269.46,444,0,Saturday,4,2022
2022-04-03,P006,Hand Sanitizer,Health,46,4.99,229.54,444,0,Sunday,4,2022
2022-04-04,P006,Hand Sanitizer,Health,55,4.99,274.45,448,0,Monday,4,2022
2022-04-05,P006,Hand Sanitizer,Health,68,3.99,271.46,440,1,Tuesday,4,2022
2022-04-06,P006,Hand Sanitizer,Health,51,4.99,254.49,441,0,Wednesday,4,2022
2022-04-07,P006,Hand Sanitizer,Health,60,4.99,299.4,450,0,Thursday,4,2022
2022-04-08,P006,Hand Sanitizer,Health,67,3.99,267.46,436,1,Friday,4,2022
2022-04-09,P006,Hand Sanitizer,Health,62,4.99,309.38,427,0,Saturday,4,2022
2022-04-10,P006,Hand Sanitizer,Health,37,4.99,184.63,482,0,Sunday,4,2022
2022-04-11,P006,Hand Sanitizer,Health,43,4.99,214.57,464,0,Monday,4,2022
2022-04-12,P006,Hand Sanitizer,Health,39,4.99,194.61,472,0,Tuesday,4,2022
2022-04-13,P006,Hand Sanitizer,Health,57,4.99,284.43,425,0,Wednesday,4,2022
2022-04-14,P006,Hand Sanitizer,Health,52,4.99,259.48,448,0,Thursday,4,2022
2022-04-15,P006,Hand Sanitizer,Health,42,4.99,209.58,438,0,Friday,4,2022
2022-04-16,P006,Hand Sanitizer,Health,64,4.99,319.36,428,0,Saturday,4,2022
2022-04-17,P006,Hand Sanitizer,Health,54,4.99,269.46,462,0,Sunday,4,2022
2022-04-18,P006,Hand Sanitizer,Health,40,4.99,199.6,466,0,Monday,4,2022
2022-04-19,P006,Hand Sanitizer,Health,32,4.99,159.68,452,0,Tuesday,4,2022
2022-04-20,P006,Hand Sanitizer,Health,28,4.99,139.72,483,0,Wednesday,4,2022
2022-04-21,P006,Hand Sanitizer,Health,43,4.99,214.57,475,0,Thursday,4,2022
2022-04-22,P006,Hand Sanitizer,Health,35,4.99,174.65,478,0,Friday,4,2022
2022-04-23,P006,Hand Sanitizer,Health,48,4.99,239.52,445,0,Saturday,4,2022
2022-04-24,P006,Hand Sanitizer,Health,71,3.99,283.43,426,1,Sunday,4,2022
2022-04-25,P006,Hand Sanitizer,Health,32,4.99,159.68,456,0,Monday,4,2022
2022-04-26,P006,Hand Sanitizer,Health,32,4.99,159.68,457,0,Tuesday,4,2022
2022-04-27,P006,Hand Sanitizer,Health,30,4.99,149.7,459,0,Wednesday,4,2022
2022-04-28,P006,Hand Sanitizer,Health,28,4.99,139.72,463,0,Thursday,4,2022
2022-04-29,P006,Hand Sanitizer,Health,50,4.99,249.5,444,0,Friday,4,2022
2022-04-30,P006,Hand Sanitizer,Health,53,4.99,264.47,439,0,Saturday,4,2022
2022-05-01,P006,Hand Sanitizer,Health,45,4.99,224.55,464,0,Sunday,5,2022
2022-05-02,P006,Hand Sanitizer,Health,35,4.99,174.65,453,0,Monday,5,2022
2022-05-03,P006,Hand Sanitizer,Health,38,4.99,189.62,449,0,Tuesday,5,2022
2022-05-04,P006,Hand Sanitizer,Health,39,4.99,194.61,468,0,Wednesday,5,2022
2022-05-05,P006,Hand Sanitizer,Health,49,4.99,244.51,437,0,Thursday,5,2022
2022-05-06,P006,Hand Sanitizer,Health,34,4.99,169.66,468,0,Friday,5,2022
2022-05-07,P006,Hand Sanitizer,Health,48,4.99,239.52,437,0,Saturday,5,2022
2022-05-08,P006,Hand Sanitizer,Health,37,4.99,184.63,481,0,Sunday,5,2022
2022-05-09,P006,Hand Sanitizer,Health,31,4.99,154.69,465,0,Monday,5,2022
2022-05-10,P006,Hand Sanitizer,Health,36,4.99,179.64,462,0,Tuesday,5,2022
2022-05-11,P006,Hand Sanitizer,Health,32,4.99,159.68,478,0,Wednesday,5,2022
2022-05-12,P006,Hand Sanitizer,Health,37,4.99,184.63,456,0,Thursday,5,2022
2022-05-13,P006,Hand Sanitizer,Health,32,4.99,159.68,455,0,Friday,5,2022
2022-05-14,P006,Hand Sanitizer,Health,57,4.99,284.43,458,0,Saturday,5,2022
2022-05-15,P006,Hand Sanitizer,Health,53,4.99,264.47,465,0,Sunday,5,2022
2022-05-16,P006,Hand Sanitizer,Health,14,4.99,69.86,484,0,Monday,5,2022
2022-05-17,P006,Hand Sanitizer,Health,46,4.99,229.54,469,0,Tuesday,5,2022
2022-05-18,P006,Hand Sanitizer,Health,30,4.99,149.7,467,0,Wednesday,5,2022
2022-05-19,P006,Hand Sanitizer,Health,30,4.99,149.7,471,0,Thursday,5,2022
2022-05-20,P006,Hand Sanitizer,Health,24,4.99,119.76,468,0,Friday,5,2022
2022-05-21,P006,Hand Sanitizer,Health,35,4.99,174.65,464,0,Saturday,5,2022
2022-05-22,P006,Hand Sanitizer,Health,63,3.99,251.5,426,1,Sunday,5,2022
2022-05-23,P006,Hand Sanitizer,Health,21,4.99,104.79,494,0,Monday,5,2022
2022-05-24,P006,Hand Sanitizer,Health,34,4.99,169.66,477,0,Tuesday,5,2022
2022-05-25,P006,Hand Sanitizer,Health,39,4.99,194.61,450,0,Wednesday,5,2022
2022-05-26,P006,Hand Sanitizer,Health,28,4.99,139.72,489,0,Thursday,5,2022
2022-05-27,P006,Hand Sanitizer,Health,52,3.99,207.58,452,1,Friday,5,2022
2022-05-28,P006,Hand Sanitizer,Health,45,4.99,224.55,439,0,Saturday,5,2022
2022-05-29,P006,Hand Sanitizer,Health,25,4.99,124.75,475,0,Sunday,5,2022
2022-05-30,P006,Hand Sanitizer,Health,12,4.99,59.88,469,0,Monday,5,2022
2022-05-31,P006,Hand Sanitizer,Health,24,4.99,119.76,460,0,Tuesday,5,2022
2022-06-01,P006,Hand Sanitizer,Health,36,4.99,179.64,460,0,Wednesday,6,2022
2022-06-02,P006,Hand Sanitizer,Health,51,4.99,254.49,467,0,Thursday,6,2022
2022-06-03,P006,Hand Sanitizer,Health,43,4.99,214.57,450,0,Friday,6,2022
2022-06-04,P006,Hand Sanitizer,Health,37,4.99,184.63,467,0,Saturday,6,2022
2022-06-05,P006,Hand Sanitizer,Health,42,4.99,209.58,441,0,Sunday,6,2022
2022-06-06,P006,Hand Sanitizer,Health,25,4.99,124.75,469,0,Monday,6,2022
2022-06-07,P006,Hand Sanitizer,Health,28,4.99,139.72,490,0,Tuesday,6,2022
2022-06-08,P006,Hand Sanitizer,Health,16,4.99,79.84,479,0,Wednesday,6,2022
2022-06-09,P006,Hand Sanitizer,Health,29,4.99,144.71,462,0,Thursday,6,2022
2022-06-10,P006,Hand Sanitizer,Health,46,4.99,229.54,449,0,Friday,6,2022
2021-01-01,P007,Water Bottle,Lifestyle,15,15.99,239.85,167,0,Friday,1,2021
2021-01-02,P007,Water Bottle,Lifestyle,21,15.99,335.79,182,0,Saturday,1,2021
2021-01-03,P007,Water Bottle,Lifestyle,18,15.99,287.82,170,0,Sunday,1,2021
2021-01-04,P007,Water Bottle,Lifestyle,5,15.99,79.95,180,0,Monday,1,2021
2021-01-05,P007,Water Bottle,Lifestyle,18,12.79,230.26,166,1,Tuesday,1,2021
2021-01-06,P007,Water Bottle,Lifestyle,15,15.99,239.85,166,0,Wednesday,1,2021
2021-01-07,P007,Water Bottle,Lifestyle,8,15.99,127.92,191,0,Thursday,1,2021
2021-01-08,P007,Water Bottle,Lifestyle,12,15.99,191.88,202,0,Friday,1,2021
2021-01-09,P007,Water Bottle,Lifestyle,16,15.99,255.84,179,0,Saturday,1,2021
2021-01-10,P007,Water Bottle,Lifestyle,10,15.99,159.9,170,0,Sunday,1,2021
2021-01-11,P007,Water Bottle,Lifestyle,8,15.99,127.92,181,0,Monday,1,2021
2021-01-12,P007,Water Bottle,Lifestyle,14,12.79,179.09,169,1,Tuesday,1,2021
2021-01-13,P007,Water Bottle,Lifestyle,12,15.99,191.88,198,0,Wednesday,1,2021
2021-01-14,P007,Water Bottle,Lifestyle,10,15.99,159.9,208,0,Thursday,1,2021
2021-01-15,P007,Water Bottle,Lifestyle,10,15.99,159.9,183,0,Friday,1,2021
2021-01-16,P007,Water Bottle,Lifestyle,10,15.99,159.9,199,0,Saturday,1,2021
2021-01-17,P007,Water Bottle,Lifestyle,9,15.99,143.91,178,0,Sunday,1,2021
2021-01-18,P007,Water Bottle,Lifestyle,11,15.99,175.89,188,0,Monday,1,2021
2021-01-19,P007,Water Bottle,Lifestyle,9,15.99,143.91,192,0,Tuesday,1,2021
2021-01-20,P007,Water Bottle,Lifestyle,15,12.79,191.88,189,1,Wednesday,1,2021
2021-01-21,P007,Water Bottle,Lifestyle,4,15.99,63.96,211,0,Thursday,1,2021
2021-01-22,P007,Water Bottle,Lifestyle,7,15.99,111.93,212,0,Friday,1,2021
2021-01-23,P007,Water Bottle,Lifestyle,18,15.99,287.82,186,0,Saturday,1,2021
2021-01-24,P007,Water Bottle,Lifestyle,17,15.99,271.83,195,0,Sunday,1,2021
2021-01-25,P007,Water Bottle,Lifestyle,13,15.99,207.87,178,0,Monday,1,2021
2021-01-26,P007,Water Bottle,Lifestyle,12,15.99,191.88,194,0,Tuesday,1,2021
2021-01-27,P007,Water Bottle,Lifestyle,15,15.99,239.85,166,0,Wednesday,1,2021
2021-01-28,P007,Water Bottle,Lifestyle,20,12.79,255.84,175,1,Thursday,1,2021
2021-01-29,P007,Water Bottle,Lifestyle,13,15.99,207.87,189,0,Friday,1,2021
2021-01-30,P007,Water Bottle,Lifestyle,15,15.99,239.85,166,0,Saturday,1,2021
2021-01-31,P007,Water Bottle,Lifestyle,16,15.99,255.84,188,0,Sunday,1,2021
2021-02-01,P007,Water Bottle,Lifestyle,18,12.79,230.26,178,1,Monday,2,2021
2021-02-02,P007,Water Bottle,Lifestyle,5,15.99,79.95,176,0,Tuesday,2,2021
2021-02-03,P007,Water Bottle,Lifestyle,15,15.99,239.85,203,0,Wednesday,2,2021
2021-02-04,P007,Water Bottle,Lifestyle,11,15.99,175.89,193,0,Thursday,2,2021
2021-02-05,P007,Water Bottle,Lifestyle,19,15.99,303.81,200,0,Friday,2,2021
2021-02-06,P007,Water Bottle,Lifestyle,15,15.99,239.85,177,0,Saturday,2,2021
2021-02-07,P007,Water Bottle,Lifestyle,14,15.99,223.86,177,0,Sunday,2,2021
2021-02-08,P007,Water Bottle,Lifestyle,21,12.79,268.63,174,1,Monday,2,2021
2021-02-09,P007,Water Bottle,Lifestyle,21,15.99,335.79,190,0,Tuesday,2,2021
2021-02-10,P007,Water Bottle,Lifestyle,19,15.99,303.81,191,0,Wednesday,2,2021
2021-02-11,P007,Water Bottle,Lifestyle,24,12.79,307.01,158,1,Thursday,2,2021
2021-02-12,P007,Water Bottle,Lifestyle,16,15.99,255.84,199,0,Friday,2,2021
2021-02-13,P007,Water Bottle,Lifestyle,22,15.99,351.78,158,0,Saturday,2,2021
2021-02-14,P007,Water Bottle,Lifestyle,16,15.99,255.84,197,0,Sunday,2,2021
2021-02-15,P007,Water Bottle,Lifestyle,11,15.99,175.89,193,0,Monday,2,2021
2021-02-16,P007,Water Bottle,Lifestyle,9,15.99,143.91,199,0,Tuesday,2,2021
2021-02-17,P007,Water Bottle,Lifestyle,14,15.99,223.86,176,0,Wednesday,2,2021
2021-02-18,P007,Water Bottle,Lifestyle,16,15.99,255.84,176,0,Thursday,2,2021
2021-02-19,P007,Water Bottle,Lifestyle,25,12.79,319.8,186,1,Friday,2,2021
2021-02-20,P007,Water Bottle,Lifestyle,21,15.99,335.79,185,0,Saturday,2,2021
2021-02-21,P007,Water Bottle,Lifestyle,17,15.99,271.83,202,0,Sunday,2,2021
2021-02-22,P007,Water Bottle,Lifestyle,14,15.99,223.86,202,0,Monday,2,2021
2021-02-23,P007,Water Bottle,Lifestyle,14,15.99,223.86,199,0,Tuesday,2,2021
2021-02-24,P007,Water Bottle,Lifestyle,11,15.99,175.89,204,0,Wednesday,2,2021
2021-02-25,P007,Water Bottle,Lifestyle,13,15.99,207.87,177,0,Thursday,2,2021
2021-02-26,P007,Water Bottle,Lifestyle,18,15.99,287.82,162,0,Friday,2,2021
2021-02-27,P007,Water Bottle,Lifestyle,18,15.99,287.82,197,0,Saturday,2,2021
2021-02-28,P007,Water Bottle,Lifestyle,16,15.99,255.84,202,0,Sunday,2,2021
2021-03-01,P007,Water Bottle,Lifestyle,18,15.99,287.82,169,0,Monday,3,2021
2021-03-02,P007,Water Bottle,Lifestyle,14,15.99,223.86,185,0,Tuesday,3,2021
2021-03-03,P007,Water Bottle,Lifestyle,16,15.99,255.84,196,0,Wednesday,3,2021
2021-03-04,P007,Water Bottle,Lifestyle,14,15.99,223.86,171,0,Thursday,3,2021
2021-03-05,P007,Water Bottle,Lifestyle,12,15.99,191.88,182,0,Friday,3,2021
2021-03-06,P007,Water Bottle,Lifestyle,25,15.99,399.75,164,0,Saturday,3,2021
2021-03-07,P007,Water Bottle,Lifestyle,19,15.99,303.81,163,0,Sunday,3,2021
2021-03-08,P007,Water Bottle,Lifestyle,23,15.99,367.77,164,0,Monday,3,2021
2021-03-09,P007,Water Bottle,Lifestyle,19,15.99,303.81,179,0,Tuesday,3,2021
2021-03-10,P007,Water Bottle,Lifestyle,19,15.99,303.81,162,0,Wednesday,3,2021
2021-03-11,P007,Water Bottle,Lifestyle,15,15.99,239.85,172,0,Thursday,3,2021
2021-03-12,P007,Water Bottle,Lifestyle,21,15.99,335.79,162,0,Friday,3,2021
2021-03-13,P007,Water Bottle,Lifestyle,24,15.99,383.76,184,0,Saturday,3,2021
2021-03-14,P007,Water Bottle,Lifestyle,22,15.99,351.78,165,0,Sunday,3,2021
2021-03-15,P007,Water Bottle,Lifestyle,15,15.99,239.85,168,0,Monday,3,2021
2021-03-16,P007,Water Bottle,Lifestyle,20,15.99,319.8,160,0,Tuesday,3,2021
2021-03-17,P007,Water Bottle,Lifestyle,17,15.99,271.83,191,0,Wednesday,3,2021
2021-03-18,P007,Water Bottle,Lifestyle,14,15.99,223.86,202,0,Thursday,3,2021
2021-03-19,P007,Water Bottle,Lifestyle,19,15.99,303.81,194,0,Friday,3,2021
2021-03-20,P007,Water Bottle,Lifestyle,27,15.99,431.73,158,0,Saturday,3,2021
2021-03-21,P007,Water Bottle,Lifestyle,22,15.99,351.78,178,0,Sunday,3,2021
2021-03-22,P007,Water Bottle,Lifestyle,32,12.79,409.34,160,1,Monday,3,2021
2021-03-23,P007,Water Bottle,Lifestyle,12,15.99,191.88,177,0,Tuesday,3,2021
2021-03-24,P007,Water Bottle,Lifestyle,18,15.99,287.82,167,0,Wednesday,3,2021
2021-03-25,P007,Water Bottle,Lifestyle,18,15.99,287.82,182,0,Thursday,3,2021
2021-03-26,P007,Water Bottle,Lifestyle,22,15.99,351.78,158,0,Friday,3,2021
2021-03-27,P007,Water Bottle,Lifestyle,27,15.99,431.73,158,0,Saturday,3,2021
2021-03-28,P007,Water Bottle,Lifestyle,26,15.99,415.74,168,0,Sunday,3,2021
2021-03-29,P007,Water Bottle,Lifestyle,20,15.99,319.8,177,0,Monday,3,2021
2021-03-30,P007,Water Bottle,Lifestyle,33,12.79,422.14,163,1,Tuesday,3,2021
2021-03-31,P007,Water Bottle,Lifestyle,19,15.99,303.81,189,0,Wednesday,3,2021
2021-04-01,P007,Water Bottle,Lifestyle,31,12.79,396.55,177,1,Thursday,4,2021
2021-04-02,P007,Water Bottle,Lifestyle,24,15.99,383.76,158,0,Friday,4,2021
2021-04-03,P007,Water Bottle,Lifestyle,27,15.99,431.73,173,0,Saturday,4,2021
2021-04-04,P007,Water Bottle,Lifestyle,37,12.79,473.3,162,1,Sunday,4,2021
2021-04-05,P007,Water Bottle,Lifestyle,19,15.99,303.81,195,0,Monday,4,2021
2021-04-06,P007,Water Bottle,Lifestyle,24,15.99,383.76,175,0,Tuesday,4,2021
