data/sales_data.csv
date,product_id,product_name,category,quantity_sold,unit_price,revenue,stock_level,promotion,day_of_week,month,year
2021-04-07,P007,Water Bottle,Lifestyle,29,15.99,463.71,176,0,Wednesday,4,2021
2021-04-08,P007,Water Bottle,Lifestyle,23,15.99,367.77,160,0,Thursday,4,2021
2021-04-09,P007,Water Bottle,Lifestyle,25,15.99,399.75,187,0,Friday,4,2021
2021-04-10,P007,Water Bottle,Lifestyle,30,15.99,479.7,187,0,Saturday,4,2021
2021-04-11,P007,Water Bottle,Lifestyle,28,15.99,447.72,174,0,Sunday,4,2021
2021-04-12,P007,Water Bottle,Lifestyle,18,15.99,287.82,184,0,Monday,4,2021
2021-04-13,P007,Water Bottle,Lifestyle,27,15.99,431.73,153,0,Tuesday,4,2021
2021-04-14,P007,Water Bottle,Lifestyle,24,15.99,383.76,162,0,Wednesday,4,2021
2021-04-15,P007,Water Bottle,Lifestyle,27,15.99,431.73,184,0,Thursday,4,2021
2021-04-16,P007,Water Bottle,Lifestyle,30,15.99,479.7,161,0,Friday,4,2021
2021-04-17,P007,Water Bottle,Lifestyle,29,15.99,463.71,186,0,Saturday,4,2021
2021-04-18,P007,Water Bottle,Lifestyle,37,15.99,591.63,158,0,Sunday,4,2021
2021-04-19,P007,Water Bottle,Lifestyle,22,15.99,351.78,162,0,Monday,4,2021
2021-04-20,P007,Water Bottle,Lifestyle,42,12.79,537.26,157,1,Tuesday,4,2021
2021-04-21,P007,Water Bottle,Lifestyle,28,15.99,447.72,186,0,Wednesday,4,2021
2021-04-22,P007,Water Bottle,Lifestyle,27,15.99,431.73,181,0,Thursday,4,2021
2021-04-23,P007,Water Bottle,Lifestyle,23,15.99,367.77,190,0,Friday,4,2021
2021-04-24,P007,Water Bottle,Lifestyle,36,15.99,575.64,160,0,Saturday,4,2021
2021-04-25,P007,Water Bottle,Lifestyle,32,15.99,511.68,178,0,Sunday,4,2021
2021-04-26,P007,Water Bottle,Lifestyle,22,15.99,351.78,175,0,Monday,4,2021
2021-04-27,P007,Water Bottle,Lifestyle,29,15.99,463.71,161,0,Tuesday,4,2021
2021-04-28,P007,Water Bottle,Lifestyle,27,15.99,431.73,178,0,Wednesday,4,2021
2021-04-29,P007,Water Bottle,Lifestyle,27,15.99,431.73,192,0,Thursday,4,2021
2021-04-30,P007,Water Bottle,Lifestyle,22,15.99,351.78,180,0,Friday,4,2021
2021-05-01,P007,Water Bottle,Lifestyle,29,15.99,463.71,181,0,Saturday,5,2021
2021-05-02,P007,Water Bottle,Lifestyle,33,15.99,527.67,171,0,Sunday,5,2021
2021-05-03,P007,Water Bottle,Lifestyle,21,15.99,335.79,198,0,Monday,5,2021
2021-05-04,P007,Water Bottle,Lifestyle,26,15.99,415.74,182,0,Tuesday,5,2021
2021-05-05,P007,Water Bottle,Lifestyle,27,15.99,431.73,170,0,Wednesday,5,2021
2021-05-06,P007,Water Bottle,Lifestyle,26,15.99,415.74,165,0,Thursday,5,2021
2021-05-07,P007,Water Bottle,Lifestyle,29,15.99,463.71,179,0,Friday,5,2021
2021-05-08,P007,Water Bottle,Lifestyle,37,15.99,591.63,162,0,Saturday,5,2021
2021-05-09,P007,Water Bottle,Lifestyle,36,15.99,575.64,145,0,Sunday,5,2021
2021-05-10,P007,Water Bottle,Lifestyle,19,15.99,303.81,169,0,Monday,5,2021
2021-05-11,P007,Water Bottle,Lifestyle,31,15.99,495.69,184,0,Tuesday,5,2021
2021-05-12,P007,Water Bottle,Lifestyle,31,15.99,495.69,163,0,Wednesday,5,2021
2021-05-13,P007,Water Bottle,Lifestyle,27,15.99,431.73,153,0,Thursday,5,2021
2021-05-14,P007,Water Bottle,Lifestyle,31,15.99,495.69,167,0,Friday,5,2021
2021-05-15,P007,Water Bottle,Lifestyle,34,15.99,543.66,149,0,Saturday,5,2021
2021-05-16,P007,Water Bottle,Lifestyle,39,15.99,623.61,157,0,Sunday,5,2021
2021-05-17,P007,Water Bottle,Lifestyle,25,15.99,399.75,185,0,Monday,5,2021
2021-05-18,P007,Water Bottle,Lifestyle,27,15.99,431.73,167,0,Tuesday,5,2021
2021-05-19,P007,Water Bottle,Lifestyle,31,15.99,495.69,157,0,Wednesday,5,2021
2021-05-20,P007,Water Bottle,Lifestyle,21,15.99,335.79,168,0,Thursday,5,2021
2021-05-21,P007,Water Bottle,Lifestyle,28,15.99,447.72,169,0,Friday,5,2021
2021-05-22,P007,Water Bottle,Lifestyle,37,15.99,591.63,158,0,Saturday,5,2021
2021-05-23,P007,Water Bottle,Lifestyle,30,15.99,479.7,158,0,Sunday,5,2021
2021-05-24,P007,Water Bottle,Lifestyle,26,15.99,415.74,162,0,Monday,5,2021
2021-05-25,P007,Water Bottle,Lifestyle,28,15.99,447.72,154,0,Tuesday,5,2021
2021-05-26,P007,Water Bottle,Lifestyle,29,15.99,463.71,170,0,Wednesday,5,2021
2021-05-27,P007,Water Bottle,Lifestyle,31,15.99,495.69,177,0,Thursday,5,2021
2021-05-28,P007,Water Bottle,Lifestyle,31,15.99,495.69,181,0,Friday,5,2021
2021-05-29,P007,Water Bottle,Lifestyle,39,15.99,623.61,174,0,Saturday,5,2021
2021-05-30,P007,Water Bottle,Lifestyle,34,15.99,543.66,147,0,Sunday,5,2021
2021-05-31,P007,Water Bottle,Lifestyle,26,15.99,415.74,157,0,Monday,5,2021
2021-06-01,P007,Water Bottle,Lifestyle,34,15.99,543.66,162,0,Tuesday,6,2021
2021-06-02,P007,Water Bottle,Lifestyle,37,15.99,591.63,144,0,Wednesday,6,2021
2021-06-03,P007,Water Bottle,Lifestyle,34,15.99,543.66,152,0,Thursday,6,2021
2021-06-04,P007,Water Bottle,Lifestyle,28,15.99,447.72,175,0,Friday,6,2021
2021-06-05,P007,Water Bottle,Lifestyle,44,15.99,703.56,144,0,Saturday,6,2021
2021-06-06,P007,Water Bottle,Lifestyle,54,12.79,690.77,154,1,Sunday,6,2021
2021-06-07,P007,Water Bottle,Lifestyle,32,12.79,409.34,164,1,Monday,6,2021
2021-06-08,P007,Water Bottle,Lifestyle,29,15.99,463.71,153,0,Tuesday,6,2021
2021-06-09,P007,Water Bottle,Lifestyle,32,15.99,511.68,165,0,Wednesday,6,2021
2021-06-10,P007,Water Bottle,Lifestyle,29,15.99,463.71,160,0,Thursday,6,2021
2021-06-11,P007,Water Bottle,Lifestyle,33,15.99,527.67,148,0,Friday,6,2021
2021-06-12,P007,Water Bottle,Lifestyle,42,15.99,671.58,142,0,Saturday,6,2021
2021-06-13,P007,Water Bottle,Lifestyle,33,15.99,527.67,182,0,Sunday,6,2021
2021-06-14,P007,Water Bottle,Lifestyle,28,15.99,447.72,161,0,Monday,6,2021
2021-06-15,P007,Water Bottle,Lifestyle,36,15.99,575.64,169,0,Tuesday,6,2021
2021-06-16,P007,Water Bottle,Lifestyle,33,15.99,527.67,169,0,Wednesday,6,2021
2021-06-17,P007,Water Bottle,Lifestyle,30,15.99,479.7,166,0,Thursday,6,2021
2021-06-18,P007,Water Bottle,Lifestyle,28,15.99,447.72,184,0,Friday,6,2021
2021-06-19,P007,Water Bottle,Lifestyle,41,15.99,655.59,145,0,Saturday,6,2021
2021-06-20,P007,Water Bottle,Lifestyle,28,15.99,447.72,183,0,Sunday,6,2021
2021-06-21,P007,Water Bottle,Lifestyle,25,15.99,399.75,161,0,Monday,6,2021
2021-06-22,P007,Water Bottle,Lifestyle,31,15.99,495.69,165,0,Tuesday,6,2021
2021-06-23,P007,Water Bottle,Lifestyle,27,15.99,431.73,187,0,Wednesday,6,2021
2021-06-24,P007,Water Bottle,Lifestyle,29,15.99,463.71,161,0,Thursday,6,2021
2021-06-25,P007,Water Bottle,Lifestyle,32,15.99,511.68,165,0,Friday,6,2021
2021-06-26,P007,Water Bottle,Lifestyle,37,15.99,591.63,153,0,Saturday,6,2021
2021-06-27,P007,Water Bottle,Lifestyle,36,15.99,575.64,169,0,Sunday,6,2021
2021-06-28,P007,Water Bottle,Lifestyle,20,15.99,319.8,168,0,Monday,6,2021
2021-06-29,P007,Water Bottle,Lifestyle,27,15.99,431.73,155,0,Tuesday,6,2021
2021-06-30,P007,Water Bottle,Lifestyle,31,15.99,495.69,182,0,Wednesday,6,2021
2021-07-01,P007,Water Bottle,Lifestyle,33,15.99,527.67,182,0,Thursday,7,2021
2021-07-02,P007,Water Bottle,Lifestyle,25,15.99,399.75,189,0,Friday,7,2021
2021-07-03,P007,Water Bottle,Lifestyle,42,15.99,671.58,165,0,Saturday,7,2021
2021-07-04,P007,Water Bottle,Lifestyle,36,15.99,575.64,153,0,Sunday,7,2021
2021-07-05,P007,Water Bottle,Lifestyle,29,15.99,463.71,161,0,Monday,7,2021
2021-07-06,P007,Water Bottle,Lifestyle,49,12.79,626.81,131,1,Tuesday,7,2021
2021-07-07,P007,Water Bottle,Lifestyle,29,15.99,463.71,156,0,Wednesday,7,2021
2021-07-08,P007,Water Bottle,Lifestyle,30,15.99,479.7,163,0,Thursday,7,2021
2021-07-09,P007,Water Bottle,Lifestyle,31,15.99,495.69,179,0,Friday,7,2021
2021-07-10,P007,Water Bottle,Lifestyle,44,15.99,703.56,143,0,Saturday,7,2021
2021-07-11,P007,Water Bottle,Lifestyle,35,15.99,559.65,177,0,Sunday,7,2021
2021-07-12,P007,Water Bottle,Lifestyle,24,15.99,383.76,185,0,Monday,7,2021
2021-07-13,P007,Water Bottle,Lifestyle,27,15.99,431.73,183,0,Tuesday,7,2021
2021-07-14,P007,Water Bottle,Lifestyle,31,15.99,495.69,174,0,Wednesday,7,2021
2021-07-15,P007,Water Bottle,Lifestyle,32,15.99,511.68,175,0,Thursday,7,2021
2021-07-16,P007,Water Bottle,Lifestyle,33,15.99,527.67,161,0,Friday,7,2021
2021-07-17,P007,Water Bottle,Lifestyle,42,15.99,671.58,176,0,Saturday,7,2021
2021-07-18,P007,Water Bottle,Lifestyle,34,15.99,543.66,185,0,Sunday,7,2021
2021-07-19,P007,Water Bottle,Lifestyle,23,15.99,367.77,189,0,Monday,7,2021
2021-07-20,P007,Water Bottle,Lifestyle,33,15.99,527.67,179,0,Tuesday,7,2021
2021-07-21,P007,Water Bottle,Lifestyle,24,15.99,383.76,190,0,Wednesday,7,2021
2021-07-22,P007,Water Bottle,Lifestyle,31,15.99,495.69,157,0,Thursday,7,2021
2021-07-23,P007,Water Bottle,Lifestyle,30,15.99,479.7,157,0,Friday,7,2021
2021-07-24,P007,Water Bottle,Lifestyle,38,15.99,607.62,169,0,Saturday,7,2021
2021-07-25,P007,Water Bottle,Lifestyle,34,15.99,543.66,151,0,Sunday,7,2021
2021-07-26,P007,Water Bottle,Lifestyle,25,15.99,399.75,178,0,Monday,7,2021
2021-07-27,P007,Water Bottle,Lifestyle,31,15.99,495.69,177,0,Tuesday,7,2021
2021-07-28,P007,Water Bottle,Lifestyle,30,15.99,479.7,174,0,Wednesday,7,2021
2021-07-29,P007,Water Bottle,Lifestyle,29,15.99,463.71,160,0,Thursday,7,2021
2021-07-30,P007,Water Bottle,Lifestyle,29,15.99,463.71,174,0,Friday,7,2021
2021-07-31,P007,Water Bottle,Lifestyle,38,15.99,607.62,153,0,Saturday,7,2021
2021-08-01,P007,Water Bottle,Lifestyle,36,15.99,575.64,173,0,Sunday,8,2021
2021-08-02,P007,Water Bottle,Lifestyle,30,15.99,479.7,175,0,Monday,8,2021
2021-08-03,P007,Water Bottle,Lifestyle,24,15.99,383.76,180,0,Tuesday,8,2021
2021-08-04,P007,Water Bottle,Lifestyle,23,15.99,367.77,176,0,Wednesday,8,2021
2021-08-05,P007,Water Bottle,Lifestyle,25,15.99,399.75,158,0,Thursday,8,2021
2021-08-06,P007,Water Bottle,Lifestyle,31,15.99,495.69,178,0,Friday,8,2021
2021-08-07,P007,Water Bottle,Lifestyle,36,15.99,575.64,146,0,Saturday,8,2021
2021-08-08,P007,Water Bottle,Lifestyle,29,15.99,463.71,177,0,Sunday,8,2021
2021-08-09,P007,Water Bottle,Lifestyle,24,15.99,383.76,171,0,Monday,8,2021
2021-08-10,P007,Water Bottle,Lifestyle,23,15.99,367.77,180,0,Tuesday,8,2021
2021-08-11,P007,Water Bottle,Lifestyle,24,15.99,383.76,164,0,Wednesday,8,2021
2021-08-12,P007,Water Bottle,Lifestyle,29,15.99,463.71,167,0,Thursday,8,2021
2021-08-13,P007,Water Bottle,Lifestyle,33,15.99,527.67,172,0,Friday,8,2021
2021-08-14,P007,Water Bottle,Lifestyle,34,15.99,543.66,160,0,Saturday,8,2021
2021-08-15,P007,Water Bottle,Lifestyle,39,15.99,623.61,174,0,Sunday,8,2021
2021-08-16,P007,Water Bottle,Lifestyle,21,15.99,335.79,179,0,Monday,8,2021
2021-08-17,P007,Water Bottle,Lifestyle,26,15.99,415.74,179,0,Tuesday,8,2021
2021-08-18,P007,Water Bottle,Lifestyle,26,15.99,415.74,184,0,Wednesday,8,2021
2021-08-19,P007,Water Bottle,Lifestyle,29,15.99,463.71,156,0,Thursday,8,2021
2021-08-20,P007,Water Bottle,Lifestyle,26,15.99,415.74,154,0,Friday,8,2021
2021-08-21,P007,Water Bottle,Lifestyle,29,15.99,463.71,165,0,Saturday,8,2021
2021-08-22,P007,Water Bottle,Lifestyle,27,15.99,431.73,188,0,Sunday,8,2021
2021-08-23,P007,Water Bottle,Lifestyle,22,15.99,351.78,168,0,Monday,8,2021
2021-08-24,P007,Water Bottle,Lifestyle,20,15.99,319.8,191,0,Tuesday,8,2021
2021-08-25,P007,Water Bottle,Lifestyle,24,15.99,383.76,181,0,Wednesday,8,2021
2021-08-26,P007,Water Bottle,Lifestyle,35,12.79,447.72,178,1,Thursday,8,2021
2021-08-27,P007,Water Bottle,Lifestyle,23,15.99,367.77,182,0,Friday,8,2021
2021-08-28,P007,Water Bottle,Lifestyle,29,15.99,463.71,159,0,Saturday,8,2021
2021-08-29,P007,Water Bottle,Lifestyle,48,12.79,614.02,151,1,Sunday,8,2021
2021-08-30,P007,Water Bottle,Lifestyle,22,15.99,351.78,195,0,Monday,8,2021
2021-08-31,P007,Water Bottle,Lifestyle,26,15.99,415.74,170,0,Tuesday,8,2021
2021-09-01,P007,Water Bottle,Lifestyle,32,15.99,511.68,178,0,Wednesday,9,2021
2021-09-02,P007,Water Bottle,Lifestyle,27,15.99,431.73,171,0,Thursday,9,2021
2021-09-03,P007,Water Bottle,Lifestyle,24,15.99,383.76,192,0,Friday,9,2021
2021-09-04,P007,Water Bottle,Lifestyle,36,15.99,575.64,144,0,Saturday,9,2021
2021-09-05,P007,Water Bottle,Lifestyle,28,15.99,447.72,178,0,Sunday,9,2021
2021-09-06,P007,Water Bottle,Lifestyle,19,15.99,303.81,173,0,Monday,9,2021
2021-09-07,P007,Water Bottle,Lifestyle,29,15.99,463.71,178,0,Tuesday,9,2021
2021-09-08,P007,Water Bottle,Lifestyle,28,15.99,447.72,183,0,Wednesday,9,2021
2021-09-09,P007,Water Bottle,Lifestyle,24,15.99,383.76,165,0,Thursday,9,2021
2021-09-10,P007,Water Bottle,Lifestyle,21,15.99,335.79,185,0,Friday,9,2021
2021-09-11,P007,Water Bottle,Lifestyle,29,15.99,463.71,163,0,Saturday,9,2021
2021-09-12,P007,Water Bottle,Lifestyle,24,15.99,383.76,186,0,Sunday,9,2021
2021-09-13,P007,Water Bottle,Lifestyle,21,15.99,335.79,181,0,Monday,9,2021
2021-09-14,P007,Water Bottle,Lifestyle,27,15.99,431.73,166,0,Tuesday,9,2021
2021-09-15,P007,Water Bottle,Lifestyle,20,15.99,319.8,169,0,Wednesday,9,2021
2021-09-16,P007,Water Bottle,Lifestyle,20,15.99,319.8,183,0,Thursday,9,2021
2021-09-17,P007,Water Bottle,Lifestyle,22,15.99,351.78,177,0,Friday,9,2021
2021-09-18,P007,Water Bottle,Lifestyle,29,15.99,463.71,185,0,Saturday,9,2021
2021-09-19,P007,Water Bottle,Lifestyle,27,15.99,431.73,163,0,Sunday,9,2021
2021-09-20,P007,Water Bottle,Lifestyle,17,15.99,271.83,201,0,Monday,9,2021
2021-09-21,P007,Water Bottle,Lifestyle,20,15.99,319.8,176,0,Tuesday,9,2021
2021-09-22,P007,Water Bottle,Lifestyle,15,15.99,239.85,182,0,Wednesday,9,2021
2021-09-23,P007,Water Bottle,Lifestyle,13,15.99,207.87,167,0,Thursday,9,2021
2021-09-24,P007,Water Bottle,Lifestyle,22,15.99,351.78,171,0,Friday,9,2021
2021-09-25,P007,Water Bottle,Lifestyle,28,15.99,447.72,158,0,Saturday,9,2021
2021-09-26,P007,Water Bottle,Lifestyle,27,15.99,431.73,164,0,Sunday,9,2021
2021-09-27,P007,Water Bottle,Lifestyle,21,15.99,335.79,181,0,Monday,9,2021
2021-09-28,P007,Water Bottle,Lifestyle,16,15.99,255.84,181,0,Tuesday,9,2021
2021-09-29,P007,Water Bottle,Lifestyle,22,15.99,351.78,158,0,Wednesday,9,2021
2021-09-30,P007,Water Bottle,Lifestyle,12,15.99,191.88,204,0,Thursday,9,2021
2021-10-01,P007,Water Bottle,Lifestyle,17,15.99,271.83,178,0,Friday,10,2021
2021-10-02,P007,Water Bottle,Lifestyle,28,15.99,447.72,189,0,Saturday,10,2021
2021-10-03,P007,Water Bottle,Lifestyle,19,15.99,303.81,180,0,Sunday,10,2021
2021-10-04,P007,Water Bottle,Lifestyle,28,12.79,358.18,177,1,Monday,10,2021
2021-10-05,P007,Water Bottle,Lifestyle,17,15.99,271.83,178,0,Tuesday,10,2021
2021-10-06,P007,Water Bottle,Lifestyle,29,12.79,370.97,161,1,Wednesday,10,2021
2021-10-07,P007,Water Bottle,Lifestyle,23,15.99,367.77,163,0,Thursday,10,2021
2021-10-08,P007,Water Bottle,Lifestyle,20,15.99,319.8,167,0,Friday,10,2021
2021-10-09,P007,Water Bottle,Lifestyle,26,15.99,415.74,193,0,Saturday,10,2021
2021-10-10,P007,Water Bottle,Lifestyle,20,15.99,319.8,184,0,Sunday,10,2021
2021-10-11,P007,Water Bottle,Lifestyle,10,15.99,159.9,173,0,Monday,10,2021
2021-10-12,P007,Water Bottle,Lifestyle,17,15.99,271.83,200,0,Tuesday,10,2021
2021-10-13,P007,Water Bottle,Lifestyle,16,15.99,255.84,186,0,Wednesday,10,2021
2021-10-14,P007,Water Bottle,Lifestyle,14,15.99,223.86,178,0,Thursday,10,2021
2021-10-15,P007,Water Bottle,Lifestyle,19,15.99,303.81,192,0,Friday,10,2021
2021-10-16,P007,Water Bottle,Lifestyle,23,15.99,367.77,176,0,Saturday,10,2021
2021-10-17,P007,Water Bottle,Lifestyle,26,12.79,332.59,179,1,Sunday,10,2021
2021-10-18,P007,Water Bottle,Lifestyle,23,12.79,294.22,196,1,Monday,10,2021
2021-10-19,P007,Water Bottle,Lifestyle,15,15.99,239.85,187,0,Tuesday,10,2021
2021-10-20,P007,Water Bottle,Lifestyle,16,15.99,255.84,180,0,Wednesday,10,2021
2021-10-21,P007,Water Bottle,Lifestyle,14,15.99,223.86,191,0,Thursday,10,2021
2021-10-22,P007,Water Bottle,Lifestyle,13,15.99,207.87,171,0,Friday,10,2021
2021-10-23,P007,Water Bottle,Lifestyle,18,15.99,287.82,180,0,Saturday,10,2021
2021-10-24,P007,Water Bottle,Lifestyle,21,15.99,335.79,162,0,Sunday,10,2021
2021-10-25,P007,Water Bottle,Lifestyle,14,15.99,223.86,186,0,Monday,10,2021
2021-10-26,P007,Water Bottle,Lifestyle,16,15.99,255.84,173,0,Tuesday,10,2021
2021-10-27,P007,Water Bottle,Lifestyle,18,15.99,287.82,196,0,Wednesday,10,2021
2021-10-28,P007,Water Bottle,Lifestyle,11,15.99,175.89,178,0,Thursday,10,2021
2021-10-29,P007,Water Bottle,Lifestyle,11,15.99,175.89,198,0,Friday,10,2021
2021-10-30,P007,Water Bottle,Lifestyle,13,15.99,207.87,187,0,Saturday,10,2021
2021-10-31,P007,Water Bottle,Lifestyle,14,15.99,223.86,193,0,Sunday,10,2021
2021-11-01,P007,Water Bottle,Lifestyle,12,15.99,191.88,202,0,Monday,11,2021
2021-11-02,P007,Water Bottle,Lifestyle,23,12.79,294.22,185,1,Tuesday,11,2021
2021-11-03,P007,Water Bottle,Lifestyle,13,15.99,207.87,199,0,Wednesday,11,2021
2021-11-04,P007,Water Bottle,Lifestyle,10,15.99,159.9,205,0,Thursday,11,2021
2021-11-05,P007,Water Bottle,Lifestyle,11,15.99,175.89,169,0,Friday,11,2021
2021-11-06,P007,Water Bottle,Lifestyle,34,12.79,434.93,146,1,Saturday,11,2021
2021-11-07,P007,Water Bottle,Lifestyle,10,15.99,159.9,170,0,Sunday,11,2021
2021-11-08,P007,Water Bottle,Lifestyle,7,15.99,111.93,185,0,Monday,11,2021
2021-11-09,P007,Water Bottle,Lifestyle,24,12.79,307.01,171,1,Tuesday,11,2021
2021-11-10,P007,Water Bottle,Lifestyle,19,15.99,303.81,199,0,Wednesday,11,2021
2021-11-11,P007,Water Bottle,Lifestyle,9,15.99,143.91,175,0,Thursday,11,2021
2021-11-12,P007,Water Bottle,Lifestyle,8,15.99,127.92,210,0,Friday,11,2021
2021-11-13,P007,Water Bottle,Lifestyle,20,12.79,255.84,171,1,Saturday,11,2021
2021-11-14,P007,Water Bottle,Lifestyle,19,15.99,303.81,194,0,Sunday,11,2021
2021-11-15,P007,Water Bottle,Lifestyle,9,15.99,143.91,176,0,Monday,11,2021
2021-11-16,P007,Water Bottle,Lifestyle,8,15.99,127.92,189,0,Tuesday,11,2021
2021-11-17,P007,Water Bottle,Lifestyle,20,12.79,255.84,198,1,Wednesday,11,2021
2021-11-18,P007,Water Bottle,Lifestyle,18,15.99,287.82,201,0,Thursday,11,2021
2021-11-19,P007,Water Bottle,Lifestyle,14,15.99,223.86,195,0,Friday,11,2021
2021-11-20,P007,Water Bottle,Lifestyle,19,15.99,303.81,185,0,Saturday,11,2021
2021-11-21,P007,Water Bottle,Lifestyle,14,15.99,223.86,186,0,Sunday,11,2021
2021-11-22,P007,Water Bottle,Lifestyle,11,15.99,175.89,202,0,Monday,11,2021
2021-11-23,P007,Water Bottle,Lifestyle,15,15.99,239.85,198,0,Tuesday,11,2021
2021-11-24,P007,Water Bottle,Lifestyle,28,15.99,447.72,184,0,Wednesday,11,2021
2021-11-25,P007,Water Bottle,Lifestyle,24,15.99,383.76,189,0,Thursday,11,2021
2021-11-26,P007,Water Bottle,Lifestyle,26,15.99,415.74,179,0,Friday,11,2021
