data/sales_data.csv
date,product_id,product_name,category,quantity_sold,unit_price,revenue,stock_level,promotion,day_of_week,month,year
2021-11-27,P007,Water Bottle,Lifestyle,35,15.99,559.65,184,0,Saturday,11,2021
2021-11-28,P007,Water Bottle,Lifestyle,32,15.99,511.68,170,0,Sunday,11,2021
2021-11-29,P007,Water Bottle,Lifestyle,39,12.79,498.89,161,1,Monday,11,2021
2021-11-30,P007,Water Bottle,Lifestyle,28,15.99,447.72,160,0,Tuesday,11,2021
2021-12-01,P007,Water Bottle,Lifestyle,12,15.99,191.88,203,0,Wednesday,12,2021
2021-12-02,P007,Water Bottle,Lifestyle,14,15.99,223.86,187,0,Thursday,12,2021
2021-12-03,P007,Water Bottle,Lifestyle,17,15.99,271.83,188,0,Friday,12,2021
2021-12-04,P007,Water Bottle,Lifestyle,10,15.99,159.9,187,0,Saturday,12,2021
2021-12-05,P007,Water Bottle,Lifestyle,14,15.99,223.86,166,0,Sunday,12,2021
2021-12-06,P007,Water Bottle,Lifestyle,9,15.99,143.91,192,0,Monday,12,2021
2021-12-07,P007,Water Bottle,Lifestyle,9,15.99,143.91,201,0,Tuesday,12,2021
2021-12-08,P007,Water Bottle,Lifestyle,7,15.99,111.93,209,0,Wednesday,12,2021
2021-12-09,P007,Water Bottle,Lifestyle,14,15.99,223.86,170,0,Thursday,12,2021
2021-12-10,P007,Water Bottle,Lifestyle,16,15.99,255.84,180,0,Friday,12,2021
2021-12-11,P007,Water Bottle,Lifestyle,8,15.99,127.92,194,0,Saturday,12,2021
2021-12-12,P007,Water Bottle,Lifestyle,13,15.99,207.87,175,0,Sunday,12,2021
2021-12-13,P007,Water Bottle,Lifestyle,7,15.99,111.93,189,0,Monday,12,2021
2021-12-14,P007,Water Bottle,Lifestyle,11,15.99,175.89,196,0,Tuesday,12,2021
2021-12-15,P007,Water Bottle,Lifestyle,19,15.99,303.81,173,0,Wednesday,12,2021
2021-12-16,P007,Water Bottle,Lifestyle,21,15.99,335.79,185,0,Thursday,12,2021
2021-12-17,P007,Water Bottle,Lifestyle,15,15.99,239.85,172,0,Friday,12,2021
2021-12-18,P007,Water Bottle,Lifestyle,31,15.99,495.69,160,0,Saturday,12,2021
2021-12-19,P007,Water Bottle,Lifestyle,28,15.99,447.72,154,0,Sunday,12,2021
2021-12-20,P007,Water Bottle,Lifestyle,23,15.99,367.77,161,0,Monday,12,2021
2021-12-21,P007,Water Bottle,Lifestyle,26,15.99,415.74,172,0,Tuesday,12,2021
2021-12-22,P007,Water Bottle,Lifestyle,18,15.99,287.82,191,0,Wednesday,12,2021
2021-12-23,P007,Water Bottle,Lifestyle,16,15.99,255.84,181,0,Thursday,12,2021
2021-12-24,P007,Water Bottle,Lifestyle,19,15.99,303.81,163,0,Friday,12,2021
2021-12-25,P007,Water Bottle,Lifestyle,28,15.99,447.72,181,0,Saturday,12,2021
2021-12-26,P007,Water Bottle,Lifestyle,26,15.99,415.74,155,0,Sunday,12,2021
2021-12-27,P007,Water Bottle,Lifestyle,23,15.99,367.77,168,0,Monday,12,2021
2021-12-28,P007,Water Bottle,Lifestyle,25,15.99,399.75,164,0,Tuesday,12,2021
2021-12-29,P007,Water Bottle,Lifestyle,21,15.99,335.79,173,0,Wednesday,12,2021
2021-12-30,P007,Water Bottle,Lifestyle,18,15.99,287.82,163,0,Thursday,12,2021
2021-12-31,P007,Water Bottle,Lifestyle,13,15.99,207.87,191,0,Friday,12,2021
2022-01-01,P007,Water Bottle,Lifestyle,20,15.99,319.8,162,0,Saturday,1,2022
2022-01-02,P007,Water Bottle,Lifestyle,18,15.99,287.82,188,0,Sunday,1,2022
2022-01-03,P007,Water Bottle,Lifestyle,17,15.99,271.83,179,0,Monday,1,2022
2022-01-04,P007,Water Bottle,Lifestyle,8,15.99,127.92,172,0,Tuesday,1,2022
2022-01-05,P007,Water Bottle,Lifestyle,8,15.99,127.92,205,0,Wednesday,1,2022
2022-01-06,P007,Water Bottle,Lifestyle,3,15.99,47.97,197,0,Thursday,1,2022
2022-01-07,P007,Water Bottle,Lifestyle,6,15.99,95.94,212,0,Friday,1,2022
2022-01-08,P007,Water Bottle,Lifestyle,12,15.99,191.88,207,0,Saturday,1,2022
2022-01-09,P007,Water Bottle,Lifestyle,15,15.99,239.85,182,0,Sunday,1,2022
2022-01-10,P007,Water Bottle,Lifestyle,10,15.99,159.9,199,0,Monday,1,2022
2022-01-11,P007,Water Bottle,Lifestyle,14,15.99,223.86,202,0,Tuesday,1,2022
2022-01-12,P007,Water Bottle,Lifestyle,10,15.99,159.9,200,0,Wednesday,1,2022
2022-01-13,P007,Water Bottle,Lifestyle,12,15.99,191.88,173,0,Thursday,1,2022
2022-01-14,P007,Water Bottle,Lifestyle,11,15.99,175.89,183,0,Friday,1,2022
2022-01-15,P007,Water Bottle,Lifestyle,13,15.99,207.87,180,0,Saturday,1,2022
2022-01-16,P007,Water Bottle,Lifestyle,9,15.99,143.91,179,0,Sunday,1,2022
2022-01-17,P007,Water Bottle,Lifestyle,15,15.99,239.85,198,0,Monday,1,2022
2022-01-18,P007,Water Bottle,Lifestyle,13,15.99,207.87,184,0,Tuesday,1,2022
2022-01-19,P007,Water Bottle,Lifestyle,15,15.99,239.85,190,0,Wednesday,1,2022
2022-01-20,P007,Water Bottle,Lifestyle,8,15.99,127.92,176,0,Thursday,1,2022
2022-01-21,P007,Water Bottle,Lifestyle,17,15.99,271.83,179,0,Friday,1,2022
2022-01-22,P007,Water Bottle,Lifestyle,12,15.99,191.88,176,0,Saturday,1,2022
2022-01-23,P007,Water Bottle,Lifestyle,13,15.99,207.87,196,0,Sunday,1,2022
2022-01-24,P007,Water Bottle,Lifestyle,10,15.99,159.9,197,0,Monday,1,2022
2022-01-25,P007,Water Bottle,Lifestyle,12,15.99,191.88,207,0,Tuesday,1,2022
2022-01-26,P007,Water Bottle,Lifestyle,17,15.99,271.83,167,0,Wednesday,1,2022
2022-01-27,P007,Water Bottle,Lifestyle,14,15.99,223.86,172,0,Thursday,1,2022
2022-01-28,P007,Water Bottle,Lifestyle,8,15.99,127.92,198,0,Friday,1,2022
2022-01-29,P007,Water Bottle,Lifestyle,27,12.79,345.38,172,1,Saturday,1,2022
2022-01-30,P007,Water Bottle,Lifestyle,15,15.99,239.85,182,0,Sunday,1,2022
2022-01-31,P007,Water Bottle,Lifestyle,14,15.99,223.86,202,0,Monday,1,2022
2022-02-01,P007,Water Bottle,Lifestyle,22,12.79,281.42,170,1,Tuesday,2,2022
2022-02-02,P007,Water Bottle,Lifestyle,14,15.99,223.86,166,0,Wednesday,2,2022
2022-02-03,P007,Water Bottle,Lifestyle,16,15.99,255.84,181,0,Thursday,2,2022
2022-02-04,P007,Water Bottle,Lifestyle,16,15.99,255.84,178,0,Friday,2,2022
2022-02-05,P007,Water Bottle,Lifestyle,20,15.99,319.8,187,0,Saturday,2,2022
2022-02-06,P007,Water Bottle,Lifestyle,15,15.99,239.85,166,0,Sunday,2,2022
2022-02-07,P007,Water Bottle,Lifestyle,18,15.99,287.82,162,0,Monday,2,2022
2022-02-08,P007,Water Bottle,Lifestyle,16,15.99,255.84,176,0,Tuesday,2,2022
2022-02-09,P007,Water Bottle,Lifestyle,17,15.99,271.83,177,0,Wednesday,2,2022
2022-02-10,P007,Water Bottle,Lifestyle,16,15.99,255.84,190,0,Thursday,2,2022
2022-02-11,P007,Water Bottle,Lifestyle,14,15.99,223.86,196,0,Friday,2,2022
2022-02-12,P007,Water Bottle,Lifestyle,24,15.99,383.76,193,0,Saturday,2,2022
2022-02-13,P007,Water Bottle,Lifestyle,21,15.99,335.79,179,0,Sunday,2,2022
2022-02-14,P007,Water Bottle,Lifestyle,15,15.99,239.85,188,0,Monday,2,2022
2022-02-15,P007,Water Bottle,Lifestyle,12,15.99,191.88,205,0,Tuesday,2,2022
2022-02-16,P007,Water Bottle,Lifestyle,15,15.99,239.85,195,0,Wednesday,2,2022
2022-02-17,P007,Water Bottle,Lifestyle,15,15.99,239.85,166,0,Thursday,2,2022
2022-02-18,P007,Water Bottle,Lifestyle,20,12.79,255.84,198,1,Friday,2,2022
2022-02-19,P007,Water Bottle,Lifestyle,21,15.99,335.79,198,0,Saturday,2,2022
2022-02-20,P007,Water Bottle,Lifestyle,17,15.99,271.83,168,0,Sunday,2,2022
2022-02-21,P007,Water Bottle,Lifestyle,15,15.99,239.85,176,0,Monday,2,2022
2022-02-22,P007,Water Bottle,Lifestyle,13,15.99,207.87,200,0,Tuesday,2,2022
2022-02-23,P007,Water Bottle,Lifestyle,17,15.99,271.83,163,0,Wednesday,2,2022
2022-02-24,P007,Water Bottle,Lifestyle,13,15.99,207.87,191,0,Thursday,2,2022
2022-02-25,P007,Water Bottle,Lifestyle,19,15.99,303.81,177,0,Friday,2,2022
2022-02-26,P007,Water Bottle,Lifestyle,19,15.99,303.81,187,0,Saturday,2,2022
2022-02-27,P007,Water Bottle,Lifestyle,21,15.99,335.79,163,0,Sunday,2,2022
2022-02-28,P007,Water Bottle,Lifestyle,12,15.99,191.88,206,0,Monday,2,2022
2022-03-01,P007,Water Bottle,Lifestyle,15,15.99,239.85,188,0,Tuesday,3,2022
2022-03-02,P007,Water Bottle,Lifestyle,16,15.99,255.84,195,0,Wednesday,3,2022
2022-03-03,P007,Water Bottle,Lifestyle,19,15.99,303.81,166,0,Thursday,3,2022
2022-03-04,P007,Water Bottle,Lifestyle,23,15.99,367.77,183,0,Friday,3,2022
2022-03-05,P007,Water Bottle,Lifestyle,22,15.99,351.78,195,0,Saturday,3,2022
2022-03-06,P007,Water Bottle,Lifestyle,27,15.99,431.73,181,0,Sunday,3,2022
2022-03-07,P007,Water Bottle,Lifestyle,15,15.99,239.85,171,0,Monday,3,2022
2022-03-08,P007,Water Bottle,Lifestyle,16,15.99,255.84,178,0,Tuesday,3,2022
2022-03-09,P007,Water Bottle,Lifestyle,17,15.99,271.83,176,0,Wednesday,3,2022
2022-03-10,P007,Water Bottle,Lifestyle,23,15.99,367.77,189,0,Thursday,3,2022
2022-03-11,P007,Water Bottle,Lifestyle,20,15.99,319.8,172,0,Friday,3,2022
2022-03-12,P007,Water Bottle,Lifestyle,26,15.99,415.74,188,0,Saturday,3,2022
2022-03-13,P007,Water Bottle,Lifestyle,16,15.99,255.84,168,0,Sunday,3,2022
2022-03-14,P007,Water Bottle,Lifestyle,19,15.99,303.81,185,0,Monday,3,2022
2022-03-15,P007,Water Bottle,Lifestyle,21,15.99,335.79,190,0,Tuesday,3,2022
2022-03-16,P007,Water Bottle,Lifestyle,19,15.99,303.81,181,0,Wednesday,3,2022
2022-03-17,P007,Water Bottle,Lifestyle,26,15.99,415.74,160,0,Thursday,3,2022
2022-03-18,P007,Water Bottle,Lifestyle,23,15.99,367.77,165,0,Friday,3,2022
2022-03-19,P007,Water Bottle,Lifestyle,31,15.99,495.69,156,0,Saturday,3,2022
2022-03-20,P007,Water Bottle,Lifestyle,22,15.99,351.78,176,0,Sunday,3,2022
2022-03-21,P007,Water Bottle,Lifestyle,19,15.99,303.81,196,0,Monday,3,2022
2022-03-22,P007,Water Bottle,Lifestyle,22,15.99,351.78,193,0,Tuesday,3,2022
2022-03-23,P007,Water Bottle,Lifestyle,24,15.99,383.76,160,0,Wednesday,3,2022
2022-03-24,P007,Water Bottle,Lifestyle,31,12.79,396.55,172,1,Thursday,3,2022
2022-03-25,P007,Water Bottle,Lifestyle,22,15.99,351.78,196,0,Friday,3,2022
2022-03-26,P007,Water Bottle,Lifestyle,27,15.99,431.73,159,0,Saturday,3,2022
2022-03-27,P007,Water Bottle,Lifestyle,46,12.79,588.43,138,1,Sunday,3,2022
2022-03-28,P007,Water Bottle,Lifestyle,14,15.99,223.86,196,0,Monday,3,2022
2022-03-29,P007,Water Bottle,Lifestyle,24,15.99,383.76,167,0,Tuesday,3,2022
2022-03-30,P007,Water Bottle,Lifestyle,26,15.99,415.74,193,0,Wednesday,3,2022
2022-03-31,P007,Water Bottle,Lifestyle,20,15.99,319.8,187,0,Thursday,3,2022
2022-04-01,P007,Water Bottle,Lifestyle,26,15.99,415.74,175,0,Friday,4,2022
2022-04-02,P007,Water Bottle,Lifestyle,34,15.99,543.66,164,0,Saturday,4,2022
2022-04-03,P007,Water Bottle,Lifestyle,29,15.99,463.71,164,0,Sunday,4,2022
2022-04-04,P007,Water Bottle,Lifestyle,20,15.99,319.8,189,0,Monday,4,2022
2022-04-05,P007,Water Bottle,Lifestyle,25,15.99,399.75,194,0,Tuesday,4,2022
2022-04-06,P007,Water Bottle,Lifestyle,27,15.99,431.73,181,0,Wednesday,4,2022
2022-04-07,P007,Water Bottle,Lifestyle,27,15.99,431.73,189,0,Thursday,4,2022
2022-04-08,P007,Water Bottle,Lifestyle,24,15.99,383.76,177,0,Friday,4,2022
2022-04-09,P007,Water Bottle,Lifestyle,36,15.99,575.64,177,0,Saturday,4,2022
2022-04-10,P007,Water Bottle,Lifestyle,29,15.99,463.71,190,0,Sunday,4,2022
2022-04-11,P007,Water Bottle,Lifestyle,22,15.99,351.78,170,0,Monday,4,2022
2022-04-12,P007,Water Bottle,Lifestyle,26,15.99,415.74,187,0,Tuesday,4,2022
2022-04-13,P007,Water Bottle,Lifestyle,22,15.99,351.78,174,0,Wednesday,4,2022
2022-04-14,P007,Water Bottle,Lifestyle,27,15.99,431.73,172,0,Thursday,4,2022
2022-04-15,P007,Water Bottle,Lifestyle,28,15.99,447.72,184,0,Friday,4,2022
2022-04-16,P007,Water Bottle,Lifestyle,31,15.99,495.69,152,0,Saturday,4,2022
2022-04-17,P007,Water Bottle,Lifestyle,30,15.99,479.7,188,0,Sunday,4,2022
2022-04-18,P007,Water Bottle,Lifestyle,19,15.99,303.81,182,0,Monday,4,2022
2022-04-19,P007,Water Bottle,Lifestyle,27,15.99,431.73,190,0,Tuesday,4,2022
2022-04-20,P007,Water Bottle,Lifestyle,41,12.79,524.47,148,1,Wednesday,4,2022
2022-04-21,P007,Water Bottle,Lifestyle,28,15.99,447.72,177,0,Thursday,4,2022
2022-04-22,P007,Water Bottle,Lifestyle,29,15.99,463.71,182,0,Friday,4,2022
2022-04-23,P007,Water Bottle,Lifestyle,31,15.99,495.69,179,0,Saturday,4,2022
2022-04-24,P007,Water Bottle,Lifestyle,34,15.99,543.66,175,0,Sunday,4,2022
2022-04-25,P007,Water Bottle,Lifestyle,26,15.99,415.74,172,0,Monday,4,2022
2022-04-26,P007,Water Bottle,Lifestyle,25,15.99,399.75,168,0,Tuesday,4,2022
2022-04-27,P007,Water Bottle,Lifestyle,28,15.99,447.72,156,0,Wednesday,4,2022
2022-04-28,P007,Water Bottle,Lifestyle,26,15.99,415.74,170,0,Thursday,4,2022
2022-04-29,P007,Water Bottle,Lifestyle,28,15.99,447.72,191,0,Friday,4,2022
2022-04-30,P007,Water Bottle,Lifestyle,41,15.99,655.59,141,0,Saturday,4,2022
2022-05-01,P007,Water Bottle,Lifestyle,34,15.99,543.66,157,0,Sunday,5,2022
2022-05-02,P007,Water Bottle,Lifestyle,24,15.99,383.76,175,0,Monday,5,2022
2022-05-03,P007,Water Bottle,Lifestyle,31,15.99,495.69,179,0,Tuesday,5,2022
2022-05-04,P007,Water Bottle,Lifestyle,28,15.99,447.72,162,0,Wednesday,5,2022
2022-05-05,P007,Water Bottle,Lifestyle,24,15.99,383.76,162,0,Thursday,5,2022
2022-05-06,P007,Water Bottle,Lifestyle,28,15.99,447.72,168,0,Friday,5,2022
2022-05-07,P007,Water Bottle,Lifestyle,31,15.99,495.69,155,0,Saturday,5,2022
2022-05-08,P007,Water Bottle,Lifestyle,31,15.99,495.69,173,0,Sunday,5,2022
2022-05-09,P007,Water Bottle,Lifestyle,22,15.99,351.78,167,0,Monday,5,2022
2022-05-10,P007,Water Bottle,Lifestyle,32,15.99,511.68,156,0,Tuesday,5,2022
2022-05-11,P007,Water Bottle,Lifestyle,26,15.99,415.74,183,0,Wednesday,5,2022
2022-05-12,P007,Water Bottle,Lifestyle,33,15.99,527.67,166,0,Thursday,5,2022
2022-05-13,P007,Water Bottle,Lifestyle,30,15.99,479.7,159,0,Friday,5,2022
2022-05-14,P007,Water Bottle,Lifestyle,34,15.99,543.66,181,0,Saturday,5,2022
2022-05-15,P007,Water Bottle,Lifestyle,33,15.99,527.67,183,0,Sunday,5,2022
2022-05-16,P007,Water Bottle,Lifestyle,26,15.99,415.74,177,0,Monday,5,2022
2022-05-17,P007,Water Bottle,Lifestyle,25,15.99,399.75,186,0,Tuesday,5,2022
2022-05-18,P007,Water Bottle,Lifestyle,45,12.79,575.64,136,1,Wednesday,5,2022
2022-05-19,P007,Water Bottle,Lifestyle,34,15.99,543.66,159,0,Thursday,5,2022
2022-05-20,P007,Water Bottle,Lifestyle,36,15.99,575.64,183,0,Friday,5,2022
2022-05-21,P007,Water Bottle,Lifestyle,42,15.99,671.58,177,0,Saturday,5,2022
2022-05-22,P007,Water Bottle,Lifestyle,35,15.99,559.65,162,0,Sunday,5,2022
2022-05-23,P007,Water Bottle,Lifestyle,22,15.99,351.78,188,0,Monday,5,2022
2022-05-24,P007,Water Bottle,Lifestyle,29,15.99,463.71,177,0,Tuesday,5,2022
2022-05-25,P007,Water Bottle,Lifestyle,33,15.99,527.67,155,0,Wednesday,5,2022
2022-05-26,P007,Water Bottle,Lifestyle,32,15.99,511.68,153,0,Thursday,5,2022
2022-05-27,P007,Water Bottle,Lifestyle,35,15.99,559.65,153,0,Friday,5,2022
2022-05-28,P007,Water Bottle,Lifestyle,44,15.99,703.56,169,0,Saturday,5,2022
2022-05-29,P007,Water Bottle,Lifestyle,57,12.79,729.14,126,1,Sunday,5,2022
2022-05-30,P007,Water Bottle,Lifestyle,30,15.99,479.7,161,0,Monday,5,2022
2022-05-31,P007,Water Bottle,Lifestyle,28,15.99,447.72,165,0,Tuesday,5,2022
2022-06-01,P007,Water Bottle,Lifestyle,35,15.99,559.65,170,0,Wednesday,6,2022
2022-06-02,P007,Water Bottle,Lifestyle,29,15.99,463.71,189,0,Thursday,6,2022
2022-06-03,P007,Water Bottle,Lifestyle,32,15.99,511.68,162,0,Friday,6,2022
2022-06-04,P007,Water Bottle,Lifestyle,61,12.79,780.31,132,1,Saturday,6,2022
2022-06-05,P007,Water Bottle,Lifestyle,44,15.99,703.56,151,0,Sunday,6,2022
2022-06-06,P007,Water Bottle,Lifestyle,29,15.99,463.71,172,0,Monday,6,2022
2022-06-07,P007,Water Bottle,Lifestyle,31,15.99,495.69,162,0,Tuesday,6,2022
2022-06-08,P007,Water Bottle,Lifestyle,31,15.99,495.69,173,0,Wednesday,6,2022
2022-06-09,P007,Water Bottle,Lifestyle,33,15.99,527.67,177,0,Thursday,6,2022
2022-06-10,P007,Water Bottle,Lifestyle,49,12.79,626.81,137,1,Friday,6,2022
2021-01-01,P008,Phone Case,Electronics,27,19.99,539.73,139,0,Friday,1,2021
2021-01-02,P008,Phone Case,Electronics,40,19.99,799.6,148,0,Saturday,1,2021
2021-01-03,P008,Phone Case,Electronics,37,19.99,739.63,148,0,Sunday,1,2021
2021-01-04,P008,Phone Case,Electronics,13,19.99,259.87,155,0,Monday,1,2021
2021-01-05,P008,Phone Case,Electronics,16,19.99,319.84,149,0,Tuesday,1,2021
2021-01-06,P008,Phone Case,Electronics,25,19.99,499.75,146,0,Wednesday,1,2021
2021-01-07,P008,Phone Case,Electronics,15,19.99,299.85,152,0,Thursday,1,2021
2021-01-08,P008,Phone Case,Electronics,18,19.99,359.82,162,0,Friday,1,2021
2021-01-09,P008,Phone Case,Electronics,42,15.99,671.66,132,1,Saturday,1,2021
2021-01-10,P008,Phone Case,Electronics,26,19.99,519.74,165,0,Sunday,1,2021
2021-01-11,P008,Phone Case,Electronics,17,19.99,339.83,174,0,Monday,1,2021
2021-01-12,P008,Phone Case,Electronics,20,19.99,399.8,150,0,Tuesday,1,2021
2021-01-13,P008,Phone Case,Electronics,18,19.99,359.82,160,0,Wednesday,1,2021
2021-01-14,P008,Phone Case,Electronics,23,19.99,459.77,162,0,Thursday,1,2021
2021-01-15,P008,Phone Case,Electronics,19,19.99,379.81,141,0,Friday,1,2021
2021-01-16,P008,Phone Case,Electronics,28,19.99,559.72,136,0,Saturday,1,2021
2021-01-17,P008,Phone Case,Electronics,37,15.99,591.7,125,1,Sunday,1,2021
2021-01-18,P008,Phone Case,Electronics,17,19.99,339.83,176,0,Monday,1,2021
2021-01-19,P008,Phone Case,Electronics,29,15.99,463.77,147,1,Tuesday,1,2021
2021-01-20,P008,Phone Case,Electronics,15,19.99,299.85,164,0,Wednesday,1,2021
2021-01-21,P008,Phone Case,Electronics,20,19.99,399.8,145,0,Thursday,1,2021
2021-01-22,P008,Phone Case,Electronics,19,19.99,379.81,141,0,Friday,1,2021
2021-01-23,P008,Phone Case,Electronics,23,19.99,459.77,144,0,Saturday,1,2021
2021-01-24,P008,Phone Case,Electronics,36,15.99,575.71,133,1,Sunday,1,2021
2021-01-25,P008,Phone Case,Electronics,13,19.99,259.87,150,0,Monday,1,2021
2021-01-26,P008,Phone Case,Electronics,20,19.99,399.8,156,0,Tuesday,1,2021
2021-01-27,P008,Phone Case,Electronics,15,19.99,299.85,174,0,Wednesday,1,2021
2021-01-28,P008,Phone Case,Electronics,19,19.99,379.81,177,0,Thursday,1,2021
2021-01-29,P008,Phone Case,Electronics,15,19.99,299.85,161,0,Friday,1,2021
2021-01-30,P008,Phone Case,Electronics,27,19.99,539.73,133,0,Saturday,1,2021
2021-01-31,P008,Phone Case,Electronics,21,19.99,419.79,178,0,Sunday,1,2021
2021-02-01,P008,Phone Case,Electronics,14,19.99,279.86,166,0,Monday,2,2021
2021-02-02,P008,Phone Case,Electronics,32,15.99,511.74,157,1,Tuesday,2,2021
2021-02-03,P008,Phone Case,Electronics,14,19.99,279.86,169,0,Wednesday,2,2021
2021-02-04,P008,Phone Case,Electronics,20,19.99,399.8,153,0,Thursday,2,2021
2021-02-05,P008,Phone Case,Electronics,20,19.99,399.8,172,0,Friday,2,2021
2021-02-06,P008,Phone Case,Electronics,22,19.99,439.78,154,0,Saturday,2,2021
2021-02-07,P008,Phone Case,Electronics,32,15.99,511.74,133,1,Sunday,2,2021
