data/sales_data.csv
date,product_id,product_name,category,quantity_sold,unit_price,revenue,stock_level,promotion,day_of_week,month,year
2021-02-08,P008,Phone Case,Electronics,14,19.99,279.86,170,0,Monday,2,2021
2021-02-09,P008,Phone Case,Electronics,17,19.99,339.83,167,0,Tuesday,2,2021
2021-02-10,P008,Phone Case,Electronics,22,19.99,439.78,149,0,Wednesday,2,2021
2021-02-11,P008,Phone Case,Electronics,22,15.99,351.82,166,1,Thursday,2,2021
2021-02-12,P008,Phone Case,Electronics,16,19.99,319.84,166,0,Friday,2,2021
2021-02-13,P008,Phone Case,Electronics,22,19.99,439.78,145,0,Saturday,2,2021
2021-02-14,P008,Phone Case,Electronics,15,19.99,299.85,173,0,Sunday,2,2021
2021-02-15,P008,Phone Case,Electronics,16,19.99,319.84,176,0,Monday,2,2021
2021-02-16,P008,Phone Case,Electronics,21,19.99,419.79,170,0,Tuesday,2,2021
2021-02-17,P008,Phone Case,Electronics,19,19.99,379.81,144,0,Wednesday,2,2021
2021-02-18,P008,Phone Case,Electronics,12,19.99,239.88,168,0,Thursday,2,2021
2021-02-19,P008,Phone Case,Electronics,23,19.99,459.77,145,0,Friday,2,2021
2021-02-20,P008,Phone Case,Electronics,26,19.99,519.74,141,0,Saturday,2,2021
2021-02-21,P008,Phone Case,Electronics,31,15.99,495.75,129,1,Sunday,2,2021
2021-02-22,P008,Phone Case,Electronics,15,19.99,299.85,156,0,Monday,2,2021
2021-02-23,P008,Phone Case,Electronics,18,19.99,359.82,156,0,Tuesday,2,2021
2021-02-24,P008,Phone Case,Electronics,21,19.99,419.79,177,0,Wednesday,2,2021
2021-02-25,P008,Phone Case,Electronics,18,19.99,359.82,167,0,Thursday,2,2021
2021-02-26,P008,Phone Case,Electronics,16,19.99,319.84,151,0,Friday,2,2021
2021-02-27,P008,Phone Case,Electronics,22,19.99,439.78,151,0,Saturday,2,2021
2021-02-28,P008,Phone Case,Electronics,25,19.99,499.75,152,0,Sunday,2,2021
2021-03-01,P008,Phone Case,Electronics,17,19.99,339.83,158,0,Monday,3,2021
2021-03-02,P008,Phone Case,Electronics,12,19.99,239.88,182,0,Tuesday,3,2021
2021-03-03,P008,Phone Case,Electronics,24,15.99,383.81,163,1,Wednesday,3,2021
2021-03-04,P008,Phone Case,Electronics,10,19.99,199.9,188,0,Thursday,3,2021
2021-03-05,P008,Phone Case,Electronics,26,15.99,415.79,153,1,Friday,3,2021
2021-03-06,P008,Phone Case,Electronics,22,19.99,439.78,139,0,Saturday,3,2021
2021-03-07,P008,Phone Case,Electronics,22,19.99,439.78,170,0,Sunday,3,2021
2021-03-08,P008,Phone Case,Electronics,16,19.99,319.84,180,0,Monday,3,2021
2021-03-09,P008,Phone Case,Electronics,22,19.99,439.78,148,0,Tuesday,3,2021
2021-03-10,P008,Phone Case,Electronics,16,19.99,319.84,171,0,Wednesday,3,2021
2021-03-11,P008,Phone Case,Electronics,17,19.99,339.83,161,0,Thursday,3,2021
2021-03-12,P008,Phone Case,Electronics,22,19.99,439.78,139,0,Friday,3,2021
2021-03-13,P008,Phone Case,Electronics,25,19.99,499.75,141,0,Saturday,3,2021
2021-03-14,P008,Phone Case,Electronics,31,15.99,495.75,154,1,Sunday,3,2021
2021-03-15,P008,Phone Case,Electronics,17,19.99,339.83,178,0,Monday,3,2021
2021-03-16,P008,Phone Case,Electronics,33,15.99,527.74,163,1,Tuesday,3,2021
2021-03-17,P008,Phone Case,Electronics,17,19.99,339.83,160,0,Wednesday,3,2021
2021-03-18,P008,Phone Case,Electronics,17,19.99,339.83,179,0,Thursday,3,2021
2021-03-19,P008,Phone Case,Electronics,15,19.99,299.85,161,0,Friday,3,2021
2021-03-20,P008,Phone Case,Electronics,23,19.99,459.77,172,0,Saturday,3,2021
2021-03-21,P008,Phone Case,Electronics,23,19.99,459.77,138,0,Sunday,3,2021
2021-03-22,P008,Phone Case,Electronics,18,19.99,359.82,175,0,Monday,3,2021
2021-03-23,P008,Phone Case,Electronics,19,19.99,379.81,160,0,Tuesday,3,2021
2021-03-24,P008,Phone Case,Electronics,25,19.99,499.75,163,0,Wednesday,3,2021
2021-03-25,P008,Phone Case,Electronics,21,19.99,419.79,157,0,Thursday,3,2021
2021-03-26,P008,Phone Case,Electronics,17,19.99,339.83,177,0,Friday,3,2021
2021-03-27,P008,Phone Case,Electronics,24,19.99,479.76,167,0,Saturday,3,2021
2021-03-28,P008,Phone Case,Electronics,22,19.99,439.78,159,0,Sunday,3,2021
2021-03-29,P008,Phone Case,Electronics,16,19.99,319.84,156,0,Monday,3,2021
2021-03-30,P008,Phone Case,Electronics,22,19.99,439.78,153,0,Tuesday,3,2021
2021-03-31,P008,Phone Case,Electronics,16,19.99,319.84,156,0,Wednesday,3,2021
2021-04-01,P008,Phone Case,Electronics,20,19.99,399.8,150,0,Thursday,4,2021
2021-04-02,P008,Phone Case,Electronics,21,19.99,419.79,161,0,Friday,4,2021
2021-04-03,P008,Phone Case,Electronics,28,19.99,559.72,147,0,Saturday,4,2021
2021-04-04,P008,Phone Case,Electronics,21,19.99,419.79,141,0,Sunday,4,2021
2021-04-05,P008,Phone Case,Electronics,16,19.99,319.84,159,0,Monday,4,2021
2021-04-06,P008,Phone Case,Electronics,18,19.99,359.82,156,0,Tuesday,4,2021
2021-04-07,P008,Phone Case,Electronics,20,19.99,399.8,178,0,Wednesday,4,2021
2021-04-08,P008,Phone Case,Electronics,18,19.99,359.82,150,0,Thursday,4,2021
2021-04-09,P008,Phone Case,Electronics,20,19.99,399.8,144,0,Friday,4,2021
2021-04-10,P008,Phone Case,Electronics,28,19.99,559.72,167,0,Saturday,4,2021
2021-04-11,P008,Phone Case,Electronics,24,19.99,479.76,159,0,Sunday,4,2021
2021-04-12,P008,Phone Case,Electronics,20,19.99,399.8,179,0,Monday,4,2021
2021-04-13,P008,Phone Case,Electronics,21,19.99,419.79,172,0,Tuesday,4,2021
2021-04-14,P008,Phone Case,Electronics,19,19.99,379.81,159,0,Wednesday,4,2021
2021-04-15,P008,Phone Case,Electronics,30,15.99,479.76,138,1,Thursday,4,2021
2021-04-16,P008,Phone Case,Electronics,21,19.99,419.79,151,0,Friday,4,2021
2021-04-17,P008,Phone Case,Electronics,26,19.99,519.74,143,0,Saturday,4,2021
2021-04-18,P008,Phone Case,Electronics,19,19.99,379.81,175,0,Sunday,4,2021
2021-04-19,P008,Phone Case,Electronics,10,19.99,199.9,161,0,Monday,4,2021
2021-04-20,P008,Phone Case,Electronics,18,19.99,359.82,174,0,Tuesday,4,2021
2021-04-21,P008,Phone Case,Electronics,17,19.99,339.83,179,0,Wednesday,4,2021
2021-04-22,P008,Phone Case,Electronics,15,19.99,299.85,154,0,Thursday,4,2021
2021-04-23,P008,Phone Case,Electronics,21,19.99,419.79,151,0,Friday,4,2021
2021-04-24,P008,Phone Case,Electronics,24,19.99,479.76,141,0,Saturday,4,2021
2021-04-25,P008,Phone Case,Electronics,20,19.99,399.8,144,0,Sunday,4,2021
2021-04-26,P008,Phone Case,Electronics,12,19.99,239.88,177,0,Monday,4,2021
2021-04-27,P008,Phone Case,Electronics,22,19.99,439.78,168,0,Tuesday,4,2021
2021-04-28,P008,Phone Case,Electronics,20,19.99,399.8,175,0,Wednesday,4,2021
2021-04-29,P008,Phone Case,Electronics,20,19.99,399.8,142,0,Thursday,4,2021
2021-04-30,P008,Phone Case,Electronics,15,19.99,299.85,162,0,Friday,4,2021
2021-05-01,P008,Phone Case,Electronics,36,15.99,575.71,145,1,Saturday,5,2021
2021-05-02,P008,Phone Case,Electronics,23,19.99,459.77,141,0,Sunday,5,2021
2021-05-03,P008,Phone Case,Electronics,13,19.99,259.87,174,0,Monday,5,2021
2021-05-04,P008,Phone Case,Electronics,18,19.99,359.82,173,0,Tuesday,5,2021
2021-05-05,P008,Phone Case,Electronics,15,19.99,299.85,153,0,Wednesday,5,2021
2021-05-06,P008,Phone Case,Electronics,21,19.99,419.79,142,0,Thursday,5,2021
2021-05-07,P008,Phone Case,Electronics,20,19.99,399.8,175,0,Friday,5,2021
2021-05-08,P008,Phone Case,Electronics,25,19.99,499.75,138,0,Saturday,5,2021
2021-05-09,P008,Phone Case,Electronics,20,19.99,399.8,143,0,Sunday,5,2021
2021-05-10,P008,Phone Case,Electronics,20,19.99,399.8,148,0,Monday,5,2021
2021-05-11,P008,Phone Case,Electronics,20,19.99,399.8,171,0,Tuesday,5,2021
2021-05-12,P008,Phone Case,Electronics,20,19.99,399.8,170,0,Wednesday,5,2021
2021-05-13,P008,Phone Case,Electronics,21,19.99,419.79,167,0,Thursday,5,2021
2021-05-14,P008,Phone Case,Electronics,16,19.99,319.84,155,0,Friday,5,2021
2021-05-15,P008,Phone Case,Electronics,27,19.99,539.73,139,0,Saturday,5,2021
2021-05-16,P008,Phone Case,Electronics,20,19.99,399.8,149,0,Sunday,5,2021
2021-05-17,P008,Phone Case,Electronics,18,19.99,359.82,158,0,Monday,5,2021
2021-05-18,P008,Phone Case,Electronics,17,19.99,339.83,181,0,Tuesday,5,2021
2021-05-19,P008,Phone Case,Electronics,27,15.99,431.78,137,1,Wednesday,5,2021
2021-05-20,P008,Phone Case,Electronics,22,19.99,439.78,145,0,Thursday,5,2021
2021-05-21,P008,Phone Case,Electronics,18,19.99,359.82,143,0,Friday,5,2021
2021-05-22,P008,Phone Case,Electronics,21,19.99,419.79,161,0,Saturday,5,2021
2021-05-23,P008,Phone Case,Electronics,23,19.99,459.77,167,0,Sunday,5,2021
2021-05-24,P008,Phone Case,Electronics,19,19.99,379.81,159,0,Monday,5,2021
2021-05-25,P008,Phone Case,Electronics,26,15.99,415.79,142,1,Tuesday,5,2021
2021-05-26,P008,Phone Case,Electronics,17,19.99,339.83,161,0,Wednesday,5,2021
2021-05-27,P008,Phone Case,Electronics,19,19.99,379.81,157,0,Thursday,5,2021
2021-05-28,P008,Phone Case,Electronics,21,19.99,419.79,174,0,Friday,5,2021
2021-05-29,P008,Phone Case,Electronics,24,19.99,479.76,149,0,Saturday,5,2021
2021-05-30,P008,Phone Case,Electronics,44,15.99,703.65,137,1,Sunday,5,2021
2021-05-31,P008,Phone Case,Electronics,14,19.99,279.86,163,0,Monday,5,2021
2021-06-01,P008,Phone Case,Electronics,16,19.99,319.84,166,0,Tuesday,6,2021
2021-06-02,P008,Phone Case,Electronics,15,19.99,299.85,161,0,Wednesday,6,2021
2021-06-03,P008,Phone Case,Electronics,20,19.99,399.8,153,0,Thursday,6,2021
2021-06-04,P008,Phone Case,Electronics,18,19.99,359.82,174,0,Friday,6,2021
2021-06-05,P008,Phone Case,Electronics,29,19.99,579.71,157,0,Saturday,6,2021
2021-06-06,P008,Phone Case,Electronics,27,19.99,539.73,138,0,Sunday,6,2021
2021-06-07,P008,Phone Case,Electronics,12,19.99,239.88,149,0,Monday,6,2021
2021-06-08,P008,Phone Case,Electronics,19,19.99,379.81,163,0,Tuesday,6,2021
2021-06-09,P008,Phone Case,Electronics,19,19.99,379.81,142,0,Wednesday,6,2021
2021-06-10,P008,Phone Case,Electronics,21,19.99,419.79,144,0,Thursday,6,2021
2021-06-11,P008,Phone Case,Electronics,19,19.99,379.81,173,0,Friday,6,2021
2021-06-12,P008,Phone Case,Electronics,24,19.99,479.76,148,0,Saturday,6,2021
2021-06-13,P008,Phone Case,Electronics,25,19.99,499.75,135,0,Sunday,6,2021
2021-06-14,P008,Phone Case,Electronics,24,15.99,383.81,150,1,Monday,6,2021
2021-06-15,P008,Phone Case,Electronics,21,19.99,419.79,176,0,Tuesday,6,2021
2021-06-16,P008,Phone Case,Electronics,19,19.99,379.81,160,0,Wednesday,6,2021
2021-06-17,P008,Phone Case,Electronics,19,19.99,379.81,171,0,Thursday,6,2021
2021-06-18,P008,Phone Case,Electronics,16,19.99,319.84,146,0,Friday,6,2021
2021-06-19,P008,Phone Case,Electronics,23,19.99,459.77,172,0,Saturday,6,2021
2021-06-20,P008,Phone Case,Electronics,24,19.99,479.76,153,0,Sunday,6,2021
2021-06-21,P008,Phone Case,Electronics,16,19.99,319.84,155,0,Monday,6,2021
2021-06-22,P008,Phone Case,Electronics,16,19.99,319.84,145,0,Tuesday,6,2021
2021-06-23,P008,Phone Case,Electronics,21,19.99,419.79,140,0,Wednesday,6,2021
2021-06-24,P008,Phone Case,Electronics,19,19.99,379.81,142,0,Thursday,6,2021
2021-06-25,P008,Phone Case,Electronics,14,19.99,279.86,161,0,Friday,6,2021
2021-06-26,P008,Phone Case,Electronics,36,15.99,575.71,150,1,Saturday,6,2021
2021-06-27,P008,Phone Case,Electronics,16,19.99,319.84,169,0,Sunday,6,2021
2021-06-28,P008,Phone Case,Electronics,23,15.99,367.82,165,1,Monday,6,2021
2021-06-29,P008,Phone Case,Electronics,20,19.99,399.8,145,0,Tuesday,6,2021
2021-06-30,P008,Phone Case,Electronics,21,19.99,419.79,153,0,Wednesday,6,2021
2021-07-01,P008,Phone Case,Electronics,20,19.99,399.8,175,0,Thursday,7,2021
2021-07-02,P008,Phone Case,Electronics,13,19.99,259.87,178,0,Friday,7,2021
2021-07-03,P008,Phone Case,Electronics,21,19.99,419.79,146,0,Saturday,7,2021
2021-07-04,P008,Phone Case,Electronics,17,19.99,339.83,167,0,Sunday,7,2021
2021-07-05,P008,Phone Case,Electronics,19,19.99,379.81,148,0,Monday,7,2021
2021-07-06,P008,Phone Case,Electronics,24,19.99,479.76,137,0,Tuesday,7,2021
2021-07-07,P008,Phone Case,Electronics,16,19.99,319.84,162,0,Wednesday,7,2021
2021-07-08,P008,Phone Case,Electronics,18,19.99,359.82,142,0,Thursday,7,2021
2021-07-09,P008,Phone Case,Electronics,18,19.99,359.82,143,0,Friday,7,2021
2021-07-10,P008,Phone Case,Electronics,23,19.99,459.77,156,0,Saturday,7,2021
2021-07-11,P008,Phone Case,Electronics,23,19.99,459.77,153,0,Sunday,7,2021
2021-07-12,P008,Phone Case,Electronics,17,19.99,339.83,158,0,Monday,7,2021
2021-07-13,P008,Phone Case,Electronics,20,19.99,399.8,170,0,Tuesday,7,2021
2021-07-14,P008,Phone Case,Electronics,18,19.99,359.82,161,0,Wednesday,7,2021
2021-07-15,P008,Phone Case,Electronics,19,19.99,379.81,149,0,Thursday,7,2021
2021-07-16,P008,Phone Case,Electronics,20,19.99,399.8,163,0,Friday,7,2021
2021-07-17,P008,Phone Case,Electronics,23,19.99,459.77,150,0,Saturday,7,2021
2021-07-18,P008,Phone Case,Electronics,19,19.99,379.81,144,0,Sunday,7,2021
2021-07-19,P008,Phone Case,Electronics,16,19.99,319.84,175,0,Monday,7,2021
2021-07-20,P008,Phone Case,Electronics,19,19.99,379.81,156,0,Tuesday,7,2021
2021-07-21,P008,Phone Case,Electronics,18,19.99,359.82,172,0,Wednesday,7,2021
2021-07-22,P008,Phone Case,Electronics,21,19.99,419.79,170,0,Thursday,7,2021
2021-07-23,P008,Phone Case,Electronics,19,19.99,379.81,169,0,Friday,7,2021
2021-07-24,P008,Phone Case,Electronics,27,19.99,539.73,152,0,Saturday,7,2021
2021-07-25,P008,Phone Case,Electronics,18,19.99,359.82,175,0,Sunday,7,2021
2021-07-26,P008,Phone Case,Electronics,23,15.99,367.82,140,1,Monday,7,2021
2021-07-27,P008,Phone Case,Electronics,27,15.99,431.78,136,1,Tuesday,7,2021
2021-07-28,P008,Phone Case,Electronics,16,19.99,319.84,182,0,Wednesday,7,2021
2021-07-29,P008,Phone Case,Electronics,22,19.99,439.78,143,0,Thursday,7,2021
2021-07-30,P008,Phone Case,Electronics,24,19.99,479.76,166,0,Friday,7,2021
2021-07-31,P008,Phone Case,Electronics,25,19.99,499.75,152,0,Saturday,7,2021
2021-08-01,P008,Phone Case,Electronics,19,19.99,379.81,172,0,Sunday,8,2021
2021-08-02,P008,Phone Case,Electronics,12,19.99,239.88,155,0,Monday,8,2021
2021-08-03,P008,Phone Case,Electronics,19,19.99,379.81,146,0,Tuesday,8,2021
2021-08-04,P008,Phone Case,Electronics,20,19.99,399.8,173,0,Wednesday,8,2021
2021-08-05,P008,Phone Case,Electronics,18,19.99,359.82,166,0,Thursday,8,2021
2021-08-06,P008,Phone Case,Electronics,15,19.99,299.85,155,0,Friday,8,2021
2021-08-07,P008,Phone Case,Electronics,21,19.99,419.79,158,0,Saturday,8,2021
2021-08-08,P008,Phone Case,Electronics,27,19.99,539.73,152,0,Sunday,8,2021
2021-08-09,P008,Phone Case,Electronics,15,19.99,299.85,176,0,Monday,8,2021
2021-08-10,P008,Phone Case,Electronics,24,15.99,383.81,155,1,Tuesday,8,2021
2021-08-11,P008,Phone Case,Electronics,21,19.99,419.79,177,0,Wednesday,8,2021
2021-08-12,P008,Phone Case,Electronics,20,19.99,399.8,147,0,Thursday,8,2021
2021-08-13,P008,Phone Case,Electronics,21,19.99,419.79,161,0,Friday,8,2021
2021-08-14,P008,Phone Case,Electronics,24,19.99,479.76,172,0,Saturday,8,2021
2021-08-15,P008,Phone Case,Electronics,20,19.99,399.8,174,0,Sunday,8,2021
2021-08-16,P008,Phone Case,Electronics,19,19.99,379.81,159,0,Monday,8,2021
2021-08-17,P008,Phone Case,Electronics,20,19.99,399.8,177,0,Tuesday,8,2021
2021-08-18,P008,Phone Case,Electronics,17,19.99,339.83,145,0,Wednesday,8,2021
2021-08-19,P008,Phone Case,Electronics,29,15.99,463.77,152,1,Thursday,8,2021
2021-08-20,P008,Phone Case,Electronics,20,19.99,399.8,171,0,Friday,8,2021
2021-08-21,P008,Phone Case,Electronics,40,15.99,639.68,129,1,Saturday,8,2021
2021-08-22,P008,Phone Case,Electronics,23,19.99,459.77,153,0,Sunday,8,2021
2021-08-23,P008,Phone Case,Electronics,19,19.99,379.81,154,0,Monday,8,2021
2021-08-24,P008,Phone Case,Electronics,20,19.99,399.8,179,0,Tuesday,8,2021
2021-08-25,P008,Phone Case,Electronics,20,19.99,399.8,174,0,Wednesday,8,2021
2021-08-26,P008,Phone Case,Electronics,17,19.99,339.83,161,0,Thursday,8,2021
2021-08-27,P008,Phone Case,Electronics,17,19.99,339.83,173,0,Friday,8,2021
2021-08-28,P008,Phone Case,Electronics,20,19.99,399.8,172,0,Saturday,8,2021
2021-08-29,P008,Phone Case,Electronics,21,19.99,419.79,171,0,Sunday,8,2021
2021-08-30,P008,Phone Case,Electronics,17,19.99,339.83,156,0,Monday,8,2021
2021-08-31,P008,Phone Case,Electronics,17,19.99,339.83,178,0,Tuesday,8,2021
2021-09-01,P008,Phone Case,Electronics,20,19.99,399.8,144,0,Wednesday,9,2021
2021-09-02,P008,Phone Case,Electronics,20,19.99,399.8,143,0,Thursday,9,2021
2021-09-03,P008,Phone Case,Electronics,17,19.99,339.83,173,0,Friday,9,2021
2021-09-04,P008,Phone Case,Electronics,24,19.99,479.76,140,0,Saturday,9,2021
2021-09-05,P008,Phone Case,Electronics,28,15.99,447.78,149,1,Sunday,9,2021
2021-09-06,P008,Phone Case,Electronics,14,19.99,279.86,161,0,Monday,9,2021
2021-09-07,P008,Phone Case,Electronics,14,19.99,279.86,158,0,Tuesday,9,2021
2021-09-08,P008,Phone Case,Electronics,17,19.99,339.83,168,0,Wednesday,9,2021
2021-09-09,P008,Phone Case,Electronics,16,19.99,319.84,172,0,Thursday,9,2021
2021-09-10,P008,Phone Case,Electronics,17,19.99,339.83,174,0,Friday,9,2021
2021-09-11,P008,Phone Case,Electronics,23,19.99,459.77,144,0,Saturday,9,2021
2021-09-12,P008,Phone Case,Electronics,37,15.99,591.7,141,1,Sunday,9,2021
2021-09-13,P008,Phone Case,Electronics,16,19.99,319.84,152,0,Monday,9,2021
2021-09-14,P008,Phone Case,Electronics,19,19.99,379.81,157,0,Tuesday,9,2021
2021-09-15,P008,Phone Case,Electronics,18,19.99,359.82,146,0,Wednesday,9,2021
2021-09-16,P008,Phone Case,Electronics,25,15.99,399.8,153,1,Thursday,9,2021
2021-09-17,P008,Phone Case,Electronics,20,19.99,399.8,158,0,Friday,9,2021
2021-09-18,P008,Phone Case,Electronics,21,19.99,419.79,166,0,Saturday,9,2021
2021-09-19,P008,Phone Case,Electronics,24,19.99,479.76,148,0,Sunday,9,2021
2021-09-20,P008,Phone Case,Electronics,19,19.99,379.81,164,0,Monday,9,2021
2021-09-21,P008,Phone Case,Electronics,22,19.99,439.78,143,0,Tuesday,9,2021
2021-09-22,P008,Phone Case,Electronics,23,19.99,459.77,160,0,Wednesday,9,2021
2021-09-23,P008,Phone Case,Electronics,19,19.99,379.81,175,0,Thursday,9,2021
2021-09-24,P008,Phone Case,Electronics,16,19.99,319.84,157,0,Friday,9,2021
2021-09-25,P008,Phone Case,Electronics,26,19.99,519.74,147,0,Saturday,9,2021
2021-09-26,P008,Phone Case,Electronics,22,19.99,439.78,158,0,Sunday,9,2021
2021-09-27,P008,Phone Case,Electronics,16,19.99,319.84,158,0,Monday,9,2021
2021-09-28,P008,Phone Case,Electronics,17,19.99,339.83,151,0,Tuesday,9,2021
2021-09-29,P008,Phone Case,Electronics,18,19.99,359.82,160,0,Wednesday,9,2021
2021-09-30,P008,Phone Case,Electronics,23,19.99,459.77,137,0,Thursday,9,2021
