data/sales_data.csv
date,product_id,product_name,category,quantity_sold,unit_price,revenue,stock_level,promotion,day_of_week,month,year
2021-10-01,P008,Phone Case,Electronics,19,19.99,379.81,159,0,Friday,10,2021
2021-10-02,P008,Phone Case,Electronics,20,19.99,399.8,161,0,Saturday,10,2021
2021-10-03,P008,Phone Case,Electronics,25,19.99,499.75,141,0,Sunday,10,2021
2021-10-04,P008,Phone Case,Electronics,16,19.99,319.84,164,0,Monday,10,2021
2021-10-05,P008,Phone Case,Electronics,25,15.99,399.8,166,1,Tuesday,10,2021
2021-10-06,P008,Phone Case,Electronics,21,19.99,419.79,144,0,Wednesday,10,2021
2021-10-07,P008,Phone Case,Electronics,22,19.99,439.78,163,0,Thursday,10,2021
2021-10-08,P008,Phone Case,Electronics,14,19.99,279.86,168,0,Friday,10,2021
2021-10-09,P008,Phone Case,Electronics,43,15.99,687.66,149,1,Saturday,10,2021
2021-10-10,P008,Phone Case,Electronics,22,19.99,439.78,158,0,Sunday,10,2021
2021-10-11,P008,Phone Case,Electronics,17,19.99,339.83,158,0,Monday,10,2021
2021-10-12,P008,Phone Case,Electronics,22,19.99,439.78,144,0,Tuesday,10,2021
2021-10-13,P008,Phone Case,Electronics,20,19.99,399.8,154,0,Wednesday,10,2021
2021-10-14,P008,Phone Case,Electronics,18,19.99,359.82,173,0,Thursday,10,2021
2021-10-15,P008,Phone Case,Electronics,18,19.99,359.82,154,0,Friday,10,2021
2021-10-16,P008,Phone Case,Electronics,21,19.99,419.79,149,0,Saturday,10,2021
2021-10-17,P008,Phone Case,Electronics,21,19.99,419.79,172,0,Sunday,10,2021
2021-10-18,P008,Phone Case,Electronics,16,19.99,319.84,178,0,Monday,10,2021
2021-10-19,P008,Phone Case,Electronics,19,19.99,379.81,169,0,Tuesday,10,2021
2021-10-20,P008,Phone Case,Electronics,27,15.99,431.78,161,1,Wednesday,10,2021
2021-10-21,P008,Phone Case,Electronics,20,19.99,399.8,161,0,Thursday,10,2021
2021-10-22,P008,Phone Case,Electronics,23,19.99,459.77,142,0,Friday,10,2021
2021-10-23,P008,Phone Case,Electronics,22,19.99,439.78,139,0,Saturday,10,2021
2021-10-24,P008,Phone Case,Electronics,20,19.99,399.8,158,0,Sunday,10,2021
2021-10-25,P008,Phone Case,Electronics,16,19.99,319.84,164,0,Monday,10,2021
2021-10-26,P008,Phone Case,Electronics,18,19.99,359.82,162,0,Tuesday,10,2021
2021-10-27,P008,Phone Case,Electronics,20,19.99,399.8,156,0,Wednesday,10,2021
2021-10-28,P008,Phone Case,Electronics,20,19.99,399.8,173,0,Thursday,10,2021
2021-10-29,P008,Phone Case,Electronics,22,19.99,439.78,142,0,Friday,10,2021
2021-10-30,P008,Phone Case,Electronics,22,19.99,439.78,161,0,Saturday,10,2021
2021-10-31,P008,Phone Case,Electronics,25,19.99,499.75,161,0,Sunday,10,2021
2021-11-01,P008,Phone Case,Electronics,15,19.99,299.85,161,0,Monday,11,2021
2021-11-02,P008,Phone Case,Electronics,16,19.99,319.84,149,0,Tuesday,11,2021
2021-11-03,P008,Phone Case,Electronics,16,19.99,319.84,154,0,Wednesday,11,2021
2021-11-04,P008,Phone Case,Electronics,19,19.99,379.81,143,0,Thursday,11,2021
2021-11-05,P008,Phone Case,Electronics,28,15.99,447.78,140,1,Friday,11,2021
2021-11-06,P008,Phone Case,Electronics,26,19.99,519.74,138,0,Saturday,11,2021
2021-11-07,P008,Phone Case,Electronics,26,19.99,519.74,148,0,Sunday,11,2021
2021-11-08,P008,Phone Case,Electronics,15,19.99,299.85,172,0,Monday,11,2021
2021-11-09,P008,Phone Case,Electronics,21,19.99,419.79,167,0,Tuesday,11,2021
2021-11-10,P008,Phone Case,Electronics,18,19.99,359.82,155,0,Wednesday,11,2021
2021-11-11,P008,Phone Case,Electronics,20,19.99,399.8,149,0,Thursday,11,2021
2021-11-12,P008,Phone Case,Electronics,18,19.99,359.82,177,0,Friday,11,2021
2021-11-13,P008,Phone Case,Electronics,27,19.99,539.73,154,0,Saturday,11,2021
2021-11-14,P008,Phone Case,Electronics,22,19.99,439.78,142,0,Sunday,11,2021
2021-11-15,P008,Phone Case,Electronics,20,19.99,399.8,157,0,Monday,11,2021
2021-11-16,P008,Phone Case,Electronics,21,19.99,419.79,170,0,Tuesday,11,2021
2021-11-17,P008,Phone Case,Electronics,22,19.99,439.78,175,0,Wednesday,11,2021
2021-11-18,P008,Phone Case,Electronics,16,19.99,319.84,182,0,Thursday,11,2021
2021-11-19,P008,Phone Case,Electronics,20,19.99,399.8,162,0,Friday,11,2021
2021-11-20,P008,Phone Case,Electronics,22,19.99,439.78,157,0,Saturday,11,2021
2021-11-21,P008,Phone Case,Electronics,21,19.99,419.79,166,0,Sunday,11,2021
2021-11-22,P008,Phone Case,Electronics,21,19.99,419.79,171,0,Monday,11,2021
2021-11-23,P008,Phone Case,Electronics,18,19.99,359.82,155,0,Tuesday,11,2021
2021-11-24,P008,Phone Case,Electronics,48,19.99,959.52,126,0,Wednesday,11,2021
2021-11-25,P008,Phone Case,Electronics,51,19.99,1019.49,126,0,Thursday,11,2021
2021-11-26,P008,Phone Case,Electronics,51,19.99,1019.49,147,0,Friday,11,2021
2021-11-27,P008,Phone Case,Electronics,58,19.99,1159.42,108,0,Saturday,11,2021
2021-11-28,P008,Phone Case,Electronics,94,15.99,1503.25,86,1,Sunday,11,2021
2021-11-29,P008,Phone Case,Electronics,38,19.99,759.62,139,0,Monday,11,2021
2021-11-30,P008,Phone Case,Electronics,47,19.99,939.53,125,0,Tuesday,11,2021
2021-12-01,P008,Phone Case,Electronics,34,15.99,543.73,134,1,Wednesday,12,2021
2021-12-02,P008,Phone Case,Electronics,30,15.99,479.76,144,1,Thursday,12,2021
2021-12-03,P008,Phone Case,Electronics,14,19.99,279.86,162,0,Friday,12,2021
2021-12-04,P008,Phone Case,Electronics,23,19.99,459.77,138,0,Saturday,12,2021
2021-12-05,P008,Phone Case,Electronics,38,15.99,607.7,131,1,Sunday,12,2021
2021-12-06,P008,Phone Case,Electronics,19,19.99,379.81,150,0,Monday,12,2021
2021-12-07,P008,Phone Case,Electronics,20,19.99,399.8,168,0,Tuesday,12,2021
2021-12-08,P008,Phone Case,Electronics,17,19.99,339.83,153,0,Wednesday,12,2021
2021-12-09,P008,Phone Case,Electronics,19,19.99,379.81,160,0,Thursday,12,2021
2021-12-10,P008,Phone Case,Electronics,18,19.99,359.82,175,0,Friday,12,2021
2021-12-11,P008,Phone Case,Electronics,24,19.99,479.76,172,0,Saturday,12,2021
2021-12-12,P008,Phone Case,Electronics,22,19.99,439.78,148,0,Sunday,12,2021
2021-12-13,P008,Phone Case,Electronics,17,19.99,339.83,161,0,Monday,12,2021
2021-12-14,P008,Phone Case,Electronics,21,19.99,419.79,157,0,Tuesday,12,2021
2021-12-15,P008,Phone Case,Electronics,37,19.99,739.63,144,0,Wednesday,12,2021
2021-12-16,P008,Phone Case,Electronics,32,19.99,639.68,148,0,Thursday,12,2021
2021-12-17,P008,Phone Case,Electronics,53,15.99,847.58,110,1,Friday,12,2021
2021-12-18,P008,Phone Case,Electronics,53,19.99,1059.47,112,0,Saturday,12,2021
2021-12-19,P008,Phone Case,Electronics,46,19.99,919.54,153,0,Sunday,12,2021
2021-12-20,P008,Phone Case,Electronics,33,19.99,659.67,144,0,Monday,12,2021
2021-12-21,P008,Phone Case,Electronics,58,15.99,927.54,133,1,Tuesday,12,2021
2021-12-22,P008,Phone Case,Electronics,35,19.99,699.65,151,0,Wednesday,12,2021
2021-12-23,P008,Phone Case,Electronics,53,15.99,847.58,115,1,Thursday,12,2021
2021-12-24,P008,Phone Case,Electronics,33,19.99,659.67,140,0,Friday,12,2021
2021-12-25,P008,Phone Case,Electronics,75,15.99,1199.4,88,1,Saturday,12,2021
2021-12-26,P008,Phone Case,Electronics,66,15.99,1055.47,124,1,Sunday,12,2021
2021-12-27,P008,Phone Case,Electronics,36,19.99,719.64,138,0,Monday,12,2021
2021-12-28,P008,Phone Case,Electronics,37,19.99,739.63,161,0,Tuesday,12,2021
2021-12-29,P008,Phone Case,Electronics,35,19.99,699.65,135,0,Wednesday,12,2021
2021-12-30,P008,Phone Case,Electronics,34,19.99,679.66,154,0,Thursday,12,2021
2021-12-31,P008,Phone Case,Electronics,35,19.99,699.65,143,0,Friday,12,2021
2022-01-01,P008,Phone Case,Electronics,36,19.99,719.64,152,0,Saturday,1,2022
2022-01-02,P008,Phone Case,Electronics,34,19.99,679.66,152,0,Sunday,1,2022
2022-01-03,P008,Phone Case,Electronics,26,19.99,519.74,141,0,Monday,1,2022
2022-01-04,P008,Phone Case,Electronics,18,19.99,359.82,175,0,Tuesday,1,2022
2022-01-05,P008,Phone Case,Electronics,18,19.99,359.82,145,0,Wednesday,1,2022
2022-01-06,P008,Phone Case,Electronics,19,19.99,379.81,161,0,Thursday,1,2022
2022-01-07,P008,Phone Case,Electronics,20,19.99,399.8,174,0,Friday,1,2022
2022-01-08,P008,Phone Case,Electronics,27,19.99,539.73,156,0,Saturday,1,2022
2022-01-09,P008,Phone Case,Electronics,21,19.99,419.79,177,0,Sunday,1,2022
2022-01-10,P008,Phone Case,Electronics,16,19.99,319.84,159,0,Monday,1,2022
2022-01-11,P008,Phone Case,Electronics,22,19.99,439.78,176,0,Tuesday,1,2022
2022-01-12,P008,Phone Case,Electronics,23,19.99,459.77,162,0,Wednesday,1,2022
2022-01-13,P008,Phone Case,Electronics,30,15.99,479.76,150,1,Thursday,1,2022
2022-01-14,P008,Phone Case,Electronics,20,19.99,399.8,148,0,Friday,1,2022
2022-01-15,P008,Phone Case,Electronics,30,19.99,599.7,161,0,Saturday,1,2022
2022-01-16,P008,Phone Case,Electronics,21,19.99,419.79,150,0,Sunday,1,2022
2022-01-17,P008,Phone Case,Electronics,14,19.99,279.86,146,0,Monday,1,2022
2022-01-18,P008,Phone Case,Electronics,19,19.99,379.81,161,0,Tuesday,1,2022
2022-01-19,P008,Phone Case,Electronics,18,19.99,359.82,167,0,Wednesday,1,2022
2022-01-20,P008,Phone Case,Electronics,19,19.99,379.81,180,0,Thursday,1,2022
2022-01-21,P008,Phone Case,Electronics,23,19.99,459.77,172,0,Friday,1,2022
2022-01-22,P008,Phone Case,Electronics,25,19.99,499.75,140,0,Saturday,1,2022
2022-01-23,P008,Phone Case,Electronics,20,19.99,399.8,177,0,Sunday,1,2022
2022-01-24,P008,Phone Case,Electronics,17,19.99,339.83,181,0,Monday,1,2022
2022-01-25,P008,Phone Case,Electronics,22,19.99,439.78,142,0,Tuesday,1,2022
2022-01-26,P008,Phone Case,Electronics,20,19.99,399.8,173,0,Wednesday,1,2022
2022-01-27,P008,Phone Case,Electronics,34,15.99,543.73,135,1,Thursday,1,2022
2022-01-28,P008,Phone Case,Electronics,17,19.99,339.83,173,0,Friday,1,2022
2022-01-29,P008,Phone Case,Electronics,26,19.99,519.74,167,0,Saturday,1,2022
2022-01-30,P008,Phone Case,Electronics,23,19.99,459.77,166,0,Sunday,1,2022
2022-01-31,P008,Phone Case,Electronics,12,19.99,239.88,158,0,Monday,1,2022
2022-02-01,P008,Phone Case,Electronics,24,19.99,479.76,143,0,Tuesday,2,2022
2022-02-02,P008,Phone Case,Electronics,20,19.99,399.8,178,0,Wednesday,2,2022
2022-02-03,P008,Phone Case,Electronics,16,19.99,319.84,183,0,Thursday,2,2022
2022-02-04,P008,Phone Case,Electronics,17,19.99,339.83,148,0,Friday,2,2022
2022-02-05,P008,Phone Case,Electronics,23,19.99,459.77,142,0,Saturday,2,2022
2022-02-06,P008,Phone Case,Electronics,21,19.99,419.79,159,0,Sunday,2,2022
2022-02-07,P008,Phone Case,Electronics,18,19.99,359.82,175,0,Monday,2,2022
2022-02-08,P008,Phone Case,Electronics,17,19.99,339.83,149,0,Tuesday,2,2022
2022-02-09,P008,Phone Case,Electronics,18,19.99,359.82,163,0,Wednesday,2,2022
2022-02-10,P008,Phone Case,Electronics,22,19.99,439.78,155,0,Thursday,2,2022
2022-02-11,P008,Phone Case,Electronics,17,19.99,339.83,161,0,Friday,2,2022
2022-02-12,P008,Phone Case,Electronics,21,19.99,419.79,167,0,Saturday,2,2022
2022-02-13,P008,Phone Case,Electronics,22,19.99,439.78,144,0,Sunday,2,2022
2022-02-14,P008,Phone Case,Electronics,27,15.99,431.78,164,1,Monday,2,2022
2022-02-15,P008,Phone Case,Electronics,21,19.99,419.79,147,0,Tuesday,2,2022
2022-02-16,P008,Phone Case,Electronics,19,19.99,379.81,169,0,Wednesday,2,2022
2022-02-17,P008,Phone Case,Electronics,20,19.99,399.8,179,0,Thursday,2,2022
2022-02-18,P008,Phone Case,Electronics,19,19.99,379.81,155,0,Friday,2,2022
2022-02-19,P008,Phone Case,Electronics,22,19.99,439.78,163,0,Saturday,2,2022
2022-02-20,P008,Phone Case,Electronics,34,15.99,543.73,140,1,Sunday,2,2022
2022-02-21,P008,Phone Case,Electronics,12,19.99,239.88,167,0,Monday,2,2022
2022-02-22,P008,Phone Case,Electronics,18,19.99,359.82,172,0,Tuesday,2,2022
2022-02-23,P008,Phone Case,Electronics,18,19.99,359.82,181,0,Wednesday,2,2022
2022-02-24,P008,Phone Case,Electronics,22,19.99,439.78,173,0,Thursday,2,2022
2022-02-25,P008,Phone Case,Electronics,30,15.99,479.76,149,1,Friday,2,2022
2022-02-26,P008,Phone Case,Electronics,26,19.99,519.74,135,0,Saturday,2,2022
2022-02-27,P008,Phone Case,Electronics,28,19.99,559.72,144,0,Sunday,2,2022
2022-02-28,P008,Phone Case,Electronics,18,19.99,359.82,155,0,Monday,2,2022
2022-03-01,P008,Phone Case,Electronics,16,19.99,319.84,168,0,Tuesday,3,2022
2022-03-02,P008,Phone Case,Electronics,19,19.99,379.81,169,0,Wednesday,3,2022
2022-03-03,P008,Phone Case,Electronics,20,19.99,399.8,141,0,Thursday,3,2022
2022-03-04,P008,Phone Case,Electronics,17,19.99,339.83,158,0,Friday,3,2022
2022-03-05,P008,Phone Case,Electronics,23,19.99,459.77,169,0,Saturday,3,2022
2022-03-06,P008,Phone Case,Electronics,25,19.99,499.75,140,0,Sunday,3,2022
2022-03-07,P008,Phone Case,Electronics,17,19.99,339.83,156,0,Monday,3,2022
2022-03-08,P008,Phone Case,Electronics,17,19.99,339.83,147,0,Tuesday,3,2022
2022-03-09,P008,Phone Case,Electronics,33,15.99,527.74,161,1,Wednesday,3,2022
2022-03-10,P008,Phone Case,Electronics,19,19.99,379.81,174,0,Thursday,3,2022
2022-03-11,P008,Phone Case,Electronics,17,19.99,339.83,156,0,Friday,3,2022
2022-03-12,P008,Phone Case,Electronics,36,15.99,575.71,154,1,Saturday,3,2022
2022-03-13,P008,Phone Case,Electronics,25,19.99,499.75,144,0,Sunday,3,2022
2022-03-14,P008,Phone Case,Electronics,13,19.99,259.87,180,0,Monday,3,2022
2022-03-15,P008,Phone Case,Electronics,16,19.99,319.84,174,0,Tuesday,3,2022
2022-03-16,P008,Phone Case,Electronics,20,19.99,399.8,164,0,Wednesday,3,2022
2022-03-17,P008,Phone Case,Electronics,30,15.99,479.76,143,1,Thursday,3,2022
2022-03-18,P008,Phone Case,Electronics,22,19.99,439.78,148,0,Friday,3,2022
2022-03-19,P008,Phone Case,Electronics,28,19.99,559.72,164,0,Saturday,3,2022
2022-03-20,P008,Phone Case,Electronics,24,19.99,479.76,173,0,Sunday,3,2022
2022-03-21,P008,Phone Case,Electronics,19,19.99,379.81,178,0,Monday,3,2022
2022-03-22,P008,Phone Case,Electronics,18,19.99,359.82,145,0,Tuesday,3,2022
2022-03-23,P008,Phone Case,Electronics,18,19.99,359.82,153,0,Wednesday,3,2022
2022-03-24,P008,Phone Case,Electronics,21,19.99,419.79,155,0,Thursday,3,2022
2022-03-25,P008,Phone Case,Electronics,14,19.99,279.86,160,0,Friday,3,2022
2022-03-26,P008,Phone Case,Electronics,40,15.99,639.68,151,1,Saturday,3,2022
2022-03-27,P008,Phone Case,Electronics,24,19.99,479.76,162,0,Sunday,3,2022
2022-03-28,P008,Phone Case,Electronics,13,19.99,259.87,167,0,Monday,3,2022
2022-03-29,P008,Phone Case,Electronics,15,19.99,299.85,163,0,Tuesday,3,2022
2022-03-30,P008,Phone Case,Electronics,29,15.99,463.77,137,1,Wednesday,3,2022
2022-03-31,P008,Phone Case,Electronics,20,19.99,399.8,177,0,Thursday,3,2022
2022-04-01,P008,Phone Case,Electronics,21,19.99,419.79,147,0,Friday,4,2022
2022-04-02,P008,Phone Case,Electronics,22,19.99,439.78,153,0,Saturday,4,2022
2022-04-03,P008,Phone Case,Electronics,23,19.99,459.77,169,0,Sunday,4,2022
2022-04-04,P008,Phone Case,Electronics,14,19.99,279.86,163,0,Monday,4,2022
2022-04-05,P008,Phone Case,Electronics,22,19.99,439.78,165,0,Tuesday,4,2022
2022-04-06,P008,Phone Case,Electronics,19,19.99,379.81,152,0,Wednesday,4,2022
2022-04-07,P008,Phone Case,Electronics,26,15.99,415.79,148,1,Thursday,4,2022
2022-04-08,P008,Phone Case,Electronics,20,19.99,399.8,166,0,Friday,4,2022
2022-04-09,P008,Phone Case,Electronics,21,19.99,419.79,175,0,Saturday,4,2022
2022-04-10,P008,Phone Case,Electronics,16,19.99,319.84,158,0,Sunday,4,2022
2022-04-11,P008,Phone Case,Electronics,16,19.99,319.84,180,0,Monday,4,2022
2022-04-12,P008,Phone Case,Electronics,9,19.99,179.91,163,0,Tuesday,4,2022
2022-04-13,P008,Phone Case,Electronics,17,19.99,339.83,149,0,Wednesday,4,2022
2022-04-14,P008,Phone Case,Electronics,18,19.99,359.82,153,0,Thursday,4,2022
2022-04-15,P008,Phone Case,Electronics,21,19.99,419.79,168,0,Friday,4,2022
2022-04-16,P008,Phone Case,Electronics,29,19.99,579.71,145,0,Saturday,4,2022
2022-04-17,P008,Phone Case,Electronics,25,19.99,499.75,163,0,Sunday,4,2022
2022-04-18,P008,Phone Case,Electronics,15,19.99,299.85,157,0,Monday,4,2022
2022-04-19,P008,Phone Case,Electronics,21,19.99,419.79,162,0,Tuesday,4,2022
2022-04-20,P008,Phone Case,Electronics,19,19.99,379.81,176,0,Wednesday,4,2022
2022-04-21,P008,Phone Case,Electronics,18,19.99,359.82,143,0,Thursday,4,2022
2022-04-22,P008,Phone Case,Electronics,17,19.99,339.83,150,0,Friday,4,2022
2022-04-23,P008,Phone Case,Electronics,27,19.99,539.73,162,0,Saturday,4,2022
2022-04-24,P008,Phone Case,Electronics,23,19.99,459.77,161,0,Sunday,4,2022
2022-04-25,P008,Phone Case,Electronics,15,19.99,299.85,176,0,Monday,4,2022
2022-04-26,P008,Phone Case,Electronics,18,19.99,359.82,169,0,Tuesday,4,2022
2022-04-27,P008,Phone Case,Electronics,20,19.99,399.8,166,0,Wednesday,4,2022
2022-04-28,P008,Phone Case,Electronics,19,19.99,379.81,163,0,Thursday,4,2022
2022-04-29,P008,Phone Case,Electronics,19,19.99,379.81,158,0,Friday,4,2022
2022-04-30,P008,Phone Case,Electronics,24,19.99,479.76,138,0,Saturday,4,2022
2022-05-01,P008,Phone Case,Electronics,39,15.99,623.69,134,1,Sunday,5,2022
2022-05-02,P008,Phone Case,Electronics,16,19.99,319.84,144,0,Monday,5,2022
2022-05-03,P008,Phone Case,Electronics,15,19.99,299.85,163,0,Tuesday,5,2022
2022-05-04,P008,Phone Case,Electronics,23,19.99,459.77,158,0,Wednesday,5,2022
2022-05-05,P008,Phone Case,Electronics,20,19.99,399.8,167,0,Thursday,5,2022
2022-05-06,P008,Phone Case,Electronics,27,15.99,431.78,134,1,Friday,5,2022
2022-05-07,P008,Phone Case,Electronics,30,19.99,599.7,157,0,Saturday,5,2022
2022-05-08,P008,Phone Case,Electronics,36,15.99,575.71,131,1,Sunday,5,2022
2022-05-09,P008,Phone Case,Electronics,14,19.99,279.86,161,0,Monday,5,2022
2022-05-10,P008,Phone Case,Electronics,31,15.99,495.75,132,1,Tuesday,5,2022
2022-05-11,P008,Phone Case,Electronics,18,19.99,359.82,181,0,Wednesday,5,2022
2022-05-12,P008,Phone Case,Electronics,37,15.99,591.7,148,1,Thursday,5,2022
2022-05-13,P008,Phone Case,Electronics,16,19.99,319.84,149,0,Friday,5,2022
2022-05-14,P008,Phone Case,Electronics,26,19.99,519.74,143,0,Saturday,5,2022
2022-05-15,P008,Phone Case,Electronics,22,19.99,439.78,150,0,Sunday,5,2022
2022-05-16,P008,Phone Case,Electronics,19,19.99,379.81,171,0,Monday,5,2022
2022-05-17,P008,Phone Case,Electronics,20,19.99,399.8,174,0,Tuesday,5,2022
2022-05-18,P008,Phone Case,Electronics,20,19.99,399.8,169,0,Wednesday,5,2022
2022-05-19,P008,Phone Case,Electronics,17,19.99,339.83,151,0,Thursday,5,2022
2022-05-20,P008,Phone Case,Electronics,19,19.99,379.81,165,0,Friday,5,2022
2022-05-21,P008,Phone Case,Electronics,24,19.99,479.76,156,0,Saturday,5,2022
