data/sales_data.csv
date,product_id,product_name,category,quantity_sold,unit_price,revenue,stock_level,promotion,day_of_week,month,year
2022-05-22,P008,Phone Case,Electronics,22,19.99,439.78,155,0,Sunday,5,2022
2022-05-23,P008,Phone Case,Electronics,14,19.99,279.86,149,0,Monday,5,2022
2022-05-24,P008,Phone Case,Electronics,21,19.99,419.79,144,0,Tuesday,5,2022
2022-05-25,P008,Phone Case,Electronics,25,19.99,499.75,161,0,Wednesday,5,2022
2022-05-26,P008,Phone Case,Electronics,20,19.99,399.8,164,0,Thursday,5,2022
2022-05-27,P008,Phone Case,Electronics,17,19.99,339.83,174,0,Friday,5,2022
2022-05-28,P008,Phone Case,Electronics,26,19.99,519.74,144,0,Saturday,5,2022
2022-05-29,P008,Phone Case,Electronics,25,19.99,499.75,136,0,Sunday,5,2022
2022-05-30,P008,Phone Case,Electronics,16,19.99,319.84,173,0,Monday,5,2022
2022-05-31,P008,Phone Case,Electronics,19,19.99,379.81,142,0,Tuesday,5,2022
2022-06-01,P008,Phone Case,Electronics,16,19.99,319.84,156,0,Wednesday,6,2022
2022-06-02,P008,Phone Case,Electronics,16,19.99,319.84,153,0,Thursday,6,2022
2022-06-03,P008,Phone Case,Electronics,22,19.99,439.78,165,0,Friday,6,2022
2022-06-04,P008,Phone Case,Electronics,24,19.99,479.76,151,0,Saturday,6,2022
2022-06-05,P008,Phone Case,Electronics,25,19.99,499.75,165,0,Sunday,6,2022
2022-06-06,P008,Phone Case,Electronics,22,19.99,439.78,150,0,Monday,6,2022
2022-06-07,P008,Phone Case,Electronics,22,19.99,439.78,146,0,Tuesday,6,2022
2022-06-08,P008,Phone Case,Electronics,19,19.99,379.81,143,0,Wednesday,6,2022
2022-06-09,P008,Phone Case,Electronics,18,19.99,359.82,181,0,Thursday,6,2022
2021-01-01,P009,Sticky Notes,Stationery,74,2.99,221.26,275,0,Friday,1,2021
2021-01-02,P009,Sticky Notes,Stationery,96,2.99,287.04,257,0,Saturday,1,2021
2021-01-03,P009,Sticky Notes,Stationery,131,2.39,313.35,230,1,Sunday,1,2021
2021-01-04,P009,Sticky Notes,Stationery,37,2.99,110.63,316,0,Monday,1,2021
2021-01-05,P009,Sticky Notes,Stationery,53,2.99,158.47,285,0,Tuesday,1,2021
2021-01-06,P009,Sticky Notes,Stationery,49,2.99,146.51,315,0,Wednesday,1,2021
2021-01-07,P009,Sticky Notes,Stationery,54,2.99,161.46,287,0,Thursday,1,2021
2021-01-08,P009,Sticky Notes,Stationery,48,2.99,143.52,299,0,Friday,1,2021
2021-01-09,P009,Sticky Notes,Stationery,64,2.99,191.36,287,0,Saturday,1,2021
2021-01-10,P009,Sticky Notes,Stationery,63,2.99,188.37,267,0,Sunday,1,2021
2021-01-11,P009,Sticky Notes,Stationery,36,2.99,107.64,317,0,Monday,1,2021
2021-01-12,P009,Sticky Notes,Stationery,52,2.99,155.48,313,0,Tuesday,1,2021
2021-01-13,P009,Sticky Notes,Stationery,53,2.99,158.47,297,0,Wednesday,1,2021
2021-01-14,P009,Sticky Notes,Stationery,39,2.99,116.61,318,0,Thursday,1,2021
2021-01-15,P009,Sticky Notes,Stationery,51,2.99,152.49,289,0,Friday,1,2021
2021-01-16,P009,Sticky Notes,Stationery,92,2.39,220.06,262,1,Saturday,1,2021
2021-01-17,P009,Sticky Notes,Stationery,56,2.99,167.44,278,0,Sunday,1,2021
2021-01-18,P009,Sticky Notes,Stationery,33,2.99,98.67,307,0,Monday,1,2021
2021-01-19,P009,Sticky Notes,Stationery,48,2.99,143.52,296,0,Tuesday,1,2021
2021-01-20,P009,Sticky Notes,Stationery,52,2.99,155.48,295,0,Wednesday,1,2021
2021-01-21,P009,Sticky Notes,Stationery,41,2.99,122.59,326,0,Thursday,1,2021
2021-01-22,P009,Sticky Notes,Stationery,57,2.99,170.43,307,0,Friday,1,2021
2021-01-23,P009,Sticky Notes,Stationery,53,2.99,158.47,314,0,Saturday,1,2021
2021-01-24,P009,Sticky Notes,Stationery,50,2.99,149.5,292,0,Sunday,1,2021
2021-01-25,P009,Sticky Notes,Stationery,33,2.99,98.67,305,0,Monday,1,2021
2021-01-26,P009,Sticky Notes,Stationery,45,2.99,134.55,290,0,Tuesday,1,2021
2021-01-27,P009,Sticky Notes,Stationery,40,2.99,119.6,318,0,Wednesday,1,2021
2021-01-28,P009,Sticky Notes,Stationery,33,2.99,98.67,314,0,Thursday,1,2021
2021-01-29,P009,Sticky Notes,Stationery,50,2.99,149.5,281,0,Friday,1,2021
2021-01-30,P009,Sticky Notes,Stationery,81,2.39,193.75,288,1,Saturday,1,2021
2021-01-31,P009,Sticky Notes,Stationery,53,2.99,158.47,313,0,Sunday,1,2021
2021-02-01,P009,Sticky Notes,Stationery,22,2.99,65.78,314,0,Monday,2,2021
2021-02-02,P009,Sticky Notes,Stationery,46,2.39,110.03,322,1,Tuesday,2,2021
2021-02-03,P009,Sticky Notes,Stationery,23,2.99,68.77,310,0,Wednesday,2,2021
2021-02-04,P009,Sticky Notes,Stationery,17,2.99,50.83,340,0,Thursday,2,2021
2021-02-05,P009,Sticky Notes,Stationery,32,2.99,95.68,330,0,Friday,2,2021
2021-02-06,P009,Sticky Notes,Stationery,36,2.99,107.64,312,0,Saturday,2,2021
2021-02-07,P009,Sticky Notes,Stationery,30,2.99,89.7,322,0,Sunday,2,2021
2021-02-08,P009,Sticky Notes,Stationery,27,2.99,80.73,309,0,Monday,2,2021
2021-02-09,P009,Sticky Notes,Stationery,22,2.99,65.78,324,0,Tuesday,2,2021
2021-02-10,P009,Sticky Notes,Stationery,32,2.99,95.68,304,0,Wednesday,2,2021
2021-02-11,P009,Sticky Notes,Stationery,29,2.99,86.71,330,0,Thursday,2,2021
2021-02-12,P009,Sticky Notes,Stationery,27,2.99,80.73,339,0,Friday,2,2021
2021-02-13,P009,Sticky Notes,Stationery,29,2.99,86.71,320,0,Saturday,2,2021
2021-02-14,P009,Sticky Notes,Stationery,36,2.99,107.64,316,0,Sunday,2,2021
2021-02-15,P009,Sticky Notes,Stationery,26,2.99,77.74,331,0,Monday,2,2021
2021-02-16,P009,Sticky Notes,Stationery,34,2.99,101.66,305,0,Tuesday,2,2021
2021-02-17,P009,Sticky Notes,Stationery,21,2.99,62.79,312,0,Wednesday,2,2021
2021-02-18,P009,Sticky Notes,Stationery,21,2.99,62.79,318,0,Thursday,2,2021
2021-02-19,P009,Sticky Notes,Stationery,24,2.99,71.76,307,0,Friday,2,2021
2021-02-20,P009,Sticky Notes,Stationery,33,2.99,98.67,299,0,Saturday,2,2021
2021-02-21,P009,Sticky Notes,Stationery,40,2.99,119.6,307,0,Sunday,2,2021
2021-02-22,P009,Sticky Notes,Stationery,20,2.99,59.8,344,0,Monday,2,2021
2021-02-23,P009,Sticky Notes,Stationery,25,2.99,74.75,336,0,Tuesday,2,2021
2021-02-24,P009,Sticky Notes,Stationery,20,2.99,59.8,344,0,Wednesday,2,2021
2021-02-25,P009,Sticky Notes,Stationery,20,2.99,59.8,327,0,Thursday,2,2021
2021-02-26,P009,Sticky Notes,Stationery,29,2.39,69.37,324,1,Friday,2,2021
2021-02-27,P009,Sticky Notes,Stationery,53,2.39,126.78,286,1,Saturday,2,2021
2021-02-28,P009,Sticky Notes,Stationery,28,2.99,83.72,324,0,Sunday,2,2021
2021-03-01,P009,Sticky Notes,Stationery,21,2.99,62.79,312,0,Monday,3,2021
2021-03-02,P009,Sticky Notes,Stationery,19,2.99,56.81,330,0,Tuesday,3,2021
2021-03-03,P009,Sticky Notes,Stationery,15,2.99,44.85,318,0,Wednesday,3,2021
2021-03-04,P009,Sticky Notes,Stationery,21,2.99,62.79,344,0,Thursday,3,2021
2021-03-05,P009,Sticky Notes,Stationery,19,2.99,56.81,336,0,Friday,3,2021
2021-03-06,P009,Sticky Notes,Stationery,25,2.99,74.75,320,0,Saturday,3,2021
2021-03-07,P009,Sticky Notes,Stationery,21,2.99,62.79,331,0,Sunday,3,2021
2021-03-08,P009,Sticky Notes,Stationery,13,2.99,38.87,348,0,Monday,3,2021
2021-03-09,P009,Sticky Notes,Stationery,12,2.99,35.88,341,0,Tuesday,3,2021
2021-03-10,P009,Sticky Notes,Stationery,21,2.99,62.79,309,0,Wednesday,3,2021
2021-03-11,P009,Sticky Notes,Stationery,18,2.99,53.82,336,0,Thursday,3,2021
2021-03-12,P009,Sticky Notes,Stationery,23,2.99,68.77,322,0,Friday,3,2021
2021-03-13,P009,Sticky Notes,Stationery,28,2.99,83.72,304,0,Saturday,3,2021
2021-03-14,P009,Sticky Notes,Stationery,14,2.99,41.86,324,0,Sunday,3,2021
2021-03-15,P009,Sticky Notes,Stationery,14,2.99,41.86,335,0,Monday,3,2021
2021-03-16,P009,Sticky Notes,Stationery,7,2.99,20.93,345,0,Tuesday,3,2021
2021-03-17,P009,Sticky Notes,Stationery,14,2.99,41.86,326,0,Wednesday,3,2021
2021-03-18,P009,Sticky Notes,Stationery,21,2.99,62.79,312,0,Thursday,3,2021
2021-03-19,P009,Sticky Notes,Stationery,12,2.99,35.88,341,0,Friday,3,2021
2021-03-20,P009,Sticky Notes,Stationery,25,2.99,74.75,319,0,Saturday,3,2021
2021-03-21,P009,Sticky Notes,Stationery,21,2.99,62.79,338,0,Sunday,3,2021
2021-03-22,P009,Sticky Notes,Stationery,22,2.39,52.62,324,1,Monday,3,2021
2021-03-23,P009,Sticky Notes,Stationery,21,2.99,62.79,332,0,Tuesday,3,2021
2021-03-24,P009,Sticky Notes,Stationery,15,2.99,44.85,323,0,Wednesday,3,2021
2021-03-25,P009,Sticky Notes,Stationery,15,2.99,44.85,353,0,Thursday,3,2021
2021-03-26,P009,Sticky Notes,Stationery,19,2.99,56.81,320,0,Friday,3,2021
2021-03-27,P009,Sticky Notes,Stationery,21,2.99,62.79,320,0,Saturday,3,2021
2021-03-28,P009,Sticky Notes,Stationery,15,2.99,44.85,340,0,Sunday,3,2021
2021-03-29,P009,Sticky Notes,Stationery,19,2.99,56.81,318,0,Monday,3,2021
2021-03-30,P009,Sticky Notes,Stationery,12,2.99,35.88,325,0,Tuesday,3,2021
2021-03-31,P009,Sticky Notes,Stationery,25,2.39,59.8,329,1,Wednesday,3,2021
2021-04-01,P009,Sticky Notes,Stationery,6,2.99,17.94,342,0,Thursday,4,2021
2021-04-02,P009,Sticky Notes,Stationery,22,2.39,52.62,313,1,Friday,4,2021
2021-04-03,P009,Sticky Notes,Stationery,26,2.39,62.19,312,1,Saturday,4,2021
2021-04-04,P009,Sticky Notes,Stationery,22,2.99,65.78,308,0,Sunday,4,2021
2021-04-05,P009,Sticky Notes,Stationery,7,2.99,20.93,344,0,Monday,4,2021
2021-04-06,P009,Sticky Notes,Stationery,18,2.99,53.82,340,0,Tuesday,4,2021
2021-04-07,P009,Sticky Notes,Stationery,24,2.99,71.76,324,0,Wednesday,4,2021
2021-04-08,P009,Sticky Notes,Stationery,14,2.99,41.86,347,0,Thursday,4,2021
2021-04-09,P009,Sticky Notes,Stationery,19,2.39,45.45,343,1,Friday,4,2021
2021-04-10,P009,Sticky Notes,Stationery,21,2.99,62.79,326,0,Saturday,4,2021
2021-04-11,P009,Sticky Notes,Stationery,20,2.99,59.8,341,0,Sunday,4,2021
2021-04-12,P009,Sticky Notes,Stationery,20,2.99,59.8,339,0,Monday,4,2021
2021-04-13,P009,Sticky Notes,Stationery,16,2.99,47.84,326,0,Tuesday,4,2021
2021-04-14,P009,Sticky Notes,Stationery,12,2.99,35.88,328,0,Wednesday,4,2021
2021-04-15,P009,Sticky Notes,Stationery,25,2.39,59.8,329,1,Thursday,4,2021
2021-04-16,P009,Sticky Notes,Stationery,21,2.99,62.79,348,0,Friday,4,2021
2021-04-17,P009,Sticky Notes,Stationery,21,2.99,62.79,331,0,Saturday,4,2021
2021-04-18,P009,Sticky Notes,Stationery,27,2.39,64.58,337,1,Sunday,4,2021
2021-04-19,P009,Sticky Notes,Stationery,11,2.99,32.89,356,0,Monday,4,2021
2021-04-20,P009,Sticky Notes,Stationery,19,2.99,56.81,330,0,Tuesday,4,2021
2021-04-21,P009,Sticky Notes,Stationery,16,2.99,47.84,321,0,Wednesday,4,2021
2021-04-22,P009,Sticky Notes,Stationery,21,2.99,62.79,340,0,Thursday,4,2021
2021-04-23,P009,Sticky Notes,Stationery,15,2.99,44.85,331,0,Friday,4,2021
2021-04-24,P009,Sticky Notes,Stationery,17,2.99,50.83,343,0,Saturday,4,2021
2021-04-25,P009,Sticky Notes,Stationery,11,2.99,32.89,339,0,Sunday,4,2021
2021-04-26,P009,Sticky Notes,Stationery,9,2.99,26.91,350,0,Monday,4,2021
2021-04-27,P009,Sticky Notes,Stationery,18,2.99,53.82,332,0,Tuesday,4,2021
2021-04-28,P009,Sticky Notes,Stationery,19,2.99,56.81,329,0,Wednesday,4,2021
2021-04-29,P009,Sticky Notes,Stationery,14,2.99,41.86,341,0,Thursday,4,2021
2021-04-30,P009,Sticky Notes,Stationery,15,2.99,44.85,317,0,Friday,4,2021
2021-05-01,P009,Sticky Notes,Stationery,12,2.99,35.88,338,0,Saturday,5,2021
2021-05-02,P009,Sticky Notes,Stationery,22,2.99,65.78,325,0,Sunday,5,2021
2021-05-03,P009,Sticky Notes,Stationery,10,2.99,29.9,351,0,Monday,5,2021
2021-05-04,P009,Sticky Notes,Stationery,17,2.99,50.83,321,0,Tuesday,5,2021
2021-05-05,P009,Sticky Notes,Stationery,8,2.99,23.92,344,0,Wednesday,5,2021
2021-05-06,P009,Sticky Notes,Stationery,6,2.99,17.94,350,0,Thursday,5,2021
2021-05-07,P009,Sticky Notes,Stationery,8,2.99,23.92,342,0,Friday,5,2021
2021-05-08,P009,Sticky Notes,Stationery,21,2.99,62.79,319,0,Saturday,5,2021
2021-05-09,P009,Sticky Notes,Stationery,23,2.99,68.77,318,0,Sunday,5,2021
2021-05-10,P009,Sticky Notes,Stationery,16,2.99,47.84,352,0,Monday,5,2021
2021-05-11,P009,Sticky Notes,Stationery,18,2.99,53.82,314,0,Tuesday,5,2021
2021-05-12,P009,Sticky Notes,Stationery,10,2.99,29.9,342,0,Wednesday,5,2021
2021-05-13,P009,Sticky Notes,Stationery,25,2.99,74.75,337,0,Thursday,5,2021
2021-05-14,P009,Sticky Notes,Stationery,18,2.99,53.82,345,0,Friday,5,2021
2021-05-15,P009,Sticky Notes,Stationery,25,2.99,74.75,327,0,Saturday,5,2021
2021-05-16,P009,Sticky Notes,Stationery,28,2.99,83.72,339,0,Sunday,5,2021
2021-05-17,P009,Sticky Notes,Stationery,13,2.99,38.87,320,0,Monday,5,2021
2021-05-18,P009,Sticky Notes,Stationery,18,2.99,53.82,329,0,Tuesday,5,2021
2021-05-19,P009,Sticky Notes,Stationery,18,2.99,53.82,321,0,Wednesday,5,2021
2021-05-20,P009,Sticky Notes,Stationery,9,2.99,26.91,343,0,Thursday,5,2021
2021-05-21,P009,Sticky Notes,Stationery,16,2.99,47.84,325,0,Friday,5,2021
2021-05-22,P009,Sticky Notes,Stationery,24,2.99,71.76,340,0,Saturday,5,2021
2021-05-23,P009,Sticky Notes,Stationery,16,2.99,47.84,336,0,Sunday,5,2021
2021-05-24,P009,Sticky Notes,Stationery,18,2.99,53.82,329,0,Monday,5,2021
2021-05-25,P009,Sticky Notes,Stationery,9,2.99,26.91,329,0,Tuesday,5,2021
2021-05-26,P009,Sticky Notes,Stationery,19,2.99,56.81,326,0,Wednesday,5,2021
2021-05-27,P009,Sticky Notes,Stationery,15,2.99,44.85,348,0,Thursday,5,2021
2021-05-28,P009,Sticky Notes,Stationery,18,2.99,53.82,316,0,Friday,5,2021
2021-05-29,P009,Sticky Notes,Stationery,11,2.99,32.89,347,0,Saturday,5,2021
2021-05-30,P009,Sticky Notes,Stationery,24,2.99,71.76,306,0,Sunday,5,2021
2021-05-31,P009,Sticky Notes,Stationery,12,2.99,35.88,318,0,Monday,5,2021
2021-06-01,P009,Sticky Notes,Stationery,18,2.99,53.82,330,0,Tuesday,6,2021
2021-06-02,P009,Sticky Notes,Stationery,24,2.99,71.76,325,0,Wednesday,6,2021
2021-06-03,P009,Sticky Notes,Stationery,21,2.99,62.79,334,0,Thursday,6,2021
2021-06-04,P009,Sticky Notes,Stationery,35,2.39,83.72,318,1,Friday,6,2021
2021-06-05,P009,Sticky Notes,Stationery,31,2.99,92.69,324,0,Saturday,6,2021
2021-06-06,P009,Sticky Notes,Stationery,29,2.99,86.71,326,0,Sunday,6,2021
2021-06-07,P009,Sticky Notes,Stationery,22,2.99,65.78,319,0,Monday,6,2021
2021-06-08,P009,Sticky Notes,Stationery,23,2.99,68.77,314,0,Tuesday,6,2021
2021-06-09,P009,Sticky Notes,Stationery,18,2.99,53.82,322,0,Wednesday,6,2021
2021-06-10,P009,Sticky Notes,Stationery,22,2.99,65.78,317,0,Thursday,6,2021
2021-06-11,P009,Sticky Notes,Stationery,28,2.99,83.72,319,0,Friday,6,2021
2021-06-12,P009,Sticky Notes,Stationery,30,2.99,89.7,311,0,Saturday,6,2021
2021-06-13,P009,Sticky Notes,Stationery,30,2.99,89.7,322,0,Sunday,6,2021
2021-06-14,P009,Sticky Notes,Stationery,25,2.39,59.8,308,1,Monday,6,2021
2021-06-15,P009,Sticky Notes,Stationery,23,2.99,68.77,310,0,Tuesday,6,2021
2021-06-16,P009,Sticky Notes,Stationery,31,2.39,74.15,335,1,Wednesday,6,2021
2021-06-17,P009,Sticky Notes,Stationery,24,2.99,71.76,324,0,Thursday,6,2021
2021-06-18,P009,Sticky Notes,Stationery,19,2.99,56.81,335,0,Friday,6,2021
2021-06-19,P009,Sticky Notes,Stationery,44,2.39,105.25,290,1,Saturday,6,2021
2021-06-20,P009,Sticky Notes,Stationery,29,2.99,86.71,308,0,Sunday,6,2021
2021-06-21,P009,Sticky Notes,Stationery,22,2.99,65.78,309,0,Monday,6,2021
2021-06-22,P009,Sticky Notes,Stationery,21,2.99,62.79,314,0,Tuesday,6,2021
2021-06-23,P009,Sticky Notes,Stationery,47,2.39,112.42,308,1,Wednesday,6,2021
2021-06-24,P009,Sticky Notes,Stationery,29,2.99,86.71,334,0,Thursday,6,2021
2021-06-25,P009,Sticky Notes,Stationery,15,2.99,44.85,319,0,Friday,6,2021
2021-06-26,P009,Sticky Notes,Stationery,27,2.99,80.73,304,0,Saturday,6,2021
2021-06-27,P009,Sticky Notes,Stationery,29,2.99,86.71,315,0,Sunday,6,2021
2021-06-28,P009,Sticky Notes,Stationery,23,2.99,68.77,343,0,Monday,6,2021
2021-06-29,P009,Sticky Notes,Stationery,30,2.99,89.7,301,0,Tuesday,6,2021
2021-06-30,P009,Sticky Notes,Stationery,20,2.99,59.8,335,0,Wednesday,6,2021
2021-07-01,P009,Sticky Notes,Stationery,23,2.99,68.77,342,0,Thursday,7,2021
2021-07-02,P009,Sticky Notes,Stationery,30,2.99,89.7,308,0,Friday,7,2021
2021-07-03,P009,Sticky Notes,Stationery,37,2.99,110.63,323,0,Saturday,7,2021
2021-07-04,P009,Sticky Notes,Stationery,31,2.99,92.69,301,0,Sunday,7,2021
2021-07-05,P009,Sticky Notes,Stationery,27,2.99,80.73,329,0,Monday,7,2021
2021-07-06,P009,Sticky Notes,Stationery,30,2.99,89.7,323,0,Tuesday,7,2021
2021-07-07,P009,Sticky Notes,Stationery,25,2.99,74.75,334,0,Wednesday,7,2021
2021-07-08,P009,Sticky Notes,Stationery,36,2.99,107.64,331,0,Thursday,7,2021
2021-07-09,P009,Sticky Notes,Stationery,23,2.99,68.77,327,0,Friday,7,2021
2021-07-10,P009,Sticky Notes,Stationery,41,2.99,122.59,327,0,Saturday,7,2021
2021-07-11,P009,Sticky Notes,Stationery,32,2.99,95.68,326,0,Sunday,7,2021
2021-07-12,P009,Sticky Notes,Stationery,26,2.99,77.74,315,0,Monday,7,2021
2021-07-13,P009,Sticky Notes,Stationery,34,2.99,101.66,331,0,Tuesday,7,2021
2021-07-14,P009,Sticky Notes,Stationery,38,2.99,113.62,314,0,Wednesday,7,2021
2021-07-15,P009,Sticky Notes,Stationery,45,2.99,134.55,302,0,Thursday,7,2021
2021-07-16,P009,Sticky Notes,Stationery,33,2.99,98.67,324,0,Friday,7,2021
2021-07-17,P009,Sticky Notes,Stationery,46,2.99,137.54,321,0,Saturday,7,2021
2021-07-18,P009,Sticky Notes,Stationery,51,2.99,152.49,292,0,Sunday,7,2021
2021-07-19,P009,Sticky Notes,Stationery,33,2.99,98.67,330,0,Monday,7,2021
2021-07-20,P009,Sticky Notes,Stationery,31,2.99,92.69,311,0,Tuesday,7,2021
2021-07-21,P009,Sticky Notes,Stationery,39,2.99,116.61,297,0,Wednesday,7,2021
2021-07-22,P009,Sticky Notes,Stationery,41,2.99,122.59,293,0,Thursday,7,2021
2021-07-23,P009,Sticky Notes,Stationery,37,2.99,110.63,304,0,Friday,7,2021
2021-07-24,P009,Sticky Notes,Stationery,40,2.99,119.6,297,0,Saturday,7,2021
2021-07-25,P009,Sticky Notes,Stationery,50,2.99,149.5,291,0,Sunday,7,2021
2021-07-26,P009,Sticky Notes,Stationery,31,2.99,92.69,314,0,Monday,7,2021
2021-07-27,P009,Sticky Notes,Stationery,39,2.99,116.61,315,0,Tuesday,7,2021
2021-07-28,P009,Sticky Notes,Stationery,58,2.39,138.74,291,1,Wednesday,7,2021
2021-07-29,P009,Sticky Notes,Stationery,36,2.99,107.64,320,0,Thursday,7,2021
2021-07-30,P009,Sticky Notes,Stationery,40,2.99,119.6,327,0,Friday,7,2021
2021-07-31,P009,Sticky Notes,Stationery,57,2.99,170.43,308,0,Saturday,7,2021
2021-08-01,P009,Sticky Notes,Stationery,56,2.99,167.44,275,0,Sunday,8,2021
2021-08-02,P009,Sticky Notes,Stationery,58,2.39,138.74,289,1,Monday,8,2021
2021-08-03,P009,Sticky Notes,Stationery,37,2.99,110.63,298,0,Tuesday,8,2021
2021-08-04,P009,Sticky Notes,Stationery,43,2.99,128.57,296,0,Wednesday,8,2021
2021-08-05,P009,Sticky Notes,Stationery,45,2.99,134.55,318,0,Thursday,8,2021
2021-08-06,P009,Sticky Notes,Stationery,33,2.99,98.67,309,0,Friday,8,2021
