data/sales_data.csv
date,product_id,product_name,category,quantity_sold,unit_price,revenue,stock_level,promotion,day_of_week,month,year
2021-08-07,P009,Sticky Notes,Stationery,61,2.99,182.39,308,0,Saturday,8,2021
2021-08-08,P009,Sticky Notes,Stationery,63,2.99,188.37,270,0,Sunday,8,2021
2021-08-09,P009,Sticky Notes,Stationery,37,2.99,110.63,312,0,Monday,8,2021
2021-08-10,P009,Sticky Notes,Stationery,37,2.99,110.63,315,0,Tuesday,8,2021
2021-08-11,P009,Sticky Notes,Stationery,48,2.99,143.52,299,0,Wednesday,8,2021
2021-08-12,P009,Sticky Notes,Stationery,43,2.99,128.57,295,0,Thursday,8,2021
2021-08-13,P009,Sticky Notes,Stationery,40,2.99,119.6,291,0,Friday,8,2021
2021-08-14,P009,Sticky Notes,Stationery,63,2.99,188.37,306,0,Saturday,8,2021
2021-08-15,P009,Sticky Notes,Stationery,55,2.99,164.45,295,0,Sunday,8,2021
2021-08-16,P009,Sticky Notes,Stationery,40,2.99,119.6,307,0,Monday,8,2021
2021-08-17,P009,Sticky Notes,Stationery,43,2.99,128.57,317,0,Tuesday,8,2021
2021-08-18,P009,Sticky Notes,Stationery,49,2.99,146.51,282,0,Wednesday,8,2021
2021-08-19,P009,Sticky Notes,Stationery,56,2.39,133.95,278,1,Thursday,8,2021
2021-08-20,P009,Sticky Notes,Stationery,49,2.99,146.51,309,0,Friday,8,2021
2021-08-21,P009,Sticky Notes,Stationery,60,2.99,179.4,300,0,Saturday,8,2021
2021-08-22,P009,Sticky Notes,Stationery,59,2.99,176.41,298,0,Sunday,8,2021
2021-08-23,P009,Sticky Notes,Stationery,38,2.99,113.62,322,0,Monday,8,2021
2021-08-24,P009,Sticky Notes,Stationery,52,2.99,155.48,281,0,Tuesday,8,2021
2021-08-25,P009,Sticky Notes,Stationery,44,2.99,131.56,288,0,Wednesday,8,2021
2021-08-26,P009,Sticky Notes,Stationery,58,2.99,173.42,304,0,Thursday,8,2021
2021-08-27,P009,Sticky Notes,Stationery,54,2.99,161.46,278,0,Friday,8,2021
2021-08-28,P009,Sticky Notes,Stationery,106,2.39,253.55,226,1,Saturday,8,2021
2021-08-29,P009,Sticky Notes,Stationery,69,2.99,206.31,276,0,Sunday,8,2021
2021-08-30,P009,Sticky Notes,Stationery,35,2.99,104.65,323,0,Monday,8,2021
2021-08-31,P009,Sticky Notes,Stationery,56,2.99,167.44,295,0,Tuesday,8,2021
2021-09-01,P009,Sticky Notes,Stationery,73,2.39,174.62,291,1,Wednesday,9,2021
2021-09-02,P009,Sticky Notes,Stationery,48,2.99,143.52,291,0,Thursday,9,2021
2021-09-03,P009,Sticky Notes,Stationery,64,2.99,191.36,290,0,Friday,9,2021
2021-09-04,P009,Sticky Notes,Stationery,68,2.99,203.32,274,0,Saturday,9,2021
2021-09-05,P009,Sticky Notes,Stationery,63,2.99,188.37,268,0,Sunday,9,2021
2021-09-06,P009,Sticky Notes,Stationery,76,2.39,181.79,260,1,Monday,9,2021
2021-09-07,P009,Sticky Notes,Stationery,50,2.99,149.5,316,0,Tuesday,9,2021
2021-09-08,P009,Sticky Notes,Stationery,52,2.99,155.48,310,0,Wednesday,9,2021
2021-09-09,P009,Sticky Notes,Stationery,58,2.99,173.42,309,0,Thursday,9,2021
2021-09-10,P009,Sticky Notes,Stationery,57,2.99,170.43,307,0,Friday,9,2021
2021-09-11,P009,Sticky Notes,Stationery,65,2.99,194.35,285,0,Saturday,9,2021
2021-09-12,P009,Sticky Notes,Stationery,65,2.99,194.35,277,0,Sunday,9,2021
2021-09-13,P009,Sticky Notes,Stationery,45,2.99,134.55,317,0,Monday,9,2021
2021-09-14,P009,Sticky Notes,Stationery,61,2.99,182.39,277,0,Tuesday,9,2021
2021-09-15,P009,Sticky Notes,Stationery,80,2.39,191.36,274,1,Wednesday,9,2021
2021-09-16,P009,Sticky Notes,Stationery,47,2.99,140.53,292,0,Thursday,9,2021
2021-09-17,P009,Sticky Notes,Stationery,60,2.99,179.4,303,0,Friday,9,2021
2021-09-18,P009,Sticky Notes,Stationery,77,2.99,230.23,292,0,Saturday,9,2021
2021-09-19,P009,Sticky Notes,Stationery,56,2.99,167.44,309,0,Sunday,9,2021
2021-09-20,P009,Sticky Notes,Stationery,43,2.99,128.57,305,0,Monday,9,2021
2021-09-21,P009,Sticky Notes,Stationery,55,2.99,164.45,299,0,Tuesday,9,2021
2021-09-22,P009,Sticky Notes,Stationery,53,2.99,158.47,304,0,Wednesday,9,2021
2021-09-23,P009,Sticky Notes,Stationery,58,2.99,173.42,287,0,Thursday,9,2021
2021-09-24,P009,Sticky Notes,Stationery,59,2.99,176.41,283,0,Friday,9,2021
2021-09-25,P009,Sticky Notes,Stationery,71,2.99,212.29,292,0,Saturday,9,2021
2021-09-26,P009,Sticky Notes,Stationery,68,2.99,203.32,269,0,Sunday,9,2021
2021-09-27,P009,Sticky Notes,Stationery,45,2.99,134.55,299,0,Monday,9,2021
2021-09-28,P009,Sticky Notes,Stationery,59,2.99,176.41,275,0,Tuesday,9,2021
2021-09-29,P009,Sticky Notes,Stationery,57,2.99,170.43,290,0,Wednesday,9,2021
2021-09-30,P009,Sticky Notes,Stationery,54,2.99,161.46,289,0,Thursday,9,2021
2021-10-01,P009,Sticky Notes,Stationery,51,2.99,152.49,298,0,Friday,10,2021
2021-10-02,P009,Sticky Notes,Stationery,69,2.99,206.31,297,0,Saturday,10,2021
2021-10-03,P009,Sticky Notes,Stationery,63,2.99,188.37,279,0,Sunday,10,2021
2021-10-04,P009,Sticky Notes,Stationery,47,2.99,140.53,299,0,Monday,10,2021
2021-10-05,P009,Sticky Notes,Stationery,38,2.99,113.62,320,0,Tuesday,10,2021
2021-10-06,P009,Sticky Notes,Stationery,54,2.99,161.46,302,0,Wednesday,10,2021
2021-10-07,P009,Sticky Notes,Stationery,54,2.99,161.46,278,0,Thursday,10,2021
2021-10-08,P009,Sticky Notes,Stationery,53,2.99,158.47,280,0,Friday,10,2021
2021-10-09,P009,Sticky Notes,Stationery,63,2.99,188.37,301,0,Saturday,10,2021
2021-10-10,P009,Sticky Notes,Stationery,68,2.99,203.32,284,0,Sunday,10,2021
2021-10-11,P009,Sticky Notes,Stationery,80,2.39,191.36,281,1,Monday,10,2021
2021-10-12,P009,Sticky Notes,Stationery,53,2.99,158.47,285,0,Tuesday,10,2021
2021-10-13,P009,Sticky Notes,Stationery,55,2.99,164.45,290,0,Wednesday,10,2021
2021-10-14,P009,Sticky Notes,Stationery,93,2.39,222.46,257,1,Thursday,10,2021
2021-10-15,P009,Sticky Notes,Stationery,67,2.99,200.33,282,0,Friday,10,2021
2021-10-16,P009,Sticky Notes,Stationery,72,2.99,215.28,294,0,Saturday,10,2021
2021-10-17,P009,Sticky Notes,Stationery,69,2.99,206.31,270,0,Sunday,10,2021
2021-10-18,P009,Sticky Notes,Stationery,54,2.99,161.46,294,0,Monday,10,2021
2021-10-19,P009,Sticky Notes,Stationery,52,2.99,155.48,296,0,Tuesday,10,2021
2021-10-20,P009,Sticky Notes,Stationery,61,2.99,182.39,278,0,Wednesday,10,2021
2021-10-21,P009,Sticky Notes,Stationery,51,2.99,152.49,316,0,Thursday,10,2021
2021-10-22,P009,Sticky Notes,Stationery,69,2.99,206.31,289,0,Friday,10,2021
2021-10-23,P009,Sticky Notes,Stationery,78,2.99,233.22,290,0,Saturday,10,2021
2021-10-24,P009,Sticky Notes,Stationery,72,2.99,215.28,274,0,Sunday,10,2021
2021-10-25,P009,Sticky Notes,Stationery,56,2.99,167.44,291,0,Monday,10,2021
2021-10-26,P009,Sticky Notes,Stationery,55,2.99,164.45,278,0,Tuesday,10,2021
2021-10-27,P009,Sticky Notes,Stationery,101,2.39,241.59,248,1,Wednesday,10,2021
2021-10-28,P009,Sticky Notes,Stationery,49,2.99,146.51,319,0,Thursday,10,2021
2021-10-29,P009,Sticky Notes,Stationery,58,2.99,173.42,276,0,Friday,10,2021
2021-10-30,P009,Sticky Notes,Stationery,83,2.99,248.17,256,0,Saturday,10,2021
2021-10-31,P009,Sticky Notes,Stationery,72,2.99,215.28,295,0,Sunday,10,2021
2021-11-01,P009,Sticky Notes,Stationery,49,2.99,146.51,282,0,Monday,11,2021
2021-11-02,P009,Sticky Notes,Stationery,52,2.99,155.48,298,0,Tuesday,11,2021
2021-11-03,P009,Sticky Notes,Stationery,60,2.99,179.4,281,0,Wednesday,11,2021
2021-11-04,P009,Sticky Notes,Stationery,62,2.99,185.38,286,0,Thursday,11,2021
2021-11-05,P009,Sticky Notes,Stationery,99,2.39,236.81,241,1,Friday,11,2021
2021-11-06,P009,Sticky Notes,Stationery,73,2.99,218.27,270,0,Saturday,11,2021
2021-11-07,P009,Sticky Notes,Stationery,67,2.99,200.33,284,0,Sunday,11,2021
2021-11-08,P009,Sticky Notes,Stationery,52,2.99,155.48,299,0,Monday,11,2021
2021-11-09,P009,Sticky Notes,Stationery,57,2.99,170.43,284,0,Tuesday,11,2021
2021-11-10,P009,Sticky Notes,Stationery,50,2.99,149.5,294,0,Wednesday,11,2021
2021-11-11,P009,Sticky Notes,Stationery,50,2.99,149.5,314,0,Thursday,11,2021
2021-11-12,P009,Sticky Notes,Stationery,57,2.99,170.43,291,0,Friday,11,2021
2021-11-13,P009,Sticky Notes,Stationery,76,2.99,227.24,255,0,Saturday,11,2021
2021-11-14,P009,Sticky Notes,Stationery,68,2.99,203.32,269,0,Sunday,11,2021
2021-11-15,P009,Sticky Notes,Stationery,61,2.39,145.91,300,1,Monday,11,2021
2021-11-16,P009,Sticky Notes,Stationery,61,2.99,182.39,281,0,Tuesday,11,2021
2021-11-17,P009,Sticky Notes,Stationery,72,2.99,215.28,273,0,Wednesday,11,2021
2021-11-18,P009,Sticky Notes,Stationery,58,2.99,173.42,310,0,Thursday,11,2021
2021-11-19,P009,Sticky Notes,Stationery,49,2.99,146.51,309,0,Friday,11,2021
2021-11-20,P009,Sticky Notes,Stationery,71,2.99,212.29,282,0,Saturday,11,2021
2021-11-21,P009,Sticky Notes,Stationery,66,2.99,197.34,289,0,Sunday,11,2021
2021-11-22,P009,Sticky Notes,Stationery,38,2.99,113.62,305,0,Monday,11,2021
2021-11-23,P009,Sticky Notes,Stationery,45,2.99,134.55,288,0,Tuesday,11,2021
2021-11-24,P009,Sticky Notes,Stationery,145,2.99,433.55,186,0,Wednesday,11,2021
2021-11-25,P009,Sticky Notes,Stationery,144,2.99,430.56,224,0,Thursday,11,2021
2021-11-26,P009,Sticky Notes,Stationery,135,2.99,403.65,200,0,Friday,11,2021
2021-11-27,P009,Sticky Notes,Stationery,272,2.39,650.62,76,1,Saturday,11,2021
2021-11-28,P009,Sticky Notes,Stationery,170,2.99,508.3,184,0,Sunday,11,2021
2021-11-29,P009,Sticky Notes,Stationery,108,2.99,322.92,232,0,Monday,11,2021
2021-11-30,P009,Sticky Notes,Stationery,141,2.99,421.59,202,0,Tuesday,11,2021
2021-12-01,P009,Sticky Notes,Stationery,52,2.99,155.48,311,0,Wednesday,12,2021
2021-12-02,P009,Sticky Notes,Stationery,45,2.99,134.55,312,0,Thursday,12,2021
2021-12-03,P009,Sticky Notes,Stationery,63,2.99,188.37,275,0,Friday,12,2021
2021-12-04,P009,Sticky Notes,Stationery,69,2.99,206.31,272,0,Saturday,12,2021
2021-12-05,P009,Sticky Notes,Stationery,53,2.99,158.47,316,0,Sunday,12,2021
2021-12-06,P009,Sticky Notes,Stationery,39,2.99,116.61,320,0,Monday,12,2021
2021-12-07,P009,Sticky Notes,Stationery,56,2.99,167.44,282,0,Tuesday,12,2021
2021-12-08,P009,Sticky Notes,Stationery,53,2.99,158.47,296,0,Wednesday,12,2021
2021-12-09,P009,Sticky Notes,Stationery,57,2.99,170.43,286,0,Thursday,12,2021
2021-12-10,P009,Sticky Notes,Stationery,48,2.99,143.52,316,0,Friday,12,2021
2021-12-11,P009,Sticky Notes,Stationery,63,2.99,188.37,274,0,Saturday,12,2021
2021-12-12,P009,Sticky Notes,Stationery,57,2.99,170.43,307,0,Sunday,12,2021
2021-12-13,P009,Sticky Notes,Stationery,48,2.99,143.52,317,0,Monday,12,2021
2021-12-14,P009,Sticky Notes,Stationery,54,2.99,161.46,278,0,Tuesday,12,2021
2021-12-15,P009,Sticky Notes,Stationery,93,2.99,278.07,274,0,Wednesday,12,2021
2021-12-16,P009,Sticky Notes,Stationery,94,2.99,281.06,249,0,Thursday,12,2021
2021-12-17,P009,Sticky Notes,Stationery,98,2.99,293.02,262,0,Friday,12,2021
2021-12-18,P009,Sticky Notes,Stationery,126,2.99,376.74,209,0,Saturday,12,2021
2021-12-19,P009,Sticky Notes,Stationery,106,2.99,316.94,238,0,Sunday,12,2021
2021-12-20,P009,Sticky Notes,Stationery,88,2.99,263.12,263,0,Monday,12,2021
2021-12-21,P009,Sticky Notes,Stationery,89,2.99,266.11,243,0,Tuesday,12,2021
2021-12-22,P009,Sticky Notes,Stationery,97,2.99,290.03,271,0,Wednesday,12,2021
2021-12-23,P009,Sticky Notes,Stationery,86,2.99,257.14,247,0,Thursday,12,2021
2021-12-24,P009,Sticky Notes,Stationery,147,2.39,351.62,208,1,Friday,12,2021
2021-12-25,P009,Sticky Notes,Stationery,111,2.99,331.89,256,0,Saturday,12,2021
2021-12-26,P009,Sticky Notes,Stationery,119,2.99,355.81,233,0,Sunday,12,2021
2021-12-27,P009,Sticky Notes,Stationery,74,2.99,221.26,261,0,Monday,12,2021
2021-12-28,P009,Sticky Notes,Stationery,99,2.99,296.01,250,0,Tuesday,12,2021
2021-12-29,P009,Sticky Notes,Stationery,90,2.99,269.1,266,0,Wednesday,12,2021
2021-12-30,P009,Sticky Notes,Stationery,80,2.99,239.2,285,0,Thursday,12,2021
2021-12-31,P009,Sticky Notes,Stationery,88,2.99,263.12,280,0,Friday,12,2021
2022-01-01,P009,Sticky Notes,Stationery,110,2.99,328.9,247,0,Saturday,1,2022
2022-01-02,P009,Sticky Notes,Stationery,98,2.99,293.02,256,0,Sunday,1,2022
2022-01-03,P009,Sticky Notes,Stationery,77,2.99,230.23,276,0,Monday,1,2022
2022-01-04,P009,Sticky Notes,Stationery,58,2.99,173.42,305,0,Tuesday,1,2022
2022-01-05,P009,Sticky Notes,Stationery,59,2.99,176.41,306,0,Wednesday,1,2022
2022-01-06,P009,Sticky Notes,Stationery,55,2.99,164.45,299,0,Thursday,1,2022
2022-01-07,P009,Sticky Notes,Stationery,50,2.99,149.5,298,0,Friday,1,2022
2022-01-08,P009,Sticky Notes,Stationery,72,2.99,215.28,284,0,Saturday,1,2022
2022-01-09,P009,Sticky Notes,Stationery,63,2.99,188.37,284,0,Sunday,1,2022
2022-01-10,P009,Sticky Notes,Stationery,49,2.99,146.51,305,0,Monday,1,2022
2022-01-11,P009,Sticky Notes,Stationery,49,2.99,146.51,292,0,Tuesday,1,2022
2022-01-12,P009,Sticky Notes,Stationery,75,2.39,179.4,274,1,Wednesday,1,2022
2022-01-13,P009,Sticky Notes,Stationery,44,2.99,131.56,306,0,Thursday,1,2022
2022-01-14,P009,Sticky Notes,Stationery,46,2.99,137.54,285,0,Friday,1,2022
2022-01-15,P009,Sticky Notes,Stationery,61,2.99,182.39,308,0,Saturday,1,2022
2022-01-16,P009,Sticky Notes,Stationery,54,2.99,161.46,288,0,Sunday,1,2022
2022-01-17,P009,Sticky Notes,Stationery,44,2.99,131.56,295,0,Monday,1,2022
2022-01-18,P009,Sticky Notes,Stationery,47,2.99,140.53,290,0,Tuesday,1,2022
2022-01-19,P009,Sticky Notes,Stationery,42,2.99,125.58,291,0,Wednesday,1,2022
2022-01-20,P009,Sticky Notes,Stationery,48,2.99,143.52,312,0,Thursday,1,2022
2022-01-21,P009,Sticky Notes,Stationery,46,2.99,137.54,323,0,Friday,1,2022
2022-01-22,P009,Sticky Notes,Stationery,63,2.99,188.37,277,0,Saturday,1,2022
2022-01-23,P009,Sticky Notes,Stationery,55,2.99,164.45,306,0,Sunday,1,2022
2022-01-24,P009,Sticky Notes,Stationery,44,2.99,131.56,286,0,Monday,1,2022
2022-01-25,P009,Sticky Notes,Stationery,38,2.99,113.62,307,0,Tuesday,1,2022
2022-01-26,P009,Sticky Notes,Stationery,56,2.99,167.44,309,0,Wednesday,1,2022
2022-01-27,P009,Sticky Notes,Stationery,59,2.39,141.13,310,1,Thursday,1,2022
2022-01-28,P009,Sticky Notes,Stationery,39,2.99,116.61,291,0,Friday,1,2022
2022-01-29,P009,Sticky Notes,Stationery,60,2.99,179.4,308,0,Saturday,1,2022
2022-01-30,P009,Sticky Notes,Stationery,48,2.99,143.52,286,0,Sunday,1,2022
2022-01-31,P009,Sticky Notes,Stationery,33,2.99,98.67,319,0,Monday,1,2022
2022-02-01,P009,Sticky Notes,Stationery,27,2.99,80.73,320,0,Tuesday,2,2022
2022-02-02,P009,Sticky Notes,Stationery,36,2.99,107.64,302,0,Wednesday,2,2022
2022-02-03,P009,Sticky Notes,Stationery,32,2.99,95.68,322,0,Thursday,2,2022
2022-02-04,P009,Sticky Notes,Stationery,31,2.99,92.69,320,0,Friday,2,2022
2022-02-05,P009,Sticky Notes,Stationery,34,2.99,101.66,324,0,Saturday,2,2022
2022-02-06,P009,Sticky Notes,Stationery,40,2.99,119.6,295,0,Sunday,2,2022
2022-02-07,P009,Sticky Notes,Stationery,34,2.99,101.66,317,0,Monday,2,2022
2022-02-08,P009,Sticky Notes,Stationery,27,2.99,80.73,319,0,Tuesday,2,2022
2022-02-09,P009,Sticky Notes,Stationery,42,2.39,100.46,306,1,Wednesday,2,2022
2022-02-10,P009,Sticky Notes,Stationery,28,2.99,83.72,328,0,Thursday,2,2022
2022-02-11,P009,Sticky Notes,Stationery,52,2.39,124.38,305,1,Friday,2,2022
2022-02-12,P009,Sticky Notes,Stationery,34,2.99,101.66,297,0,Saturday,2,2022
2022-02-13,P009,Sticky Notes,Stationery,30,2.99,89.7,301,0,Sunday,2,2022
2022-02-14,P009,Sticky Notes,Stationery,30,2.99,89.7,319,0,Monday,2,2022
2022-02-15,P009,Sticky Notes,Stationery,30,2.39,71.76,332,1,Tuesday,2,2022
2022-02-16,P009,Sticky Notes,Stationery,32,2.99,95.68,333,0,Wednesday,2,2022
2022-02-17,P009,Sticky Notes,Stationery,25,2.99,74.75,306,0,Thursday,2,2022
2022-02-18,P009,Sticky Notes,Stationery,21,2.99,62.79,334,0,Friday,2,2022
2022-02-19,P009,Sticky Notes,Stationery,33,2.99,98.67,314,0,Saturday,2,2022
2022-02-20,P009,Sticky Notes,Stationery,24,2.99,71.76,343,0,Sunday,2,2022
2022-02-21,P009,Sticky Notes,Stationery,35,2.39,83.72,311,1,Monday,2,2022
2022-02-22,P009,Sticky Notes,Stationery,19,2.99,56.81,320,0,Tuesday,2,2022
2022-02-23,P009,Sticky Notes,Stationery,21,2.99,62.79,316,0,Wednesday,2,2022
2022-02-24,P009,Sticky Notes,Stationery,16,2.99,47.84,348,0,Thursday,2,2022
2022-02-25,P009,Sticky Notes,Stationery,26,2.99,77.74,330,0,Friday,2,2022
2022-02-26,P009,Sticky Notes,Stationery,47,2.39,112.42,294,1,Saturday,2,2022
2022-02-27,P009,Sticky Notes,Stationery,30,2.99,89.7,326,0,Sunday,2,2022
2022-02-28,P009,Sticky Notes,Stationery,22,2.99,65.78,346,0,Monday,2,2022
2022-03-01,P009,Sticky Notes,Stationery,15,2.99,44.85,322,0,Tuesday,3,2022
2022-03-02,P009,Sticky Notes,Stationery,23,2.99,68.77,345,0,Wednesday,3,2022
2022-03-03,P009,Sticky Notes,Stationery,26,2.99,77.74,340,0,Thursday,3,2022
2022-03-04,P009,Sticky Notes,Stationery,18,2.99,53.82,314,0,Friday,3,2022
2022-03-05,P009,Sticky Notes,Stationery,35,2.99,104.65,296,0,Saturday,3,2022
2022-03-06,P009,Sticky Notes,Stationery,36,2.99,107.64,295,0,Sunday,3,2022
2022-03-07,P009,Sticky Notes,Stationery,18,2.99,53.82,339,0,Monday,3,2022
2022-03-08,P009,Sticky Notes,Stationery,30,2.99,89.7,339,0,Tuesday,3,2022
2022-03-09,P009,Sticky Notes,Stationery,19,2.99,56.81,321,0,Wednesday,3,2022
2022-03-10,P009,Sticky Notes,Stationery,20,2.99,59.8,314,0,Thursday,3,2022
2022-03-11,P009,Sticky Notes,Stationery,25,2.99,74.75,319,0,Friday,3,2022
2022-03-12,P009,Sticky Notes,Stationery,34,2.99,101.66,322,0,Saturday,3,2022
2022-03-13,P009,Sticky Notes,Stationery,28,2.99,83.72,306,0,Sunday,3,2022
2022-03-14,P009,Sticky Notes,Stationery,15,2.99,44.85,332,0,Monday,3,2022
2022-03-15,P009,Sticky Notes,Stationery,22,2.39,52.62,323,1,Tuesday,3,2022
2022-03-16,P009,Sticky Notes,Stationery,21,2.99,62.79,333,0,Wednesday,3,2022
2022-03-17,P009,Sticky Notes,Stationery,16,2.99,47.84,351,0,Thursday,3,2022
2022-03-18,P009,Sticky Notes,Stationery,32,2.39,76.54,302,1,Friday,3,2022
2022-03-19,P009,Sticky Notes,Stationery,26,2.99,77.74,318,0,Saturday,3,2022
2022-03-20,P009,Sticky Notes,Stationery,24,2.99,71.76,329,0,Sunday,3,2022
2022-03-21,P009,Sticky Notes,Stationery,9,2.99,26.91,331,0,Monday,3,2022
2022-03-22,P009,Sticky Notes,Stationery,7,2.99,20.93,333,0,Tuesday,3,2022
2022-03-23,P009,Sticky Notes,Stationery,26,2.39,62.19,333,1,Wednesday,3,2022
2022-03-24,P009,Sticky Notes,Stationery,10,2.99,29.9,332,0,Thursday,3,2022
2022-03-25,P009,Sticky Notes,Stationery,15,2.99,44.85,322,0,Friday,3,2022
2022-03-26,P009,Sticky Notes,Stationery,36,2.39,86.11,294,1,Saturday,3,2022
2022-03-27,P009,Sticky Notes,Stationery,19,2.99,56.81,312,0,Sunday,3,2022
2022-03-28,P009,Sticky Notes,Stationery,19,2.99,56.81,313,0,Monday,3,2022
