data/sales_data.csv
date,product_id,product_name,category,quantity_sold,unit_price,revenue,stock_level,promotion,day_of_week,month,year
2022-03-29,P009,Sticky Notes,Stationery,20,2.99,59.8,345,0,Tuesday,3,2022
2022-03-30,P009,Sticky Notes,Stationery,27,2.39,64.58,341,1,Wednesday,3,2022
2022-03-31,P009,Sticky Notes,Stationery,23,2.99,68.77,337,0,Thursday,3,2022
2022-04-01,P009,Sticky Notes,Stationery,9,2.99,26.91,357,0,Friday,4,2022
2022-04-02,P009,Sticky Notes,Stationery,20,2.99,59.8,317,0,Saturday,4,2022
2022-04-03,P009,Sticky Notes,Stationery,11,2.99,32.89,355,0,Sunday,4,2022
2022-04-04,P009,Sticky Notes,Stationery,15,2.99,44.85,320,0,Monday,4,2022
2022-04-05,P009,Sticky Notes,Stationery,10,2.99,29.9,340,0,Tuesday,4,2022
2022-04-06,P009,Sticky Notes,Stationery,13,2.99,38.87,356,0,Wednesday,4,2022
2022-04-07,P009,Sticky Notes,Stationery,18,2.99,53.82,331,0,Thursday,4,2022
2022-04-08,P009,Sticky Notes,Stationery,21,2.99,62.79,313,0,Friday,4,2022
2022-04-09,P009,Sticky Notes,Stationery,15,2.99,44.85,337,0,Saturday,4,2022
2022-04-10,P009,Sticky Notes,Stationery,19,2.99,56.81,336,0,Sunday,4,2022
2022-04-11,P009,Sticky Notes,Stationery,5,2.99,14.95,357,0,Monday,4,2022
2022-04-12,P009,Sticky Notes,Stationery,4,2.99,11.96,353,0,Tuesday,4,2022
2022-04-13,P009,Sticky Notes,Stationery,18,2.99,53.82,327,0,Wednesday,4,2022
2022-04-14,P009,Sticky Notes,Stationery,26,2.39,62.19,312,1,Thursday,4,2022
2022-04-15,P009,Sticky Notes,Stationery,17,2.99,50.83,335,0,Friday,4,2022
2022-04-16,P009,Sticky Notes,Stationery,32,2.99,95.68,336,0,Saturday,4,2022
2022-04-17,P009,Sticky Notes,Stationery,22,2.99,65.78,333,0,Sunday,4,2022
2022-04-18,P009,Sticky Notes,Stationery,21,2.99,62.79,340,0,Monday,4,2022
2022-04-19,P009,Sticky Notes,Stationery,28,2.39,66.98,326,1,Tuesday,4,2022
2022-04-20,P009,Sticky Notes,Stationery,16,2.99,47.84,321,0,Wednesday,4,2022
2022-04-21,P009,Sticky Notes,Stationery,29,2.99,86.71,311,0,Thursday,4,2022
2022-04-22,P009,Sticky Notes,Stationery,14,2.99,41.86,322,0,Friday,4,2022
2022-04-23,P009,Sticky Notes,Stationery,9,2.99,26.91,339,0,Saturday,4,2022
2022-04-24,P009,Sticky Notes,Stationery,8,2.99,23.92,344,0,Sunday,4,2022
2022-04-25,P009,Sticky Notes,Stationery,20,2.99,59.8,342,0,Monday,4,2022
2022-04-26,P009,Sticky Notes,Stationery,6,2.99,17.94,345,0,Tuesday,4,2022
2022-04-27,P009,Sticky Notes,Stationery,7,2.99,20.93,323,0,Wednesday,4,2022
2022-04-28,P009,Sticky Notes,Stationery,22,2.99,65.78,310,0,Thursday,4,2022
2022-04-29,P009,Sticky Notes,Stationery,19,2.99,56.81,326,0,Friday,4,2022
2022-04-30,P009,Sticky Notes,Stationery,18,2.99,53.82,344,0,Saturday,4,2022
2022-05-01,P009,Sticky Notes,Stationery,19,2.99,56.81,319,0,Sunday,5,2022
2022-05-02,P009,Sticky Notes,Stationery,20,2.99,59.8,325,0,Monday,5,2022
2022-05-03,P009,Sticky Notes,Stationery,14,2.99,41.86,355,0,Tuesday,5,2022
2022-05-04,P009,Sticky Notes,Stationery,20,2.99,59.8,331,0,Wednesday,5,2022
2022-05-05,P009,Sticky Notes,Stationery,5,2.99,14.95,351,0,Thursday,5,2022
2022-05-06,P009,Sticky Notes,Stationery,21,2.99,62.79,310,0,Friday,5,2022
2022-05-07,P009,Sticky Notes,Stationery,24,2.99,71.76,342,0,Saturday,5,2022
2022-05-08,P009,Sticky Notes,Stationery,16,2.99,47.84,322,0,Sunday,5,2022
2022-05-09,P009,Sticky Notes,Stationery,24,2.39,57.41,318,1,Monday,5,2022
2022-05-10,P009,Sticky Notes,Stationery,34,2.39,81.33,305,1,Tuesday,5,2022
2022-05-11,P009,Sticky Notes,Stationery,11,2.99,32.89,327,0,Wednesday,5,2022
2022-05-12,P009,Sticky Notes,Stationery,20,2.99,59.8,316,0,Thursday,5,2022
2022-05-13,P009,Sticky Notes,Stationery,12,2.99,35.88,329,0,Friday,5,2022
2022-05-14,P009,Sticky Notes,Stationery,26,2.99,77.74,306,0,Saturday,5,2022
2022-05-15,P009,Sticky Notes,Stationery,24,2.39,57.41,325,1,Sunday,5,2022
2022-05-16,P009,Sticky Notes,Stationery,9,2.99,26.91,356,0,Monday,5,2022
2022-05-17,P009,Sticky Notes,Stationery,15,2.99,44.85,326,0,Tuesday,5,2022
2022-05-18,P009,Sticky Notes,Stationery,26,2.99,77.74,336,0,Wednesday,5,2022
2022-05-19,P009,Sticky Notes,Stationery,18,2.99,53.82,343,0,Thursday,5,2022
2022-05-20,P009,Sticky Notes,Stationery,25,2.99,74.75,307,0,Friday,5,2022
2022-05-21,P009,Sticky Notes,Stationery,24,2.99,71.76,338,0,Saturday,5,2022
2022-05-22,P009,Sticky Notes,Stationery,26,2.99,77.74,314,0,Sunday,5,2022
2022-05-23,P009,Sticky Notes,Stationery,25,2.99,74.75,330,0,Monday,5,2022
2022-05-24,P009,Sticky Notes,Stationery,20,2.99,59.8,313,0,Tuesday,5,2022
2022-05-25,P009,Sticky Notes,Stationery,19,2.99,56.81,331,0,Wednesday,5,2022
2022-05-26,P009,Sticky Notes,Stationery,14,2.99,41.86,321,0,Thursday,5,2022
2022-05-27,P009,Sticky Notes,Stationery,13,2.99,38.87,338,0,Friday,5,2022
2022-05-28,P009,Sticky Notes,Stationery,42,2.39,100.46,299,1,Saturday,5,2022
2022-05-29,P009,Sticky Notes,Stationery,23,2.99,68.77,327,0,Sunday,5,2022
2022-05-30,P009,Sticky Notes,Stationery,32,2.39,76.54,304,1,Monday,5,2022
2022-05-31,P009,Sticky Notes,Stationery,17,2.99,50.83,322,0,Tuesday,5,2022
2022-06-01,P009,Sticky Notes,Stationery,23,2.99,68.77,333,0,Wednesday,6,2022
2022-06-02,P009,Sticky Notes,Stationery,17,2.99,50.83,327,0,Thursday,6,2022
2022-06-03,P009,Sticky Notes,Stationery,22,2.99,65.78,313,0,Friday,6,2022
2022-06-04,P009,Sticky Notes,Stationery,32,2.99,95.68,301,0,Saturday,6,2022
2022-06-05,P009,Sticky Notes,Stationery,44,2.39,105.25,315,1,Sunday,6,2022
2022-06-06,P009,Sticky Notes,Stationery,19,2.99,56.81,348,0,Monday,6,2022
2022-06-07,P009,Sticky Notes,Stationery,30,2.99,89.7,335,0,Tuesday,6,2022
2022-06-08,P009,Sticky Notes,Stationery,37,2.99,110.63,317,0,Wednesday,6,2022
2022-06-09,P009,Sticky Notes,Stationery,23,2.99,68.77,316,0,Thursday,6,2022
2021-01-01,P010,Coffee Mug,Lifestyle,24,9.99,239.76,82,0,Friday,1,2021
2021-01-02,P010,Coffee Mug,Lifestyle,48,7.99,383.62,59,1,Saturday,1,2021
2021-01-03,P010,Coffee Mug,Lifestyle,29,9.99,289.71,107,0,Sunday,1,2021
2021-01-04,P010,Coffee Mug,Lifestyle,16,9.99,159.84,115,0,Monday,1,2021
2021-01-05,P010,Coffee Mug,Lifestyle,18,9.99,179.82,87,0,Tuesday,1,2021
2021-01-06,P010,Coffee Mug,Lifestyle,17,9.99,169.83,98,0,Wednesday,1,2021
2021-01-07,P010,Coffee Mug,Lifestyle,20,9.99,199.8,101,0,Thursday,1,2021
2021-01-08,P010,Coffee Mug,Lifestyle,13,9.99,129.87,117,0,Friday,1,2021
2021-01-09,P010,Coffee Mug,Lifestyle,20,9.99,199.8,101,0,Saturday,1,2021
2021-01-10,P010,Coffee Mug,Lifestyle,22,9.99,219.78,116,0,Sunday,1,2021
2021-01-11,P010,Coffee Mug,Lifestyle,15,9.99,149.85,86,0,Monday,1,2021
2021-01-12,P010,Coffee Mug,Lifestyle,17,9.99,169.83,91,0,Tuesday,1,2021
2021-01-13,P010,Coffee Mug,Lifestyle,20,9.99,199.8,102,0,Wednesday,1,2021
2021-01-14,P010,Coffee Mug,Lifestyle,16,9.99,159.84,103,0,Thursday,1,2021
2021-01-15,P010,Coffee Mug,Lifestyle,17,9.99,169.83,114,0,Friday,1,2021
2021-01-16,P010,Coffee Mug,Lifestyle,19,9.99,189.81,107,0,Saturday,1,2021
2021-01-17,P010,Coffee Mug,Lifestyle,34,7.99,271.73,82,1,Sunday,1,2021
2021-01-18,P010,Coffee Mug,Lifestyle,19,7.99,151.85,96,1,Monday,1,2021
2021-01-19,P010,Coffee Mug,Lifestyle,17,9.99,169.83,104,0,Tuesday,1,2021
2021-01-20,P010,Coffee Mug,Lifestyle,23,7.99,183.82,110,1,Wednesday,1,2021
2021-01-21,P010,Coffee Mug,Lifestyle,17,9.99,169.83,84,0,Thursday,1,2021
2021-01-22,P010,Coffee Mug,Lifestyle,15,9.99,149.85,89,0,Friday,1,2021
2021-01-23,P010,Coffee Mug,Lifestyle,17,9.99,169.83,97,0,Saturday,1,2021
2021-01-24,P010,Coffee Mug,Lifestyle,20,9.99,199.8,115,0,Sunday,1,2021
2021-01-25,P010,Coffee Mug,Lifestyle,16,9.99,159.84,112,0,Monday,1,2021
2021-01-26,P010,Coffee Mug,Lifestyle,21,7.99,167.83,107,1,Tuesday,1,2021
2021-01-27,P010,Coffee Mug,Lifestyle,25,7.99,199.8,84,1,Wednesday,1,2021
2021-01-28,P010,Coffee Mug,Lifestyle,21,7.99,167.83,101,1,Thursday,1,2021
2021-01-29,P010,Coffee Mug,Lifestyle,16,9.99,159.84,122,0,Friday,1,2021
2021-01-30,P010,Coffee Mug,Lifestyle,18,9.99,179.82,117,0,Saturday,1,2021
2021-01-31,P010,Coffee Mug,Lifestyle,30,7.99,239.76,107,1,Sunday,1,2021
2021-02-01,P010,Coffee Mug,Lifestyle,12,9.99,119.88,95,0,Monday,2,2021
2021-02-02,P010,Coffee Mug,Lifestyle,21,7.99,167.83,107,1,Tuesday,2,2021
2021-02-03,P010,Coffee Mug,Lifestyle,16,9.99,159.84,103,0,Wednesday,2,2021
2021-02-04,P010,Coffee Mug,Lifestyle,14,9.99,139.86,88,0,Thursday,2,2021
2021-02-05,P010,Coffee Mug,Lifestyle,17,9.99,169.83,95,0,Friday,2,2021
2021-02-06,P010,Coffee Mug,Lifestyle,20,9.99,199.8,89,0,Saturday,2,2021
2021-02-07,P010,Coffee Mug,Lifestyle,19,9.99,189.81,114,0,Sunday,2,2021
2021-02-08,P010,Coffee Mug,Lifestyle,14,9.99,139.86,109,0,Monday,2,2021
2021-02-09,P010,Coffee Mug,Lifestyle,15,9.99,149.85,116,0,Tuesday,2,2021
2021-02-10,P010,Coffee Mug,Lifestyle,16,9.99,159.84,99,0,Wednesday,2,2021
2021-02-11,P010,Coffee Mug,Lifestyle,14,9.99,139.86,109,0,Thursday,2,2021
2021-02-12,P010,Coffee Mug,Lifestyle,11,9.99,109.89,102,0,Friday,2,2021
2021-02-13,P010,Coffee Mug,Lifestyle,20,9.99,199.8,116,0,Saturday,2,2021
2021-02-14,P010,Coffee Mug,Lifestyle,12,9.99,119.88,107,0,Sunday,2,2021
2021-02-15,P010,Coffee Mug,Lifestyle,16,9.99,159.84,89,0,Monday,2,2021
2021-02-16,P010,Coffee Mug,Lifestyle,16,9.99,159.84,92,0,Tuesday,2,2021
2021-02-17,P010,Coffee Mug,Lifestyle,14,9.99,139.86,112,0,Wednesday,2,2021
2021-02-18,P010,Coffee Mug,Lifestyle,13,9.99,129.87,94,0,Thursday,2,2021
2021-02-19,P010,Coffee Mug,Lifestyle,19,9.99,189.81,87,0,Friday,2,2021
2021-02-20,P010,Coffee Mug,Lifestyle,22,9.99,219.78,79,0,Saturday,2,2021
2021-02-21,P010,Coffee Mug,Lifestyle,18,9.99,179.82,113,0,Sunday,2,2021
2021-02-22,P010,Coffee Mug,Lifestyle,12,9.99,119.88,117,0,Monday,2,2021
2021-02-23,P010,Coffee Mug,Lifestyle,14,9.99,139.86,116,0,Tuesday,2,2021
2021-02-24,P010,Coffee Mug,Lifestyle,16,9.99,159.84,111,0,Wednesday,2,2021
2021-02-25,P010,Coffee Mug,Lifestyle,15,9.99,149.85,113,0,Thursday,2,2021
2021-02-26,P010,Coffee Mug,Lifestyle,14,9.99,139.86,102,0,Friday,2,2021
2021-02-27,P010,Coffee Mug,Lifestyle,18,9.99,179.82,93,0,Saturday,2,2021
2021-02-28,P010,Coffee Mug,Lifestyle,19,9.99,189.81,91,0,Sunday,2,2021
2021-03-01,P010,Coffee Mug,Lifestyle,18,7.99,143.86,115,1,Monday,3,2021
2021-03-02,P010,Coffee Mug,Lifestyle,13,9.99,129.87,93,0,Tuesday,3,2021
2021-03-03,P010,Coffee Mug,Lifestyle,17,9.99,169.83,109,0,Wednesday,3,2021
2021-03-04,P010,Coffee Mug,Lifestyle,14,9.99,139.86,116,0,Thursday,3,2021
2021-03-05,P010,Coffee Mug,Lifestyle,15,9.99,149.85,98,0,Friday,3,2021
2021-03-06,P010,Coffee Mug,Lifestyle,17,9.99,169.83,121,0,Saturday,3,2021
2021-03-07,P010,Coffee Mug,Lifestyle,18,9.99,179.82,100,0,Sunday,3,2021
2021-03-08,P010,Coffee Mug,Lifestyle,11,9.99,109.89,99,0,Monday,3,2021
2021-03-09,P010,Coffee Mug,Lifestyle,15,9.99,149.85,87,0,Tuesday,3,2021
2021-03-10,P010,Coffee Mug,Lifestyle,11,9.99,109.89,111,0,Wednesday,3,2021
2021-03-11,P010,Coffee Mug,Lifestyle,11,9.99,109.89,102,0,Thursday,3,2021
2021-03-12,P010,Coffee Mug,Lifestyle,13,9.99,129.87,116,0,Friday,3,2021
2021-03-13,P010,Coffee Mug,Lifestyle,15,9.99,149.85,86,0,Saturday,3,2021
2021-03-14,P010,Coffee Mug,Lifestyle,14,9.99,139.86,102,0,Sunday,3,2021
2021-03-15,P010,Coffee Mug,Lifestyle,9,9.99,89.91,102,0,Monday,3,2021
2021-03-16,P010,Coffee Mug,Lifestyle,14,9.99,139.86,123,0,Tuesday,3,2021
2021-03-17,P010,Coffee Mug,Lifestyle,12,9.99,119.88,125,0,Wednesday,3,2021
2021-03-18,P010,Coffee Mug,Lifestyle,12,9.99,119.88,96,0,Thursday,3,2021
2021-03-19,P010,Coffee Mug,Lifestyle,10,9.99,99.9,126,0,Friday,3,2021
2021-03-20,P010,Coffee Mug,Lifestyle,14,9.99,139.86,102,0,Saturday,3,2021
2021-03-21,P010,Coffee Mug,Lifestyle,27,7.99,215.78,80,1,Sunday,3,2021
2021-03-22,P010,Coffee Mug,Lifestyle,11,9.99,109.89,104,0,Monday,3,2021
2021-03-23,P010,Coffee Mug,Lifestyle,10,9.99,99.9,119,0,Tuesday,3,2021
2021-03-24,P010,Coffee Mug,Lifestyle,12,9.99,119.88,91,0,Wednesday,3,2021
2021-03-25,P010,Coffee Mug,Lifestyle,11,9.99,109.89,123,0,Thursday,3,2021
2021-03-26,P010,Coffee Mug,Lifestyle,18,7.99,143.86,105,1,Friday,3,2021
2021-03-27,P010,Coffee Mug,Lifestyle,25,7.99,199.8,110,1,Saturday,3,2021
2021-03-28,P010,Coffee Mug,Lifestyle,13,9.99,129.87,105,0,Sunday,3,2021
2021-03-29,P010,Coffee Mug,Lifestyle,10,9.99,99.9,122,0,Monday,3,2021
2021-03-30,P010,Coffee Mug,Lifestyle,12,9.99,119.88,123,0,Tuesday,3,2021
2021-03-31,P010,Coffee Mug,Lifestyle,12,9.99,119.88,90,0,Wednesday,3,2021
2021-04-01,P010,Coffee Mug,Lifestyle,10,9.99,99.9,96,0,Thursday,4,2021
2021-04-02,P010,Coffee Mug,Lifestyle,20,7.99,159.84,86,1,Friday,4,2021
2021-04-03,P010,Coffee Mug,Lifestyle,15,9.99,149.85,116,0,Saturday,4,2021
2021-04-04,P010,Coffee Mug,Lifestyle,15,9.99,149.85,110,0,Sunday,4,2021
2021-04-05,P010,Coffee Mug,Lifestyle,7,9.99,69.93,129,0,Monday,4,2021
2021-04-06,P010,Coffee Mug,Lifestyle,12,9.99,119.88,116,0,Tuesday,4,2021
2021-04-07,P010,Coffee Mug,Lifestyle,9,9.99,89.91,92,0,Wednesday,4,2021
2021-04-08,P010,Coffee Mug,Lifestyle,11,9.99,109.89,126,0,Thursday,4,2021
2021-04-09,P010,Coffee Mug,Lifestyle,7,9.99,69.93,110,0,Friday,4,2021
2021-04-10,P010,Coffee Mug,Lifestyle,13,9.99,129.87,108,0,Saturday,4,2021
2021-04-11,P010,Coffee Mug,Lifestyle,12,9.99,119.88,126,0,Sunday,4,2021
2021-04-12,P010,Coffee Mug,Lifestyle,9,9.99,89.91,123,0,Monday,4,2021
2021-04-13,P010,Coffee Mug,Lifestyle,12,9.99,119.88,116,0,Tuesday,4,2021
2021-04-14,P010,Coffee Mug,Lifestyle,11,7.99,87.91,128,1,Wednesday,4,2021
2021-04-15,P010,Coffee Mug,Lifestyle,13,9.99,129.87,95,0,Thursday,4,2021
2021-04-16,P010,Coffee Mug,Lifestyle,7,9.99,69.93,94,0,Friday,4,2021
2021-04-17,P010,Coffee Mug,Lifestyle,14,9.99,139.86,109,0,Saturday,4,2021
2021-04-18,P010,Coffee Mug,Lifestyle,19,7.99,151.85,104,1,Sunday,4,2021
2021-04-19,P010,Coffee Mug,Lifestyle,10,9.99,99.9,100,0,Monday,4,2021
2021-04-20,P010,Coffee Mug,Lifestyle,10,9.99,99.9,92,0,Tuesday,4,2021
2021-04-21,P010,Coffee Mug,Lifestyle,10,9.99,99.9,119,0,Wednesday,4,2021
2021-04-22,P010,Coffee Mug,Lifestyle,7,9.99,69.93,118,0,Thursday,4,2021
2021-04-23,P010,Coffee Mug,Lifestyle,9,9.99,89.91,105,0,Friday,4,2021
2021-04-24,P010,Coffee Mug,Lifestyle,17,9.99,169.83,121,0,Saturday,4,2021
2021-04-25,P010,Coffee Mug,Lifestyle,12,9.99,119.88,126,0,Sunday,4,2021
2021-04-26,P010,Coffee Mug,Lifestyle,10,9.99,99.9,110,0,Monday,4,2021
2021-04-27,P010,Coffee Mug,Lifestyle,7,9.99,69.93,98,0,Tuesday,4,2021
2021-04-28,P010,Coffee Mug,Lifestyle,12,9.99,119.88,122,0,Wednesday,4,2021
2021-04-29,P010,Coffee Mug,Lifestyle,12,9.99,119.88,110,0,Thursday,4,2021
2021-04-30,P010,Coffee Mug,Lifestyle,11,9.99,109.89,98,0,Friday,4,2021
2021-05-01,P010,Coffee Mug,Lifestyle,13,9.99,129.87,108,0,Saturday,5,2021
2021-05-02,P010,Coffee Mug,Lifestyle,8,9.99,79.92,105,0,Sunday,5,2021
2021-05-03,P010,Coffee Mug,Lifestyle,6,9.99,59.94,124,0,Monday,5,2021
2021-05-04,P010,Coffee Mug,Lifestyle,6,9.99,59.94,113,0,Tuesday,5,2021
2021-05-05,P010,Coffee Mug,Lifestyle,10,9.99,99.9,117,0,Wednesday,5,2021
2021-05-06,P010,Coffee Mug,Lifestyle,9,9.99,89.91,98,0,Thursday,5,2021
2021-05-07,P010,Coffee Mug,Lifestyle,9,9.99,89.91,117,0,Friday,5,2021
2021-05-08,P010,Coffee Mug,Lifestyle,10,9.99,99.9,93,0,Saturday,5,2021
2021-05-09,P010,Coffee Mug,Lifestyle,11,9.99,109.89,115,0,Sunday,5,2021
2021-05-10,P010,Coffee Mug,Lifestyle,8,9.99,79.92,92,0,Monday,5,2021
2021-05-11,P010,Coffee Mug,Lifestyle,9,9.99,89.91,106,0,Tuesday,5,2021
2021-05-12,P010,Coffee Mug,Lifestyle,9,9.99,89.91,103,0,Wednesday,5,2021
2021-05-13,P010,Coffee Mug,Lifestyle,10,9.99,99.9,124,0,Thursday,5,2021
2021-05-14,P010,Coffee Mug,Lifestyle,8,9.99,79.92,97,0,Friday,5,2021
2021-05-15,P010,Coffee Mug,Lifestyle,10,9.99,99.9,117,0,Saturday,5,2021
2021-05-16,P010,Coffee Mug,Lifestyle,13,9.99,129.87,119,0,Sunday,5,2021
2021-05-17,P010,Coffee Mug,Lifestyle,3,9.99,29.97,118,0,Monday,5,2021
2021-05-18,P010,Coffee Mug,Lifestyle,7,9.99,69.93,129,0,Tuesday,5,2021
2021-05-19,P010,Coffee Mug,Lifestyle,11,9.99,109.89,103,0,Wednesday,5,2021
2021-05-20,P010,Coffee Mug,Lifestyle,8,9.99,79.92,96,0,Thursday,5,2021
2021-05-21,P010,Coffee Mug,Lifestyle,10,7.99,79.92,100,1,Friday,5,2021
2021-05-22,P010,Coffee Mug,Lifestyle,9,9.99,89.91,98,0,Saturday,5,2021
2021-05-23,P010,Coffee Mug,Lifestyle,9,9.99,89.91,118,0,Sunday,5,2021
2021-05-24,P010,Coffee Mug,Lifestyle,6,9.99,59.94,99,0,Monday,5,2021
2021-05-25,P010,Coffee Mug,Lifestyle,6,9.99,59.94,95,0,Tuesday,5,2021
2021-05-26,P010,Coffee Mug,Lifestyle,7,9.99,69.93,96,0,Wednesday,5,2021
2021-05-27,P010,Coffee Mug,Lifestyle,10,7.99,79.92,103,1,Thursday,5,2021
2021-05-28,P010,Coffee Mug,Lifestyle,4,9.99,39.96,98,0,Friday,5,2021
2021-05-29,P010,Coffee Mug,Lifestyle,16,7.99,127.87,108,1,Saturday,5,2021
2021-05-30,P010,Coffee Mug,Lifestyle,9,9.99,89.91,91,0,Sunday,5,2021
2021-05-31,P010,Coffee Mug,Lifestyle,8,9.99,79.92,120,0,Monday,5,2021
2021-06-01,P010,Coffee Mug,Lifestyle,8,9.99,79.92,125,0,Tuesday,6,2021
2021-06-02,P010,Coffee Mug,Lifestyle,9,9.99,89.91,96,0,Wednesday,6,2021
2021-06-03,P010,Coffee Mug,Lifestyle,9,9.99,89.91,126,0,Thursday,6,2021
2021-06-04,P010,Coffee Mug,Lifestyle,7,9.99,69.93,109,0,Friday,6,2021
2021-06-05,P010,Coffee Mug,Lifestyle,8,9.99,79.92,117,0,Saturday,6,2021
2021-06-06,P010,Coffee Mug,Lifestyle,8,9.99,79.92,98,0,Sunday,6,2021
2021-06-07,P010,Coffee Mug,Lifestyle,9,9.99,89.91,126,0,Monday,6,2021
2021-06-08,P010,Coffee Mug,Lifestyle,4,9.99,39.96,106,0,Tuesday,6,2021
2021-06-09,P010,Coffee Mug,Lifestyle,8,9.99,79.92,103,0,Wednesday,6,2021
2021-06-10,P010,Coffee Mug,Lifestyle,10,9.99,99.9,110,0,Thursday,6,2021
2021-06-11,P010,Coffee Mug,Lifestyle,8,9.99,79.92,115,0,Friday,6,2021
2021-06-12,P010,Coffee Mug,Lifestyle,7,9.99,69.93,120,0,Saturday,6,2021
2021-06-13,P010,Coffee Mug,Lifestyle,9,9.99,89.91,117,0,Sunday,6,2021
2021-06-14,P010,Coffee Mug,Lifestyle,4,9.99,39.96,111,0,Monday,6,2021
2021-06-15,P010,Coffee Mug,Lifestyle,7,9.99,69.93,94,0,Tuesday,6,2021
2021-06-16,P010,Coffee Mug,Lifestyle,8,9.99,79.92,121,0,Wednesday,6,2021
2021-06-17,P010,Coffee Mug,Lifestyle,9,9.99,89.91,123,0,Thursday,6,2021
2021-06-18,P010,Coffee Mug,Lifestyle,3,9.99,29.97,134,0,Friday,6,2021
2021-06-19,P010,Coffee Mug,Lifestyle,9,9.99,89.91,109,0,Saturday,6,2021
2021-06-20,P010,Coffee Mug,Lifestyle,10,9.99,99.9,123,0,Sunday,6,2021
2021-06-21,P010,Coffee Mug,Lifestyle,9,9.99,89.91,120,0,Monday,6,2021
