data/sales_data.csv
date,product_id,product_name,category,quantity_sold,unit_price,revenue,stock_level,promotion,day_of_week,month,year
2021-06-22,P010,Coffee Mug,Lifestyle,6,9.99,59.94,125,0,Tuesday,6,2021
2021-06-23,P010,Coffee Mug,Lifestyle,5,9.99,49.95,97,0,Wednesday,6,2021
2021-06-24,P010,Coffee Mug,Lifestyle,6,9.99,59.94,118,0,Thursday,6,2021
2021-06-25,P010,Coffee Mug,Lifestyle,11,9.99,109.89,127,0,Friday,6,2021
2021-06-26,P010,Coffee Mug,Lifestyle,14,7.99,111.89,103,1,Saturday,6,2021
2021-06-27,P010,Coffee Mug,Lifestyle,7,9.99,69.93,93,0,Sunday,6,2021
2021-06-28,P010,Coffee Mug,Lifestyle,11,7.99,87.91,128,1,Monday,6,2021
2021-06-29,P010,Coffee Mug,Lifestyle,11,7.99,87.91,127,1,Tuesday,6,2021
2021-06-30,P010,Coffee Mug,Lifestyle,7,9.99,69.93,107,0,Wednesday,6,2021
2021-07-01,P010,Coffee Mug,Lifestyle,6,9.99,59.94,132,0,Thursday,7,2021
2021-07-02,P010,Coffee Mug,Lifestyle,7,9.99,69.93,128,0,Friday,7,2021
2021-07-03,P010,Coffee Mug,Lifestyle,10,9.99,99.9,121,0,Saturday,7,2021
2021-07-04,P010,Coffee Mug,Lifestyle,9,9.99,89.91,116,0,Sunday,7,2021
2021-07-05,P010,Coffee Mug,Lifestyle,7,9.99,69.93,121,0,Monday,7,2021
2021-07-06,P010,Coffee Mug,Lifestyle,10,9.99,99.9,97,0,Tuesday,7,2021
2021-07-07,P010,Coffee Mug,Lifestyle,9,9.99,89.91,91,0,Wednesday,7,2021
2021-07-08,P010,Coffee Mug,Lifestyle,8,9.99,79.92,92,0,Thursday,7,2021
2021-07-09,P010,Coffee Mug,Lifestyle,10,9.99,99.9,127,0,Friday,7,2021
2021-07-10,P010,Coffee Mug,Lifestyle,9,9.99,89.91,122,0,Saturday,7,2021
2021-07-11,P010,Coffee Mug,Lifestyle,7,9.99,69.93,111,0,Sunday,7,2021
2021-07-12,P010,Coffee Mug,Lifestyle,8,9.99,79.92,112,0,Monday,7,2021
2021-07-13,P010,Coffee Mug,Lifestyle,8,7.99,63.94,118,1,Tuesday,7,2021
2021-07-14,P010,Coffee Mug,Lifestyle,8,9.99,79.92,102,0,Wednesday,7,2021
2021-07-15,P010,Coffee Mug,Lifestyle,14,7.99,111.89,102,1,Thursday,7,2021
2021-07-16,P010,Coffee Mug,Lifestyle,9,9.99,89.91,97,0,Friday,7,2021
2021-07-17,P010,Coffee Mug,Lifestyle,6,9.99,59.94,96,0,Saturday,7,2021
2021-07-18,P010,Coffee Mug,Lifestyle,12,9.99,119.88,97,0,Sunday,7,2021
2021-07-19,P010,Coffee Mug,Lifestyle,7,9.99,69.93,115,0,Monday,7,2021
2021-07-20,P010,Coffee Mug,Lifestyle,7,9.99,69.93,113,0,Tuesday,7,2021
2021-07-21,P010,Coffee Mug,Lifestyle,9,9.99,89.91,101,0,Wednesday,7,2021
2021-07-22,P010,Coffee Mug,Lifestyle,9,9.99,89.91,115,0,Thursday,7,2021
2021-07-23,P010,Coffee Mug,Lifestyle,8,9.99,79.92,106,0,Friday,7,2021
2021-07-24,P010,Coffee Mug,Lifestyle,11,9.99,109.89,102,0,Saturday,7,2021
2021-07-25,P010,Coffee Mug,Lifestyle,14,9.99,139.86,104,0,Sunday,7,2021
2021-07-26,P010,Coffee Mug,Lifestyle,7,9.99,69.93,126,0,Monday,7,2021
2021-07-27,P010,Coffee Mug,Lifestyle,5,9.99,49.95,95,0,Tuesday,7,2021
2021-07-28,P010,Coffee Mug,Lifestyle,9,9.99,89.91,98,0,Wednesday,7,2021
2021-07-29,P010,Coffee Mug,Lifestyle,10,9.99,99.9,126,0,Thursday,7,2021
2021-07-30,P010,Coffee Mug,Lifestyle,7,9.99,69.93,123,0,Friday,7,2021
2021-07-31,P010,Coffee Mug,Lifestyle,9,9.99,89.91,114,0,Saturday,7,2021
2021-08-01,P010,Coffee Mug,Lifestyle,8,9.99,79.92,130,0,Sunday,8,2021
2021-08-02,P010,Coffee Mug,Lifestyle,14,7.99,111.89,89,1,Monday,8,2021
2021-08-03,P010,Coffee Mug,Lifestyle,14,7.99,111.89,114,1,Tuesday,8,2021
2021-08-04,P010,Coffee Mug,Lifestyle,11,9.99,109.89,89,0,Wednesday,8,2021
2021-08-05,P010,Coffee Mug,Lifestyle,10,9.99,99.9,119,0,Thursday,8,2021
2021-08-06,P010,Coffee Mug,Lifestyle,10,9.99,99.9,91,0,Friday,8,2021
2021-08-07,P010,Coffee Mug,Lifestyle,18,7.99,143.86,111,1,Saturday,8,2021
2021-08-08,P010,Coffee Mug,Lifestyle,12,9.99,119.88,100,0,Sunday,8,2021
2021-08-09,P010,Coffee Mug,Lifestyle,6,9.99,59.94,109,0,Monday,8,2021
2021-08-10,P010,Coffee Mug,Lifestyle,7,9.99,69.93,117,0,Tuesday,8,2021
2021-08-11,P010,Coffee Mug,Lifestyle,8,9.99,79.92,100,0,Wednesday,8,2021
2021-08-12,P010,Coffee Mug,Lifestyle,6,9.99,59.94,109,0,Thursday,8,2021
2021-08-13,P010,Coffee Mug,Lifestyle,5,9.99,49.95,118,0,Friday,8,2021
2021-08-14,P010,Coffee Mug,Lifestyle,16,9.99,159.84,107,0,Saturday,8,2021
2021-08-15,P010,Coffee Mug,Lifestyle,13,9.99,129.87,105,0,Sunday,8,2021
2021-08-16,P010,Coffee Mug,Lifestyle,9,9.99,89.91,119,0,Monday,8,2021
2021-08-17,P010,Coffee Mug,Lifestyle,7,9.99,69.93,131,0,Tuesday,8,2021
2021-08-18,P010,Coffee Mug,Lifestyle,9,9.99,89.91,97,0,Wednesday,8,2021
2021-08-19,P010,Coffee Mug,Lifestyle,7,9.99,69.93,124,0,Thursday,8,2021
2021-08-20,P010,Coffee Mug,Lifestyle,11,9.99,109.89,97,0,Friday,8,2021
2021-08-21,P010,Coffee Mug,Lifestyle,13,9.99,129.87,121,0,Saturday,8,2021
2021-08-22,P010,Coffee Mug,Lifestyle,12,9.99,119.88,123,0,Sunday,8,2021
2021-08-23,P010,Coffee Mug,Lifestyle,11,7.99,87.91,102,1,Monday,8,2021
2021-08-24,P010,Coffee Mug,Lifestyle,8,9.99,79.92,94,0,Tuesday,8,2021
2021-08-25,P010,Coffee Mug,Lifestyle,10,9.99,99.9,108,0,Wednesday,8,2021
2021-08-26,P010,Coffee Mug,Lifestyle,9,9.99,89.91,93,0,Thursday,8,2021
2021-08-27,P010,Coffee Mug,Lifestyle,9,9.99,89.91,116,0,Friday,8,2021
2021-08-28,P010,Coffee Mug,Lifestyle,13,9.99,129.87,104,0,Saturday,8,2021
2021-08-29,P010,Coffee Mug,Lifestyle,14,9.99,139.86,118,0,Sunday,8,2021
2021-08-30,P010,Coffee Mug,Lifestyle,8,9.99,79.92,108,0,Monday,8,2021
2021-08-31,P010,Coffee Mug,Lifestyle,12,9.99,119.88,95,0,Tuesday,8,2021
2021-09-01,P010,Coffee Mug,Lifestyle,12,9.99,119.88,90,0,Wednesday,9,2021
2021-09-02,P010,Coffee Mug,Lifestyle,15,7.99,119.88,111,1,Thursday,9,2021
2021-09-03,P010,Coffee Mug,Lifestyle,14,7.99,111.89,86,1,Friday,9,2021
2021-09-04,P010,Coffee Mug,Lifestyle,15,9.99,149.85,90,0,Saturday,9,2021
2021-09-05,P010,Coffee Mug,Lifestyle,11,9.99,109.89,120,0,Sunday,9,2021
2021-09-06,P010,Coffee Mug,Lifestyle,8,9.99,79.92,131,0,Monday,9,2021
2021-09-07,P010,Coffee Mug,Lifestyle,9,9.99,89.91,117,0,Tuesday,9,2021
2021-09-08,P010,Coffee Mug,Lifestyle,10,9.99,99.9,120,0,Wednesday,9,2021
2021-09-09,P010,Coffee Mug,Lifestyle,13,9.99,129.87,88,0,Thursday,9,2021
2021-09-10,P010,Coffee Mug,Lifestyle,13,9.99,129.87,94,0,Friday,9,2021
2021-09-11,P010,Coffee Mug,Lifestyle,19,9.99,189.81,103,0,Saturday,9,2021
2021-09-12,P010,Coffee Mug,Lifestyle,15,9.99,149.85,90,0,Sunday,9,2021
2021-09-13,P010,Coffee Mug,Lifestyle,12,9.99,119.88,93,0,Monday,9,2021
2021-09-14,P010,Coffee Mug,Lifestyle,11,9.99,109.89,104,0,Tuesday,9,2021
2021-09-15,P010,Coffee Mug,Lifestyle,13,9.99,129.87,90,0,Wednesday,9,2021
2021-09-16,P010,Coffee Mug,Lifestyle,18,7.99,143.86,118,1,Thursday,9,2021
2021-09-17,P010,Coffee Mug,Lifestyle,19,7.99,151.85,81,1,Friday,9,2021
2021-09-18,P010,Coffee Mug,Lifestyle,16,9.99,159.84,90,0,Saturday,9,2021
2021-09-19,P010,Coffee Mug,Lifestyle,19,7.99,151.85,92,1,Sunday,9,2021
2021-09-20,P010,Coffee Mug,Lifestyle,11,9.99,109.89,112,0,Monday,9,2021
2021-09-21,P010,Coffee Mug,Lifestyle,15,9.99,149.85,108,0,Tuesday,9,2021
2021-09-22,P010,Coffee Mug,Lifestyle,14,9.99,139.86,113,0,Wednesday,9,2021
2021-09-23,P010,Coffee Mug,Lifestyle,16,9.99,159.84,115,0,Thursday,9,2021
2021-09-24,P010,Coffee Mug,Lifestyle,12,9.99,119.88,102,0,Friday,9,2021
2021-09-25,P010,Coffee Mug,Lifestyle,18,9.99,179.82,102,0,Saturday,9,2021
2021-09-26,P010,Coffee Mug,Lifestyle,14,9.99,139.86,89,0,Sunday,9,2021
2021-09-27,P010,Coffee Mug,Lifestyle,11,9.99,109.89,104,0,Monday,9,2021
2021-09-28,P010,Coffee Mug,Lifestyle,13,9.99,129.87,89,0,Tuesday,9,2021
2021-09-29,P010,Coffee Mug,Lifestyle,19,7.99,151.85,109,1,Wednesday,9,2021
2021-09-30,P010,Coffee Mug,Lifestyle,12,9.99,119.88,112,0,Thursday,9,2021
2021-10-01,P010,Coffee Mug,Lifestyle,14,9.99,139.86,96,0,Friday,10,2021
2021-10-02,P010,Coffee Mug,Lifestyle,19,9.99,189.81,114,0,Saturday,10,2021
2021-10-03,P010,Coffee Mug,Lifestyle,16,9.99,159.84,111,0,Sunday,10,2021
2021-10-04,P010,Coffee Mug,Lifestyle,10,9.99,99.9,120,0,Monday,10,2021
2021-10-05,P010,Coffee Mug,Lifestyle,14,9.99,139.86,125,0,Tuesday,10,2021
2021-10-06,P010,Coffee Mug,Lifestyle,23,7.99,183.82,115,1,Wednesday,10,2021
2021-10-07,P010,Coffee Mug,Lifestyle,17,9.99,169.83,111,0,Thursday,10,2021
2021-10-08,P010,Coffee Mug,Lifestyle,13,9.99,129.87,100,0,Friday,10,2021
2021-10-09,P010,Coffee Mug,Lifestyle,17,9.99,169.83,105,0,Saturday,10,2021
2021-10-10,P010,Coffee Mug,Lifestyle,15,9.99,149.85,113,0,Sunday,10,2021
2021-10-11,P010,Coffee Mug,Lifestyle,15,9.99,149.85,99,0,Monday,10,2021
2021-10-12,P010,Coffee Mug,Lifestyle,25,7.99,199.8,90,1,Tuesday,10,2021
2021-10-13,P010,Coffee Mug,Lifestyle,17,9.99,169.83,88,0,Wednesday,10,2021
2021-10-14,P010,Coffee Mug,Lifestyle,15,9.99,149.85,107,0,Thursday,10,2021
2021-10-15,P010,Coffee Mug,Lifestyle,16,9.99,159.84,87,0,Friday,10,2021
2021-10-16,P010,Coffee Mug,Lifestyle,17,9.99,169.83,88,0,Saturday,10,2021
2021-10-17,P010,Coffee Mug,Lifestyle,20,9.99,199.8,85,0,Sunday,10,2021
2021-10-18,P010,Coffee Mug,Lifestyle,12,9.99,119.88,98,0,Monday,10,2021
2021-10-19,P010,Coffee Mug,Lifestyle,14,9.99,139.86,125,0,Tuesday,10,2021
2021-10-20,P010,Coffee Mug,Lifestyle,16,9.99,159.84,112,0,Wednesday,10,2021
2021-10-21,P010,Coffee Mug,Lifestyle,14,9.99,139.86,86,0,Thursday,10,2021
2021-10-22,P010,Coffee Mug,Lifestyle,15,9.99,149.85,93,0,Friday,10,2021
2021-10-23,P010,Coffee Mug,Lifestyle,22,9.99,219.78,117,0,Saturday,10,2021
2021-10-24,P010,Coffee Mug,Lifestyle,15,9.99,149.85,106,0,Sunday,10,2021
2021-10-25,P010,Coffee Mug,Lifestyle,13,9.99,129.87,97,0,Monday,10,2021
2021-10-26,P010,Coffee Mug,Lifestyle,19,9.99,189.81,84,0,Tuesday,10,2021
2021-10-27,P010,Coffee Mug,Lifestyle,24,7.99,191.81,81,1,Wednesday,10,2021
2021-10-28,P010,Coffee Mug,Lifestyle,14,9.99,139.86,111,0,Thursday,10,2021
2021-10-29,P010,Coffee Mug,Lifestyle,14,9.99,139.86,100,0,Friday,10,2021
2021-10-30,P010,Coffee Mug,Lifestyle,20,9.99,199.8,85,0,Saturday,10,2021
2021-10-31,P010,Coffee Mug,Lifestyle,21,9.99,209.79,102,0,Sunday,10,2021
2021-11-01,P010,Coffee Mug,Lifestyle,12,9.99,119.88,122,0,Monday,11,2021
2021-11-02,P010,Coffee Mug,Lifestyle,15,9.99,149.85,86,0,Tuesday,11,2021
2021-11-03,P010,Coffee Mug,Lifestyle,16,9.99,159.84,93,0,Wednesday,11,2021
2021-11-04,P010,Coffee Mug,Lifestyle,15,9.99,149.85,107,0,Thursday,11,2021
2021-11-05,P010,Coffee Mug,Lifestyle,18,9.99,179.82,113,0,Friday,11,2021
2021-11-06,P010,Coffee Mug,Lifestyle,21,9.99,209.79,103,0,Saturday,11,2021
2021-11-07,P010,Coffee Mug,Lifestyle,20,9.99,199.8,95,0,Sunday,11,2021
2021-11-08,P010,Coffee Mug,Lifestyle,17,9.99,169.83,95,0,Monday,11,2021
2021-11-09,P010,Coffee Mug,Lifestyle,16,9.99,159.84,115,0,Tuesday,11,2021
2021-11-10,P010,Coffee Mug,Lifestyle,18,9.99,179.82,85,0,Wednesday,11,2021
2021-11-11,P010,Coffee Mug,Lifestyle,16,9.99,159.84,105,0,Thursday,11,2021
2021-11-12,P010,Coffee Mug,Lifestyle,17,9.99,169.83,91,0,Friday,11,2021
2021-11-13,P010,Coffee Mug,Lifestyle,22,9.99,219.78,110,0,Saturday,11,2021
2021-11-14,P010,Coffee Mug,Lifestyle,19,9.99,189.81,93,0,Sunday,11,2021
2021-11-15,P010,Coffee Mug,Lifestyle,16,9.99,159.84,92,0,Monday,11,2021
2021-11-16,P010,Coffee Mug,Lifestyle,19,9.99,189.81,82,0,Tuesday,11,2021
2021-11-17,P010,Coffee Mug,Lifestyle,15,9.99,149.85,100,0,Wednesday,11,2021
2021-11-18,P010,Coffee Mug,Lifestyle,16,9.99,159.84,119,0,Thursday,11,2021
2021-11-19,P010,Coffee Mug,Lifestyle,27,7.99,215.78,75,1,Friday,11,2021
2021-11-20,P010,Coffee Mug,Lifestyle,34,7.99,271.73,74,1,Saturday,11,2021
2021-11-21,P010,Coffee Mug,Lifestyle,21,9.99,209.79,91,0,Sunday,11,2021
2021-11-22,P010,Coffee Mug,Lifestyle,15,9.99,149.85,122,0,Monday,11,2021
2021-11-23,P010,Coffee Mug,Lifestyle,23,9.99,229.77,96,0,Tuesday,11,2021
2021-11-24,P010,Coffee Mug,Lifestyle,45,9.99,449.55,80,0,Wednesday,11,2021
2021-11-25,P010,Coffee Mug,Lifestyle,46,9.99,459.54,54,0,Thursday,11,2021
2021-11-26,P010,Coffee Mug,Lifestyle,44,9.99,439.56,63,0,Friday,11,2021
2021-11-27,P010,Coffee Mug,Lifestyle,57,9.99,569.43,68,0,Saturday,11,2021
2021-11-28,P010,Coffee Mug,Lifestyle,52,9.99,519.48,56,0,Sunday,11,2021
2021-11-29,P010,Coffee Mug,Lifestyle,53,7.99,423.58,55,1,Monday,11,2021
2021-11-30,P010,Coffee Mug,Lifestyle,46,9.99,459.54,87,0,Tuesday,11,2021
2021-12-01,P010,Coffee Mug,Lifestyle,19,9.99,189.81,111,0,Wednesday,12,2021
2021-12-02,P010,Coffee Mug,Lifestyle,15,9.99,149.85,111,0,Thursday,12,2021
2021-12-03,P010,Coffee Mug,Lifestyle,15,9.99,149.85,94,0,Friday,12,2021
2021-12-04,P010,Coffee Mug,Lifestyle,37,7.99,295.7,87,1,Saturday,12,2021
2021-12-05,P010,Coffee Mug,Lifestyle,19,9.99,189.81,113,0,Sunday,12,2021
2021-12-06,P010,Coffee Mug,Lifestyle,23,7.99,183.82,95,1,Monday,12,2021
2021-12-07,P010,Coffee Mug,Lifestyle,30,7.99,239.76,91,1,Tuesday,12,2021
2021-12-08,P010,Coffee Mug,Lifestyle,16,9.99,159.84,87,0,Wednesday,12,2021
2021-12-09,P010,Coffee Mug,Lifestyle,20,9.99,199.8,93,0,Thursday,12,2021
2021-12-10,P010,Coffee Mug,Lifestyle,14,9.99,139.86,89,0,Friday,12,2021
2021-12-11,P010,Coffee Mug,Lifestyle,21,9.99,209.79,96,0,Saturday,12,2021
2021-12-12,P010,Coffee Mug,Lifestyle,21,9.99,209.79,89,0,Sunday,12,2021
2021-12-13,P010,Coffee Mug,Lifestyle,13,9.99,129.87,95,0,Monday,12,2021
2021-12-14,P010,Coffee Mug,Lifestyle,18,9.99,179.82,101,0,Tuesday,12,2021
2021-12-15,P010,Coffee Mug,Lifestyle,35,9.99,349.65,98,0,Wednesday,12,2021
2021-12-16,P010,Coffee Mug,Lifestyle,35,9.99,349.65,98,0,Thursday,12,2021
2021-12-17,P010,Coffee Mug,Lifestyle,36,9.99,359.64,78,0,Friday,12,2021
2021-12-18,P010,Coffee Mug,Lifestyle,47,9.99,469.53,72,0,Saturday,12,2021
2021-12-19,P010,Coffee Mug,Lifestyle,71,7.99,567.43,52,1,Sunday,12,2021
2021-12-20,P010,Coffee Mug,Lifestyle,27,9.99,269.73,77,0,Monday,12,2021
2021-12-21,P010,Coffee Mug,Lifestyle,55,7.99,439.56,55,1,Tuesday,12,2021
2021-12-22,P010,Coffee Mug,Lifestyle,36,9.99,359.64,79,0,Wednesday,12,2021
2021-12-23,P010,Coffee Mug,Lifestyle,36,9.99,359.64,99,0,Thursday,12,2021
2021-12-24,P010,Coffee Mug,Lifestyle,36,9.99,359.64,81,0,Friday,12,2021
2021-12-25,P010,Coffee Mug,Lifestyle,45,9.99,449.55,55,0,Saturday,12,2021
2021-12-26,P010,Coffee Mug,Lifestyle,41,9.99,409.59,61,0,Sunday,12,2021
2021-12-27,P010,Coffee Mug,Lifestyle,27,9.99,269.73,112,0,Monday,12,2021
2021-12-28,P010,Coffee Mug,Lifestyle,33,9.99,329.67,100,0,Tuesday,12,2021
2021-12-29,P010,Coffee Mug,Lifestyle,36,9.99,359.64,83,0,Wednesday,12,2021
2021-12-30,P010,Coffee Mug,Lifestyle,38,9.99,379.62,98,0,Thursday,12,2021
2021-12-31,P010,Coffee Mug,Lifestyle,37,9.99,369.63,76,0,Friday,12,2021
2022-01-01,P010,Coffee Mug,Lifestyle,35,9.99,349.65,90,0,Saturday,1,2022
2022-01-02,P010,Coffee Mug,Lifestyle,32,9.99,319.68,89,0,Sunday,1,2022
2022-01-03,P010,Coffee Mug,Lifestyle,33,7.99,263.74,76,1,Monday,1,2022
2022-01-04,P010,Coffee Mug,Lifestyle,15,9.99,149.85,86,0,Tuesday,1,2022
2022-01-05,P010,Coffee Mug,Lifestyle,24,7.99,191.81,109,1,Wednesday,1,2022
2022-01-06,P010,Coffee Mug,Lifestyle,17,9.99,169.83,109,0,Thursday,1,2022
2022-01-07,P010,Coffee Mug,Lifestyle,17,9.99,169.83,92,0,Friday,1,2022
2022-01-08,P010,Coffee Mug,Lifestyle,36,7.99,287.71,69,1,Saturday,1,2022
2022-01-09,P010,Coffee Mug,Lifestyle,22,9.99,219.78,117,0,Sunday,1,2022
2022-01-10,P010,Coffee Mug,Lifestyle,12,9.99,119.88,88,0,Monday,1,2022
2022-01-11,P010,Coffee Mug,Lifestyle,17,9.99,169.83,93,0,Tuesday,1,2022
2022-01-12,P010,Coffee Mug,Lifestyle,16,9.99,159.84,123,0,Wednesday,1,2022
2022-01-13,P010,Coffee Mug,Lifestyle,17,9.99,169.83,105,0,Thursday,1,2022
2022-01-14,P010,Coffee Mug,Lifestyle,25,7.99,199.8,92,1,Friday,1,2022
2022-01-15,P010,Coffee Mug,Lifestyle,22,9.99,219.78,116,0,Saturday,1,2022
2022-01-16,P010,Coffee Mug,Lifestyle,24,9.99,239.76,92,0,Sunday,1,2022
2022-01-17,P010,Coffee Mug,Lifestyle,15,9.99,149.85,111,0,Monday,1,2022
2022-01-18,P010,Coffee Mug,Lifestyle,17,9.99,169.83,114,0,Tuesday,1,2022
2022-01-19,P010,Coffee Mug,Lifestyle,17,9.99,169.83,104,0,Wednesday,1,2022
2022-01-20,P010,Coffee Mug,Lifestyle,17,9.99,169.83,85,0,Thursday,1,2022
2022-01-21,P010,Coffee Mug,Lifestyle,16,9.99,159.84,86,0,Friday,1,2022
2022-01-22,P010,Coffee Mug,Lifestyle,24,9.99,239.76,77,0,Saturday,1,2022
2022-01-23,P010,Coffee Mug,Lifestyle,17,9.99,169.83,90,0,Sunday,1,2022
2022-01-24,P010,Coffee Mug,Lifestyle,13,9.99,129.87,119,0,Monday,1,2022
2022-01-25,P010,Coffee Mug,Lifestyle,15,9.99,149.85,110,0,Tuesday,1,2022
2022-01-26,P010,Coffee Mug,Lifestyle,17,9.99,169.83,101,0,Wednesday,1,2022
2022-01-27,P010,Coffee Mug,Lifestyle,14,9.99,139.86,91,0,Thursday,1,2022
2022-01-28,P010,Coffee Mug,Lifestyle,15,9.99,149.85,120,0,Friday,1,2022
2022-01-29,P010,Coffee Mug,Lifestyle,25,9.99,249.75,79,0,Saturday,1,2022
2022-01-30,P010,Coffee Mug,Lifestyle,18,9.99,179.82,91,0,Sunday,1,2022
2022-01-31,P010,Coffee Mug,Lifestyle,16,9.99,159.84,86,0,Monday,1,2022
2022-02-01,P010,Coffee Mug,Lifestyle,22,7.99,175.82,115,1,Tuesday,2,2022
2022-02-02,P010,Coffee Mug,Lifestyle,19,9.99,189.81,115,0,Wednesday,2,2022
2022-02-03,P010,Coffee Mug,Lifestyle,25,7.99,199.8,108,1,Thursday,2,2022
2022-02-04,P010,Coffee Mug,Lifestyle,17,9.99,169.83,97,0,Friday,2,2022
2022-02-05,P010,Coffee Mug,Lifestyle,24,9.99,239.76,92,0,Saturday,2,2022
2022-02-06,P010,Coffee Mug,Lifestyle,21,9.99,209.79,111,0,Sunday,2,2022
2022-02-07,P010,Coffee Mug,Lifestyle,16,9.99,159.84,112,0,Monday,2,2022
2022-02-08,P010,Coffee Mug,Lifestyle,13,9.99,129.87,123,0,Tuesday,2,2022
2022-02-09,P010,Coffee Mug,Lifestyle,14,9.99,139.86,116,0,Wednesday,2,2022
2022-02-10,P010,Coffee Mug,Lifestyle,17,9.99,169.83,90,0,Thursday,2,2022
2022-02-11,P010,Coffee Mug,Lifestyle,14,9.99,139.86,86,0,Friday,2,2022
2022-02-12,P010,Coffee Mug,Lifestyle,18,9.99,179.82,100,0,Saturday,2,2022
2022-02-13,P010,Coffee Mug,Lifestyle,19,9.99,189.81,110,0,Sunday,2,2022
2022-02-14,P010,Coffee Mug,Lifestyle,14,9.99,139.86,107,0,Monday,2,2022
2022-02-15,P010,Coffee Mug,Lifestyle,18,9.99,179.82,92,0,Tuesday,2,2022
2022-02-16,P010,Coffee Mug,Lifestyle,15,9.99,149.85,118,0,Wednesday,2,2022
2022-02-17,P010,Coffee Mug,Lifestyle,14,9.99,139.86,100,0,Thursday,2,2022
2022-02-18,P010,Coffee Mug,Lifestyle,16,9.99,159.84,117,0,Friday,2,2022
2022-02-19,P010,Coffee Mug,Lifestyle,18,9.99,179.82,92,0,Saturday,2,2022
2022-02-20,P010,Coffee Mug,Lifestyle,17,9.99,169.83,89,0,Sunday,2,2022
2022-02-21,P010,Coffee Mug,Lifestyle,13,9.99,129.87,98,0,Monday,2,2022
2022-02-22,P010,Coffee Mug,Lifestyle,16,9.99,159.84,113,0,Tuesday,2,2022
