data/sales_data.csv
date,product_id,product_name,category,quantity_sold,unit_price,revenue,stock_level,promotion,day_of_week,month,year
2022-02-23,P010,Coffee Mug,Lifestyle,15,9.99,149.85,100,0,Wednesday,2,2022
2022-02-24,P010,Coffee Mug,Lifestyle,15,9.99,149.85,106,0,Thursday,2,2022
2022-02-25,P010,Coffee Mug,Lifestyle,17,9.99,169.83,110,0,Friday,2,2022
2022-02-26,P010,Coffee Mug,Lifestyle,18,9.99,179.82,91,0,Saturday,2,2022
2022-02-27,P010,Coffee Mug,Lifestyle,19,9.99,189.81,90,0,Sunday,2,2022
2022-02-28,P010,Coffee Mug,Lifestyle,14,9.99,139.86,124,0,Monday,2,2022
2022-03-01,P010,Coffee Mug,Lifestyle,25,7.99,199.8,80,1,Tuesday,3,2022
2022-03-02,P010,Coffee Mug,Lifestyle,15,9.99,149.85,102,0,Wednesday,3,2022
2022-03-03,P010,Coffee Mug,Lifestyle,15,9.99,149.85,85,0,Thursday,3,2022
2022-03-04,P010,Coffee Mug,Lifestyle,16,9.99,159.84,121,0,Friday,3,2022
2022-03-05,P010,Coffee Mug,Lifestyle,16,9.99,159.84,99,0,Saturday,3,2022
2022-03-06,P010,Coffee Mug,Lifestyle,18,9.99,179.82,100,0,Sunday,3,2022
2022-03-07,P010,Coffee Mug,Lifestyle,12,9.99,119.88,96,0,Monday,3,2022
2022-03-08,P010,Coffee Mug,Lifestyle,11,9.99,109.89,103,0,Tuesday,3,2022
2022-03-09,P010,Coffee Mug,Lifestyle,12,9.99,119.88,117,0,Wednesday,3,2022
2022-03-10,P010,Coffee Mug,Lifestyle,16,9.99,159.84,113,0,Thursday,3,2022
2022-03-11,P010,Coffee Mug,Lifestyle,14,9.99,139.86,94,0,Friday,3,2022
2022-03-12,P010,Coffee Mug,Lifestyle,15,9.99,149.85,103,0,Saturday,3,2022
2022-03-13,P010,Coffee Mug,Lifestyle,29,7.99,231.77,83,1,Sunday,3,2022
2022-03-14,P010,Coffee Mug,Lifestyle,10,9.99,99.9,118,0,Monday,3,2022
2022-03-15,P010,Coffee Mug,Lifestyle,15,9.99,149.85,86,0,Tuesday,3,2022
2022-03-16,P010,Coffee Mug,Lifestyle,10,9.99,99.9,101,0,Wednesday,3,2022
2022-03-17,P010,Coffee Mug,Lifestyle,13,9.99,129.87,122,0,Thursday,3,2022
2022-03-18,P010,Coffee Mug,Lifestyle,12,9.99,119.88,106,0,Friday,3,2022
2022-03-19,P010,Coffee Mug,Lifestyle,16,9.99,159.84,108,0,Saturday,3,2022
2022-03-20,P010,Coffee Mug,Lifestyle,15,9.99,149.85,123,0,Sunday,3,2022
2022-03-21,P010,Coffee Mug,Lifestyle,8,9.99,79.92,93,0,Monday,3,2022
2022-03-22,P010,Coffee Mug,Lifestyle,17,9.99,169.83,98,0,Tuesday,3,2022
2022-03-23,P010,Coffee Mug,Lifestyle,14,9.99,139.86,92,0,Wednesday,3,2022
2022-03-24,P010,Coffee Mug,Lifestyle,16,7.99,127.87,111,1,Thursday,3,2022
2022-03-25,P010,Coffee Mug,Lifestyle,18,7.99,143.86,100,1,Friday,3,2022
2022-03-26,P010,Coffee Mug,Lifestyle,17,9.99,169.83,96,0,Saturday,3,2022
2022-03-27,P010,Coffee Mug,Lifestyle,13,9.99,129.87,102,0,Sunday,3,2022
2022-03-28,P010,Coffee Mug,Lifestyle,10,9.99,99.9,127,0,Monday,3,2022
2022-03-29,P010,Coffee Mug,Lifestyle,14,9.99,139.86,117,0,Tuesday,3,2022
2022-03-30,P010,Coffee Mug,Lifestyle,17,7.99,135.86,83,1,Wednesday,3,2022
2022-03-31,P010,Coffee Mug,Lifestyle,10,9.99,99.9,114,0,Thursday,3,2022
2022-04-01,P010,Coffee Mug,Lifestyle,10,9.99,99.9,111,0,Friday,4,2022
2022-04-02,P010,Coffee Mug,Lifestyle,15,9.99,149.85,91,0,Saturday,4,2022
2022-04-03,P010,Coffee Mug,Lifestyle,15,9.99,149.85,121,0,Sunday,4,2022
2022-04-04,P010,Coffee Mug,Lifestyle,10,9.99,99.9,105,0,Monday,4,2022
2022-04-05,P010,Coffee Mug,Lifestyle,12,9.99,119.88,111,0,Tuesday,4,2022
2022-04-06,P010,Coffee Mug,Lifestyle,11,9.99,109.89,120,0,Wednesday,4,2022
2022-04-07,P010,Coffee Mug,Lifestyle,12,9.99,119.88,93,0,Thursday,4,2022
2022-04-08,P010,Coffee Mug,Lifestyle,10,9.99,99.9,125,0,Friday,4,2022
2022-04-09,P010,Coffee Mug,Lifestyle,15,9.99,149.85,114,0,Saturday,4,2022
2022-04-10,P010,Coffee Mug,Lifestyle,13,9.99,129.87,109,0,Sunday,4,2022
2022-04-11,P010,Coffee Mug,Lifestyle,13,9.99,129.87,99,0,Monday,4,2022
2022-04-12,P010,Coffee Mug,Lifestyle,9,9.99,89.91,102,0,Tuesday,4,2022
2022-04-13,P010,Coffee Mug,Lifestyle,12,9.99,119.88,108,0,Wednesday,4,2022
2022-04-14,P010,Coffee Mug,Lifestyle,8,9.99,79.92,117,0,Thursday,4,2022
2022-04-15,P010,Coffee Mug,Lifestyle,10,9.99,99.9,104,0,Friday,4,2022
2022-04-16,P010,Coffee Mug,Lifestyle,14,9.99,139.86,121,0,Saturday,4,2022
2022-04-17,P010,Coffee Mug,Lifestyle,12,9.99,119.88,124,0,Sunday,4,2022
2022-04-18,P010,Coffee Mug,Lifestyle,8,9.99,79.92,110,0,Monday,4,2022
2022-04-19,P010,Coffee Mug,Lifestyle,8,9.99,79.92,92,0,Tuesday,4,2022
2022-04-20,P010,Coffee Mug,Lifestyle,12,9.99,119.88,117,0,Wednesday,4,2022
2022-04-21,P010,Coffee Mug,Lifestyle,8,9.99,79.92,125,0,Thursday,4,2022
2022-04-22,P010,Coffee Mug,Lifestyle,10,9.99,99.9,110,0,Friday,4,2022
2022-04-23,P010,Coffee Mug,Lifestyle,19,7.99,151.85,105,1,Saturday,4,2022
2022-04-24,P010,Coffee Mug,Lifestyle,13,9.99,129.87,90,0,Sunday,4,2022
2022-04-25,P010,Coffee Mug,Lifestyle,8,9.99,79.92,105,0,Monday,4,2022
2022-04-26,P010,Coffee Mug,Lifestyle,7,9.99,69.93,126,0,Tuesday,4,2022
2022-04-27,P010,Coffee Mug,Lifestyle,9,9.99,89.91,110,0,Wednesday,4,2022
2022-04-28,P010,Coffee Mug,Lifestyle,15,7.99,119.88,113,1,Thursday,4,2022
2022-04-29,P010,Coffee Mug,Lifestyle,9,9.99,89.91,100,0,Friday,4,2022
2022-04-30,P010,Coffee Mug,Lifestyle,13,9.99,129.87,101,0,Saturday,4,2022
2022-05-01,P010,Coffee Mug,Lifestyle,12,9.99,119.88,95,0,Sunday,5,2022
2022-05-02,P010,Coffee Mug,Lifestyle,5,9.99,49.95,104,0,Monday,5,2022
2022-05-03,P010,Coffee Mug,Lifestyle,11,9.99,109.89,111,0,Tuesday,5,2022
2022-05-04,P010,Coffee Mug,Lifestyle,9,9.99,89.91,130,0,Wednesday,5,2022
2022-05-05,P010,Coffee Mug,Lifestyle,9,9.99,89.91,128,0,Thursday,5,2022
2022-05-06,P010,Coffee Mug,Lifestyle,11,9.99,109.89,113,0,Friday,5,2022
2022-05-07,P010,Coffee Mug,Lifestyle,13,9.99,129.87,99,0,Saturday,5,2022
2022-05-08,P010,Coffee Mug,Lifestyle,10,9.99,99.9,93,0,Sunday,5,2022
2022-05-09,P010,Coffee Mug,Lifestyle,9,9.99,89.91,125,0,Monday,5,2022
2022-05-10,P010,Coffee Mug,Lifestyle,7,9.99,69.93,117,0,Tuesday,5,2022
2022-05-11,P010,Coffee Mug,Lifestyle,13,7.99,103.9,110,1,Wednesday,5,2022
2022-05-12,P010,Coffee Mug,Lifestyle,15,7.99,119.88,100,1,Thursday,5,2022
2022-05-13,P010,Coffee Mug,Lifestyle,8,9.99,79.92,107,0,Friday,5,2022
2022-05-14,P010,Coffee Mug,Lifestyle,9,9.99,89.91,117,0,Saturday,5,2022
2022-05-15,P010,Coffee Mug,Lifestyle,11,9.99,109.89,127,0,Sunday,5,2022
2022-05-16,P010,Coffee Mug,Lifestyle,6,9.99,59.94,113,0,Monday,5,2022
2022-05-17,P010,Coffee Mug,Lifestyle,8,9.99,79.92,117,0,Tuesday,5,2022
2022-05-18,P010,Coffee Mug,Lifestyle,8,9.99,79.92,118,0,Wednesday,5,2022
2022-05-19,P010,Coffee Mug,Lifestyle,9,9.99,89.91,91,0,Thursday,5,2022
2022-05-20,P010,Coffee Mug,Lifestyle,11,9.99,109.89,112,0,Friday,5,2022
2022-05-21,P010,Coffee Mug,Lifestyle,10,9.99,99.9,115,0,Saturday,5,2022
2022-05-22,P010,Coffee Mug,Lifestyle,7,9.99,69.93,119,0,Sunday,5,2022
2022-05-23,P010,Coffee Mug,Lifestyle,8,9.99,79.92,101,0,Monday,5,2022
2022-05-24,P010,Coffee Mug,Lifestyle,11,9.99,109.89,120,0,Tuesday,5,2022
2022-05-25,P010,Coffee Mug,Lifestyle,8,9.99,79.92,102,0,Wednesday,5,2022
2022-05-26,P010,Coffee Mug,Lifestyle,10,9.99,99.9,120,0,Thursday,5,2022
2022-05-27,P010,Coffee Mug,Lifestyle,9,9.99,89.91,130,0,Friday,5,2022
2022-05-28,P010,Coffee Mug,Lifestyle,10,9.99,99.9,106,0,Saturday,5,2022
2022-05-29,P010,Coffee Mug,Lifestyle,12,9.99,119.88,121,0,Sunday,5,2022
2022-05-30,P010,Coffee Mug,Lifestyle,6,9.99,59.94,123,0,Monday,5,2022
2022-05-31,P010,Coffee Mug,Lifestyle,9,7.99,71.93,121,1,Tuesday,5,2022
2022-06-01,P010,Coffee Mug,Lifestyle,8,9.99,79.92,123,0,Wednesday,6,2022
2022-06-02,P010,Coffee Mug,Lifestyle,7,9.99,69.93,98,0,Thursday,6,2022
2022-06-03,P010,Coffee Mug,Lifestyle,8,9.99,79.92,95,0,Friday,6,2022
2022-06-04,P010,Coffee Mug,Lifestyle,13,9.99,129.87,106,0,Saturday,6,2022
2022-06-05,P010,Coffee Mug,Lifestyle,10,9.99,99.9,96,0,Sunday,6,2022
2022-06-06,P010,Coffee Mug,Lifestyle,10,9.99,99.9,113,0,Monday,6,2022
2022-06-07,P010,Coffee Mug,Lifestyle,10,9.99,99.9,117,0,Tuesday,6,2022
2022-06-08,P010,Coffee Mug,Lifestyle,7,9.99,69.93,130,0,Wednesday,6,2022
2022-06-09,P010,Coffee Mug,Lifestyle,10,9.99,99.9,125,0,Thursday,6,2022
